Archive member included to satisfy reference by file (symbol)

C:/devkitPro/libnds/lib\libmm9.a(mm_comms.o)
                              main.o (mmEffect)
C:/devkitPro/libnds/lib\libmm9.a(mm_memory.o)
                              main.o (mmLoadEffect)
C:/devkitPro/libnds/lib\libmm9.a(mm_main9.o)
                              C:/devkitPro/libnds/lib\libmm9.a(mm_memory.o) (mmcbMemory)
C:/devkitPro/libnds/lib\libmm9.a(mm_soundbank.o)
                              C:/devkitPro/libnds/lib\libmm9.a(mm_main9.o) (mmSoundBankInMemory)
C:/devkitPro/libnds/lib\libmm9.a(mm_flusher.o)
                              C:/devkitPro/libnds/lib\libmm9.a(mm_memory.o) (mmFlushBank)
C:/devkitPro/libnds/lib\libnds9.a(background.o)
                              main.o (bgState)
C:/devkitPro/libnds/lib\libnds9.a(trig.o)
                              sprites.o (sinLerp)
C:/devkitPro/libnds/lib\libnds9.a(sprite_alloc.o)
                              main.o (oamAllocateGfx)
C:/devkitPro/libnds/lib\libnds9.a(console.o)
                              main.o (consoleDemoInit)
C:/devkitPro/libnds/lib\libnds9.a(gl2d.o)
                              main.o (glScreen2D)
C:/devkitPro/libnds/lib\libnds9.a(videoGL.o)
                              C:/devkitPro/libnds/lib\libnds9.a(gl2d.o) (glMaterialf)
C:/devkitPro/libnds/lib\libnds9.a(sprite.o)
                              main.o (oamInit)
C:/devkitPro/libnds/lib\libnds9.a(keys.o)
                              main.o (scanKeys)
C:/devkitPro/libnds/lib\libnds9.a(initSystem.o)
                              c:/devkitpro/devkitarm/bin/../lib/gcc/arm-none-eabi/12.1.0/../../../../arm-none-eabi/lib/ds_arm9_crt0.o (initSystem)
C:/devkitPro/libnds/lib\libnds9.a(securearea.o)
                              c:/devkitpro/devkitarm/bin/../lib/gcc/arm-none-eabi/12.1.0/../../../../arm-none-eabi/lib/ds_arm9_crt0.o (__secure_area__)
C:/devkitPro/libnds/lib\libnds9.a(interrupts.o)
                              C:/devkitPro/libnds/lib\libnds9.a(initSystem.o) (irqInit)
C:/devkitPro/libnds/lib\libnds9.a(libnds_exit.arm.o)
                              c:/devkitpro/devkitarm/bin/../lib/gcc/arm-none-eabi/12.1.0/../../../../arm-none-eabi/lib/ds_arm9_crt0.o (__libnds_exit)
C:/devkitPro/libnds/lib\libnds9.a(fifosystem.o)
                              C:/devkitPro/libnds/lib\libmm9.a(mm_comms.o) (fifoSetValue32Handler)
C:/devkitPro/libnds/lib\libnds9.a(dcache.o)
                              sprites.o (DC_FlushAll)
C:/devkitPro/libnds/lib\libnds9.a(mpu_setup.o)
                              c:/devkitpro/devkitarm/bin/../lib/gcc/arm-none-eabi/12.1.0/../../../../arm-none-eabi/lib/ds_arm9_crt0.o (__libnds_mpu_setup)
C:/devkitPro/libnds/lib\libnds9.a(IntrWait.o)
                              main.o (swiWaitForVBlank)
C:/devkitPro/libnds/lib\libnds9.a(cpu_clock.o)
                              C:/devkitPro/libnds/lib\libnds9.a(initSystem.o) (setCpuClock)
C:/devkitPro/libnds/lib\libnds9.a(interruptDispatcher.o)
                              C:/devkitPro/libnds/lib\libnds9.a(interrupts.o) (IntrMain)
C:/devkitPro/libnds/lib\libnds9.a(biosCalls.o)
                              C:/devkitPro/libnds/lib\libnds9.a(videoGL.o) (swiCopy)
C:/devkitPro/libnds/lib\libnds9.a(debugprint.o)
                              C:/devkitPro/libnds/lib\libnds9.a(console.o) (nocashWrite)
C:/devkitPro/libnds/lib\libnds9.a(swiSoftReset.o)
                              C:/devkitPro/libnds/lib\libnds9.a(fifosystem.o) (swiSoftReset)
C:/devkitPro/libnds/lib\libnds9.a(default_font.bin.o)
                              C:/devkitPro/libnds/lib\libnds9.a(console.o) (default_font_bin)
C:/devkitPro/libnds/lib\libnds9.a(dynamicArray.o)
                              C:/devkitPro/libnds/lib\libnds9.a(videoGL.o) (DynamicArrayInit)
C:/devkitPro/libnds/lib\libnds9.a(video.o)
                              C:/devkitPro/libnds/lib\libnds9.a(videoGL.o) (vramSetBanks_EFG)
C:/devkitPro/libnds/lib\libnds9.a(system.o)
                              C:/devkitPro/libnds/lib\libnds9.a(initSystem.o) (systemValueHandler)
c:/devkitpro/devkitarm/bin/../lib/gcc/arm-none-eabi/12.1.0\libgcc.a(_arm_mulsf3.o)
                              main.o (__aeabi_fmul)
c:/devkitpro/devkitarm/bin/../lib/gcc/arm-none-eabi/12.1.0\libgcc.a(_divsi3.o)
                              C:/devkitPro/libnds/lib\libnds9.a(gl2d.o) (__aeabi_idiv)
c:/devkitpro/devkitarm/bin/../lib/gcc/arm-none-eabi/12.1.0\libgcc.a(_dvmd_tls.o)
                              c:/devkitpro/devkitarm/bin/../lib/gcc/arm-none-eabi/12.1.0\libgcc.a(_divsi3.o) (__aeabi_idiv0)
c:/devkitpro/devkitarm/bin/../lib/gcc/arm-none-eabi/12.1.0\libgcc.a(_arm_addsubdf3.o)
                              main.o (__aeabi_dadd)
c:/devkitpro/devkitarm/bin/../lib/gcc/arm-none-eabi/12.1.0\libgcc.a(_arm_cmpdf2.o)
                              main.o (__aeabi_dcmpeq)
c:/devkitpro/devkitarm/bin/../lib/gcc/arm-none-eabi/12.1.0\libgcc.a(_arm_fixdfsi.o)
                              main.o (__aeabi_d2iz)
[...]
Memory Configuration

Name             Origin             Length             Attributes
ewram            0x0000000002000000 0x0000000000380000
dtcm             0x0000000002ff0000 0x0000000000004000
vectors          0x0000000001000000 0x0000000000000100
itcm             0x0000000001000100 0x0000000000007f00
*default*        0x0000000000000000 0xffffffffffffffff

Linker script and memory map

                0x0000000002380000                __ewram_end = (ORIGIN (ewram) + LENGTH (ewram))
                0x0000000002380000                __eheap_end = (ORIGIN (ewram) + LENGTH (ewram))
                0x0000000002ff4000                __dtcm_top = (ORIGIN (dtcm) + LENGTH (dtcm))
                0x0000000002ff3ff8                __irq_flags = (__dtcm_top - 0x8)
                0x0000000002ff3ffc                __irq_vector = (__dtcm_top - 0x4)
                0x0000000002ff3f00                __sp_svc = (__dtcm_top - 0x100)
                0x0000000002ff3e00                __sp_irq = (__sp_svc - 0x100)
                0x0000000002ff3d00                __sp_usr = (__sp_irq - 0x100)

.secure         0x0000000002000000      0x800
 *(.secure)
 .secure        0x0000000002000000      0x800 C:/devkitPro/libnds/lib\libnds9.a(securearea.o)
                0x0000000002000000                __secure_area__

.crt0           0x0000000002000800      0x300
                0x0000000002000800                __text_start = .
 *(.crt0)
 .crt0          0x0000000002000800      0x300 c:/devkitpro/devkitarm/bin/../lib/gcc/arm-none-eabi/12.1.0/../../../../arm-none-eabi/lib/ds_arm9_crt0.o
                0x0000000002000800                _start
                0x0000000002000b00                . = ALIGN (0x4)

.plt
 *(.plt)

.init           0x0000000002000b00       0x18
 *(SORT_NONE(.init))
 .init          0x0000000002000b00        0xc c:/devkitpro/devkitarm/bin/../lib/gcc/arm-none-eabi/12.1.0/crti.o
                0x0000000002000b00                _init
 .init          0x0000000002000b0c        0xc c:/devkitpro/devkitarm/bin/../lib/gcc/arm-none-eabi/12.1.0/crtn.o

.text           0x0000000002000b18     0xe8c0
 *(EXCLUDE_FILE(*.twl* *.vectors* *.itcm*) .text)
 .text          0x0000000002000b18      0x24c C:/devkitPro/libnds/lib\libmm9.a(mm_comms.o)
                0x0000000002000b18                mmSetupComms
                0x0000000002000b6a                mmSendBank
                0x0000000002000b74                mmLockChannels
                0x0000000002000b7a                mmUnlockChannels
                0x0000000002000b80                mmStart
                0x0000000002000b8a                mmPause
                0x0000000002000b8e                mmResume
                0x0000000002000b92                mmStop
                0x0000000002000b96                mmPosition
                0x0000000002000b9a                mmJingle
                0x0000000002000b9e                mmSetModuleVolume
                0x0000000002000ba2                mmSetJingleVolume
                0x0000000002000ba6                mmSetModuleTempo
                0x0000000002000baa                mmSetModulePitch
                0x0000000002000bae                mmSetEffectsVolume
                0x0000000002000bb2                mmSelectMode
                0x0000000002000bb6                mmStreamBegin
                0x0000000002000bca                mmStreamEnd
                0x0000000002000c20                mmEffect
                0x0000000002000c44                mmEffectVolume
                0x0000000002000c48                mmEffectPanning
                0x0000000002000c4c                mmEffectRate
                0x0000000002000c56                mmEffectScaleRate
                0x0000000002000c60                mmEffectRelease
                0x0000000002000c66                mmEffectCancel
                0x0000000002000c6c                mmEffectEx
                0x0000000002000caa                mmEffectCancelAll
                0x0000000002000cae                mmReverbEnable
                0x0000000002000cb2                mmReverbDisable
                0x0000000002000cb6                mmReverbConfigure
                0x0000000002000d12                mmReverbStart
                0x0000000002000d16                mmReverbStop
 .text          0x0000000002000d64      0x120 C:/devkitPro/libnds/lib\libmm9.a(mm_memory.o)
                0x0000000002000d64                mmLoad
                0x0000000002000db4                mmUnload
                0x0000000002000e0c                mmLoadEffect
                0x0000000002000e44                mmUnloadEffect
 .text          0x0000000002000e84      0x108 C:/devkitPro/libnds/lib\libmm9.a(mm_main9.o)
                0x0000000002000e84                mmActive
                0x0000000002000e8a                mmSetEventHandler
                0x0000000002000e90                mmInit
                0x0000000002000eba                mmInitDefault
                0x0000000002000f04                mmInitDefaultMem
                0x0000000002000f26                mmSuspendIRQ_t
                0x0000000002000f44                mmRestoreIRQ_t
 .text          0x0000000002000f8c      0x100 C:/devkitPro/libnds/lib\libmm9.a(mm_soundbank.o)
                0x0000000002000f8c                mmSoundBankInMemory
                0x0000000002000f94                mmSoundBankInFiles
                0x0000000002000fa6                mmSetCustomSoundBankHandler
                0x0000000002000fd2                mmsHandleFileOp
 .text          0x000000000200108c       0x3c C:/devkitPro/libnds/lib\libmm9.a(mm_flusher.o)
                0x000000000200108c                mmFlushBank
 .text          0x00000000020010c8      0x198 c:/devkitpro/devkitarm/bin/../lib/gcc/arm-none-eabi/12.1.0\libgcc.a(_arm_mulsf3.o)
                0x00000000020010c8                __aeabi_fmul
                0x00000000020010c8                __mulsf3
 .text          0x0000000002001260      0x148 c:/devkitpro/devkitarm/bin/../lib/gcc/arm-none-eabi/12.1.0\libgcc.a(_divsi3.o)
                0x0000000002001260                __divsi3
                0x0000000002001260                __aeabi_idiv
                0x0000000002001388                __aeabi_idivmod
 .text          0x00000000020013a8        0x4 c:/devkitpro/devkitarm/bin/../lib/gcc/arm-none-eabi/12.1.0\libgcc.a(_dvmd_tls.o)
                0x00000000020013a8                __aeabi_idiv0
                0x00000000020013a8                __aeabi_ldiv0
 .text          0x00000000020013ac      0x424 c:/devkitpro/devkitarm/bin/../lib/gcc/arm-none-eabi/12.1.0\libgcc.a(_arm_addsubdf3.o)
                0x00000000020013ac                __aeabi_drsub
                0x00000000020013b4                __aeabi_dsub
                0x00000000020013b4                __subdf3
                0x00000000020013b8                __aeabi_dadd
                0x00000000020013b8                __adddf3
                0x00000000020016c8                __floatunsidf
                0x00000000020016c8                __aeabi_ui2d
                0x00000000020016ec                __floatsidf
                0x00000000020016ec                __aeabi_i2d
                0x0000000002001714                __aeabi_f2d
                0x0000000002001714                __extendsfdf2
                0x000000000200175c                __floatundidf
                0x000000000200175c                __aeabi_ul2d
                0x0000000002001770                __floatdidf
                0x0000000002001770                __aeabi_l2d
 .text          0x00000000020017d0      0x144 c:/devkitpro/devkitarm/bin/../lib/gcc/arm-none-eabi/12.1.0\libgcc.a(_arm_cmpdf2.o)
                0x00000000020017d0                __gtdf2
                0x00000000020017d0                __gedf2
                0x00000000020017d8                __ltdf2
                0x00000000020017d8                __ledf2
                0x00000000020017e0                __nedf2
                0x00000000020017e0                __eqdf2
                0x00000000020017e0                __cmpdf2
                0x0000000002001868                __aeabi_cdrcmple
                0x0000000002001884                __aeabi_cdcmpeq
                0x0000000002001884                __aeabi_cdcmple
                0x000000000200189c                __aeabi_dcmpeq
                0x00000000020018b4                __aeabi_dcmplt
                0x00000000020018cc                __aeabi_dcmple
                0x00000000020018e4                __aeabi_dcmpge
                0x00000000020018fc                __aeabi_dcmpgt
 .text          0x0000000002001914       0x5c c:/devkitpro/devkitarm/bin/../lib/gcc/arm-none-eabi/12.1.0\libgcc.a(_arm_fixdfsi.o)
                0x0000000002001914                __aeabi_d2iz
                0x0000000002001914                __fixdfsi
 .text          0x0000000002001970       0xa0 c:/devkitpro/devkitarm/bin/../lib/gcc/arm-none-eabi/12.1.0\libgcc.a(_arm_truncdfsf2.o)
                0x0000000002001970                __truncdfsf2
                0x0000000002001970                __aeabi_d2f
 .text          0x0000000002001a10      0x2ac c:/devkitpro/devkitarm/bin/../lib/gcc/arm-none-eabi/12.1.0\libgcc.a(_arm_addsubsf3.o)
                0x0000000002001a10                __aeabi_frsub
                0x0000000002001a18                __subsf3
                0x0000000002001a18                __aeabi_fsub
                0x0000000002001a1c                __aeabi_fadd
                0x0000000002001a1c                __addsf3
                0x0000000002001bd8                __aeabi_ui2f
                0x0000000002001bd8                __floatunsisf
                0x0000000002001be0                __aeabi_i2f
                0x0000000002001be0                __floatsisf
                0x0000000002001c00                __aeabi_ul2f
                0x0000000002001c00                __floatundisf
                0x0000000002001c10                __aeabi_l2f
                0x0000000002001c10                __floatdisf
 .text          0x0000000002001cbc      0x114 c:/devkitpro/devkitarm/bin/../lib/gcc/arm-none-eabi/12.1.0\libgcc.a(_arm_cmpsf2.o)
                0x0000000002001cbc                __gesf2
                0x0000000002001cbc                __gtsf2
                0x0000000002001cc4                __lesf2
                0x0000000002001cc4                __ltsf2
                0x0000000002001ccc                __nesf2
                0x0000000002001ccc                __eqsf2
                0x0000000002001ccc                __cmpsf2
                0x0000000002001d30                __aeabi_cfrcmple
                0x0000000002001d40                __aeabi_cfcmpeq
                0x0000000002001d40                __aeabi_cfcmple
                0x0000000002001d58                __aeabi_fcmpeq
                0x0000000002001d70                __aeabi_fcmplt
                0x0000000002001d88                __aeabi_fcmple
                0x0000000002001da0                __aeabi_fcmpge
                0x0000000002001db8                __aeabi_fcmpgt
 .text          0x0000000002001dd0       0x5c c:/devkitpro/devkitarm/bin/../lib/gcc/arm-none-eabi/12.1.0\libgcc.a(_arm_fixsfsi.o)
                0x0000000002001dd0                __aeabi_f2iz
                0x0000000002001dd0                __fixsfsi
 .text          0x0000000002001e2c      0x224 c:/devkitpro/devkitarm/bin/../lib/gcc/arm-none-eabi/12.1.0/../../../../arm-none-eabi/lib\libg.a(lib_a-strcmp.o)
                0x0000000002001e2c                strcmp
 .text          0x0000000002002050      0x114 c:/devkitpro/devkitarm/bin/../lib/gcc/arm-none-eabi/12.1.0\libgcc.a(_udivsi3.o)
                0x0000000002002050                __aeabi_uidiv
                0x0000000002002050                __udivsi3
                0x0000000002002144                __aeabi_uidivmod
 .text          0x0000000002002164       0x3c c:/devkitpro/devkitarm/bin/../lib/gcc/arm-none-eabi/12.1.0\libgcc.a(_aeabi_uldivmod.o)
                0x0000000002002164                __aeabi_uldivmod
 .text          0x00000000020021a0       0x28 c:/devkitpro/devkitarm/bin/../lib/gcc/arm-none-eabi/12.1.0\libgcc.a(_clzdi2.o)
                0x00000000020021a0                __clzdi2
 .text          0x00000000020021c8       0x48 c:/devkitpro/devkitarm/bin/../lib/gcc/arm-none-eabi/12.1.0\libgcc.a(_clzsi2.o)
                0x00000000020021c8                __clzsi2
 *(EXCLUDE_FILE(*.twl* *.vectors* *.itcm*) .stub)
 *(EXCLUDE_FILE(*.twl* *.vectors* *.itcm*) .text.*)
 .text.__do_global_dtors_aux
                0x0000000002002210       0x40 c:/devkitpro/devkitarm/bin/../lib/gcc/arm-none-eabi/12.1.0/crtbegin.o
 .text.frame_dummy
                0x0000000002002250       0x30 c:/devkitpro/devkitarm/bin/../lib/gcc/arm-none-eabi/12.1.0/crtbegin.o
 .text.startup  0x0000000002002280     0x159c main.o
                0x0000000002002280                main
 .text.checkIfText
                0x000000000200381c       0x5c C:/devkitPro/libnds/lib\libnds9.a(background.o)
                0x000000000200381c                checkIfText
 .text.bgUpdate
                0x0000000002003878       0xf4 C:/devkitPro/libnds/lib\libnds9.a(background.o)
                0x0000000002003878                bgUpdate
 .text.bgInit_call
                0x000000000200396c       0xc4 C:/devkitPro/libnds/lib\libnds9.a(background.o)
                0x000000000200396c                bgInit_call
 .text.bgInitSub_call
                0x0000000002003a30       0xcc C:/devkitPro/libnds/lib\libnds9.a(background.o)
                0x0000000002003a30                bgInitSub_call
 .text.sinLutLookup
                0x0000000002003afc       0x4c C:/devkitPro/libnds/lib\libnds9.a(trig.o)
                0x0000000002003afc                sinLutLookup
 .text.sinLerp  0x0000000002003b48       0x40 C:/devkitPro/libnds/lib\libnds9.a(trig.o)
                0x0000000002003b48                sinLerp
 .text.cosLerp  0x0000000002003b88       0x4c C:/devkitPro/libnds/lib\libnds9.a(trig.o)
                0x0000000002003b88                cosLerp
 .text.tanLerp  0x0000000002003bd4       0xb0 C:/devkitPro/libnds/lib\libnds9.a(trig.o)
                0x0000000002003bd4                tanLerp
 .text.oamAllocReset
                0x0000000002003c84       0x1c C:/devkitPro/libnds/lib\libnds9.a(sprite_alloc.o)
                0x0000000002003c84                oamAllocReset
 .text.oamAllocateGfx
                0x0000000002003ca0      0x50c C:/devkitPro/libnds/lib\libnds9.a(sprite_alloc.o)
                0x0000000002003ca0                oamAllocateGfx
 .text.newRow   0x00000000020041ac       0xa8 C:/devkitPro/libnds/lib\libnds9.a(console.o)
 .text.consolePrintChar
                0x0000000002004254       0xe0 C:/devkitPro/libnds/lib\libnds9.a(console.o)
                0x0000000002004254                consolePrintChar
 .text.con_write
                0x0000000002004334      0x36c C:/devkitPro/libnds/lib\libnds9.a(console.o)
                0x0000000002004334                con_write
 .text.consoleLoadFont
                0x00000000020046a0      0x2a0 C:/devkitPro/libnds/lib\libnds9.a(console.o)
                0x00000000020046a0                consoleLoadFont
 .text.consoleInit
                0x0000000002004940      0x18c C:/devkitPro/libnds/lib\libnds9.a(console.o)
                0x0000000002004940                consoleInit
 .text.consoleDemoInit
                0x0000000002004acc       0x40 C:/devkitPro/libnds/lib\libnds9.a(console.o)
                0x0000000002004acc                consoleDemoInit
 .text.SetOrtho
                0x0000000002004b0c      0x184 C:/devkitPro/libnds/lib\libnds9.a(gl2d.o)
                0x0000000002004b0c                SetOrtho
 .text.glScreen2D
                0x0000000002004c90      0x540 C:/devkitPro/libnds/lib\libnds9.a(gl2d.o)
                0x0000000002004c90                glScreen2D
 .text.glBegin2D
                0x00000000020051d0       0x84 C:/devkitPro/libnds/lib\libnds9.a(gl2d.o)
                0x00000000020051d0                glBegin2D
 .text.glBoxFilled
                0x0000000002005254       0x98 C:/devkitPro/libnds/lib\libnds9.a(gl2d.o)
                0x0000000002005254                glBoxFilled
 .text.glSprite
                0x00000000020052ec      0x108 C:/devkitPro/libnds/lib\libnds9.a(gl2d.o)
                0x00000000020052ec                glSprite
 .text.glSpriteRotate
                0x00000000020053f4      0x174 C:/devkitPro/libnds/lib\libnds9.a(gl2d.o)
                0x00000000020053f4                glSpriteRotate
 .text.glLoadTileSet
                0x0000000002005568       0xd0 C:/devkitPro/libnds/lib\libnds9.a(gl2d.o)
                0x0000000002005568                glLoadTileSet
 .text.vramBlock__deallocateBlock.part.0
                0x0000000002005638      0x190 C:/devkitPro/libnds/lib\libnds9.a(videoGL.o)
 .text.glMaterialf
                0x00000000020057c8       0x7c C:/devkitPro/libnds/lib\libnds9.a(videoGL.o)
                0x00000000020057c8                glMaterialf
 .text.vramBlock_init
                0x0000000002005844       0x5c C:/devkitPro/libnds/lib\libnds9.a(videoGL.o)
                0x0000000002005844                vramBlock_init
 .text.vramBlock__allocateBlock
                0x00000000020058a0      0x178 C:/devkitPro/libnds/lib\libnds9.a(videoGL.o)
                0x00000000020058a0                vramBlock__allocateBlock
 .text.vramBlock_examineSpecial
                0x0000000002005a18      0x238 C:/devkitPro/libnds/lib\libnds9.a(videoGL.o)
                0x0000000002005a18                vramBlock_examineSpecial
 .text.vramBlock_allocateSpecial
                0x0000000002005c50       0x6c C:/devkitPro/libnds/lib\libnds9.a(videoGL.o)
                0x0000000002005c50                vramBlock_allocateSpecial
 .text.vramBlock_allocateBlock
                0x0000000002005cbc       0x30 C:/devkitPro/libnds/lib\libnds9.a(videoGL.o)
                0x0000000002005cbc                vramBlock_allocateBlock
 .text.vramBlock_deallocateBlock
                0x0000000002005cec       0x48 C:/devkitPro/libnds/lib\libnds9.a(videoGL.o)
                0x0000000002005cec                vramBlock_deallocateBlock
 .text.removePaletteFromTexture.part.0
                0x0000000002005d34       0x68 C:/devkitPro/libnds/lib\libnds9.a(videoGL.o)
 .text.glInit_C
                0x0000000002005d9c      0x1cc C:/devkitPro/libnds/lib\libnds9.a(videoGL.o)
                0x0000000002005d9c                glInit_C
 .text.glGenTextures
                0x0000000002005f68       0x80 C:/devkitPro/libnds/lib\libnds9.a(videoGL.o)
                0x0000000002005f68                glGenTextures
 .text.vramGetBank
                0x0000000002005fe8       0xb8 C:/devkitPro/libnds/lib\libnds9.a(videoGL.o)
                0x0000000002005fe8                vramGetBank
 .text.glBindTexture
                0x00000000020060a0       0x60 C:/devkitPro/libnds/lib\libnds9.a(videoGL.o)
                0x00000000020060a0                glBindTexture
 .text.glColorTableEXT
                0x0000000002006100      0x1d8 C:/devkitPro/libnds/lib\libnds9.a(videoGL.o)
                0x0000000002006100                glColorTableEXT
 .text.glTexImage2D
                0x00000000020062d8      0x40c C:/devkitPro/libnds/lib\libnds9.a(videoGL.o)
                0x00000000020062d8                glTexImage2D
 .text.oamInit  0x00000000020066e4      0x114 C:/devkitPro/libnds/lib\libnds9.a(sprite.o)
                0x00000000020066e4                oamInit
 .text.oamGetGfxPtr
                0x00000000020067f8       0x38 C:/devkitPro/libnds/lib\libnds9.a(sprite.o)
                0x00000000020067f8                oamGetGfxPtr
 .text.oamGfxPtrToOffset
                0x0000000002006830       0x34 C:/devkitPro/libnds/lib\libnds9.a(sprite.o)
                0x0000000002006830                oamGfxPtrToOffset
 .text.oamSet   0x0000000002006864      0x104 C:/devkitPro/libnds/lib\libnds9.a(sprite.o)
                0x0000000002006864                oamSet
 .text.oamUpdate
                0x0000000002006968       0x60 C:/devkitPro/libnds/lib\libnds9.a(sprite.o)
                0x0000000002006968                oamUpdate
 .text.scanKeys
                0x00000000020069c8       0x8c C:/devkitPro/libnds/lib\libnds9.a(keys.o)
                0x00000000020069c8                scanKeys
 .text.keysDown
                0x0000000002006a54       0x14 C:/devkitPro/libnds/lib\libnds9.a(keys.o)
                0x0000000002006a54                keysDown
 .text.__syscall_gettod_r
                0x0000000002006a68       0x28 C:/devkitPro/libnds/lib\libnds9.a(initSystem.o)
                0x0000000002006a68                __syscall_gettod_r
 .text.initSystem
                0x0000000002006a90      0x180 C:/devkitPro/libnds/lib\libnds9.a(initSystem.o)
                0x0000000002006a90                initSystem
 .text.irqDummy
                0x0000000002006c10        0x4 C:/devkitPro/libnds/lib\libnds9.a(interrupts.o)
                0x0000000002006c10                irqDummy
 .text.irqSet   0x0000000002006c14       0x6c C:/devkitPro/libnds/lib\libnds9.a(interrupts.o)
                0x0000000002006c14                irqSet
 .text.irqInit  0x0000000002006c80       0x50 C:/devkitPro/libnds/lib\libnds9.a(interrupts.o)
                0x0000000002006c80                irqInit
 .text.irqEnable
                0x0000000002006cd0       0x64 C:/devkitPro/libnds/lib\libnds9.a(interrupts.o)
                0x0000000002006cd0                irqEnable
 .text.systemErrorExit
                0x0000000002006d34        0x4 C:/devkitPro/libnds/lib\libnds9.a(libnds_exit.arm.o)
                0x0000000002006d34                systemErrorExit
 .text.__libnds_exit
                0x0000000002006d38       0x5c C:/devkitPro/libnds/lib\libnds9.a(libnds_exit.arm.o)
                0x0000000002006d38                __libnds_exit
 .text.fifo_queueBlock
                0x0000000002006d94       0x44 C:/devkitPro/libnds/lib\libnds9.a(fifosystem.o)
 .text.fifo_waitBlock
                0x0000000002006dd8       0x80 C:/devkitPro/libnds/lib\libnds9.a(fifosystem.o)
 .text.fifoInternalSend.part.0
                0x0000000002006e58       0xd4 C:/devkitPro/libnds/lib\libnds9.a(fifosystem.o)
 .text.fifoInternalSendInterrupt
                0x0000000002006f2c       0xb0 C:/devkitPro/libnds/lib\libnds9.a(fifosystem.o)
 .text.fifoSetValue32Handler
                0x0000000002006fdc       0xd4 C:/devkitPro/libnds/lib\libnds9.a(fifosystem.o)
                0x0000000002006fdc                fifoSetValue32Handler
 .text.fifoSendValue32
                0x00000000020070b0       0x4c C:/devkitPro/libnds/lib\libnds9.a(fifosystem.o)
                0x00000000020070b0                fifoSendValue32
 .text.fifoSendDatamsg
                0x00000000020070fc       0x90 C:/devkitPro/libnds/lib\libnds9.a(fifosystem.o)
                0x00000000020070fc                fifoSendDatamsg
 .text.fifoGetDatamsg
                0x000000000200718c       0xf4 C:/devkitPro/libnds/lib\libnds9.a(fifosystem.o)
                0x000000000200718c                fifoGetDatamsg
 .text.fifoInternalRecvInterrupt
                0x0000000002007280      0x37c C:/devkitPro/libnds/lib\libnds9.a(fifosystem.o)
 .text.fifoSetDatamsgHandler
                0x00000000020075fc       0x9c C:/devkitPro/libnds/lib\libnds9.a(fifosystem.o)
                0x00000000020075fc                fifoSetDatamsgHandler
 .text.fifoInit
                0x0000000002007698      0x108 C:/devkitPro/libnds/lib\libnds9.a(fifosystem.o)
                0x0000000002007698                fifoInit
 .text.DC_FlushRange
                0x00000000020077a0       0x24 C:/devkitPro/libnds/lib\libnds9.a(dcache.o)
                0x00000000020077a0                DC_FlushRange
 .text.__libnds_mpu_setup
                0x00000000020077c4      0x174 C:/devkitPro/libnds/lib\libnds9.a(mpu_setup.o)
                0x00000000020077c4                __libnds_mpu_setup
 .text.memUncached
                0x0000000002007938       0x20 C:/devkitPro/libnds/lib\libnds9.a(mpu_setup.o)
                0x0000000002007938                memUncached
 .text.swiWaitForVBlank
                0x0000000002007958        0x8 C:/devkitPro/libnds/lib\libnds9.a(IntrWait.o)
                0x0000000002007958                swiWaitForVBlank
 .text.swiIntrWait
                0x0000000002007960       0x70 C:/devkitPro/libnds/lib\libnds9.a(IntrWait.o)
                0x0000000002007960                swiIntrWait
 .text.setCpuClock
                0x00000000020079d0       0x50 C:/devkitPro/libnds/lib\libnds9.a(cpu_clock.o)
                0x00000000020079d0                setCpuClock
 .text.swiDelay
                0x0000000002007a20        0x4 C:/devkitPro/libnds/lib\libnds9.a(biosCalls.o)
                0x0000000002007a20                swiDelay
 .text.swiCopy  0x0000000002007a24        0x4 C:/devkitPro/libnds/lib\libnds9.a(biosCalls.o)
                0x0000000002007a24                swiCopy
 .text.swiSoftReset
                0x0000000002007a28       0x2c C:/devkitPro/libnds/lib\libnds9.a(swiSoftReset.o)
                0x0000000002007a28                swiSoftReset
 .text.DynamicArrayInit
                0x0000000002007a54       0x18 C:/devkitPro/libnds/lib\libnds9.a(dynamicArray.o)
                0x0000000002007a54                DynamicArrayInit
 .text.DynamicArrayGet
                0x0000000002007a6c       0x18 C:/devkitPro/libnds/lib\libnds9.a(dynamicArray.o)
                0x0000000002007a6c                DynamicArrayGet
 .text.DynamicArraySet
                0x0000000002007a84       0x48 C:/devkitPro/libnds/lib\libnds9.a(dynamicArray.o)
                0x0000000002007a84                DynamicArraySet
 .text.vramRestorePrimaryBanks
                0x0000000002007acc        0xc C:/devkitPro/libnds/lib\libnds9.a(video.o)
                0x0000000002007acc                vramRestorePrimaryBanks
 .text.vramRestoreBanks_EFG
                0x0000000002007ad8        0xc C:/devkitPro/libnds/lib\libnds9.a(video.o)
                0x0000000002007ad8                vramRestoreBanks_EFG
 .text.vramDefault
                0x0000000002007ae4       0xd0 C:/devkitPro/libnds/lib\libnds9.a(video.o)
                0x0000000002007ae4                vramDefault
 .text.systemValueHandler
                0x0000000002007bb4       0x48 C:/devkitPro/libnds/lib\libnds9.a(system.o)
                0x0000000002007bb4                systemValueHandler
 .text.systemMsgHandler
                0x0000000002007bfc       0x60 C:/devkitPro/libnds/lib\libnds9.a(system.o)
                0x0000000002007bfc                systemMsgHandler
 .text.powerOn  0x0000000002007c5c       0x2c C:/devkitPro/libnds/lib\libnds9.a(system.o)
                0x0000000002007c5c                powerOn
 .text.__muldi3
                0x0000000002007c88       0x18 c:/devkitpro/devkitarm/bin/../lib/gcc/arm-none-eabi/12.1.0\libgcc.a(_muldi3.o)
                0x0000000002007c88                __muldi3
                0x0000000002007c88                __aeabi_lmul
 .text.calloc   0x0000000002007ca0       0x24 c:/devkitpro/devkitarm/bin/../lib/gcc/arm-none-eabi/12.1.0/../../../../arm-none-eabi/lib\libg.a(lib_a-calloc.o)
                0x0000000002007ca0                calloc
 .text._calloc_r
                0x0000000002007cc4       0xd0 c:/devkitpro/devkitarm/bin/../lib/gcc/arm-none-eabi/12.1.0/../../../../arm-none-eabi/lib\libg.a(lib_a-callocr.o)
                0x0000000002007cc4                _calloc_r
 .text.__errno  0x0000000002007d94       0x10 c:/devkitpro/devkitarm/bin/../lib/gcc/arm-none-eabi/12.1.0/../../../../arm-none-eabi/lib\libg.a(lib_a-errno.o)
                0x0000000002007d94                __errno
 .text._fclose_r
                0x0000000002007da4      0x164 c:/devkitpro/devkitarm/bin/../lib/gcc/arm-none-eabi/12.1.0/../../../../arm-none-eabi/lib\libg.a(lib_a-fclose.o)
                0x0000000002007da4                _fclose_r
 .text.fclose   0x0000000002007f08       0x18 c:/devkitpro/devkitarm/bin/../lib/gcc/arm-none-eabi/12.1.0/../../../../arm-none-eabi/lib\libg.a(lib_a-fclose.o)
                0x0000000002007f08                fclose
 .text.__sflush_r
                0x0000000002007f20      0x250 c:/devkitpro/devkitarm/bin/../lib/gcc/arm-none-eabi/12.1.0/../../../../arm-none-eabi/lib\libg.a(lib_a-fflush.o)
                0x0000000002007f20                __sflush_r
 .text._fflush_r
                0x0000000002008170       0x9c c:/devkitpro/devkitarm/bin/../lib/gcc/arm-none-eabi/12.1.0/../../../../arm-none-eabi/lib\libg.a(lib_a-fflush.o)
                0x0000000002008170                _fflush_r
 .text.fflush   0x000000000200820c       0x3c c:/devkitpro/devkitarm/bin/../lib/gcc/arm-none-eabi/12.1.0/../../../../arm-none-eabi/lib\libg.a(lib_a-fflush.o)
                0x000000000200820c                fflush
 .text._cleanup_r
                0x0000000002008248       0x18 c:/devkitpro/devkitarm/bin/../lib/gcc/arm-none-eabi/12.1.0/../../../../arm-none-eabi/lib\libg.a(lib_a-findfp.o)
                0x0000000002008248                _cleanup_r
 .text.__sinit  0x0000000002008260      0x18c c:/devkitpro/devkitarm/bin/../lib/gcc/arm-none-eabi/12.1.0/../../../../arm-none-eabi/lib\libg.a(lib_a-findfp.o)
                0x0000000002008260                __sinit
 .text.__sfp    0x00000000020083ec      0x138 c:/devkitpro/devkitarm/bin/../lib/gcc/arm-none-eabi/12.1.0/../../../../arm-none-eabi/lib\libg.a(lib_a-findfp.o)
                0x00000000020083ec                __sfp
 .text.__sfp_lock_acquire
                0x0000000002008524       0x18 c:/devkitpro/devkitarm/bin/../lib/gcc/arm-none-eabi/12.1.0/../../../../arm-none-eabi/lib\libg.a(lib_a-findfp.o)
                0x0000000002008524                __sfp_lock_acquire
 .text.__sfp_lock_release
                0x000000000200853c       0x18 c:/devkitpro/devkitarm/bin/../lib/gcc/arm-none-eabi/12.1.0/../../../../arm-none-eabi/lib\libg.a(lib_a-findfp.o)
                0x000000000200853c                __sfp_lock_release
 .text._fopen_r
                0x0000000002008554      0x140 c:/devkitpro/devkitarm/bin/../lib/gcc/arm-none-eabi/12.1.0/../../../../arm-none-eabi/lib\libg.a(lib_a-fopen.o)
                0x0000000002008554                _fopen_r
 .text.fopen    0x0000000002008694       0x20 c:/devkitpro/devkitarm/bin/../lib/gcc/arm-none-eabi/12.1.0/../../../../arm-none-eabi/lib\libg.a(lib_a-fopen.o)
                0x0000000002008694                fopen
 .text._fread_r
                0x00000000020086b4      0x2d8 c:/devkitpro/devkitarm/bin/../lib/gcc/arm-none-eabi/12.1.0/../../../../arm-none-eabi/lib\libg.a(lib_a-fread.o)
                0x00000000020086b4                _fread_r
 .text.fread    0x000000000200898c       0x3c c:/devkitpro/devkitarm/bin/../lib/gcc/arm-none-eabi/12.1.0/../../../../arm-none-eabi/lib\libg.a(lib_a-fread.o)
                0x000000000200898c                fread
 .text._malloc_trim_r
                0x00000000020089c8      0x100 c:/devkitpro/devkitarm/bin/../lib/gcc/arm-none-eabi/12.1.0/../../../../arm-none-eabi/lib\libg.a(lib_a-freer.o)
                0x00000000020089c8                _malloc_trim_r
 .text._free_r  0x0000000002008ac8      0x2e8 c:/devkitpro/devkitarm/bin/../lib/gcc/arm-none-eabi/12.1.0/../../../../arm-none-eabi/lib\libg.a(lib_a-freer.o)
                0x0000000002008ac8                _free_r
 .text._fseek_r
                0x0000000002008db0       0x20 c:/devkitpro/devkitarm/bin/../lib/gcc/arm-none-eabi/12.1.0/../../../../arm-none-eabi/lib\libg.a(lib_a-fseek.o)
                0x0000000002008db0                _fseek_r
 .text.fseek    0x0000000002008dd0       0x38 c:/devkitpro/devkitarm/bin/../lib/gcc/arm-none-eabi/12.1.0/../../../../arm-none-eabi/lib\libg.a(lib_a-fseek.o)
                0x0000000002008dd0                fseek
 .text._fseeko_r
                0x0000000002008e08      0x5a0 c:/devkitpro/devkitarm/bin/../lib/gcc/arm-none-eabi/12.1.0/../../../../arm-none-eabi/lib\libg.a(lib_a-fseeko.o)
                0x0000000002008e08                _fseeko_r
 .text._fwalk   0x00000000020093a8       0x70 c:/devkitpro/devkitarm/bin/../lib/gcc/arm-none-eabi/12.1.0/../../../../arm-none-eabi/lib\libg.a(lib_a-fwalk.o)
                0x00000000020093a8                _fwalk
 .text._fwalk_reent
                0x0000000002009418       0x78 c:/devkitpro/devkitarm/bin/../lib/gcc/arm-none-eabi/12.1.0/../../../../arm-none-eabi/lib\libg.a(lib_a-fwalk.o)
                0x0000000002009418                _fwalk_reent
 .text.__libc_init_array
                0x0000000002009490       0x90 c:/devkitpro/devkitarm/bin/../lib/gcc/arm-none-eabi/12.1.0/../../../../arm-none-eabi/lib\libg.a(lib_a-init.o)
                0x0000000002009490                __libc_init_array
 .text.__smakebuf_r
                0x0000000002009520      0x144 c:/devkitpro/devkitarm/bin/../lib/gcc/arm-none-eabi/12.1.0/../../../../arm-none-eabi/lib\libg.a(lib_a-makebuf.o)
                0x0000000002009520                __smakebuf_r
 .text.__swhatbuf_r
                0x0000000002009664       0x80 c:/devkitpro/devkitarm/bin/../lib/gcc/arm-none-eabi/12.1.0/../../../../arm-none-eabi/lib\libg.a(lib_a-makebuf.o)
                0x0000000002009664                __swhatbuf_r
 .text.malloc   0x00000000020096e4       0x1c c:/devkitpro/devkitarm/bin/../lib/gcc/arm-none-eabi/12.1.0/../../../../arm-none-eabi/lib\libg.a(lib_a-malloc.o)
                0x00000000020096e4                malloc
 .text.free     0x0000000002009700       0x1c c:/devkitpro/devkitarm/bin/../lib/gcc/arm-none-eabi/12.1.0/../../../../arm-none-eabi/lib\libg.a(lib_a-malloc.o)
                0x0000000002009700                free
 .text._malloc_r
                0x000000000200971c      0x7f0 c:/devkitpro/devkitarm/bin/../lib/gcc/arm-none-eabi/12.1.0/../../../../arm-none-eabi/lib\libg.a(lib_a-mallocr.o)
                0x000000000200971c                _malloc_r
 .text.memcpy   0x0000000002009f0c      0x114 c:/devkitpro/devkitarm/bin/../lib/gcc/arm-none-eabi/12.1.0/../../../../arm-none-eabi/lib\libg.a(lib_a-memcpy-stub.o)
                0x0000000002009f0c                memcpy
 .text.memset   0x000000000200a020       0xfc c:/devkitpro/devkitarm/bin/../lib/gcc/arm-none-eabi/12.1.0/../../../../arm-none-eabi/lib\libg.a(lib_a-memset.o)
                0x000000000200a020                memset
 .text.__malloc_lock
                0x000000000200a11c       0x18 c:/devkitpro/devkitarm/bin/../lib/gcc/arm-none-eabi/12.1.0/../../../../arm-none-eabi/lib\libg.a(lib_a-mlock.o)
                0x000000000200a11c                __malloc_lock
 .text.__malloc_unlock
                0x000000000200a134       0x18 c:/devkitpro/devkitarm/bin/../lib/gcc/arm-none-eabi/12.1.0/../../../../arm-none-eabi/lib\libg.a(lib_a-mlock.o)
                0x000000000200a134                __malloc_unlock
 .text.srand    0x000000000200a14c       0x20 c:/devkitpro/devkitarm/bin/../lib/gcc/arm-none-eabi/12.1.0/../../../../arm-none-eabi/lib\libg.a(lib_a-rand.o)
                0x000000000200a14c                srand
 .text.rand     0x000000000200a16c       0x48 c:/devkitpro/devkitarm/bin/../lib/gcc/arm-none-eabi/12.1.0/../../../../arm-none-eabi/lib\libg.a(lib_a-rand.o)
                0x000000000200a16c                rand
 .text.realloc  0x000000000200a1b4       0x24 c:/devkitpro/devkitarm/bin/../lib/gcc/arm-none-eabi/12.1.0/../../../../arm-none-eabi/lib\libg.a(lib_a-realloc.o)
                0x000000000200a1b4                realloc
 .text._realloc_r
                0x000000000200a1d8      0x4b8 c:/devkitpro/devkitarm/bin/../lib/gcc/arm-none-eabi/12.1.0/../../../../arm-none-eabi/lib\libg.a(lib_a-reallocr.o)
                0x000000000200a1d8                _realloc_r
 .text.lflush   0x000000000200a690       0x28 c:/devkitpro/devkitarm/bin/../lib/gcc/arm-none-eabi/12.1.0/../../../../arm-none-eabi/lib\libg.a(lib_a-refill.o)
 .text.__srefill_r
                0x000000000200a6b8      0x198 c:/devkitpro/devkitarm/bin/../lib/gcc/arm-none-eabi/12.1.0/../../../../arm-none-eabi/lib\libg.a(lib_a-refill.o)
                0x000000000200a6b8                __srefill_r
 .text.setvbuf  0x000000000200a850      0x25c c:/devkitpro/devkitarm/bin/../lib/gcc/arm-none-eabi/12.1.0/../../../../arm-none-eabi/lib\libg.a(lib_a-setvbuf.o)
                0x000000000200a850                setvbuf
 .text.siscanf  0x000000000200aaac       0x74 c:/devkitpro/devkitarm/bin/../lib/gcc/arm-none-eabi/12.1.0/../../../../arm-none-eabi/lib\libg.a(lib_a-siscanf.o)
                0x000000000200aaac                siscanf
 .text.__sread  0x000000000200ab20       0x4c c:/devkitpro/devkitarm/bin/../lib/gcc/arm-none-eabi/12.1.0/../../../../arm-none-eabi/lib\libg.a(lib_a-stdio.o)
                0x000000000200ab20                __sread
 .text.__seofread
                0x000000000200ab6c        0x8 c:/devkitpro/devkitarm/bin/../lib/gcc/arm-none-eabi/12.1.0/../../../../arm-none-eabi/lib\libg.a(lib_a-stdio.o)
                0x000000000200ab6c                __seofread
 .text.__swrite
                0x000000000200ab74       0x6c c:/devkitpro/devkitarm/bin/../lib/gcc/arm-none-eabi/12.1.0/../../../../arm-none-eabi/lib\libg.a(lib_a-stdio.o)
                0x000000000200ab74                __swrite
 .text.__sseek  0x000000000200abe0       0x48 c:/devkitpro/devkitarm/bin/../lib/gcc/arm-none-eabi/12.1.0/../../../../arm-none-eabi/lib\libg.a(lib_a-stdio.o)
                0x000000000200abe0                __sseek
 .text.__sclose
                0x000000000200ac28       0x14 c:/devkitpro/devkitarm/bin/../lib/gcc/arm-none-eabi/12.1.0/../../../../arm-none-eabi/lib\libg.a(lib_a-stdio.o)
                0x000000000200ac28                __sclose
 .text.strlen   0x000000000200ac3c       0x60 c:/devkitpro/devkitarm/bin/../lib/gcc/arm-none-eabi/12.1.0/../../../../arm-none-eabi/lib\libg.a(lib_a-strlen-stub.o)
                0x000000000200ac3c                strlen
 .text.get_arg  0x000000000200ac9c       0x54 c:/devkitpro/devkitarm/bin/../lib/gcc/arm-none-eabi/12.1.0/../../../../arm-none-eabi/lib\libg.a(lib_a-svfiscanf.o)
 .text._sungetc_r
                0x000000000200acf0       0xdc c:/devkitpro/devkitarm/bin/../lib/gcc/arm-none-eabi/12.1.0/../../../../arm-none-eabi/lib\libg.a(lib_a-svfiscanf.o)
                0x000000000200acf0                _sungetc_r
 .text.__ssrefill_r
                0x000000000200adcc       0x68 c:/devkitpro/devkitarm/bin/../lib/gcc/arm-none-eabi/12.1.0/../../../../arm-none-eabi/lib\libg.a(lib_a-svfiscanf.o)
                0x000000000200adcc                __ssrefill_r
 .text._sfread_r
                0x000000000200ae34       0xc8 c:/devkitpro/devkitarm/bin/../lib/gcc/arm-none-eabi/12.1.0/../../../../arm-none-eabi/lib\libg.a(lib_a-svfiscanf.o)
                0x000000000200ae34                _sfread_r
 .text.__ssvfiscanf_r
                0x000000000200aefc     0x2338 c:/devkitpro/devkitarm/bin/../lib/gcc/arm-none-eabi/12.1.0/../../../../arm-none-eabi/lib\libg.a(lib_a-svfiscanf.o)
                0x000000000200aefc                __ssvfiscanf_r
 .text.time     0x000000000200d234       0x40 c:/devkitpro/devkitarm/bin/../lib/gcc/arm-none-eabi/12.1.0/../../../../arm-none-eabi/lib\libg.a(lib_a-time.o)
                0x000000000200d234                time
 .text.__submore
                0x000000000200d274       0xa8 c:/devkitpro/devkitarm/bin/../lib/gcc/arm-none-eabi/12.1.0/../../../../arm-none-eabi/lib\libg.a(lib_a-ungetc.o)
                0x000000000200d274                __submore
 .text.__sflags
                0x000000000200d31c       0xd0 c:/devkitpro/devkitarm/bin/../lib/gcc/arm-none-eabi/12.1.0/../../../../arm-none-eabi/lib\libg.a(lib_a-flags.o)
                0x000000000200d31c                __sflags
 .text.iswspace
                0x000000000200d3ec       0x14 c:/devkitpro/devkitarm/bin/../lib/gcc/arm-none-eabi/12.1.0/../../../../arm-none-eabi/lib\libg.a(lib_a-iswspace.o)
                0x000000000200d3ec                iswspace
 .text.__locale_mb_cur_max
                0x000000000200d400       0x10 c:/devkitpro/devkitarm/bin/../lib/gcc/arm-none-eabi/12.1.0/../../../../arm-none-eabi/lib\libg.a(lib_a-locale.o)
                0x000000000200d400                __locale_mb_cur_max
 .text._mbrtowc_r
                0x000000000200d410       0x70 c:/devkitpro/devkitarm/bin/../lib/gcc/arm-none-eabi/12.1.0/../../../../arm-none-eabi/lib\libg.a(lib_a-mbrtowc.o)
                0x000000000200d410                _mbrtowc_r
 .text.__utf8_mbtowc
                0x000000000200d480      0x308 c:/devkitpro/devkitarm/bin/../lib/gcc/arm-none-eabi/12.1.0/../../../../arm-none-eabi/lib\libg.a(lib_a-mbtowc_r.o)
                0x000000000200d480                __utf8_mbtowc
 .text.memmove  0x000000000200d788      0x154 c:/devkitpro/devkitarm/bin/../lib/gcc/arm-none-eabi/12.1.0/../../../../arm-none-eabi/lib\libg.a(lib_a-memmove.o)
                0x000000000200d788                memmove
 .text.__sccl   0x000000000200d8dc       0xe4 c:/devkitpro/devkitarm/bin/../lib/gcc/arm-none-eabi/12.1.0/../../../../arm-none-eabi/lib\libg.a(lib_a-sccl.o)
                0x000000000200d8dc                __sccl
 .text.strchr   0x000000000200d9c0      0x13c c:/devkitpro/devkitarm/bin/../lib/gcc/arm-none-eabi/12.1.0/../../../../arm-none-eabi/lib\libg.a(lib_a-strchr.o)
                0x000000000200d9c0                strchr
 .text._strtoll_l.constprop.0
                0x000000000200dafc      0x234 c:/devkitpro/devkitarm/bin/../lib/gcc/arm-none-eabi/12.1.0/../../../../arm-none-eabi/lib\libg.a(lib_a-strtoll.o)
 .text._strtoll_r
                0x000000000200dd30        0x4 c:/devkitpro/devkitarm/bin/../lib/gcc/arm-none-eabi/12.1.0/../../../../arm-none-eabi/lib\libg.a(lib_a-strtoll.o)
                0x000000000200dd30                _strtoll_r
 .text._strtol_l.part.0
                0x000000000200dd34      0x1a8 c:/devkitpro/devkitarm/bin/../lib/gcc/arm-none-eabi/12.1.0/../../../../arm-none-eabi/lib\libg.a(lib_a-strtol.o)
 .text._strtol_r
                0x000000000200dedc       0x3c c:/devkitpro/devkitarm/bin/../lib/gcc/arm-none-eabi/12.1.0/../../../../arm-none-eabi/lib\libg.a(lib_a-strtol.o)
                0x000000000200dedc                _strtol_r
 .text._strtoull_l.constprop.0
                0x000000000200df18      0x248 c:/devkitpro/devkitarm/bin/../lib/gcc/arm-none-eabi/12.1.0/../../../../arm-none-eabi/lib\libg.a(lib_a-strtoull.o)
 .text._strtoull_r
                0x000000000200e160        0x4 c:/devkitpro/devkitarm/bin/../lib/gcc/arm-none-eabi/12.1.0/../../../../arm-none-eabi/lib\libg.a(lib_a-strtoull.o)
                0x000000000200e160                _strtoull_r
 .text._strtoul_l.constprop.0
                0x000000000200e164      0x1c8 c:/devkitpro/devkitarm/bin/../lib/gcc/arm-none-eabi/12.1.0/../../../../arm-none-eabi/lib\libg.a(lib_a-strtoul.o)
 .text._strtoul_r
                0x000000000200e32c        0x4 c:/devkitpro/devkitarm/bin/../lib/gcc/arm-none-eabi/12.1.0/../../../../arm-none-eabi/lib\libg.a(lib_a-strtoul.o)
                0x000000000200e32c                _strtoul_r
 .text.__utf8_wctomb
                0x000000000200e330       0xf4 c:/devkitpro/devkitarm/bin/../lib/gcc/arm-none-eabi/12.1.0/../../../../arm-none-eabi/lib\libg.a(lib_a-wctomb_r.o)
                0x000000000200e330                __utf8_wctomb
 .text.iswspace_l
                0x000000000200e424       0x44 c:/devkitpro/devkitarm/bin/../lib/gcc/arm-none-eabi/12.1.0/../../../../arm-none-eabi/lib\libg.a(lib_a-iswspace_l.o)
                0x000000000200e424                iswspace_l
 .text.__jp2uc  0x000000000200e468      0x1e8 c:/devkitpro/devkitarm/bin/../lib/gcc/arm-none-eabi/12.1.0/../../../../arm-none-eabi/lib\libg.a(lib_a-jp2uc.o)
 .text._jp2uc_l
                0x000000000200e650       0x94 c:/devkitpro/devkitarm/bin/../lib/gcc/arm-none-eabi/12.1.0/../../../../arm-none-eabi/lib\libg.a(lib_a-jp2uc.o)
                0x000000000200e650                _jp2uc_l
 .text.strncmp  0x000000000200e6e4       0xec c:/devkitpro/devkitarm/bin/../lib/gcc/arm-none-eabi/12.1.0/../../../../arm-none-eabi/lib\libg.a(lib_a-strncmp.o)
                0x000000000200e6e4                strncmp
 .text.category
                0x000000000200e7d0       0x94 c:/devkitpro/devkitarm/bin/../lib/gcc/arm-none-eabi/12.1.0/../../../../arm-none-eabi/lib\libg.a(lib_a-categories.o)
                0x000000000200e7d0                category
 .text.null_write
                0x000000000200e864        0x8 c:/devkitpro/devkitarm/bin/../lib/gcc/arm-none-eabi/12.1.0/../../../../arm-none-eabi/lib\libsysbase.a(iosupport.o)
 .text.FindDevice
                0x000000000200e86c       0xd4 c:/devkitpro/devkitarm/bin/../lib/gcc/arm-none-eabi/12.1.0/../../../../arm-none-eabi/lib\libsysbase.a(iosupport.o)
                0x000000000200e86c                FindDevice
 .text._fstat_r
                0x000000000200e940       0x7c c:/devkitpro/devkitarm/bin/../lib/gcc/arm-none-eabi/12.1.0/../../../../arm-none-eabi/lib\libsysbase.a(fstat.o)
                0x000000000200e940                _fstat_r
 .text._gettimeofday_r
                0x000000000200e9bc       0x34 c:/devkitpro/devkitarm/bin/../lib/gcc/arm-none-eabi/12.1.0/../../../../arm-none-eabi/lib\libsysbase.a(gettod.o)
                0x000000000200e9bc                _gettimeofday_r
 .text._isatty_r
                0x000000000200e9f0        0x8 c:/devkitpro/devkitarm/bin/../lib/gcc/arm-none-eabi/12.1.0/../../../../arm-none-eabi/lib\libsysbase.a(isatty.o)
                0x000000000200e9f0                _isatty_r
 .text._lseek_r
                0x000000000200e9f8       0x88 c:/devkitpro/devkitarm/bin/../lib/gcc/arm-none-eabi/12.1.0/../../../../arm-none-eabi/lib\libsysbase.a(lseek.o)
                0x000000000200e9f8                _lseek_r
 .text._open_r  0x000000000200ea80       0xc8 c:/devkitpro/devkitarm/bin/../lib/gcc/arm-none-eabi/12.1.0/../../../../arm-none-eabi/lib\libsysbase.a(open.o)
                0x000000000200ea80                _open_r
 .text._read_r  0x000000000200eb48       0x84 c:/devkitpro/devkitarm/bin/../lib/gcc/arm-none-eabi/12.1.0/../../../../arm-none-eabi/lib\libsysbase.a(read.o)
                0x000000000200eb48                _read_r
 .text._sbrk_r  0x000000000200ebcc       0x7c c:/devkitpro/devkitarm/bin/../lib/gcc/arm-none-eabi/12.1.0/../../../../arm-none-eabi/lib\libsysbase.a(sbrk.o)
                0x000000000200ebcc                _sbrk_r
 .text._write_r
                0x000000000200ec48       0x84 c:/devkitpro/devkitarm/bin/../lib/gcc/arm-none-eabi/12.1.0/../../../../arm-none-eabi/lib\libsysbase.a(write.o)
                0x000000000200ec48                _write_r
 .text.build_argv
                0x000000000200eccc       0x80 c:/devkitpro/devkitarm/bin/../lib/gcc/arm-none-eabi/12.1.0/../../../../arm-none-eabi/lib\libsysbase.a(build_argv.o)
                0x000000000200eccc                build_argv
 .text.__flockfile
                0x000000000200ed4c       0x14 c:/devkitpro/devkitarm/bin/../lib/gcc/arm-none-eabi/12.1.0/../../../../arm-none-eabi/lib\libsysbase.a(flock.o)
                0x000000000200ed4c                __flockfile
 .text.__funlockfile
                0x000000000200ed60       0x14 c:/devkitpro/devkitarm/bin/../lib/gcc/arm-none-eabi/12.1.0/../../../../arm-none-eabi/lib\libsysbase.a(flock.o)
                0x000000000200ed60                __funlockfile
 .text.__release_handle
                0x000000000200ed74       0x90 c:/devkitpro/devkitarm/bin/../lib/gcc/arm-none-eabi/12.1.0/../../../../arm-none-eabi/lib\libsysbase.a(handle_manager.o)
                0x000000000200ed74                __release_handle
 .text.__alloc_handle
                0x000000000200ee04       0xb4 c:/devkitpro/devkitarm/bin/../lib/gcc/arm-none-eabi/12.1.0/../../../../arm-none-eabi/lib\libsysbase.a(handle_manager.o)
                0x000000000200ee04                __alloc_handle
 .text.__get_handle
                0x000000000200eeb8       0x40 c:/devkitpro/devkitarm/bin/../lib/gcc/arm-none-eabi/12.1.0/../../../../arm-none-eabi/lib\libsysbase.a(handle_manager.o)
                0x000000000200eeb8                __get_handle
 .text._close_r
                0x000000000200eef8       0xfc c:/devkitpro/devkitarm/bin/../lib/gcc/arm-none-eabi/12.1.0/../../../../arm-none-eabi/lib\libsysbase.a(handle_manager.o)
                0x000000000200eef8                _close_r
 .text.__getreent
                0x000000000200eff4       0x30 c:/devkitpro/devkitarm/bin/../lib/gcc/arm-none-eabi/12.1.0/../../../../arm-none-eabi/lib\libsysbase.a(getreent.o)
                0x000000000200eff4                __getreent
 .text.__libc_lock_acquire
                0x000000000200f024       0x20 c:/devkitpro/devkitarm/bin/../lib/gcc/arm-none-eabi/12.1.0/../../../../arm-none-eabi/lib\libsysbase.a(syscall_support.o)
                0x000000000200f024                __libc_lock_acquire
 .text.__libc_lock_release
                0x000000000200f044       0x20 c:/devkitpro/devkitarm/bin/../lib/gcc/arm-none-eabi/12.1.0/../../../../arm-none-eabi/lib\libsysbase.a(syscall_support.o)
                0x000000000200f044                __libc_lock_release
 .text.__libc_lock_init_recursive
                0x000000000200f064       0x20 c:/devkitpro/devkitarm/bin/../lib/gcc/arm-none-eabi/12.1.0/../../../../arm-none-eabi/lib\libsysbase.a(syscall_support.o)
                0x000000000200f064                __libc_lock_init_recursive
 .text.__libc_lock_acquire_recursive
                0x000000000200f084       0x20 c:/devkitpro/devkitarm/bin/../lib/gcc/arm-none-eabi/12.1.0/../../../../arm-none-eabi/lib\libsysbase.a(syscall_support.o)
                0x000000000200f084                __libc_lock_acquire_recursive
 .text.__libc_lock_release_recursive
                0x000000000200f0a4       0x20 c:/devkitpro/devkitarm/bin/../lib/gcc/arm-none-eabi/12.1.0/../../../../arm-none-eabi/lib\libsysbase.a(syscall_support.o)
                0x000000000200f0a4                __libc_lock_release_recursive
 .text.__libc_lock_close_recursive
                0x000000000200f0c4       0x20 c:/devkitpro/devkitarm/bin/../lib/gcc/arm-none-eabi/12.1.0/../../../../arm-none-eabi/lib\libsysbase.a(syscall_support.o)
                0x000000000200f0c4                __libc_lock_close_recursive
 .text.__udivmoddi4
                0x000000000200f0e4      0x128 c:/devkitpro/devkitarm/bin/../lib/gcc/arm-none-eabi/12.1.0\libgcc.a(_udivmoddi4.o)
                0x000000000200f0e4                __udivmoddi4
 *fill*         0x000000000200f20c        0x4 ff
 .text.__udivmoddi4.__stub
                0x000000000200f210      0x17c linker stubs
 *(EXCLUDE_FILE(*.twl*) .gnu.warning)
 *(EXCLUDE_FILE(*.twl*) .gnu.linkonce.t*)
 *(.glue_7)
 .glue_7        0x000000000200f3d8        0x0 linker stubs
 *(.glue_7t)
 .glue_7t       0x000000000200f3d8        0x0 linker stubs
                0x000000000200f3d8                . = ALIGN (0x4)

.vfp11_veneer   0x000000000200f3d8        0x0
 .vfp11_veneer  0x000000000200f3d8        0x0 linker stubs

.v4_bx          0x000000000200f3d8        0x0
 .v4_bx         0x000000000200f3d8        0x0 linker stubs

.iplt           0x000000000200f3d8        0x0
 .iplt          0x000000000200f3d8        0x0 c:/devkitpro/devkitarm/bin/../lib/gcc/arm-none-eabi/12.1.0/../../../../arm-none-eabi/lib/ds_arm9_crt0.o

.fini           0x000000000200f3d8       0x18
 *(.fini)
 .fini          0x000000000200f3d8        0xc c:/devkitpro/devkitarm/bin/../lib/gcc/arm-none-eabi/12.1.0/crti.o
                0x000000000200f3d8                _fini
 .fini          0x000000000200f3e4        0xc c:/devkitpro/devkitarm/bin/../lib/gcc/arm-none-eabi/12.1.0/crtn.o
                0x000000000200f3f0                __text_end = .

.rodata         0x000000000200f3f0    0xf668c
 *(EXCLUDE_FILE(*.twl*) .rodata)
 .rodata        0x000000000200f3f0     0x3200 allNums.o
                0x000000000200f3f0                allNumsTiles
                0x00000000020123f0                allNumsPal
 .rodata        0x00000000020125f0    0x18200 bgLong.o
                0x00000000020125f0                bgLongBitmap
                0x000000000202a5f0                bgLongPal
 .rodata        0x000000000202a7f0     0xc200 bird.o
                0x000000000202a7f0                birdBitmap
                0x00000000020367f0                birdPal
 .rodata        0x00000000020369f0     0xc200 birdDown.o
                0x00000000020369f0                birdDownBitmap
                0x00000000020429f0                birdDownPal
 .rodata        0x0000000002042bf0     0xc200 birdUp.o
                0x0000000002042bf0                birdUpBitmap
                0x000000000204ebf0                birdUpPal
 .rodata        0x000000000204edf0    0x18000 bottom.o
                0x000000000204edf0                bottomBitmap
 .rodata        0x0000000002066df0     0xc200 floor.o
                0x0000000002066df0                floorBitmap
                0x0000000002072df0                floorPal
 .rodata        0x0000000002072ff0     0xc200 pipeTop.o
                0x0000000002072ff0                pipeTopBitmap
                0x000000000207eff0                pipeTopPal
 .rodata        0x000000000207f1f0     0xc200 ready.o
                0x000000000207f1f0                readyBitmap
                0x000000000208b1f0                readyPal
 .rodata        0x000000000208b3f0     0x1200 scoreSprite.o
                0x000000000208b3f0                scoreSpriteTiles
                0x000000000208c3f0                scoreSpritePal
 .rodata        0x000000000208c5f0     0x1200 startSub.o
                0x000000000208c5f0                startSubTiles
                0x000000000208d5f0                startSubPal
 .rodata        0x000000000208d7f0       0x24 C:/devkitPro/libnds/lib\libnds9.a(videoGL.o)
 *all.rodata*(*)
 *(EXCLUDE_FILE(*.twl*) .roda)
 *(EXCLUDE_FILE(*.twl*) .rodata.*)
 .rodata.soundbank_bin
                0x000000000208d814    0x6f19c soundbank.bin.o
                0x000000000208d814                soundbank_bin
                0x00000000020fc9b0                soundbank_bin_end
 .rodata.SIN_LUT
                0x00000000020fc9b0      0x102 C:/devkitPro/libnds/lib\libnds9.a(trig.o)
                0x00000000020fc9b0                SIN_LUT
 *fill*         0x00000000020fcab2        0x2 ff
 .rodata.TAN_LUT
                0x00000000020fcab4      0x204 C:/devkitPro/libnds/lib\libnds9.a(trig.o)
                0x00000000020fcab4                TAN_LUT
 .rodata.con_write.str1.4
                0x00000000020fccb8       0x30 C:/devkitPro/libnds/lib\libnds9.a(console.o)
 .rodata.con_write
                0x00000000020fcce8       0xd4 C:/devkitPro/libnds/lib\libnds9.a(console.o)
 .rodata.str1.4
                0x00000000020fcdbc       0x14 C:/devkitPro/libnds/lib\libnds9.a(console.o)
 .rodata.dotab_stdout
                0x00000000020fcdd0       0x70 C:/devkitPro/libnds/lib\libnds9.a(console.o)
 .rodata.glMaterialf
                0x00000000020fce40       0x44 C:/devkitPro/libnds/lib\libnds9.a(videoGL.o)
 .rodata.default_font_bin
                0x00000000020fce84     0x2000 C:/devkitPro/libnds/lib\libnds9.a(default_font.bin.o)
                0x00000000020fce84                default_font_bin
                0x00000000020fee84                default_font_bin_end
 .rodata._global_impure_ptr
                0x00000000020fee84        0x4 c:/devkitpro/devkitarm/bin/../lib/gcc/arm-none-eabi/12.1.0/../../../../arm-none-eabi/lib\libg.a(lib_a-impure.o)
                0x00000000020fee84                _global_impure_ptr
 .rodata.basefix.0
                0x00000000020fee88       0x22 c:/devkitpro/devkitarm/bin/../lib/gcc/arm-none-eabi/12.1.0/../../../../arm-none-eabi/lib\libg.a(lib_a-svfiscanf.o)
 *fill*         0x00000000020feeaa        0x2 ff
 .rodata._ctype_
                0x00000000020feeac      0x101 c:/devkitpro/devkitarm/bin/../lib/gcc/arm-none-eabi/12.1.0/../../../../arm-none-eabi/lib\libg.a(lib_a-ctype_.o)
                0x00000000020feeac                _ctype_
 *fill*         0x00000000020fefad        0x3 ff
 .rodata.str1.4
                0x00000000020fefb0       0x48 c:/devkitpro/devkitarm/bin/../lib/gcc/arm-none-eabi/12.1.0/../../../../arm-none-eabi/lib\libg.a(lib_a-locale.o)
                                         0x4c (size before relaxing)
 .rodata._mbrtowc_r.str1.4
                0x00000000020feff8        0x1 c:/devkitpro/devkitarm/bin/../lib/gcc/arm-none-eabi/12.1.0/../../../../arm-none-eabi/lib\libg.a(lib_a-mbrtowc.o)
 .rodata._jp2uc_l.str1.4
                0x00000000020feff8       0x12 c:/devkitpro/devkitarm/bin/../lib/gcc/arm-none-eabi/12.1.0/../../../../arm-none-eabi/lib\libg.a(lib_a-jp2uc.o)
 *fill*         0x00000000020ff00a        0x2 ff
 .rodata.d02f4  0x00000000020ff00c     0x1a7c c:/devkitpro/devkitarm/bin/../lib/gcc/arm-none-eabi/12.1.0/../../../../arm-none-eabi/lib\libg.a(lib_a-jp2uc.o)
 .rodata.b02cf  0x0000000002100a88     0x172a c:/devkitpro/devkitarm/bin/../lib/gcc/arm-none-eabi/12.1.0/../../../../arm-none-eabi/lib\libg.a(lib_a-jp2uc.o)
 *fill*         0x00000000021021b2        0x2 ff
 .rodata.a8     0x00000000021021b4       0x40 c:/devkitpro/devkitarm/bin/../lib/gcc/arm-none-eabi/12.1.0/../../../../arm-none-eabi/lib\libg.a(lib_a-jp2uc.o)
 .rodata.a7     0x00000000021021f4       0xa2 c:/devkitpro/devkitarm/bin/../lib/gcc/arm-none-eabi/12.1.0/../../../../arm-none-eabi/lib\libg.a(lib_a-jp2uc.o)
 *fill*         0x0000000002102296        0x2 ff
 .rodata.a6     0x0000000002102298       0x70 c:/devkitpro/devkitarm/bin/../lib/gcc/arm-none-eabi/12.1.0/../../../../arm-none-eabi/lib\libg.a(lib_a-jp2uc.o)
 .rodata.a3     0x0000000002102308       0x5b c:/devkitpro/devkitarm/bin/../lib/gcc/arm-none-eabi/12.1.0/../../../../arm-none-eabi/lib\libg.a(lib_a-jp2uc.o)
 *fill*         0x0000000002102363        0x1 ff
 .rodata.a2     0x0000000002102364       0xbc c:/devkitpro/devkitarm/bin/../lib/gcc/arm-none-eabi/12.1.0/../../../../arm-none-eabi/lib\libg.a(lib_a-jp2uc.o)
 .rodata.a1     0x0000000002102420       0xbc c:/devkitpro/devkitarm/bin/../lib/gcc/arm-none-eabi/12.1.0/../../../../arm-none-eabi/lib\libg.a(lib_a-jp2uc.o)
 .rodata.categories
                0x00000000021024dc     0x3528 c:/devkitpro/devkitarm/bin/../lib/gcc/arm-none-eabi/12.1.0/../../../../arm-none-eabi/lib\libg.a(lib_a-categories.o)
 .rodata.AddDevice.str1.4
                0x0000000002105a04        0x8 c:/devkitpro/devkitarm/bin/../lib/gcc/arm-none-eabi/12.1.0/../../../../arm-none-eabi/lib\libsysbase.a(iosupport.o)
 .rodata.dotab_stdnull
                0x0000000002105a0c       0x70 c:/devkitpro/devkitarm/bin/../lib/gcc/arm-none-eabi/12.1.0/../../../../arm-none-eabi/lib\libsysbase.a(iosupport.o)
                0x0000000002105a0c                dotab_stdnull
 *(EXCLUDE_FILE(*.twl*) .gnu.linkonce.r*)
                0x0000000002105a7c                . = ALIGN (0x4)

.ARM.extab
 *(.ARM.extab* .gnu.linkonce.armextab.*)
                0x0000000002105a7c                __exidx_start = .

ARM.exidx
 *(.ARM.exidx* .gnu.linkonce.armexidx.*)
                0x0000000002105a7c                __exidx_end = .
                0x0000000002105a7c                . = ALIGN (0x4)
                0x0000000002105a7c                PROVIDE (__preinit_array_start = .)

.preinit_array
 *(.preinit_array)
                0x0000000002105a7c                PROVIDE (__preinit_array_end = .)
                0x0000000002105a7c                PROVIDE (__init_array_start = .)

.init_array     0x0000000002105a7c        0x4
 *(SORT_BY_NAME(.init_array.*))
 *(.init_array)
 .init_array    0x0000000002105a7c        0x4 c:/devkitpro/devkitarm/bin/../lib/gcc/arm-none-eabi/12.1.0/crtbegin.o
                0x0000000002105a80                PROVIDE (__init_array_end = .)
                [!provide]                        PROVIDE (__fini_array_start = .)

.fini_array     0x0000000002105a80        0x4
 *(.fini_array)
 .fini_array    0x0000000002105a80        0x4 c:/devkitpro/devkitarm/bin/../lib/gcc/arm-none-eabi/12.1.0/crtbegin.o
 *(SORT_BY_NAME(.fini_array.*))
                [!provide]                        PROVIDE (__fini_array_end = .)

.ctors          0x0000000002105a84        0x0
 *crtbegin.o(.ctors)
 *(EXCLUDE_FILE(*crtend.o) .ctors)
 *(SORT_BY_NAME(.ctors.*))
 *(.ctors)
                0x0000000002105a84                . = ALIGN (0x4)

.dtors          0x0000000002105a84        0x0
 *crtbegin.o(.dtors)
 *(EXCLUDE_FILE(*crtend.o) .dtors)
 *(SORT_BY_NAME(.dtors.*))
 *(.dtors)
                0x0000000002105a84                . = ALIGN (0x4)

.eh_frame       0x0000000002105a84        0x4
 *(.eh_frame)
 .eh_frame      0x0000000002105a84        0x0 c:/devkitpro/devkitarm/bin/../lib/gcc/arm-none-eabi/12.1.0/crtbegin.o
 .eh_frame      0x0000000002105a84        0x4 c:/devkitpro/devkitarm/bin/../lib/gcc/arm-none-eabi/12.1.0/crtend.o
                0x0000000002105a88                . = ALIGN (0x4)

.rel.dyn        0x0000000002105a88        0x0
 .rel.iplt      0x0000000002105a88        0x0 c:/devkitpro/devkitarm/bin/../lib/gcc/arm-none-eabi/12.1.0/../../../../arm-none-eabi/lib/ds_arm9_crt0.o

.gcc_except_table
                0x0000000002105a88        0x0
 *(.gcc_except_table)
                0x0000000002105a88                . = ALIGN (0x4)

.jcr
 *(.jcr)

.got
 *(.got.plt)
 *(.got)
 *(.rel.got)

.ewram          0x0000000002105a88        0x0
                0x0000000002105a88                __ewram_start = ABSOLUTE (.)
 *(.ewram)
 *ewram.*(.text)
                0x0000000002105a88                . = ALIGN (0x4)

.data           0x0000000002105a88     0x1bc8
                0x0000000002105a88                __data_start = ABSOLUTE (.)
 *(EXCLUDE_FILE(*.twl*) .data)
 .data          0x0000000002105a88       0x28 C:/devkitPro/libnds/lib\libnds9.a(mpu_setup.o)
 *(EXCLUDE_FILE(*.twl*) .data.*)
 .data.bgControl
                0x0000000002105ab0       0x20 C:/devkitPro/libnds/lib\libnds9.a(background.o)
                0x0000000002105ab0                bgControl
 .data.bgScrollTable
                0x0000000002105ad0       0x20 C:/devkitPro/libnds/lib\libnds9.a(background.o)
                0x0000000002105ad0                bgScrollTable
 .data.bgTransform
                0x0000000002105af0       0x20 C:/devkitPro/libnds/lib\libnds9.a(background.o)
                0x0000000002105af0                bgTransform
 .data.currentConsole
                0x0000000002105b10        0x4 C:/devkitPro/libnds/lib\libnds9.a(console.o)
                0x0000000002105b10                currentConsole
 .data.defaultConsole
                0x0000000002105b14       0x5c C:/devkitPro/libnds/lib\libnds9.a(console.o)
                0x0000000002105b14                defaultConsole
 .data.firstConsoleInit.0
                0x0000000002105b70        0x1 C:/devkitPro/libnds/lib\libnds9.a(console.o)
 *fill*         0x0000000002105b71        0x3 ff
 .data.glGlob   0x0000000002105b74        0x4 C:/devkitPro/libnds/lib\libnds9.a(videoGL.o)
 .data.oamMain  0x0000000002105b78       0x18 C:/devkitPro/libnds/lib\libnds9.a(sprite.o)
                0x0000000002105b78                oamMain
 .data.oamSub   0x0000000002105b90       0x18 C:/devkitPro/libnds/lib\libnds9.a(sprite.o)
                0x0000000002105b90                oamSub
 .data.count    0x0000000002105ba8        0x1 C:/devkitPro/libnds/lib\libnds9.a(keys.o)
 .data.delay    0x0000000002105ba9        0x1 C:/devkitPro/libnds/lib\libnds9.a(keys.o)
 .data.repeat   0x0000000002105baa        0x1 C:/devkitPro/libnds/lib\libnds9.a(keys.o)
 *fill*         0x0000000002105bab        0x1 ff
 .data.fifo_buffer_free
                0x0000000002105bac        0x4 C:/devkitPro/libnds/lib\libnds9.a(fifosystem.o)
                0x0000000002105bac                fifo_buffer_free
 .data.fifo_freewords
                0x0000000002105bb0        0x4 C:/devkitPro/libnds/lib\libnds9.a(fifosystem.o)
                0x0000000002105bb0                fifo_freewords
 .data.fifo_receive_queue
                0x0000000002105bb4        0x4 C:/devkitPro/libnds/lib\libnds9.a(fifosystem.o)
                0x0000000002105bb4                fifo_receive_queue
 .data.fifo_send_queue
                0x0000000002105bb8        0x4 C:/devkitPro/libnds/lib\libnds9.a(fifosystem.o)
                0x0000000002105bb8                fifo_send_queue
 .data._impure_ptr
                0x0000000002105bbc        0x4 c:/devkitpro/devkitarm/bin/../lib/gcc/arm-none-eabi/12.1.0/../../../../arm-none-eabi/lib\libg.a(lib_a-impure.o)
                0x0000000002105bbc                _impure_ptr
 *fill*         0x0000000002105bc0        0x0 ff
 .data.impure_data
                0x0000000002105bc0      0x460 c:/devkitpro/devkitarm/bin/../lib/gcc/arm-none-eabi/12.1.0/../../../../arm-none-eabi/lib\libg.a(lib_a-impure.o)
 .data.__malloc_sbrk_base
                0x0000000002106020        0x4 c:/devkitpro/devkitarm/bin/../lib/gcc/arm-none-eabi/12.1.0/../../../../arm-none-eabi/lib\libg.a(lib_a-mallocr.o)
                0x0000000002106020                __malloc_sbrk_base
 .data.__malloc_trim_threshold
                0x0000000002106024        0x4 c:/devkitpro/devkitarm/bin/../lib/gcc/arm-none-eabi/12.1.0/../../../../arm-none-eabi/lib\libg.a(lib_a-mallocr.o)
                0x0000000002106024                __malloc_trim_threshold
 .data.__malloc_av_
                0x0000000002106028      0x408 c:/devkitpro/devkitarm/bin/../lib/gcc/arm-none-eabi/12.1.0/../../../../arm-none-eabi/lib\libg.a(lib_a-mallocr.o)
                0x0000000002106028                __malloc_av_
 .data.__global_locale
                0x0000000002106430      0x16c c:/devkitpro/devkitarm/bin/../lib/gcc/arm-none-eabi/12.1.0/../../../../arm-none-eabi/lib\libg.a(lib_a-locale.o)
                0x0000000002106430                __global_locale
 .data.devoptab_list
                0x000000000210659c       0x8c c:/devkitpro/devkitarm/bin/../lib/gcc/arm-none-eabi/12.1.0/../../../../arm-none-eabi/lib\libsysbase.a(iosupport.o)
                0x000000000210659c                devoptab_list
 .data.defaultDevice
                0x0000000002106628        0x4 c:/devkitpro/devkitarm/bin/../lib/gcc/arm-none-eabi/12.1.0/../../../../arm-none-eabi/lib\libsysbase.a(iosupport.o)
 .data.handles  0x000000000210662c     0x1000 c:/devkitpro/devkitarm/bin/../lib/gcc/arm-none-eabi/12.1.0/../../../../arm-none-eabi/lib\libsysbase.a(handle_manager.o)
 .data.__stderr_handle
                0x000000000210762c        0xc c:/devkitpro/devkitarm/bin/../lib/gcc/arm-none-eabi/12.1.0/../../../../arm-none-eabi/lib\libsysbase.a(handle_manager.o)
 .data.__stdout_handle
                0x0000000002107638        0xc c:/devkitpro/devkitarm/bin/../lib/gcc/arm-none-eabi/12.1.0/../../../../arm-none-eabi/lib\libsysbase.a(handle_manager.o)
 .data.__stdin_handle
                0x0000000002107644        0xc c:/devkitpro/devkitarm/bin/../lib/gcc/arm-none-eabi/12.1.0/../../../../arm-none-eabi/lib\libsysbase.a(handle_manager.o)
 *(EXCLUDE_FILE(*.twl*) .gnu.linkonce.d*)
                0x0000000002107650                . = ALIGN (0x4)
                0x0000000002107650                __data_end = ABSOLUTE (.)
                0x0000000002107650                __bss_vma = .

.igot.plt       0x0000000002107650        0x0
 .igot.plt      0x0000000002107650        0x0 c:/devkitpro/devkitarm/bin/../lib/gcc/arm-none-eabi/12.1.0/../../../../arm-none-eabi/lib/ds_arm9_crt0.o

.dtcm           0x0000000002ff0000        0x0 load address 0x0000000002107650
                0x0000000002107650                __dtcm_lma = LOADADDR (.dtcm)
                0x0000000002ff0000                __dtcm_start = ABSOLUTE (.)
 *(.dtcm)
 *(.dtcm.*)
                0x0000000002ff0000                . = ALIGN (0x4)
                0x0000000002ff0000                __dtcm_end = ABSOLUTE (.)

.itcm           0x0000000001000100      0x194 load address 0x0000000002107650
                0x0000000002107650                __itcm_lma = LOADADDR (.itcm)
                0x0000000001000100                __itcm_start = ABSOLUTE (.)
 *(.itcm)
 .itcm          0x0000000001000100       0xc8 C:/devkitPro/libnds/lib\libnds9.a(interrupts.o)
                0x0000000001000100                irqTable
 .itcm          0x00000000010001c8       0xcc C:/devkitPro/libnds/lib\libnds9.a(interruptDispatcher.o)
                0x00000000010001c8                IntrMain
 *.itcm*(.text .stub .text.*)
                0x0000000001000294                . = ALIGN (0x4)
                0x0000000001000294                __itcm_end = ABSOLUTE (.)

.vectors        0x0000000001000000        0x0 load address 0x00000000021077e4
                0x00000000021077e4                __vectors_lma = LOADADDR (.vectors)
                0x0000000001000000                __vectors_start = ABSOLUTE (.)
 *(.vectors .vectors.*)
                0x0000000001000000                . = ALIGN (0x4)
                0x0000000001000000                __vectors_end = ABSOLUTE (.)

.sbss           0x0000000002ff0000        0x0
                0x0000000002ff0000                __sbss_start = ABSOLUTE (.)
                0x0000000002ff0000                __sbss_start__ = ABSOLUTE (.)
 *(.sbss)
                0x0000000002ff0000                . = ALIGN (0x4)
                0x0000000002ff0000                __sbss_end = ABSOLUTE (.)

.bss            0x0000000002107650     0x1558
                0x0000000002107650                __bss_start = ABSOLUTE (.)
                0x0000000002107650                __bss_start__ = ABSOLUTE (.)
 *(EXCLUDE_FILE(*.twl*) .dynbss)
 *(EXCLUDE_FILE(*.twl*) .gnu.linkonce.b*)
 *(EXCLUDE_FILE(*.twl*) .bss*)
 .bss.completed.1
                0x0000000002107650        0x1 c:/devkitpro/devkitarm/bin/../lib/gcc/arm-none-eabi/12.1.0/crtbegin.o
 *fill*         0x0000000002107651        0x3 
 .bss.object.0  0x0000000002107654       0x18 c:/devkitpro/devkitarm/bin/../lib/gcc/arm-none-eabi/12.1.0/crtbegin.o
 .bss           0x000000000210766c       0x18 C:/devkitPro/libnds/lib\libmm9.a(mm_comms.o)
 .bss           0x0000000002107684       0x19 C:/devkitPro/libnds/lib\libmm9.a(mm_main9.o)
                0x0000000002107684                mmcbMemory
                0x0000000002107688                mmModuleCount
                0x000000000210768c                mmSampleCount
                0x0000000002107690                mmMemoryBank
                0x0000000002107690                mmModuleBank
                0x0000000002107694                mmSampleBank
                0x0000000002107698                mmCallback
                0x000000000210769c                mmActiveStatus
 *fill*         0x000000000210769d        0x3 
 .bss           0x00000000021076a0       0x44 C:/devkitPro/libnds/lib\libmm9.a(mm_soundbank.o)
 .bss.bgIsTextLut
                0x00000000021076e4        0x8 C:/devkitPro/libnds/lib\libnds9.a(background.o)
                0x00000000021076e4                bgIsTextLut
 .bss.bgState   0x00000000021076ec      0x140 C:/devkitPro/libnds/lib\libnds9.a(background.o)
                0x00000000021076ec                bgState
 .bss.currentCopy
                0x000000000210782c       0x5c C:/devkitPro/libnds/lib\libnds9.a(console.o)
                0x000000000210782c                currentCopy
 .bss.gCurrentTexture
                0x0000000002107888        0x4 C:/devkitPro/libnds/lib\libnds9.a(gl2d.o)
                0x0000000002107888                gCurrentTexture
 .bss.g_depth   0x000000000210788c        0x2 C:/devkitPro/libnds/lib\libnds9.a(gl2d.o)
 *fill*         0x000000000210788e        0x2 
 .bss.diffuse_ambient.1
                0x0000000002107890        0x4 C:/devkitPro/libnds/lib\libnds9.a(videoGL.o)
 .bss.glGlobalData
                0x0000000002107894       0x54 C:/devkitPro/libnds/lib\libnds9.a(videoGL.o)
                0x0000000002107894                glGlobalData
 .bss.specular_emission.0
                0x00000000021078e8        0x4 C:/devkitPro/libnds/lib\libnds9.a(videoGL.o)
 .bss.OamMemory
                0x00000000021078ec      0x400 C:/devkitPro/libnds/lib\libnds9.a(sprite.o)
                0x00000000021078ec                OamMemory
 .bss.OamMemorySub
                0x0000000002107cec      0x400 C:/devkitPro/libnds/lib\libnds9.a(sprite.o)
                0x0000000002107cec                OamMemorySub
 .bss.keys      0x00000000021080ec        0x2 C:/devkitPro/libnds/lib\libnds9.a(keys.o)
 .bss.keysold   0x00000000021080ee        0x2 C:/devkitPro/libnds/lib\libnds9.a(keys.o)
 .bss.keysrepeat
                0x00000000021080f0        0x2 C:/devkitPro/libnds/lib\libnds9.a(keys.o)
 .bss.__dsimode
                0x00000000021080f2        0x1 C:/devkitPro/libnds/lib\libnds9.a(initSystem.o)
                0x00000000021080f2                __dsimode
 *fill*         0x00000000021080f3        0x1 
 .bss.punixTime
                0x00000000021080f4        0x4 C:/devkitPro/libnds/lib\libnds9.a(initSystem.o)
                0x00000000021080f4                punixTime
 .bss.fifo_address_data
                0x00000000021080f8       0x40 C:/devkitPro/libnds/lib\libnds9.a(fifosystem.o)
                0x00000000021080f8                fifo_address_data
 .bss.fifo_address_func
                0x0000000002108138       0x40 C:/devkitPro/libnds/lib\libnds9.a(fifosystem.o)
                0x0000000002108138                fifo_address_func
 .bss.fifo_address_queue
                0x0000000002108178       0x40 C:/devkitPro/libnds/lib\libnds9.a(fifosystem.o)
                0x0000000002108178                fifo_address_queue
 .bss.fifo_buffer
                0x00000000021081b8      0x800 C:/devkitPro/libnds/lib\libnds9.a(fifosystem.o)
                0x00000000021081b8                fifo_buffer
 .bss.fifo_data_queue
                0x00000000021089b8       0x40 C:/devkitPro/libnds/lib\libnds9.a(fifosystem.o)
                0x00000000021089b8                fifo_data_queue
 .bss.fifo_datamsg_data
                0x00000000021089f8       0x40 C:/devkitPro/libnds/lib\libnds9.a(fifosystem.o)
                0x00000000021089f8                fifo_datamsg_data
 .bss.fifo_datamsg_func
                0x0000000002108a38       0x40 C:/devkitPro/libnds/lib\libnds9.a(fifosystem.o)
                0x0000000002108a38                fifo_datamsg_func
 .bss.fifo_value32_data
                0x0000000002108a78       0x40 C:/devkitPro/libnds/lib\libnds9.a(fifosystem.o)
                0x0000000002108a78                fifo_value32_data
 .bss.fifo_value32_func
                0x0000000002108ab8       0x40 C:/devkitPro/libnds/lib\libnds9.a(fifosystem.o)
                0x0000000002108ab8                fifo_value32_func
 .bss.fifo_value32_queue
                0x0000000002108af8       0x40 C:/devkitPro/libnds/lib\libnds9.a(fifosystem.o)
                0x0000000002108af8                fifo_value32_queue
 .bss.processing
                0x0000000002108b38        0x4 C:/devkitPro/libnds/lib\libnds9.a(fifosystem.o)
                0x0000000002108b38                processing
 .bss.SDcallback
                0x0000000002108b3c        0x4 C:/devkitPro/libnds/lib\libnds9.a(system.o)
 .bss.__sinit_recursive_mutex
                0x0000000002108b40        0xc c:/devkitpro/devkitarm/bin/../lib/gcc/arm-none-eabi/12.1.0/../../../../arm-none-eabi/lib\libg.a(lib_a-findfp.o)
 .bss.__sfp_recursive_mutex
                0x0000000002108b4c        0xc c:/devkitpro/devkitarm/bin/../lib/gcc/arm-none-eabi/12.1.0/../../../../arm-none-eabi/lib\libg.a(lib_a-findfp.o)
 .bss.__malloc_current_mallinfo
                0x0000000002108b58       0x28 c:/devkitpro/devkitarm/bin/../lib/gcc/arm-none-eabi/12.1.0/../../../../arm-none-eabi/lib\libg.a(lib_a-mallocr.o)
                0x0000000002108b58                __malloc_current_mallinfo
 .bss.__malloc_max_total_mem
                0x0000000002108b80        0x4 c:/devkitpro/devkitarm/bin/../lib/gcc/arm-none-eabi/12.1.0/../../../../arm-none-eabi/lib\libg.a(lib_a-mallocr.o)
                0x0000000002108b80                __malloc_max_total_mem
 .bss.__malloc_max_sbrked_mem
                0x0000000002108b84        0x4 c:/devkitpro/devkitarm/bin/../lib/gcc/arm-none-eabi/12.1.0/../../../../arm-none-eabi/lib\libg.a(lib_a-mallocr.o)
                0x0000000002108b84                __malloc_max_sbrked_mem
 .bss.__malloc_top_pad
                0x0000000002108b88        0x4 c:/devkitpro/devkitarm/bin/../lib/gcc/arm-none-eabi/12.1.0/../../../../arm-none-eabi/lib\libg.a(lib_a-mallocr.o)
                0x0000000002108b88                __malloc_top_pad
 .bss.__malloc_recursive_mutex
                0x0000000002108b8c        0xc c:/devkitpro/devkitarm/bin/../lib/gcc/arm-none-eabi/12.1.0/../../../../arm-none-eabi/lib\libg.a(lib_a-mlock.o)
 .bss.heap_start.0
                0x0000000002108b98        0x4 c:/devkitpro/devkitarm/bin/../lib/gcc/arm-none-eabi/12.1.0/../../../../arm-none-eabi/lib\libsysbase.a(sbrk.o)
 .bss.fake_heap_start
                0x0000000002108b9c        0x4 c:/devkitpro/devkitarm/bin/../lib/gcc/arm-none-eabi/12.1.0/../../../../arm-none-eabi/lib\libsysbase.a(malloc_vars.o)
                0x0000000002108b9c                fake_heap_start
 .bss.fake_heap_end
                0x0000000002108ba0        0x4 c:/devkitpro/devkitarm/bin/../lib/gcc/arm-none-eabi/12.1.0/../../../../arm-none-eabi/lib\libsysbase.a(malloc_vars.o)
                0x0000000002108ba0                fake_heap_end
 .bss.__hndl_lock
                0x0000000002108ba4        0x4 c:/devkitpro/devkitarm/bin/../lib/gcc/arm-none-eabi/12.1.0/../../../../arm-none-eabi/lib\libsysbase.a(handle_manager.o)
 *(EXCLUDE_FILE(*.twl*) COMMON)
                0x0000000002108ba8                . = ALIGN (0x4)
                0x0000000002108ba8                __bss_end__ = ABSOLUTE (.)
                0x0000000002108ba8                __end__ = ABSOLUTE (.)

.twl            0x0000000002108ba8        0x0 load address 0x0000000002400000
                0x0000000002400000                __arm9i_lma__ = LOADADDR (.twl)
                0x0000000002108ba8                __arm9i_start__ = ABSOLUTE (.)
 *(.twl)
 *.twl*(.text .stub .text.* .gnu.linkonce.t.*)
 *.twl*(.rodata)
 *.twl*(.roda)
 *.twl*(.rodata.*)
 *.twl*(.data)
 *.twl*(.data.*)
 *.twl*(.gnu.linkonce.d*)
                0x0000000002108ba8                __arm9i_end__ = ABSOLUTE (.)

.twl_bss        0x0000000002108ba8        0x0
                0x0000000002108ba8                __twl_bss_start__ = ABSOLUTE (.)
 *(.twl_bss)
 *.twl*(.dynbss)
 *.twl*(.gnu.linkonce.b*)
 *.twl*(.bss*)
 *.twl*(COMMON)
                0x0000000002108ba8                . = ALIGN (0x4)
                0x0000000002108ba8                __twl_bss_end__ = ABSOLUTE (.)
                0x0000000002108ba8                __twl_end__ = ABSOLUTE (.)

.stab
 *(.stab)

.stabstr
 *(.stabstr)

.stab.excl
 *(.stab.excl)

.stab.exclstr
 *(.stab.exclstr)

.stab.index
 *(.stab.index)

.stab.indexstr
 *(.stab.indexstr)

.comment        0x0000000000000000       0x46
 *(.comment)
 .comment       0x0000000000000000       0x23 c:/devkitpro/devkitarm/bin/../lib/gcc/arm-none-eabi/12.1.0/crtbegin.o
                                         0x24 (size before relaxing)
 .comment       0x0000000000000023       0x24 main.o
 .comment       0x0000000000000023       0x23 C:/devkitPro/libnds/lib\libnds9.a(background.o)
                                         0x24 (size before relaxing)
 .comment       0x0000000000000046       0x24 C:/devkitPro/libnds/lib\libnds9.a(trig.o)
 .comment       0x0000000000000046       0x24 C:/devkitPro/libnds/lib\libnds9.a(sprite_alloc.o)
 .comment       0x0000000000000046       0x24 C:/devkitPro/libnds/lib\libnds9.a(console.o)
 .comment       0x0000000000000046       0x24 C:/devkitPro/libnds/lib\libnds9.a(gl2d.o)
 .comment       0x0000000000000046       0x24 C:/devkitPro/libnds/lib\libnds9.a(videoGL.o)
 .comment       0x0000000000000046       0x24 C:/devkitPro/libnds/lib\libnds9.a(sprite.o)
 .comment       0x0000000000000046       0x24 C:/devkitPro/libnds/lib\libnds9.a(keys.o)
 .comment       0x0000000000000046       0x24 C:/devkitPro/libnds/lib\libnds9.a(initSystem.o)
 .comment       0x0000000000000046       0x24 C:/devkitPro/libnds/lib\libnds9.a(securearea.o)
 .comment       0x0000000000000046       0x24 C:/devkitPro/libnds/lib\libnds9.a(interrupts.o)
 .comment       0x0000000000000046       0x24 C:/devkitPro/libnds/lib\libnds9.a(libnds_exit.arm.o)
 .comment       0x0000000000000046       0x24 C:/devkitPro/libnds/lib\libnds9.a(fifosystem.o)
 .comment       0x0000000000000046       0x24 C:/devkitPro/libnds/lib\libnds9.a(dynamicArray.o)
 .comment       0x0000000000000046       0x24 C:/devkitPro/libnds/lib\libnds9.a(video.o)
 .comment       0x0000000000000046       0x24 C:/devkitPro/libnds/lib\libnds9.a(system.o)
 .comment       0x0000000000000046       0x24 c:/devkitpro/devkitarm/bin/../lib/gcc/arm-none-eabi/12.1.0\libgcc.a(_muldi3.o)
 .comment       0x0000000000000046       0x24 c:/devkitpro/devkitarm/bin/../lib/gcc/arm-none-eabi/12.1.0/../../../../arm-none-eabi/lib\libg.a(lib_a-calloc.o)
 .comment       0x0000000000000046       0x24 c:/devkitpro/devkitarm/bin/../lib/gcc/arm-none-eabi/12.1.0/../../../../arm-none-eabi/lib\libg.a(lib_a-callocr.o)
 .comment       0x0000000000000046       0x24 c:/devkitpro/devkitarm/bin/../lib/gcc/arm-none-eabi/12.1.0/../../../../arm-none-eabi/lib\libg.a(lib_a-errno.o)
 .comment       0x0000000000000046       0x24 c:/devkitpro/devkitarm/bin/../lib/gcc/arm-none-eabi/12.1.0/../../../../arm-none-eabi/lib\libg.a(lib_a-fclose.o)
 .comment       0x0000000000000046       0x24 c:/devkitpro/devkitarm/bin/../lib/gcc/arm-none-eabi/12.1.0/../../../../arm-none-eabi/lib\libg.a(lib_a-fflush.o)
 .comment       0x0000000000000046       0x24 c:/devkitpro/devkitarm/bin/../lib/gcc/arm-none-eabi/12.1.0/../../../../arm-none-eabi/lib\libg.a(lib_a-findfp.o)
 .comment       0x0000000000000046       0x24 c:/devkitpro/devkitarm/bin/../lib/gcc/arm-none-eabi/12.1.0/../../../../arm-none-eabi/lib\libg.a(lib_a-fopen.o)
 .comment       0x0000000000000046       0x24 c:/devkitpro/devkitarm/bin/../lib/gcc/arm-none-eabi/12.1.0/../../../../arm-none-eabi/lib\libg.a(lib_a-fread.o)
 .comment       0x0000000000000046       0x24 c:/devkitpro/devkitarm/bin/../lib/gcc/arm-none-eabi/12.1.0/../../../../arm-none-eabi/lib\libg.a(lib_a-freer.o)
 .comment       0x0000000000000046       0x24 c:/devkitpro/devkitarm/bin/../lib/gcc/arm-none-eabi/12.1.0/../../../../arm-none-eabi/lib\libg.a(lib_a-fseek.o)
 .comment       0x0000000000000046       0x24 c:/devkitpro/devkitarm/bin/../lib/gcc/arm-none-eabi/12.1.0/../../../../arm-none-eabi/lib\libg.a(lib_a-fseeko.o)
 .comment       0x0000000000000046       0x24 c:/devkitpro/devkitarm/bin/../lib/gcc/arm-none-eabi/12.1.0/../../../../arm-none-eabi/lib\libg.a(lib_a-fwalk.o)
 .comment       0x0000000000000046       0x24 c:/devkitpro/devkitarm/bin/../lib/gcc/arm-none-eabi/12.1.0/../../../../arm-none-eabi/lib\libg.a(lib_a-impure.o)
 .comment       0x0000000000000046       0x24 c:/devkitpro/devkitarm/bin/../lib/gcc/arm-none-eabi/12.1.0/../../../../arm-none-eabi/lib\libg.a(lib_a-init.o)
 .comment       0x0000000000000046       0x24 c:/devkitpro/devkitarm/bin/../lib/gcc/arm-none-eabi/12.1.0/../../../../arm-none-eabi/lib\libg.a(lib_a-makebuf.o)
 .comment       0x0000000000000046       0x24 c:/devkitpro/devkitarm/bin/../lib/gcc/arm-none-eabi/12.1.0/../../../../arm-none-eabi/lib\libg.a(lib_a-malloc.o)
 .comment       0x0000000000000046       0x24 c:/devkitpro/devkitarm/bin/../lib/gcc/arm-none-eabi/12.1.0/../../../../arm-none-eabi/lib\libg.a(lib_a-mallocr.o)
 .comment       0x0000000000000046       0x24 c:/devkitpro/devkitarm/bin/../lib/gcc/arm-none-eabi/12.1.0/../../../../arm-none-eabi/lib\libg.a(lib_a-memcpy-stub.o)
 .comment       0x0000000000000046       0x24 c:/devkitpro/devkitarm/bin/../lib/gcc/arm-none-eabi/12.1.0/../../../../arm-none-eabi/lib\libg.a(lib_a-memset.o)
 .comment       0x0000000000000046       0x24 c:/devkitpro/devkitarm/bin/../lib/gcc/arm-none-eabi/12.1.0/../../../../arm-none-eabi/lib\libg.a(lib_a-mlock.o)
 .comment       0x0000000000000046       0x24 c:/devkitpro/devkitarm/bin/../lib/gcc/arm-none-eabi/12.1.0/../../../../arm-none-eabi/lib\libg.a(lib_a-rand.o)
 .comment       0x0000000000000046       0x24 c:/devkitpro/devkitarm/bin/../lib/gcc/arm-none-eabi/12.1.0/../../../../arm-none-eabi/lib\libg.a(lib_a-realloc.o)
 .comment       0x0000000000000046       0x24 c:/devkitpro/devkitarm/bin/../lib/gcc/arm-none-eabi/12.1.0/../../../../arm-none-eabi/lib\libg.a(lib_a-reallocr.o)
 .comment       0x0000000000000046       0x24 c:/devkitpro/devkitarm/bin/../lib/gcc/arm-none-eabi/12.1.0/../../../../arm-none-eabi/lib\libg.a(lib_a-refill.o)
 .comment       0x0000000000000046       0x24 c:/devkitpro/devkitarm/bin/../lib/gcc/arm-none-eabi/12.1.0/../../../../arm-none-eabi/lib\libg.a(lib_a-setvbuf.o)
 .comment       0x0000000000000046       0x24 c:/devkitpro/devkitarm/bin/../lib/gcc/arm-none-eabi/12.1.0/../../../../arm-none-eabi/lib\libg.a(lib_a-siscanf.o)
 .comment       0x0000000000000046       0x24 c:/devkitpro/devkitarm/bin/../lib/gcc/arm-none-eabi/12.1.0/../../../../arm-none-eabi/lib\libg.a(lib_a-stdio.o)
 .comment       0x0000000000000046       0x24 c:/devkitpro/devkitarm/bin/../lib/gcc/arm-none-eabi/12.1.0/../../../../arm-none-eabi/lib\libg.a(lib_a-strlen-stub.o)
 .comment       0x0000000000000046       0x24 c:/devkitpro/devkitarm/bin/../lib/gcc/arm-none-eabi/12.1.0/../../../../arm-none-eabi/lib\libg.a(lib_a-svfiscanf.o)
 .comment       0x0000000000000046       0x24 c:/devkitpro/devkitarm/bin/../lib/gcc/arm-none-eabi/12.1.0/../../../../arm-none-eabi/lib\libg.a(lib_a-time.o)
 .comment       0x0000000000000046       0x24 c:/devkitpro/devkitarm/bin/../lib/gcc/arm-none-eabi/12.1.0/../../../../arm-none-eabi/lib\libg.a(lib_a-ungetc.o)
 .comment       0x0000000000000046       0x24 c:/devkitpro/devkitarm/bin/../lib/gcc/arm-none-eabi/12.1.0/../../../../arm-none-eabi/lib\libg.a(lib_a-ctype_.o)
 .comment       0x0000000000000046       0x24 c:/devkitpro/devkitarm/bin/../lib/gcc/arm-none-eabi/12.1.0/../../../../arm-none-eabi/lib\libg.a(lib_a-flags.o)
 .comment       0x0000000000000046       0x24 c:/devkitpro/devkitarm/bin/../lib/gcc/arm-none-eabi/12.1.0/../../../../arm-none-eabi/lib\libg.a(lib_a-iswspace.o)
 .comment       0x0000000000000046       0x24 c:/devkitpro/devkitarm/bin/../lib/gcc/arm-none-eabi/12.1.0/../../../../arm-none-eabi/lib\libg.a(lib_a-locale.o)
 .comment       0x0000000000000046       0x24 c:/devkitpro/devkitarm/bin/../lib/gcc/arm-none-eabi/12.1.0/../../../../arm-none-eabi/lib\libg.a(lib_a-mbrtowc.o)
 .comment       0x0000000000000046       0x24 c:/devkitpro/devkitarm/bin/../lib/gcc/arm-none-eabi/12.1.0/../../../../arm-none-eabi/lib\libg.a(lib_a-mbtowc_r.o)
 .comment       0x0000000000000046       0x24 c:/devkitpro/devkitarm/bin/../lib/gcc/arm-none-eabi/12.1.0/../../../../arm-none-eabi/lib\libg.a(lib_a-memmove.o)
 .comment       0x0000000000000046       0x24 c:/devkitpro/devkitarm/bin/../lib/gcc/arm-none-eabi/12.1.0/../../../../arm-none-eabi/lib\libg.a(lib_a-sccl.o)
 .comment       0x0000000000000046       0x24 c:/devkitpro/devkitarm/bin/../lib/gcc/arm-none-eabi/12.1.0/../../../../arm-none-eabi/lib\libg.a(lib_a-strchr.o)
 .comment       0x0000000000000046       0x24 c:/devkitpro/devkitarm/bin/../lib/gcc/arm-none-eabi/12.1.0/../../../../arm-none-eabi/lib\libg.a(lib_a-strtoll.o)
 .comment       0x0000000000000046       0x24 c:/devkitpro/devkitarm/bin/../lib/gcc/arm-none-eabi/12.1.0/../../../../arm-none-eabi/lib\libg.a(lib_a-strtol.o)
 .comment       0x0000000000000046       0x24 c:/devkitpro/devkitarm/bin/../lib/gcc/arm-none-eabi/12.1.0/../../../../arm-none-eabi/lib\libg.a(lib_a-strtoull.o)
 .comment       0x0000000000000046       0x24 c:/devkitpro/devkitarm/bin/../lib/gcc/arm-none-eabi/12.1.0/../../../../arm-none-eabi/lib\libg.a(lib_a-strtoul.o)
 .comment       0x0000000000000046       0x24 c:/devkitpro/devkitarm/bin/../lib/gcc/arm-none-eabi/12.1.0/../../../../arm-none-eabi/lib\libg.a(lib_a-wctomb_r.o)
 .comment       0x0000000000000046       0x24 c:/devkitpro/devkitarm/bin/../lib/gcc/arm-none-eabi/12.1.0/../../../../arm-none-eabi/lib\libg.a(lib_a-iswspace_l.o)
 .comment       0x0000000000000046       0x24 c:/devkitpro/devkitarm/bin/../lib/gcc/arm-none-eabi/12.1.0/../../../../arm-none-eabi/lib\libg.a(lib_a-jp2uc.o)
 .comment       0x0000000000000046       0x24 c:/devkitpro/devkitarm/bin/../lib/gcc/arm-none-eabi/12.1.0/../../../../arm-none-eabi/lib\libg.a(lib_a-strncmp.o)
 .comment       0x0000000000000046       0x24 c:/devkitpro/devkitarm/bin/../lib/gcc/arm-none-eabi/12.1.0/../../../../arm-none-eabi/lib\libg.a(lib_a-categories.o)
 .comment       0x0000000000000046       0x24 c:/devkitpro/devkitarm/bin/../lib/gcc/arm-none-eabi/12.1.0/../../../../arm-none-eabi/lib\libsysbase.a(iosupport.o)
 .comment       0x0000000000000046       0x24 c:/devkitpro/devkitarm/bin/../lib/gcc/arm-none-eabi/12.1.0/../../../../arm-none-eabi/lib\libsysbase.a(fstat.o)
 .comment       0x0000000000000046       0x24 c:/devkitpro/devkitarm/bin/../lib/gcc/arm-none-eabi/12.1.0/../../../../arm-none-eabi/lib\libsysbase.a(gettod.o)
 .comment       0x0000000000000046       0x24 c:/devkitpro/devkitarm/bin/../lib/gcc/arm-none-eabi/12.1.0/../../../../arm-none-eabi/lib\libsysbase.a(isatty.o)
 .comment       0x0000000000000046       0x24 c:/devkitpro/devkitarm/bin/../lib/gcc/arm-none-eabi/12.1.0/../../../../arm-none-eabi/lib\libsysbase.a(lseek.o)
 .comment       0x0000000000000046       0x24 c:/devkitpro/devkitarm/bin/../lib/gcc/arm-none-eabi/12.1.0/../../../../arm-none-eabi/lib\libsysbase.a(open.o)
 .comment       0x0000000000000046       0x24 c:/devkitpro/devkitarm/bin/../lib/gcc/arm-none-eabi/12.1.0/../../../../arm-none-eabi/lib\libsysbase.a(read.o)
 .comment       0x0000000000000046       0x24 c:/devkitpro/devkitarm/bin/../lib/gcc/arm-none-eabi/12.1.0/../../../../arm-none-eabi/lib\libsysbase.a(sbrk.o)
 .comment       0x0000000000000046       0x24 c:/devkitpro/devkitarm/bin/../lib/gcc/arm-none-eabi/12.1.0/../../../../arm-none-eabi/lib\libsysbase.a(write.o)
 .comment       0x0000000000000046       0x24 c:/devkitpro/devkitarm/bin/../lib/gcc/arm-none-eabi/12.1.0/../../../../arm-none-eabi/lib\libsysbase.a(malloc_vars.o)
 .comment       0x0000000000000046       0x24 c:/devkitpro/devkitarm/bin/../lib/gcc/arm-none-eabi/12.1.0/../../../../arm-none-eabi/lib\libsysbase.a(build_argv.o)
 .comment       0x0000000000000046       0x24 c:/devkitpro/devkitarm/bin/../lib/gcc/arm-none-eabi/12.1.0/../../../../arm-none-eabi/lib\libsysbase.a(flock.o)
 .comment       0x0000000000000046       0x24 c:/devkitpro/devkitarm/bin/../lib/gcc/arm-none-eabi/12.1.0/../../../../arm-none-eabi/lib\libsysbase.a(handle_manager.o)
 .comment       0x0000000000000046       0x24 c:/devkitpro/devkitarm/bin/../lib/gcc/arm-none-eabi/12.1.0/../../../../arm-none-eabi/lib\libsysbase.a(getreent.o)
 .comment       0x0000000000000046       0x24 c:/devkitpro/devkitarm/bin/../lib/gcc/arm-none-eabi/12.1.0/../../../../arm-none-eabi/lib\libsysbase.a(syscall_support.o)
 .comment       0x0000000000000046       0x24 c:/devkitpro/devkitarm/bin/../lib/gcc/arm-none-eabi/12.1.0\libgcc.a(_udivmoddi4.o)
 .comment       0x0000000000000046       0x24 c:/devkitpro/devkitarm/bin/../lib/gcc/arm-none-eabi/12.1.0/crtend.o

.ARM.attributes
                0x0000000000000000       0x2d
 .ARM.attributes
                0x0000000000000000       0x21 c:/devkitpro/devkitarm/bin/../lib/gcc/arm-none-eabi/12.1.0/../../../../arm-none-eabi/lib/ds_arm9_crt0.o
 .ARM.attributes
                0x0000000000000021       0x1c c:/devkitpro/devkitarm/bin/../lib/gcc/arm-none-eabi/12.1.0/crti.o
 .ARM.attributes
                0x000000000000003d       0x2a c:/devkitpro/devkitarm/bin/../lib/gcc/arm-none-eabi/12.1.0/crtbegin.o
 .ARM.attributes
                0x0000000000000067       0x14 soundbank.bin.o
 .ARM.attributes
                0x000000000000007b       0x1b allNums.o
 .ARM.attributes
                0x0000000000000096       0x1b bgLong.o
 .ARM.attributes
                0x00000000000000b1       0x1b bird.o
 .ARM.attributes
                0x00000000000000cc       0x1b birdDown.o
 .ARM.attributes
                0x00000000000000e7       0x1b birdUp.o
 .ARM.attributes
                0x0000000000000102       0x1b bottom.o
 .ARM.attributes
                0x000000000000011d       0x1b floor.o
 .ARM.attributes
                0x0000000000000138       0x1b pipeTop.o
 .ARM.attributes
                0x0000000000000153       0x1b ready.o
 .ARM.attributes
                0x000000000000016e       0x1b scoreSprite.o
 .ARM.attributes
                0x0000000000000189       0x1b startSub.o
 .ARM.attributes
                0x00000000000001a4       0x2b main.o
 .ARM.attributes
                0x00000000000001cf       0x1b C:/devkitPro/libnds/lib\libmm9.a(mm_comms.o)
 .ARM.attributes
                0x00000000000001ea       0x1b C:/devkitPro/libnds/lib\libmm9.a(mm_memory.o)
 .ARM.attributes
                0x0000000000000205       0x1b C:/devkitPro/libnds/lib\libmm9.a(mm_main9.o)
 .ARM.attributes
                0x0000000000000220       0x1b C:/devkitPro/libnds/lib\libmm9.a(mm_soundbank.o)
 .ARM.attributes
                0x000000000000023b       0x1b C:/devkitPro/libnds/lib\libmm9.a(mm_flusher.o)
 .ARM.attributes
                0x0000000000000256       0x2b C:/devkitPro/libnds/lib\libnds9.a(background.o)
 .ARM.attributes
                0x0000000000000281       0x2b C:/devkitPro/libnds/lib\libnds9.a(trig.o)
 .ARM.attributes
                0x00000000000002ac       0x2b C:/devkitPro/libnds/lib\libnds9.a(sprite_alloc.o)
 .ARM.attributes
                0x00000000000002d7       0x2b C:/devkitPro/libnds/lib\libnds9.a(console.o)
 .ARM.attributes
                0x0000000000000302       0x2b C:/devkitPro/libnds/lib\libnds9.a(gl2d.o)
 .ARM.attributes
                0x000000000000032d       0x2b C:/devkitPro/libnds/lib\libnds9.a(videoGL.o)
 .ARM.attributes
                0x0000000000000358       0x2b C:/devkitPro/libnds/lib\libnds9.a(sprite.o)
 .ARM.attributes
                0x0000000000000383       0x2b C:/devkitPro/libnds/lib\libnds9.a(keys.o)
 .ARM.attributes
                0x00000000000003ae       0x2b C:/devkitPro/libnds/lib\libnds9.a(initSystem.o)
 .ARM.attributes
                0x00000000000003d9       0x2b C:/devkitPro/libnds/lib\libnds9.a(securearea.o)
 .ARM.attributes
                0x0000000000000404       0x2b C:/devkitPro/libnds/lib\libnds9.a(interrupts.o)
 .ARM.attributes
                0x000000000000042f       0x2b C:/devkitPro/libnds/lib\libnds9.a(libnds_exit.arm.o)
 .ARM.attributes
                0x000000000000045a       0x2b C:/devkitPro/libnds/lib\libnds9.a(fifosystem.o)
 .ARM.attributes
                0x0000000000000485       0x1b C:/devkitPro/libnds/lib\libnds9.a(dcache.o)
 .ARM.attributes
                0x00000000000004a0       0x21 C:/devkitPro/libnds/lib\libnds9.a(mpu_setup.o)
 .ARM.attributes
                0x00000000000004c1       0x21 C:/devkitPro/libnds/lib\libnds9.a(IntrWait.o)