Archive member included to satisfy reference by file (symbol)

C:/devkitPro/libnds/lib\libmm9.a(mm_comms.o)
                              main.o (mmEffect)
C:/devkitPro/libnds/lib\libmm9.a(mm_memory.o)
                              main.o (mmLoadEffect)
C:/devkitPro/libnds/lib\libmm9.a(mm_main9.o)
                              C:/devkitPro/libnds/lib\libmm9.a(mm_memory.o) (mmcbMemory)
C:/devkitPro/libnds/lib\libmm9.a(mm_soundbank.o)
                              C:/devkitPro/libnds/lib\libmm9.a(mm_main9.o) (mmSoundBankInMemory)
C:/devkitPro/libnds/lib\libmm9.a(mm_flusher.o)
                              C:/devkitPro/libnds/lib\libmm9.a(mm_memory.o) (mmFlushBank)
C:/devkitPro/libnds/lib\libnds9.a(background.o)
                              main.o (bgState)
C:/devkitPro/libnds/lib\libnds9.a(trig.o)
                              sprites.o (sinLerp)
C:/devkitPro/libnds/lib\libnds9.a(video.o)
                              main.o (vramSetPrimaryBanks)
C:/devkitPro/libnds/lib\libnds9.a(console.o)
                              main.o (consoleDemoInit)
C:/devkitPro/libnds/lib\libnds9.a(gl2d.o)
                              main.o (glScreen2D)
C:/devkitPro/libnds/lib\libnds9.a(videoGL.o)
                              C:/devkitPro/libnds/lib\libnds9.a(gl2d.o) (glMaterialf)
C:/devkitPro/libnds/lib\libnds9.a(sprite.o)
                              main.o (oamInit)
C:/devkitPro/libnds/lib\libnds9.a(keys.o)
                              main.o (scanKeys)
C:/devkitPro/libnds/lib\libnds9.a(initSystem.o)
                              c:/devkitpro/devkitarm/bin/../lib/gcc/arm-none-eabi/12.1.0/../../../../arm-none-eabi/lib/ds_arm9_crt0.o (initSystem)
C:/devkitPro/libnds/lib\libnds9.a(securearea.o)
                              c:/devkitpro/devkitarm/bin/../lib/gcc/arm-none-eabi/12.1.0/../../../../arm-none-eabi/lib/ds_arm9_crt0.o (__secure_area__)
C:/devkitPro/libnds/lib\libnds9.a(interrupts.o)
                              C:/devkitPro/libnds/lib\libnds9.a(initSystem.o) (irqInit)
C:/devkitPro/libnds/lib\libnds9.a(libnds_exit.arm.o)
                              c:/devkitpro/devkitarm/bin/../lib/gcc/arm-none-eabi/12.1.0/../../../../arm-none-eabi/lib/ds_arm9_crt0.o (__libnds_exit)
C:/devkitPro/libnds/lib\libnds9.a(fifosystem.o)
                              C:/devkitPro/libnds/lib\libmm9.a(mm_comms.o) (fifoSetValue32Handler)
C:/devkitPro/libnds/lib\libnds9.a(dcache.o)
                              sprites.o (DC_FlushAll)
C:/devkitPro/libnds/lib\libnds9.a(mpu_setup.o)
                              c:/devkitpro/devkitarm/bin/../lib/gcc/arm-none-eabi/12.1.0/../../../../arm-none-eabi/lib/ds_arm9_crt0.o (__libnds_mpu_setup)
C:/devkitPro/libnds/lib\libnds9.a(IntrWait.o)
                              main.o (swiWaitForVBlank)
C:/devkitPro/libnds/lib\libnds9.a(cpu_clock.o)
                              C:/devkitPro/libnds/lib\libnds9.a(initSystem.o) (setCpuClock)
C:/devkitPro/libnds/lib\libnds9.a(interruptDispatcher.o)
                              C:/devkitPro/libnds/lib\libnds9.a(interrupts.o) (IntrMain)
C:/devkitPro/libnds/lib\libnds9.a(biosCalls.o)
                              C:/devkitPro/libnds/lib\libnds9.a(videoGL.o) (swiCopy)
C:/devkitPro/libnds/lib\libnds9.a(debugprint.o)
                              C:/devkitPro/libnds/lib\libnds9.a(console.o) (nocashWrite)
C:/devkitPro/libnds/lib\libnds9.a(swiSoftReset.o)
                              C:/devkitPro/libnds/lib\libnds9.a(fifosystem.o) (swiSoftReset)
C:/devkitPro/libnds/lib\libnds9.a(default_font.bin.o)
                              C:/devkitPro/libnds/lib\libnds9.a(console.o) (default_font_bin)
C:/devkitPro/libnds/lib\libnds9.a(dynamicArray.o)
                              C:/devkitPro/libnds/lib\libnds9.a(videoGL.o) (DynamicArrayInit)
C:/devkitPro/libnds/lib\libnds9.a(sprite_alloc.o)
                              C:/devkitPro/libnds/lib\libnds9.a(sprite.o) (oamAllocReset)
C:/devkitPro/libnds/lib\libnds9.a(system.o)
                              C:/devkitPro/libnds/lib\libnds9.a(initSystem.o) (systemValueHandler)
c:/devkitpro/devkitarm/bin/../lib/gcc/arm-none-eabi/12.1.0/../../../../arm-none-eabi/lib\libstdc++.a(new_op.o)
                              main.o (operator new(unsigned int))
c:/devkitpro/devkitarm/bin/../lib/gcc/arm-none-eabi/12.1.0/../../../../arm-none-eabi/lib\libstdc++.a(bad_alloc.o)
                              c:/devkitpro/devkitarm/bin/../lib/gcc/arm-none-eabi/12.1.0/../../../../arm-none-eabi/lib\libstdc++.a(new_op.o) (vtable for std::bad_alloc)
c:/devkitpro/devkitarm/bin/../lib/gcc/arm-none-eabi/12.1.0/../../../../arm-none-eabi/lib\libstdc++.a(del_ops.o)
                              c:/devkitpro/devkitarm/bin/../lib/gcc/arm-none-eabi/12.1.0/../../../../arm-none-eabi/lib\libstdc++.a(bad_alloc.o) (operator delete(void*, unsigned int))
c:/devkitpro/devkitarm/bin/../lib/gcc/arm-none-eabi/12.1.0/../../../../arm-none-eabi/lib\libstdc++.a(eh_alloc.o)
[...]
Memory Configuration

Name             Origin             Length             Attributes
ewram            0x0000000002000000 0x0000000000380000
dtcm             0x0000000002ff0000 0x0000000000004000
vectors          0x0000000001000000 0x0000000000000100
itcm             0x0000000001000100 0x0000000000007f00
*default*        0x0000000000000000 0xffffffffffffffff

Linker script and memory map

                0x0000000002380000                __ewram_end = (ORIGIN (ewram) + LENGTH (ewram))
                0x0000000002380000                __eheap_end = (ORIGIN (ewram) + LENGTH (ewram))
                0x0000000002ff4000                __dtcm_top = (ORIGIN (dtcm) + LENGTH (dtcm))
                0x0000000002ff3ff8                __irq_flags = (__dtcm_top - 0x8)
                0x0000000002ff3ffc                __irq_vector = (__dtcm_top - 0x4)
                0x0000000002ff3f00                __sp_svc = (__dtcm_top - 0x100)
                0x0000000002ff3e00                __sp_irq = (__sp_svc - 0x100)
                0x0000000002ff3d00                __sp_usr = (__sp_irq - 0x100)

.secure         0x0000000002000000      0x800
 *(.secure)
 .secure        0x0000000002000000      0x800 C:/devkitPro/libnds/lib\libnds9.a(securearea.o)
                0x0000000002000000                __secure_area__

.crt0           0x0000000002000800      0x300
                0x0000000002000800                __text_start = .
 *(.crt0)
 .crt0          0x0000000002000800      0x300 c:/devkitpro/devkitarm/bin/../lib/gcc/arm-none-eabi/12.1.0/../../../../arm-none-eabi/lib/ds_arm9_crt0.o
                0x0000000002000800                _start
                0x0000000002000b00                . = ALIGN (0x4)

.plt
 *(.plt)

.init           0x0000000002000b00       0x18
 *(SORT_NONE(.init))
 .init          0x0000000002000b00        0xc c:/devkitpro/devkitarm/bin/../lib/gcc/arm-none-eabi/12.1.0/crti.o
                0x0000000002000b00                _init
 .init          0x0000000002000b0c        0xc c:/devkitpro/devkitarm/bin/../lib/gcc/arm-none-eabi/12.1.0/crtn.o

.text           0x0000000002000b18    0x11090
 *(EXCLUDE_FILE(*.twl* *.vectors* *.itcm*) .text)
 .text          0x0000000002000b18      0x104 main.o
                0x0000000002000b18                initVideo()
                0x0000000002000b58                initBackgrounds()
                0x0000000002000be8                displayBottom()
 .text          0x0000000002000c1c      0x15c sprites.o
                0x0000000002000c1c                updateOAM(OAMTable*)
                0x0000000002000c54                initOAM(OAMTable*)
                0x0000000002000cdc                rotateSprite(SpriteRotation*, int)
                0x0000000002000d30                setSpriteVisibility(SpriteEntry*, bool, bool, bool)
 .text          0x0000000002000d78      0x24c C:/devkitPro/libnds/lib\libmm9.a(mm_comms.o)
                0x0000000002000d78                mmSetupComms
                0x0000000002000dca                mmSendBank
                0x0000000002000dd4                mmLockChannels
                0x0000000002000dda                mmUnlockChannels
                0x0000000002000de0                mmStart
                0x0000000002000dea                mmPause
                0x0000000002000dee                mmResume
                0x0000000002000df2                mmStop
                0x0000000002000df6                mmPosition
                0x0000000002000dfa                mmJingle
                0x0000000002000dfe                mmSetModuleVolume
                0x0000000002000e02                mmSetJingleVolume
                0x0000000002000e06                mmSetModuleTempo
                0x0000000002000e0a                mmSetModulePitch
                0x0000000002000e0e                mmSetEffectsVolume
                0x0000000002000e12                mmSelectMode
                0x0000000002000e16                mmStreamBegin
                0x0000000002000e2a                mmStreamEnd
                0x0000000002000e80                mmEffect
                0x0000000002000ea4                mmEffectVolume
                0x0000000002000ea8                mmEffectPanning
                0x0000000002000eac                mmEffectRate
                0x0000000002000eb6                mmEffectScaleRate
                0x0000000002000ec0                mmEffectRelease
                0x0000000002000ec6                mmEffectCancel
                0x0000000002000ecc                mmEffectEx
                0x0000000002000f0a                mmEffectCancelAll
                0x0000000002000f0e                mmReverbEnable
                0x0000000002000f12                mmReverbDisable
                0x0000000002000f16                mmReverbConfigure
                0x0000000002000f72                mmReverbStart
                0x0000000002000f76                mmReverbStop
 .text          0x0000000002000fc4      0x120 C:/devkitPro/libnds/lib\libmm9.a(mm_memory.o)
                0x0000000002000fc4                mmLoad
                0x0000000002001014                mmUnload
                0x000000000200106c                mmLoadEffect
                0x00000000020010a4                mmUnloadEffect
 .text          0x00000000020010e4      0x108 C:/devkitPro/libnds/lib\libmm9.a(mm_main9.o)
                0x00000000020010e4                mmActive
                0x00000000020010ea                mmSetEventHandler
                0x00000000020010f0                mmInit
                0x000000000200111a                mmInitDefault
                0x0000000002001164                mmInitDefaultMem
                0x0000000002001186                mmSuspendIRQ_t
                0x00000000020011a4                mmRestoreIRQ_t
 .text          0x00000000020011ec      0x100 C:/devkitPro/libnds/lib\libmm9.a(mm_soundbank.o)
                0x00000000020011ec                mmSoundBankInMemory
                0x00000000020011f4                mmSoundBankInFiles
                0x0000000002001206                mmSetCustomSoundBankHandler
                0x0000000002001232                mmsHandleFileOp
 .text          0x00000000020012ec       0x3c C:/devkitPro/libnds/lib\libmm9.a(mm_flusher.o)
                0x00000000020012ec                mmFlushBank
 .text          0x0000000002001328      0x198 c:/devkitpro/devkitarm/bin/../lib/gcc/arm-none-eabi/12.1.0\libgcc.a(_arm_mulsf3.o)
                0x0000000002001328                __aeabi_fmul
                0x0000000002001328                __mulsf3
 .text          0x00000000020014c0      0x148 c:/devkitpro/devkitarm/bin/../lib/gcc/arm-none-eabi/12.1.0\libgcc.a(_divsi3.o)
                0x00000000020014c0                __divsi3
                0x00000000020014c0                __aeabi_idiv
                0x00000000020015e8                __aeabi_idivmod
 .text          0x0000000002001608        0x4 c:/devkitpro/devkitarm/bin/../lib/gcc/arm-none-eabi/12.1.0\libgcc.a(_dvmd_tls.o)
                0x0000000002001608                __aeabi_idiv0
                0x0000000002001608                __aeabi_ldiv0
 .text          0x000000000200160c      0x424 c:/devkitpro/devkitarm/bin/../lib/gcc/arm-none-eabi/12.1.0\libgcc.a(_arm_addsubdf3.o)
                0x000000000200160c                __aeabi_drsub
                0x0000000002001614                __aeabi_dsub
                0x0000000002001614                __subdf3
                0x0000000002001618                __aeabi_dadd
                0x0000000002001618                __adddf3
                0x0000000002001928                __floatunsidf
                0x0000000002001928                __aeabi_ui2d
                0x000000000200194c                __floatsidf
                0x000000000200194c                __aeabi_i2d
                0x0000000002001974                __aeabi_f2d
                0x0000000002001974                __extendsfdf2
                0x00000000020019bc                __floatundidf
                0x00000000020019bc                __aeabi_ul2d
                0x00000000020019d0                __floatdidf
                0x00000000020019d0                __aeabi_l2d
 .text          0x0000000002001a30      0x144 c:/devkitpro/devkitarm/bin/../lib/gcc/arm-none-eabi/12.1.0\libgcc.a(_arm_cmpdf2.o)
                0x0000000002001a30                __gtdf2
                0x0000000002001a30                __gedf2
                0x0000000002001a38                __ltdf2
                0x0000000002001a38                __ledf2
                0x0000000002001a40                __nedf2
                0x0000000002001a40                __eqdf2
                0x0000000002001a40                __cmpdf2
                0x0000000002001ac8                __aeabi_cdrcmple
                0x0000000002001ae4                __aeabi_cdcmpeq
                0x0000000002001ae4                __aeabi_cdcmple
                0x0000000002001afc                __aeabi_dcmpeq
                0x0000000002001b14                __aeabi_dcmplt
                0x0000000002001b2c                __aeabi_dcmple
                0x0000000002001b44                __aeabi_dcmpge
                0x0000000002001b5c                __aeabi_dcmpgt
 .text          0x0000000002001b74       0x5c c:/devkitpro/devkitarm/bin/../lib/gcc/arm-none-eabi/12.1.0\libgcc.a(_arm_fixdfsi.o)
                0x0000000002001b74                __aeabi_d2iz
                0x0000000002001b74                __fixdfsi
 .text          0x0000000002001bd0       0xa0 c:/devkitpro/devkitarm/bin/../lib/gcc/arm-none-eabi/12.1.0\libgcc.a(_arm_truncdfsf2.o)
                0x0000000002001bd0                __truncdfsf2
                0x0000000002001bd0                __aeabi_d2f
 .text          0x0000000002001c70      0x2ac c:/devkitpro/devkitarm/bin/../lib/gcc/arm-none-eabi/12.1.0\libgcc.a(_arm_addsubsf3.o)
                0x0000000002001c70                __aeabi_frsub
                0x0000000002001c78                __subsf3
                0x0000000002001c78                __aeabi_fsub
                0x0000000002001c7c                __aeabi_fadd
                0x0000000002001c7c                __addsf3
                0x0000000002001e38                __aeabi_ui2f
                0x0000000002001e38                __floatunsisf
                0x0000000002001e40                __aeabi_i2f
                0x0000000002001e40                __floatsisf
                0x0000000002001e60                __aeabi_ul2f
                0x0000000002001e60                __floatundisf
                0x0000000002001e70                __aeabi_l2f
                0x0000000002001e70                __floatdisf
 .text          0x0000000002001f1c      0x114 c:/devkitpro/devkitarm/bin/../lib/gcc/arm-none-eabi/12.1.0\libgcc.a(_arm_cmpsf2.o)
                0x0000000002001f1c                __gesf2
                0x0000000002001f1c                __gtsf2
                0x0000000002001f24                __lesf2
                0x0000000002001f24                __ltsf2
                0x0000000002001f2c                __nesf2
                0x0000000002001f2c                __eqsf2
                0x0000000002001f2c                __cmpsf2
                0x0000000002001f90                __aeabi_cfrcmple
                0x0000000002001fa0                __aeabi_cfcmpeq
                0x0000000002001fa0                __aeabi_cfcmple
                0x0000000002001fb8                __aeabi_fcmpeq
                0x0000000002001fd0                __aeabi_fcmplt
                0x0000000002001fe8                __aeabi_fcmple
                0x0000000002002000                __aeabi_fcmpge
                0x0000000002002018                __aeabi_fcmpgt
 .text          0x0000000002002030       0x5c c:/devkitpro/devkitarm/bin/../lib/gcc/arm-none-eabi/12.1.0\libgcc.a(_arm_fixsfsi.o)
                0x0000000002002030                __aeabi_f2iz
                0x0000000002002030                __fixsfsi
 .text          0x000000000200208c      0x1b0 c:/devkitpro/devkitarm/bin/../lib/gcc/arm-none-eabi/12.1.0\libgcc.a(libunwind.o)
                0x000000000200208c                __restore_core_regs
                0x000000000200208c                restore_core_regs
                0x00000000020020a8                __gnu_Unwind_Restore_VFP
                0x00000000020020b0                __gnu_Unwind_Save_VFP
                0x00000000020020b8                __gnu_Unwind_Restore_VFP_D
                0x00000000020020c0                __gnu_Unwind_Save_VFP_D
                0x00000000020020c8                __gnu_Unwind_Restore_VFP_D_16_to_31
                0x00000000020020d0                __gnu_Unwind_Save_VFP_D_16_to_31
                0x00000000020020d8                __gnu_Unwind_Restore_WMMXD
                0x000000000200211c                __gnu_Unwind_Save_WMMXD
                0x0000000002002160                __gnu_Unwind_Restore_WMMXC
                0x0000000002002174                __gnu_Unwind_Save_WMMXC
                0x0000000002002188                ___Unwind_RaiseException
                0x0000000002002188                _Unwind_RaiseException
                0x00000000020021ac                _Unwind_Resume
                0x00000000020021ac                ___Unwind_Resume
                0x00000000020021d0                _Unwind_Resume_or_Rethrow
                0x00000000020021d0                ___Unwind_Resume_or_Rethrow
                0x00000000020021f4                _Unwind_ForcedUnwind
                0x00000000020021f4                ___Unwind_ForcedUnwind
                0x0000000002002218                ___Unwind_Backtrace
                0x0000000002002218                _Unwind_Backtrace
 .text          0x000000000200223c      0x224 c:/devkitpro/devkitarm/bin/../lib/gcc/arm-none-eabi/12.1.0/../../../../arm-none-eabi/lib\libg.a(lib_a-strcmp.o)
                0x000000000200223c                strcmp
 .text          0x0000000002002460      0x114 c:/devkitpro/devkitarm/bin/../lib/gcc/arm-none-eabi/12.1.0\libgcc.a(_udivsi3.o)
                0x0000000002002460                __aeabi_uidiv
                0x0000000002002460                __udivsi3
                0x0000000002002554                __aeabi_uidivmod
 .text          0x0000000002002574       0x3c c:/devkitpro/devkitarm/bin/../lib/gcc/arm-none-eabi/12.1.0\libgcc.a(_aeabi_uldivmod.o)
                0x0000000002002574                __aeabi_uldivmod
 .text          0x00000000020025b0       0x28 c:/devkitpro/devkitarm/bin/../lib/gcc/arm-none-eabi/12.1.0\libgcc.a(_clzdi2.o)
                0x00000000020025b0                __clzdi2
 .text          0x00000000020025d8       0x48 c:/devkitpro/devkitarm/bin/../lib/gcc/arm-none-eabi/12.1.0\libgcc.a(_clzsi2.o)
                0x00000000020025d8                __clzsi2
 *(EXCLUDE_FILE(*.twl* *.vectors* *.itcm*) .stub)
 *(EXCLUDE_FILE(*.twl* *.vectors* *.itcm*) .text.*)
 .text.__do_global_dtors_aux
                0x0000000002002620       0x40 c:/devkitpro/devkitarm/bin/../lib/gcc/arm-none-eabi/12.1.0/crtbegin.o
 .text.frame_dummy
                0x0000000002002660       0x30 c:/devkitpro/devkitarm/bin/../lib/gcc/arm-none-eabi/12.1.0/crtbegin.o
 .text.startup  0x0000000002002690      0xfd4 main.o
                0x0000000002002690                main
 .text.checkIfText
                0x0000000002003664       0x5c C:/devkitPro/libnds/lib\libnds9.a(background.o)
                0x0000000002003664                checkIfText
 .text.bgUpdate
                0x00000000020036c0       0xf4 C:/devkitPro/libnds/lib\libnds9.a(background.o)
                0x00000000020036c0                bgUpdate
 .text.bgInit_call
                0x00000000020037b4       0xc4 C:/devkitPro/libnds/lib\libnds9.a(background.o)
                0x00000000020037b4                bgInit_call
 .text.bgInitSub_call
                0x0000000002003878       0xcc C:/devkitPro/libnds/lib\libnds9.a(background.o)
                0x0000000002003878                bgInitSub_call
 .text.sinLutLookup
                0x0000000002003944       0x4c C:/devkitPro/libnds/lib\libnds9.a(trig.o)
                0x0000000002003944                sinLutLookup
 .text.sinLerp  0x0000000002003990       0x40 C:/devkitPro/libnds/lib\libnds9.a(trig.o)
                0x0000000002003990                sinLerp
 .text.cosLerp  0x00000000020039d0       0x4c C:/devkitPro/libnds/lib\libnds9.a(trig.o)
                0x00000000020039d0                cosLerp
 .text.tanLerp  0x0000000002003a1c       0xb0 C:/devkitPro/libnds/lib\libnds9.a(trig.o)
                0x0000000002003a1c                tanLerp
 .text.vramSetPrimaryBanks
                0x0000000002003acc       0x44 C:/devkitPro/libnds/lib\libnds9.a(video.o)
                0x0000000002003acc                vramSetPrimaryBanks
 .text.vramRestorePrimaryBanks
                0x0000000002003b10        0xc C:/devkitPro/libnds/lib\libnds9.a(video.o)
                0x0000000002003b10                vramRestorePrimaryBanks
 .text.vramRestoreBanks_EFG
                0x0000000002003b1c        0xc C:/devkitPro/libnds/lib\libnds9.a(video.o)
                0x0000000002003b1c                vramRestoreBanks_EFG
 .text.vramDefault
                0x0000000002003b28       0xd0 C:/devkitPro/libnds/lib\libnds9.a(video.o)
                0x0000000002003b28                vramDefault
 .text.newRow   0x0000000002003bf8       0xa8 C:/devkitPro/libnds/lib\libnds9.a(console.o)
 .text.consolePrintChar
                0x0000000002003ca0       0xe0 C:/devkitPro/libnds/lib\libnds9.a(console.o)
                0x0000000002003ca0                consolePrintChar
 .text.con_write
                0x0000000002003d80      0x36c C:/devkitPro/libnds/lib\libnds9.a(console.o)
                0x0000000002003d80                con_write
 .text.consoleLoadFont
                0x00000000020040ec      0x2a0 C:/devkitPro/libnds/lib\libnds9.a(console.o)
                0x00000000020040ec                consoleLoadFont
 .text.consoleInit
                0x000000000200438c      0x18c C:/devkitPro/libnds/lib\libnds9.a(console.o)
                0x000000000200438c                consoleInit
 .text.consoleDemoInit
                0x0000000002004518       0x40 C:/devkitPro/libnds/lib\libnds9.a(console.o)
                0x0000000002004518                consoleDemoInit
 .text.SetOrtho
                0x0000000002004558      0x184 C:/devkitPro/libnds/lib\libnds9.a(gl2d.o)
                0x0000000002004558                SetOrtho
 .text.glScreen2D
                0x00000000020046dc      0x540 C:/devkitPro/libnds/lib\libnds9.a(gl2d.o)
                0x00000000020046dc                glScreen2D
 .text.glBegin2D
                0x0000000002004c1c       0x84 C:/devkitPro/libnds/lib\libnds9.a(gl2d.o)
                0x0000000002004c1c                glBegin2D
 .text.glBoxFilled
                0x0000000002004ca0       0x98 C:/devkitPro/libnds/lib\libnds9.a(gl2d.o)
                0x0000000002004ca0                glBoxFilled
 .text.glSprite
                0x0000000002004d38      0x108 C:/devkitPro/libnds/lib\libnds9.a(gl2d.o)
                0x0000000002004d38                glSprite
 .text.glSpriteRotate
                0x0000000002004e40      0x174 C:/devkitPro/libnds/lib\libnds9.a(gl2d.o)
                0x0000000002004e40                glSpriteRotate
 .text.glLoadTileSet
                0x0000000002004fb4       0xd0 C:/devkitPro/libnds/lib\libnds9.a(gl2d.o)
                0x0000000002004fb4                glLoadTileSet
 .text.vramBlock__deallocateBlock.part.0
                0x0000000002005084      0x190 C:/devkitPro/libnds/lib\libnds9.a(videoGL.o)
 .text.glMaterialf
                0x0000000002005214       0x7c C:/devkitPro/libnds/lib\libnds9.a(videoGL.o)
                0x0000000002005214                glMaterialf
 .text.vramBlock_init
                0x0000000002005290       0x5c C:/devkitPro/libnds/lib\libnds9.a(videoGL.o)
                0x0000000002005290                vramBlock_init
 .text.vramBlock__allocateBlock
                0x00000000020052ec      0x178 C:/devkitPro/libnds/lib\libnds9.a(videoGL.o)
                0x00000000020052ec                vramBlock__allocateBlock
 .text.vramBlock_examineSpecial
                0x0000000002005464      0x238 C:/devkitPro/libnds/lib\libnds9.a(videoGL.o)
                0x0000000002005464                vramBlock_examineSpecial
 .text.vramBlock_allocateSpecial
                0x000000000200569c       0x6c C:/devkitPro/libnds/lib\libnds9.a(videoGL.o)
                0x000000000200569c                vramBlock_allocateSpecial
 .text.vramBlock_allocateBlock
                0x0000000002005708       0x30 C:/devkitPro/libnds/lib\libnds9.a(videoGL.o)
                0x0000000002005708                vramBlock_allocateBlock
 .text.vramBlock_deallocateBlock
                0x0000000002005738       0x48 C:/devkitPro/libnds/lib\libnds9.a(videoGL.o)
                0x0000000002005738                vramBlock_deallocateBlock
 .text.removePaletteFromTexture.part.0
                0x0000000002005780       0x68 C:/devkitPro/libnds/lib\libnds9.a(videoGL.o)
 .text.glInit_C
                0x00000000020057e8      0x1cc C:/devkitPro/libnds/lib\libnds9.a(videoGL.o)
                0x00000000020057e8                glInit_C
 .text.glGenTextures
                0x00000000020059b4       0x80 C:/devkitPro/libnds/lib\libnds9.a(videoGL.o)
                0x00000000020059b4                glGenTextures
 .text.vramGetBank
                0x0000000002005a34       0xb8 C:/devkitPro/libnds/lib\libnds9.a(videoGL.o)
                0x0000000002005a34                vramGetBank
 .text.glBindTexture
                0x0000000002005aec       0x60 C:/devkitPro/libnds/lib\libnds9.a(videoGL.o)
                0x0000000002005aec                glBindTexture
 .text.glColorTableEXT
                0x0000000002005b4c      0x1d8 C:/devkitPro/libnds/lib\libnds9.a(videoGL.o)
                0x0000000002005b4c                glColorTableEXT
 .text.glTexImage2D
                0x0000000002005d24      0x40c C:/devkitPro/libnds/lib\libnds9.a(videoGL.o)
                0x0000000002005d24                glTexImage2D
 .text.oamInit  0x0000000002006130      0x114 C:/devkitPro/libnds/lib\libnds9.a(sprite.o)
                0x0000000002006130                oamInit
 .text.scanKeys
                0x0000000002006244       0x8c C:/devkitPro/libnds/lib\libnds9.a(keys.o)
                0x0000000002006244                scanKeys
 .text.keysDown
                0x00000000020062d0       0x14 C:/devkitPro/libnds/lib\libnds9.a(keys.o)
                0x00000000020062d0                keysDown
 .text.__syscall_gettod_r
                0x00000000020062e4       0x28 C:/devkitPro/libnds/lib\libnds9.a(initSystem.o)
                0x00000000020062e4                __syscall_gettod_r
 .text.__syscall_exit
                0x000000000200630c        0x8 C:/devkitPro/libnds/lib\libnds9.a(initSystem.o)
                0x000000000200630c                __syscall_exit
 .text.initSystem
                0x0000000002006314      0x180 C:/devkitPro/libnds/lib\libnds9.a(initSystem.o)
                0x0000000002006314                initSystem
 .text.irqDummy
                0x0000000002006494        0x4 C:/devkitPro/libnds/lib\libnds9.a(interrupts.o)
                0x0000000002006494                irqDummy
 .text.irqSet   0x0000000002006498       0x6c C:/devkitPro/libnds/lib\libnds9.a(interrupts.o)
                0x0000000002006498                irqSet
 .text.irqInit  0x0000000002006504       0x50 C:/devkitPro/libnds/lib\libnds9.a(interrupts.o)
                0x0000000002006504                irqInit
 .text.irqEnable
                0x0000000002006554       0x64 C:/devkitPro/libnds/lib\libnds9.a(interrupts.o)
                0x0000000002006554                irqEnable
 .text.systemErrorExit
                0x00000000020065b8        0x4 C:/devkitPro/libnds/lib\libnds9.a(libnds_exit.arm.o)
                0x00000000020065b8                systemErrorExit
 .text.__libnds_exit
                0x00000000020065bc       0x5c C:/devkitPro/libnds/lib\libnds9.a(libnds_exit.arm.o)
                0x00000000020065bc                __libnds_exit
 .text.fifo_queueBlock
                0x0000000002006618       0x44 C:/devkitPro/libnds/lib\libnds9.a(fifosystem.o)
 .text.fifo_waitBlock
                0x000000000200665c       0x80 C:/devkitPro/libnds/lib\libnds9.a(fifosystem.o)
 .text.fifoInternalSend.part.0
                0x00000000020066dc       0xd4 C:/devkitPro/libnds/lib\libnds9.a(fifosystem.o)
 .text.fifoInternalSendInterrupt
                0x00000000020067b0       0xb0 C:/devkitPro/libnds/lib\libnds9.a(fifosystem.o)
 .text.fifoSetValue32Handler
                0x0000000002006860       0xd4 C:/devkitPro/libnds/lib\libnds9.a(fifosystem.o)
                0x0000000002006860                fifoSetValue32Handler
 .text.fifoSendValue32
                0x0000000002006934       0x4c C:/devkitPro/libnds/lib\libnds9.a(fifosystem.o)
                0x0000000002006934                fifoSendValue32
 .text.fifoSendDatamsg
                0x0000000002006980       0x90 C:/devkitPro/libnds/lib\libnds9.a(fifosystem.o)
                0x0000000002006980                fifoSendDatamsg
 .text.fifoGetDatamsg
                0x0000000002006a10       0xf4 C:/devkitPro/libnds/lib\libnds9.a(fifosystem.o)
                0x0000000002006a10                fifoGetDatamsg
 .text.fifoInternalRecvInterrupt
                0x0000000002006b04      0x37c C:/devkitPro/libnds/lib\libnds9.a(fifosystem.o)
 .text.fifoSetDatamsgHandler
                0x0000000002006e80       0x9c C:/devkitPro/libnds/lib\libnds9.a(fifosystem.o)
                0x0000000002006e80                fifoSetDatamsgHandler
 .text.fifoInit
                0x0000000002006f1c      0x108 C:/devkitPro/libnds/lib\libnds9.a(fifosystem.o)
                0x0000000002006f1c                fifoInit
 .text.DC_FlushAll
                0x0000000002007024       0x2c C:/devkitPro/libnds/lib\libnds9.a(dcache.o)
                0x0000000002007024                DC_FlushAll
 .text.DC_FlushRange
                0x0000000002007050       0x24 C:/devkitPro/libnds/lib\libnds9.a(dcache.o)
                0x0000000002007050                DC_FlushRange
 .text.__libnds_mpu_setup
                0x0000000002007074      0x174 C:/devkitPro/libnds/lib\libnds9.a(mpu_setup.o)
                0x0000000002007074                __libnds_mpu_setup
 .text.memUncached
                0x00000000020071e8       0x20 C:/devkitPro/libnds/lib\libnds9.a(mpu_setup.o)
                0x00000000020071e8                memUncached
 .text.swiWaitForVBlank
                0x0000000002007208        0x8 C:/devkitPro/libnds/lib\libnds9.a(IntrWait.o)
                0x0000000002007208                swiWaitForVBlank
 .text.swiIntrWait
                0x0000000002007210       0x70 C:/devkitPro/libnds/lib\libnds9.a(IntrWait.o)
                0x0000000002007210                swiIntrWait
 .text.setCpuClock
                0x0000000002007280       0x50 C:/devkitPro/libnds/lib\libnds9.a(cpu_clock.o)
                0x0000000002007280                setCpuClock
 .text.swiDelay
                0x00000000020072d0        0x4 C:/devkitPro/libnds/lib\libnds9.a(biosCalls.o)
                0x00000000020072d0                swiDelay
 .text.swiCopy  0x00000000020072d4        0x4 C:/devkitPro/libnds/lib\libnds9.a(biosCalls.o)
                0x00000000020072d4                swiCopy
 .text.swiSoftReset
                0x00000000020072d8       0x2c C:/devkitPro/libnds/lib\libnds9.a(swiSoftReset.o)
                0x00000000020072d8                swiSoftReset
 .text.DynamicArrayInit
                0x0000000002007304       0x18 C:/devkitPro/libnds/lib\libnds9.a(dynamicArray.o)
                0x0000000002007304                DynamicArrayInit
 .text.DynamicArrayGet
                0x000000000200731c       0x18 C:/devkitPro/libnds/lib\libnds9.a(dynamicArray.o)
                0x000000000200731c                DynamicArrayGet
 .text.DynamicArraySet
                0x0000000002007334       0x48 C:/devkitPro/libnds/lib\libnds9.a(dynamicArray.o)
                0x0000000002007334                DynamicArraySet
 .text.oamAllocReset
                0x000000000200737c       0x1c C:/devkitPro/libnds/lib\libnds9.a(sprite_alloc.o)
                0x000000000200737c                oamAllocReset
 .text.systemValueHandler
                0x0000000002007398       0x48 C:/devkitPro/libnds/lib\libnds9.a(system.o)
                0x0000000002007398                systemValueHandler
 .text.systemMsgHandler
                0x00000000020073e0       0x60 C:/devkitPro/libnds/lib\libnds9.a(system.o)
                0x00000000020073e0                systemMsgHandler
 .text.powerOn  0x0000000002007440       0x2c C:/devkitPro/libnds/lib\libnds9.a(system.o)
                0x0000000002007440                powerOn
 .text._Znwj    0x000000000200746c       0x68 c:/devkitpro/devkitarm/bin/../lib/gcc/arm-none-eabi/12.1.0/../../../../arm-none-eabi/lib\libstdc++.a(new_op.o)
                0x000000000200746c                operator new(unsigned int)
 .text._ZNKSt9bad_alloc4whatEv
                0x00000000020074d4        0xc c:/devkitpro/devkitarm/bin/../lib/gcc/arm-none-eabi/12.1.0/../../../../arm-none-eabi/lib\libstdc++.a(bad_alloc.o)
                0x00000000020074d4                std::bad_alloc::what() const
 .text._ZNSt9bad_allocD2Ev
                0x00000000020074e0       0x24 c:/devkitpro/devkitarm/bin/../lib/gcc/arm-none-eabi/12.1.0/../../../../arm-none-eabi/lib\libstdc++.a(bad_alloc.o)
                0x00000000020074e0                std::bad_alloc::~bad_alloc()
                0x00000000020074e0                std::bad_alloc::~bad_alloc()
 .text._ZNSt9bad_allocD0Ev
                0x0000000002007504       0x30 c:/devkitpro/devkitarm/bin/../lib/gcc/arm-none-eabi/12.1.0/../../../../arm-none-eabi/lib\libstdc++.a(bad_alloc.o)
                0x0000000002007504                std::bad_alloc::~bad_alloc()
 .text._ZdlPvj  0x0000000002007534       0x10 c:/devkitpro/devkitarm/bin/../lib/gcc/arm-none-eabi/12.1.0/../../../../arm-none-eabi/lib\libstdc++.a(del_ops.o)
                0x0000000002007534                operator delete(void*, unsigned int)
 .text._ZN12_GLOBAL__N_14pool4freeEPv.constprop.0
                0x0000000002007544       0xd4 c:/devkitpro/devkitarm/bin/../lib/gcc/arm-none-eabi/12.1.0/../../../../arm-none-eabi/lib\libstdc++.a(eh_alloc.o)
 .text._ZN12_GLOBAL__N_14pool8allocateEj.constprop.0
                0x0000000002007618       0x9c c:/devkitpro/devkitarm/bin/../lib/gcc/arm-none-eabi/12.1.0/../../../../arm-none-eabi/lib\libstdc++.a(eh_alloc.o)
 .text.__cxa_allocate_exception
                0x00000000020076b4       0x48 c:/devkitpro/devkitarm/bin/../lib/gcc/arm-none-eabi/12.1.0/../../../../arm-none-eabi/lib\libstdc++.a(eh_alloc.o)
                0x00000000020076b4                __cxa_allocate_exception
 .text.__cxa_free_exception
                0x00000000020076fc       0x38 c:/devkitpro/devkitarm/bin/../lib/gcc/arm-none-eabi/12.1.0/../../../../arm-none-eabi/lib\libstdc++.a(eh_alloc.o)
                0x00000000020076fc                __cxa_free_exception
 .text.startup._GLOBAL__sub_I__ZN9__gnu_cxx9__freeresEv
                0x0000000002007734       0x40 c:/devkitpro/devkitarm/bin/../lib/gcc/arm-none-eabi/12.1.0/../../../../arm-none-eabi/lib\libstdc++.a(eh_alloc.o)
 .text._ZNSt9exceptionD2Ev
                0x0000000002007774        0x4 c:/devkitpro/devkitarm/bin/../lib/gcc/arm-none-eabi/12.1.0/../../../../arm-none-eabi/lib\libstdc++.a(eh_exception.o)
                0x0000000002007774                std::exception::~exception()
                0x0000000002007774                std::exception::~exception()
 .text._ZNSt13bad_exceptionD2Ev
                0x0000000002007778        0x4 c:/devkitpro/devkitarm/bin/../lib/gcc/arm-none-eabi/12.1.0/../../../../arm-none-eabi/lib\libstdc++.a(eh_exception.o)
                0x0000000002007778                std::bad_exception::~bad_exception()
                0x0000000002007778                std::bad_exception::~bad_exception()
 .text._ZNKSt13bad_exception4whatEv
                0x000000000200777c        0xc c:/devkitpro/devkitarm/bin/../lib/gcc/arm-none-eabi/12.1.0/../../../../arm-none-eabi/lib\libstdc++.a(eh_exception.o)
                0x000000000200777c                std::bad_exception::what() const
                0x000000000200777c                transaction clone for std::bad_exception::what() const
 .text._ZNSt13bad_exceptionD0Ev
                0x0000000002007788       0x1c c:/devkitpro/devkitarm/bin/../lib/gcc/arm-none-eabi/12.1.0/../../../../arm-none-eabi/lib\libstdc++.a(eh_exception.o)
                0x0000000002007788                std::bad_exception::~bad_exception()
 .text._ZN10__cxxabiv111__terminateEPFvvE
                0x00000000020077a4       0x18 c:/devkitpro/devkitarm/bin/../lib/gcc/arm-none-eabi/12.1.0/../../../../arm-none-eabi/lib\libstdc++.a(eh_terminate.o)
                0x00000000020077a4                __cxxabiv1::__terminate(void (*)())
 .text._ZSt9terminatev
                0x00000000020077bc       0x14 c:/devkitpro/devkitarm/bin/../lib/gcc/arm-none-eabi/12.1.0/../../../../arm-none-eabi/lib\libstdc++.a(eh_terminate.o)
                0x00000000020077bc                std::terminate()
 .text._ZN10__cxxabiv112__unexpectedEPFvvE
                0x00000000020077d0       0x10 c:/devkitpro/devkitarm/bin/../lib/gcc/arm-none-eabi/12.1.0/../../../../arm-none-eabi/lib\libstdc++.a(eh_terminate.o)
                0x00000000020077d0                __cxxabiv1::__unexpected(void (*)())
 .text._ZSt10unexpectedv
                0x00000000020077e0       0x14 c:/devkitpro/devkitarm/bin/../lib/gcc/arm-none-eabi/12.1.0/../../../../arm-none-eabi/lib\libstdc++.a(eh_terminate.o)
                0x00000000020077e0                std::unexpected()
 .text._ZSt13get_terminatev
                0x00000000020077f4       0x10 c:/devkitpro/devkitarm/bin/../lib/gcc/arm-none-eabi/12.1.0/../../../../arm-none-eabi/lib\libstdc++.a(eh_terminate.o)
                0x00000000020077f4                std::get_terminate()
 .text._ZSt14get_unexpectedv
                0x0000000002007804       0x10 c:/devkitpro/devkitarm/bin/../lib/gcc/arm-none-eabi/12.1.0/../../../../arm-none-eabi/lib\libstdc++.a(eh_terminate.o)
                0x0000000002007804                std::get_unexpected()
 .text._ZL23__gxx_exception_cleanup19_Unwind_Reason_CodeP21_Unwind_Control_Block
                0x0000000002007814       0x58 c:/devkitpro/devkitarm/bin/../lib/gcc/arm-none-eabi/12.1.0/../../../../arm-none-eabi/lib\libstdc++.a(eh_throw.o)
 .text.__cxa_init_primary_exception
                0x000000000200786c       0x74 c:/devkitpro/devkitarm/bin/../lib/gcc/arm-none-eabi/12.1.0/../../../../arm-none-eabi/lib\libstdc++.a(eh_throw.o)
                0x000000000200786c                __cxa_init_primary_exception
 .text.__cxa_throw
                0x00000000020078e0       0x54 c:/devkitpro/devkitarm/bin/../lib/gcc/arm-none-eabi/12.1.0/../../../../arm-none-eabi/lib\libstdc++.a(eh_throw.o)
                0x00000000020078e0                __cxa_throw
 .text.__cxa_rethrow
                0x0000000002007934       0xb0 c:/devkitpro/devkitarm/bin/../lib/gcc/arm-none-eabi/12.1.0/../../../../arm-none-eabi/lib\libstdc++.a(eh_throw.o)
                0x0000000002007934                __cxa_rethrow
 .text._ZSt15get_new_handlerv
                0x00000000020079e4       0x10 c:/devkitpro/devkitarm/bin/../lib/gcc/arm-none-eabi/12.1.0/../../../../arm-none-eabi/lib\libstdc++.a(new_handler.o)
                0x00000000020079e4                std::get_new_handler()
 .text._ZN10__cxxabiv120__si_class_type_infoD2Ev
                0x00000000020079f4       0x24 c:/devkitpro/devkitarm/bin/../lib/gcc/arm-none-eabi/12.1.0/../../../../arm-none-eabi/lib\libstdc++.a(si_class_type_info.o)
                0x00000000020079f4                __cxxabiv1::__si_class_type_info::~__si_class_type_info()
                0x00000000020079f4                __cxxabiv1::__si_class_type_info::~__si_class_type_info()
 .text._ZN10__cxxabiv120__si_class_type_infoD0Ev
                0x0000000002007a18       0x30 c:/devkitpro/devkitarm/bin/../lib/gcc/arm-none-eabi/12.1.0/../../../../arm-none-eabi/lib\libstdc++.a(si_class_type_info.o)
                0x0000000002007a18                __cxxabiv1::__si_class_type_info::~__si_class_type_info()
 .text._ZNK10__cxxabiv120__si_class_type_info20__do_find_public_srcEiPKvPKNS_17__class_type_infoES2_
                0x0000000002007a48       0x70 c:/devkitpro/devkitarm/bin/../lib/gcc/arm-none-eabi/12.1.0/../../../../arm-none-eabi/lib\libstdc++.a(si_class_type_info.o)
                0x0000000002007a48                __cxxabiv1::__si_class_type_info::__do_find_public_src(int, void const*, __cxxabiv1::__class_type_info const*, void const*) const
 .text._ZNK10__cxxabiv120__si_class_type_info12__do_dyncastEiNS_17__class_type_info10__sub_kindEPKS1_PKvS4_S6_RNS1_16__dyncast_resultE
                0x0000000002007ab8       0xe4 c:/devkitpro/devkitarm/bin/../lib/gcc/arm-none-eabi/12.1.0/../../../../arm-none-eabi/lib\libstdc++.a(si_class_type_info.o)
                0x0000000002007ab8                __cxxabiv1::__si_class_type_info::__do_dyncast(int, __cxxabiv1::__class_type_info::__sub_kind, __cxxabiv1::__class_type_info const*, void const*, __cxxabiv1::__class_type_info const*, void const*, __cxxabiv1::__class_type_info::__dyncast_result&) const
 .text._ZNK10__cxxabiv120__si_class_type_info11__do_upcastEPKNS_17__class_type_infoEPKvRNS1_15__upcast_resultE
                0x0000000002007b9c       0x4c c:/devkitpro/devkitarm/bin/../lib/gcc/arm-none-eabi/12.1.0/../../../../arm-none-eabi/lib\libstdc++.a(si_class_type_info.o)
                0x0000000002007b9c                __cxxabiv1::__si_class_type_info::__do_upcast(__cxxabiv1::__class_type_info const*, void const*, __cxxabiv1::__class_type_info::__upcast_result&) const
 .text._ZNSt9type_infoD2Ev
                0x0000000002007be8        0x4 c:/devkitpro/devkitarm/bin/../lib/gcc/arm-none-eabi/12.1.0/../../../../arm-none-eabi/lib\libstdc++.a(tinfo.o)
                0x0000000002007be8                std::type_info::~type_info()
                0x0000000002007be8                std::type_info::~type_info()
 .text._ZNKSt9type_info14__is_pointer_pEv
                0x0000000002007bec        0x8 c:/devkitpro/devkitarm/bin/../lib/gcc/arm-none-eabi/12.1.0/../../../../arm-none-eabi/lib\libstdc++.a(tinfo.o)
                0x0000000002007bec                std::type_info::__is_pointer_p() const
                0x0000000002007bec                std::type_info::__is_function_p() const
 .text._ZNKSt9type_infoeqERKS_
                0x0000000002007bf4       0x50 c:/devkitpro/devkitarm/bin/../lib/gcc/arm-none-eabi/12.1.0/../../../../arm-none-eabi/lib\libstdc++.a(tinfo.o)
                0x0000000002007bf4                std::type_info::operator==(std::type_info const&) const
                0x0000000002007bf4                std::type_info::__equal(std::type_info const&) const
 .text._ZNK10__cxxabiv117__class_type_info11__do_upcastEPKS0_PPv
                0x0000000002007c44       0x64 c:/devkitpro/devkitarm/bin/../lib/gcc/arm-none-eabi/12.1.0/../../../../arm-none-eabi/lib\libstdc++.a(class_type_info.o)
                0x0000000002007c44                __cxxabiv1::__class_type_info::__do_upcast(__cxxabiv1::__class_type_info const*, void**) const
 .text._ZNK10__cxxabiv117__class_type_info20__do_find_public_srcEiPKvPKS0_S2_
                0x0000000002007ca8       0x14 c:/devkitpro/devkitarm/bin/../lib/gcc/arm-none-eabi/12.1.0/../../../../arm-none-eabi/lib\libstdc++.a(class_type_info.o)
                0x0000000002007ca8                __cxxabiv1::__class_type_info::__do_find_public_src(int, void const*, __cxxabiv1::__class_type_info const*, void const*) const
 .text._ZN10__cxxabiv117__class_type_infoD2Ev
                0x0000000002007cbc       0x24 c:/devkitpro/devkitarm/bin/../lib/gcc/arm-none-eabi/12.1.0/../../../../arm-none-eabi/lib\libstdc++.a(class_type_info.o)
                0x0000000002007cbc                __cxxabiv1::__class_type_info::~__class_type_info()
                0x0000000002007cbc                __cxxabiv1::__class_type_info::~__class_type_info()
 .text._ZN10__cxxabiv117__class_type_infoD0Ev
                0x0000000002007ce0       0x30 c:/devkitpro/devkitarm/bin/../lib/gcc/arm-none-eabi/12.1.0/../../../../arm-none-eabi/lib\libstdc++.a(class_type_info.o)
                0x0000000002007ce0                __cxxabiv1::__class_type_info::~__class_type_info()
 .text._ZNK10__cxxabiv117__class_type_info12__do_dyncastEiNS0_10__sub_kindEPKS0_PKvS3_S5_RNS0_16__dyncast_resultE
                0x0000000002007d10       0x70 c:/devkitpro/devkitarm/bin/../lib/gcc/arm-none-eabi/12.1.0/../../../../arm-none-eabi/lib\libstdc++.a(class_type_info.o)
                0x0000000002007d10                __cxxabiv1::__class_type_info::__do_dyncast(int, __cxxabiv1::__class_type_info::__sub_kind, __cxxabiv1::__class_type_info const*, void const*, __cxxabiv1::__class_type_info const*, void const*, __cxxabiv1::__class_type_info::__dyncast_result&) const
 .text._ZNK10__cxxabiv117__class_type_info11__do_upcastEPKS0_PKvRNS0_15__upcast_resultE
                0x0000000002007d80       0x30 c:/devkitpro/devkitarm/bin/../lib/gcc/arm-none-eabi/12.1.0/../../../../arm-none-eabi/lib\libstdc++.a(class_type_info.o)
                0x0000000002007d80                __cxxabiv1::__class_type_info::__do_upcast(__cxxabiv1::__class_type_info const*, void const*, __cxxabiv1::__class_type_info::__upcast_result&) const
 .text._ZNK10__cxxabiv117__class_type_info10__do_catchEPKSt9type_infoPPvj
                0x0000000002007db0       0x4c c:/devkitpro/devkitarm/bin/../lib/gcc/arm-none-eabi/12.1.0/../../../../arm-none-eabi/lib\libstdc++.a(class_type_info.o)
                0x0000000002007db0                __cxxabiv1::__class_type_info::__do_catch(std::type_info const*, void**, unsigned int) const
 .text._ZdlPv   0x0000000002007dfc       0x10 c:/devkitpro/devkitarm/bin/../lib/gcc/arm-none-eabi/12.1.0/../../../../arm-none-eabi/lib\libstdc++.a(del_op.o)
                0x0000000002007dfc                operator delete(void*)
 .text.__cxa_begin_catch
                0x0000000002007e0c       0xd4 c:/devkitpro/devkitarm/bin/../lib/gcc/arm-none-eabi/12.1.0/../../../../arm-none-eabi/lib\libstdc++.a(eh_catch.o)
                0x0000000002007e0c                __cxa_begin_catch
 .text.__cxa_end_catch
                0x0000000002007ee0       0xe0 c:/devkitpro/devkitarm/bin/../lib/gcc/arm-none-eabi/12.1.0/../../../../arm-none-eabi/lib\libstdc++.a(eh_catch.o)
                0x0000000002007ee0                __cxa_end_catch
 .text.__cxa_get_globals_fast
                0x0000000002007fc0        0xc c:/devkitpro/devkitarm/bin/../lib/gcc/arm-none-eabi/12.1.0/../../../../arm-none-eabi/lib\libstdc++.a(eh_globals.o)
                0x0000000002007fc0                __cxa_get_globals_fast
 .text.__cxa_get_globals
                0x0000000002007fcc        0xc c:/devkitpro/devkitarm/bin/../lib/gcc/arm-none-eabi/12.1.0/../../../../arm-none-eabi/lib\libstdc++.a(eh_globals.o)
                0x0000000002007fcc                __cxa_get_globals
 .text._ZL28read_encoded_value_with_basehjPKhPj
                0x0000000002007fd8      0x174 c:/devkitpro/devkitarm/bin/../lib/gcc/arm-none-eabi/12.1.0/../../../../arm-none-eabi/lib\libstdc++.a(eh_personality.o)
 .text._ZL21base_of_encoded_valuehP15_Unwind_Context
                0x000000000200814c       0x78 c:/devkitpro/devkitarm/bin/../lib/gcc/arm-none-eabi/12.1.0/../../../../arm-none-eabi/lib\libstdc++.a(eh_personality.o)
 .text._ZL17parse_lsda_headerP15_Unwind_ContextPKhP16lsda_header_info
                0x00000000020081c4       0xd8 c:/devkitpro/devkitarm/bin/../lib/gcc/arm-none-eabi/12.1.0/../../../../arm-none-eabi/lib\libstdc++.a(eh_personality.o)
 .text.__gxx_personality_v0
                0x000000000200829c      0x6f8 c:/devkitpro/devkitarm/bin/../lib/gcc/arm-none-eabi/12.1.0/../../../../arm-none-eabi/lib\libstdc++.a(eh_personality.o)
                0x000000000200829c                __gxx_personality_v0
 .text.__cxa_end_cleanup
                0x0000000002008994       0x10 c:/devkitpro/devkitarm/bin/../lib/gcc/arm-none-eabi/12.1.0/../../../../arm-none-eabi/lib\libstdc++.a(eh_arm.o)
                0x0000000002008994                __cxa_end_cleanup
 .text.__cxa_type_match
                0x00000000020089a4      0x138 c:/devkitpro/devkitarm/bin/../lib/gcc/arm-none-eabi/12.1.0/../../../../arm-none-eabi/lib\libstdc++.a(eh_arm.o)
                0x00000000020089a4                __cxa_type_match
 .text.__cxa_begin_cleanup
                0x0000000002008adc       0xbc c:/devkitpro/devkitarm/bin/../lib/gcc/arm-none-eabi/12.1.0/../../../../arm-none-eabi/lib\libstdc++.a(eh_arm.o)
                0x0000000002008adc                __cxa_begin_cleanup
 .text.__gnu_end_cleanup
                0x0000000002008b98       0xbc c:/devkitpro/devkitarm/bin/../lib/gcc/arm-none-eabi/12.1.0/../../../../arm-none-eabi/lib\libstdc++.a(eh_arm.o)
                0x0000000002008b98                __gnu_end_cleanup
 .text._ZN10__cxxabiv1L24__is_gxx_exception_classEPc
                0x0000000002008c54       0x70 c:/devkitpro/devkitarm/bin/../lib/gcc/arm-none-eabi/12.1.0/../../../../arm-none-eabi/lib\libstdc++.a(eh_call.o)
 .text.__cxa_call_terminate
                0x0000000002008cc4       0x2c c:/devkitpro/devkitarm/bin/../lib/gcc/arm-none-eabi/12.1.0/../../../../arm-none-eabi/lib\libstdc++.a(eh_call.o)
                0x0000000002008cc4                __cxa_call_terminate
 .text.unlikely.__cxa_call_unexpected
                0x0000000002008cf0      0x138 c:/devkitpro/devkitarm/bin/../lib/gcc/arm-none-eabi/12.1.0/../../../../arm-none-eabi/lib\libstdc++.a(eh_call.o)
                0x0000000002008cf0                __cxa_call_unexpected
 .text.__muldi3
                0x0000000002008e28       0x18 c:/devkitpro/devkitarm/bin/../lib/gcc/arm-none-eabi/12.1.0\libgcc.a(_muldi3.o)
                0x0000000002008e28                __muldi3
                0x0000000002008e28                __aeabi_lmul
 .text.selfrel_offset31
                0x0000000002008e40       0x18 c:/devkitpro/devkitarm/bin/../lib/gcc/arm-none-eabi/12.1.0\libgcc.a(unwind-arm.o)
 .text.search_EIT_table
                0x0000000002008e58       0x98 c:/devkitpro/devkitarm/bin/../lib/gcc/arm-none-eabi/12.1.0\libgcc.a(unwind-arm.o)
 .text.__gnu_unwind_get_pr_addr
                0x0000000002008ef0       0x40 c:/devkitpro/devkitarm/bin/../lib/gcc/arm-none-eabi/12.1.0\libgcc.a(unwind-arm.o)
 .text.get_eit_entry
                0x0000000002008f30       0xf8 c:/devkitpro/devkitarm/bin/../lib/gcc/arm-none-eabi/12.1.0\libgcc.a(unwind-arm.o)
 .text.restore_non_core_regs
                0x0000000002009028       0x90 c:/devkitpro/devkitarm/bin/../lib/gcc/arm-none-eabi/12.1.0\libgcc.a(unwind-arm.o)
 .text._Unwind_decode_typeinfo_ptr.constprop.0
                0x00000000020090b8       0x14 c:/devkitpro/devkitarm/bin/../lib/gcc/arm-none-eabi/12.1.0\libgcc.a(unwind-arm.o)
 .text._Unwind_DebugHook
                0x00000000020090cc        0x4 c:/devkitpro/devkitarm/bin/../lib/gcc/arm-none-eabi/12.1.0\libgcc.a(unwind-arm.o)
 .text.unwind_phase2
                0x00000000020090d0       0x68 c:/devkitpro/devkitarm/bin/../lib/gcc/arm-none-eabi/12.1.0\libgcc.a(unwind-arm.o)
 .text.unwind_phase2_forced
                0x0000000002009138      0x154 c:/devkitpro/devkitarm/bin/../lib/gcc/arm-none-eabi/12.1.0\libgcc.a(unwind-arm.o)
 .text.__gnu_Unwind_RaiseException
                0x000000000200928c       0xac c:/devkitpro/devkitarm/bin/../lib/gcc/arm-none-eabi/12.1.0\libgcc.a(unwind-arm.o)
                0x000000000200928c                __gnu_Unwind_RaiseException
 .text.__gnu_Unwind_ForcedUnwind
                0x0000000002009338       0x28 c:/devkitpro/devkitarm/bin/../lib/gcc/arm-none-eabi/12.1.0\libgcc.a(unwind-arm.o)
                0x0000000002009338                __gnu_Unwind_ForcedUnwind
 .text.__gnu_Unwind_Resume
                0x0000000002009360       0x78 c:/devkitpro/devkitarm/bin/../lib/gcc/arm-none-eabi/12.1.0\libgcc.a(unwind-arm.o)
                0x0000000002009360                __gnu_Unwind_Resume
 .text.__gnu_Unwind_Resume_or_Rethrow
                0x00000000020093d8       0x1c c:/devkitpro/devkitarm/bin/../lib/gcc/arm-none-eabi/12.1.0\libgcc.a(unwind-arm.o)
                0x00000000020093d8                __gnu_Unwind_Resume_or_Rethrow
 .text._Unwind_Complete
                0x00000000020093f4        0x4 c:/devkitpro/devkitarm/bin/../lib/gcc/arm-none-eabi/12.1.0\libgcc.a(unwind-arm.o)
                0x00000000020093f4                _Unwind_Complete
 .text._Unwind_DeleteException
                0x00000000020093f8       0x18 c:/devkitpro/devkitarm/bin/../lib/gcc/arm-none-eabi/12.1.0\libgcc.a(unwind-arm.o)
                0x00000000020093f8                _Unwind_DeleteException
 .text._Unwind_VRS_Get
                0x0000000002009410       0x5c c:/devkitpro/devkitarm/bin/../lib/gcc/arm-none-eabi/12.1.0\libgcc.a(unwind-arm.o)
                0x0000000002009410                _Unwind_VRS_Get
 .text._Unwind_GetGR
                0x000000000200946c       0x30 c:/devkitpro/devkitarm/bin/../lib/gcc/arm-none-eabi/12.1.0\libgcc.a(unwind-arm.o)
 .text._Unwind_VRS_Set
                0x000000000200949c       0x5c c:/devkitpro/devkitarm/bin/../lib/gcc/arm-none-eabi/12.1.0\libgcc.a(unwind-arm.o)
                0x000000000200949c                _Unwind_VRS_Set
 .text._Unwind_SetGR
                0x00000000020094f8       0x30 c:/devkitpro/devkitarm/bin/../lib/gcc/arm-none-eabi/12.1.0\libgcc.a(unwind-arm.o)
 .text.__gnu_Unwind_Backtrace
                0x0000000002009528       0xcc c:/devkitpro/devkitarm/bin/../lib/gcc/arm-none-eabi/12.1.0\libgcc.a(unwind-arm.o)
                0x0000000002009528                __gnu_Unwind_Backtrace
 .text.__gnu_unwind_pr_common
                0x00000000020095f4      0x41c c:/devkitpro/devkitarm/bin/../lib/gcc/arm-none-eabi/12.1.0\libgcc.a(unwind-arm.o)
 .text.__aeabi_unwind_cpp_pr0
                0x0000000002009a10        0x8 c:/devkitpro/devkitarm/bin/../lib/gcc/arm-none-eabi/12.1.0\libgcc.a(unwind-arm.o)
                0x0000000002009a10                __aeabi_unwind_cpp_pr0
 .text.__aeabi_unwind_cpp_pr1
                0x0000000002009a18        0x8 c:/devkitpro/devkitarm/bin/../lib/gcc/arm-none-eabi/12.1.0\libgcc.a(unwind-arm.o)
                0x0000000002009a18                __aeabi_unwind_cpp_pr1
 .text.__aeabi_unwind_cpp_pr2
                0x0000000002009a20        0x8 c:/devkitpro/devkitarm/bin/../lib/gcc/arm-none-eabi/12.1.0\libgcc.a(unwind-arm.o)
                0x0000000002009a20                __aeabi_unwind_cpp_pr2
 .text._Unwind_VRS_Pop
                0x0000000002009a28      0x3e4 c:/devkitpro/devkitarm/bin/../lib/gcc/arm-none-eabi/12.1.0\libgcc.a(unwind-arm.o)
                0x0000000002009a28                _Unwind_VRS_Pop
 .text.next_unwind_byte
                0x0000000002009e0c       0x60 c:/devkitpro/devkitarm/bin/../lib/gcc/arm-none-eabi/12.1.0\libgcc.a(pr-support.o)
 .text._Unwind_GetGR.constprop.0
                0x0000000002009e6c       0x30 c:/devkitpro/devkitarm/bin/../lib/gcc/arm-none-eabi/12.1.0\libgcc.a(pr-support.o)
 .text.unwind_UCB_from_context
                0x0000000002009e9c        0x4 c:/devkitpro/devkitarm/bin/../lib/gcc/arm-none-eabi/12.1.0\libgcc.a(pr-support.o)
 .text.__gnu_unwind_execute
                0x0000000002009ea0      0x424 c:/devkitpro/devkitarm/bin/../lib/gcc/arm-none-eabi/12.1.0\libgcc.a(pr-support.o)
                0x0000000002009ea0                __gnu_unwind_execute
 .text.__gnu_unwind_frame
                0x000000000200a2c4       0x4c c:/devkitpro/devkitarm/bin/../lib/gcc/arm-none-eabi/12.1.0\libgcc.a(pr-support.o)
                0x000000000200a2c4                __gnu_unwind_frame
 .text._Unwind_GetRegionStart
                0x000000000200a310       0x14 c:/devkitpro/devkitarm/bin/../lib/gcc/arm-none-eabi/12.1.0\libgcc.a(pr-support.o)
                0x000000000200a310                _Unwind_GetRegionStart
 .text._Unwind_GetLanguageSpecificData
                0x000000000200a324       0x20 c:/devkitpro/devkitarm/bin/../lib/gcc/arm-none-eabi/12.1.0\libgcc.a(pr-support.o)
                0x000000000200a324                _Unwind_GetLanguageSpecificData
 .text.unlikely._Unwind_GetDataRelBase
                0x000000000200a344        0x8 c:/devkitpro/devkitarm/bin/../lib/gcc/arm-none-eabi/12.1.0\libgcc.a(pr-support.o)
                0x000000000200a344                _Unwind_GetDataRelBase
 .text.unlikely._Unwind_GetTextRelBase
                0x000000000200a34c        0x8 c:/devkitpro/devkitarm/bin/../lib/gcc/arm-none-eabi/12.1.0\libgcc.a(pr-support.o)
                0x000000000200a34c                _Unwind_GetTextRelBase
 .text.abort    0x000000000200a354       0x14 c:/devkitpro/devkitarm/bin/../lib/gcc/arm-none-eabi/12.1.0/../../../../arm-none-eabi/lib\libg.a(lib_a-abort.o)
                0x000000000200a354                abort
 .text.calloc   0x000000000200a368       0x24 c:/devkitpro/devkitarm/bin/../lib/gcc/arm-none-eabi/12.1.0/../../../../arm-none-eabi/lib\libg.a(lib_a-calloc.o)
                0x000000000200a368                calloc
 .text._calloc_r
                0x000000000200a38c       0xd0 c:/devkitpro/devkitarm/bin/../lib/gcc/arm-none-eabi/12.1.0/../../../../arm-none-eabi/lib\libg.a(lib_a-callocr.o)
                0x000000000200a38c                _calloc_r
 .text.__errno  0x000000000200a45c       0x10 c:/devkitpro/devkitarm/bin/../lib/gcc/arm-none-eabi/12.1.0/../../../../arm-none-eabi/lib\libg.a(lib_a-errno.o)
                0x000000000200a45c                __errno
 .text._fclose_r
                0x000000000200a46c      0x164 c:/devkitpro/devkitarm/bin/../lib/gcc/arm-none-eabi/12.1.0/../../../../arm-none-eabi/lib\libg.a(lib_a-fclose.o)
                0x000000000200a46c                _fclose_r
 .text.fclose   0x000000000200a5d0       0x18 c:/devkitpro/devkitarm/bin/../lib/gcc/arm-none-eabi/12.1.0/../../../../arm-none-eabi/lib\libg.a(lib_a-fclose.o)
                0x000000000200a5d0                fclose
 .text.__sflush_r
                0x000000000200a5e8      0x250 c:/devkitpro/devkitarm/bin/../lib/gcc/arm-none-eabi/12.1.0/../../../../arm-none-eabi/lib\libg.a(lib_a-fflush.o)
                0x000000000200a5e8                __sflush_r
 .text._fflush_r
                0x000000000200a838       0x9c c:/devkitpro/devkitarm/bin/../lib/gcc/arm-none-eabi/12.1.0/../../../../arm-none-eabi/lib\libg.a(lib_a-fflush.o)
                0x000000000200a838                _fflush_r
 .text.fflush   0x000000000200a8d4       0x3c c:/devkitpro/devkitarm/bin/../lib/gcc/arm-none-eabi/12.1.0/../../../../arm-none-eabi/lib\libg.a(lib_a-fflush.o)
                0x000000000200a8d4                fflush
 .text._cleanup_r
                0x000000000200a910       0x18 c:/devkitpro/devkitarm/bin/../lib/gcc/arm-none-eabi/12.1.0/../../../../arm-none-eabi/lib\libg.a(lib_a-findfp.o)
                0x000000000200a910                _cleanup_r
 .text.__sinit  0x000000000200a928      0x18c c:/devkitpro/devkitarm/bin/../lib/gcc/arm-none-eabi/12.1.0/../../../../arm-none-eabi/lib\libg.a(lib_a-findfp.o)
                0x000000000200a928                __sinit
 .text.__sfp    0x000000000200aab4      0x138 c:/devkitpro/devkitarm/bin/../lib/gcc/arm-none-eabi/12.1.0/../../../../arm-none-eabi/lib\libg.a(lib_a-findfp.o)
                0x000000000200aab4                __sfp
 .text.__sfp_lock_acquire
                0x000000000200abec       0x18 c:/devkitpro/devkitarm/bin/../lib/gcc/arm-none-eabi/12.1.0/../../../../arm-none-eabi/lib\libg.a(lib_a-findfp.o)
                0x000000000200abec                __sfp_lock_acquire
 .text.__sfp_lock_release
                0x000000000200ac04       0x18 c:/devkitpro/devkitarm/bin/../lib/gcc/arm-none-eabi/12.1.0/../../../../arm-none-eabi/lib\libg.a(lib_a-findfp.o)
                0x000000000200ac04                __sfp_lock_release
 .text._fopen_r
                0x000000000200ac1c      0x140 c:/devkitpro/devkitarm/bin/../lib/gcc/arm-none-eabi/12.1.0/../../../../arm-none-eabi/lib\libg.a(lib_a-fopen.o)
                0x000000000200ac1c                _fopen_r
 .text.fopen    0x000000000200ad5c       0x20 c:/devkitpro/devkitarm/bin/../lib/gcc/arm-none-eabi/12.1.0/../../../../arm-none-eabi/lib\libg.a(lib_a-fopen.o)
                0x000000000200ad5c                fopen
 .text._fread_r
                0x000000000200ad7c      0x2d8 c:/devkitpro/devkitarm/bin/../lib/gcc/arm-none-eabi/12.1.0/../../../../arm-none-eabi/lib\libg.a(lib_a-fread.o)
                0x000000000200ad7c                _fread_r
 .text.fread    0x000000000200b054       0x3c c:/devkitpro/devkitarm/bin/../lib/gcc/arm-none-eabi/12.1.0/../../../../arm-none-eabi/lib\libg.a(lib_a-fread.o)
                0x000000000200b054                fread
 .text._malloc_trim_r
                0x000000000200b090      0x100 c:/devkitpro/devkitarm/bin/../lib/gcc/arm-none-eabi/12.1.0/../../../../arm-none-eabi/lib\libg.a(lib_a-freer.o)
                0x000000000200b090                _malloc_trim_r
 .text._free_r  0x000000000200b190      0x2e8 c:/devkitpro/devkitarm/bin/../lib/gcc/arm-none-eabi/12.1.0/../../../../arm-none-eabi/lib\libg.a(lib_a-freer.o)
                0x000000000200b190                _free_r
 .text._fseek_r
                0x000000000200b478       0x20 c:/devkitpro/devkitarm/bin/../lib/gcc/arm-none-eabi/12.1.0/../../../../arm-none-eabi/lib\libg.a(lib_a-fseek.o)
                0x000000000200b478                _fseek_r
 .text.fseek    0x000000000200b498       0x38 c:/devkitpro/devkitarm/bin/../lib/gcc/arm-none-eabi/12.1.0/../../../../arm-none-eabi/lib\libg.a(lib_a-fseek.o)
                0x000000000200b498                fseek
 .text._fseeko_r
                0x000000000200b4d0      0x5a0 c:/devkitpro/devkitarm/bin/../lib/gcc/arm-none-eabi/12.1.0/../../../../arm-none-eabi/lib\libg.a(lib_a-fseeko.o)
                0x000000000200b4d0                _fseeko_r
 .text._fwalk   0x000000000200ba70       0x70 c:/devkitpro/devkitarm/bin/../lib/gcc/arm-none-eabi/12.1.0/../../../../arm-none-eabi/lib\libg.a(lib_a-fwalk.o)
                0x000000000200ba70                _fwalk
 .text._fwalk_reent
                0x000000000200bae0       0x78 c:/devkitpro/devkitarm/bin/../lib/gcc/arm-none-eabi/12.1.0/../../../../arm-none-eabi/lib\libg.a(lib_a-fwalk.o)
                0x000000000200bae0                _fwalk_reent
 .text.__libc_init_array
                0x000000000200bb58       0x90 c:/devkitpro/devkitarm/bin/../lib/gcc/arm-none-eabi/12.1.0/../../../../arm-none-eabi/lib\libg.a(lib_a-init.o)
                0x000000000200bb58                __libc_init_array
 .text.__smakebuf_r
                0x000000000200bbe8      0x144 c:/devkitpro/devkitarm/bin/../lib/gcc/arm-none-eabi/12.1.0/../../../../arm-none-eabi/lib\libg.a(lib_a-makebuf.o)
                0x000000000200bbe8                __smakebuf_r
 .text.__swhatbuf_r
                0x000000000200bd2c       0x80 c:/devkitpro/devkitarm/bin/../lib/gcc/arm-none-eabi/12.1.0/../../../../arm-none-eabi/lib\libg.a(lib_a-makebuf.o)
                0x000000000200bd2c                __swhatbuf_r
 .text.malloc   0x000000000200bdac       0x1c c:/devkitpro/devkitarm/bin/../lib/gcc/arm-none-eabi/12.1.0/../../../../arm-none-eabi/lib\libg.a(lib_a-malloc.o)
                0x000000000200bdac                malloc
 .text.free     0x000000000200bdc8       0x1c c:/devkitpro/devkitarm/bin/../lib/gcc/arm-none-eabi/12.1.0/../../../../arm-none-eabi/lib\libg.a(lib_a-malloc.o)
                0x000000000200bdc8                free
 .text._malloc_r
                0x000000000200bde4      0x7f0 c:/devkitpro/devkitarm/bin/../lib/gcc/arm-none-eabi/12.1.0/../../../../arm-none-eabi/lib\libg.a(lib_a-mallocr.o)
                0x000000000200bde4                _malloc_r
 .text.memcpy   0x000000000200c5d4      0x114 c:/devkitpro/devkitarm/bin/../lib/gcc/arm-none-eabi/12.1.0/../../../../arm-none-eabi/lib\libg.a(lib_a-memcpy-stub.o)
                0x000000000200c5d4                memcpy
 .text.memset   0x000000000200c6e8       0xfc c:/devkitpro/devkitarm/bin/../lib/gcc/arm-none-eabi/12.1.0/../../../../arm-none-eabi/lib\libg.a(lib_a-memset.o)
                0x000000000200c6e8                memset
 .text.__malloc_lock
                0x000000000200c7e4       0x18 c:/devkitpro/devkitarm/bin/../lib/gcc/arm-none-eabi/12.1.0/../../../../arm-none-eabi/lib\libg.a(lib_a-mlock.o)
                0x000000000200c7e4                __malloc_lock
 .text.__malloc_unlock
                0x000000000200c7fc       0x18 c:/devkitpro/devkitarm/bin/../lib/gcc/arm-none-eabi/12.1.0/../../../../arm-none-eabi/lib\libg.a(lib_a-mlock.o)
                0x000000000200c7fc                __malloc_unlock
 .text.srand    0x000000000200c814       0x20 c:/devkitpro/devkitarm/bin/../lib/gcc/arm-none-eabi/12.1.0/../../../../arm-none-eabi/lib\libg.a(lib_a-rand.o)
                0x000000000200c814                srand
 .text.rand     0x000000000200c834       0x48 c:/devkitpro/devkitarm/bin/../lib/gcc/arm-none-eabi/12.1.0/../../../../arm-none-eabi/lib\libg.a(lib_a-rand.o)
                0x000000000200c834                rand
 .text.realloc  0x000000000200c87c       0x24 c:/devkitpro/devkitarm/bin/../lib/gcc/arm-none-eabi/12.1.0/../../../../arm-none-eabi/lib\libg.a(lib_a-realloc.o)
                0x000000000200c87c                realloc
 .text._realloc_r
                0x000000000200c8a0      0x4b8 c:/devkitpro/devkitarm/bin/../lib/gcc/arm-none-eabi/12.1.0/../../../../arm-none-eabi/lib\libg.a(lib_a-reallocr.o)
                0x000000000200c8a0                _realloc_r
 .text.lflush   0x000000000200cd58       0x28 c:/devkitpro/devkitarm/bin/../lib/gcc/arm-none-eabi/12.1.0/../../../../arm-none-eabi/lib\libg.a(lib_a-refill.o)
 .text.__srefill_r
                0x000000000200cd80      0x198 c:/devkitpro/devkitarm/bin/../lib/gcc/arm-none-eabi/12.1.0/../../../../arm-none-eabi/lib\libg.a(lib_a-refill.o)
                0x000000000200cd80                __srefill_r
 .text.setvbuf  0x000000000200cf18      0x25c c:/devkitpro/devkitarm/bin/../lib/gcc/arm-none-eabi/12.1.0/../../../../arm-none-eabi/lib\libg.a(lib_a-setvbuf.o)
                0x000000000200cf18                setvbuf
 .text._raise_r
                0x000000000200d174       0x94 c:/devkitpro/devkitarm/bin/../lib/gcc/arm-none-eabi/12.1.0/../../../../arm-none-eabi/lib\libg.a(lib_a-signal.o)
                0x000000000200d174                _raise_r
 .text.raise    0x000000000200d208       0x18 c:/devkitpro/devkitarm/bin/../lib/gcc/arm-none-eabi/12.1.0/../../../../arm-none-eabi/lib\libg.a(lib_a-signal.o)
                0x000000000200d208                raise
 .text.siscanf  0x000000000200d220       0x74 c:/devkitpro/devkitarm/bin/../lib/gcc/arm-none-eabi/12.1.0/../../../../arm-none-eabi/lib\libg.a(lib_a-siscanf.o)
                0x000000000200d220                siscanf
 .text.__sread  0x000000000200d294       0x4c c:/devkitpro/devkitarm/bin/../lib/gcc/arm-none-eabi/12.1.0/../../../../arm-none-eabi/lib\libg.a(lib_a-stdio.o)
                0x000000000200d294                __sread
 .text.__seofread
                0x000000000200d2e0        0x8 c:/devkitpro/devkitarm/bin/../lib/gcc/arm-none-eabi/12.1.0/../../../../arm-none-eabi/lib\libg.a(lib_a-stdio.o)
                0x000000000200d2e0                __seofread
 .text.__swrite
                0x000000000200d2e8       0x6c c:/devkitpro/devkitarm/bin/../lib/gcc/arm-none-eabi/12.1.0/../../../../arm-none-eabi/lib\libg.a(lib_a-stdio.o)
                0x000000000200d2e8                __swrite
 .text.__sseek  0x000000000200d354       0x48 c:/devkitpro/devkitarm/bin/../lib/gcc/arm-none-eabi/12.1.0/../../../../arm-none-eabi/lib\libg.a(lib_a-stdio.o)
                0x000000000200d354                __sseek
 .text.__sclose
                0x000000000200d39c       0x14 c:/devkitpro/devkitarm/bin/../lib/gcc/arm-none-eabi/12.1.0/../../../../arm-none-eabi/lib\libg.a(lib_a-stdio.o)
                0x000000000200d39c                __sclose
 .text.strlen   0x000000000200d3b0       0x60 c:/devkitpro/devkitarm/bin/../lib/gcc/arm-none-eabi/12.1.0/../../../../arm-none-eabi/lib\libg.a(lib_a-strlen-stub.o)
                0x000000000200d3b0                strlen
 .text.get_arg  0x000000000200d410       0x54 c:/devkitpro/devkitarm/bin/../lib/gcc/arm-none-eabi/12.1.0/../../../../arm-none-eabi/lib\libg.a(lib_a-svfiscanf.o)
 .text._sungetc_r
                0x000000000200d464       0xdc c:/devkitpro/devkitarm/bin/../lib/gcc/arm-none-eabi/12.1.0/../../../../arm-none-eabi/lib\libg.a(lib_a-svfiscanf.o)
                0x000000000200d464                _sungetc_r
 .text.__ssrefill_r
                0x000000000200d540       0x68 c:/devkitpro/devkitarm/bin/../lib/gcc/arm-none-eabi/12.1.0/../../../../arm-none-eabi/lib\libg.a(lib_a-svfiscanf.o)
                0x000000000200d540                __ssrefill_r
 .text._sfread_r
                0x000000000200d5a8       0xc8 c:/devkitpro/devkitarm/bin/../lib/gcc/arm-none-eabi/12.1.0/../../../../arm-none-eabi/lib\libg.a(lib_a-svfiscanf.o)
                0x000000000200d5a8                _sfread_r
 .text.__ssvfiscanf_r
                0x000000000200d670     0x2338 c:/devkitpro/devkitarm/bin/../lib/gcc/arm-none-eabi/12.1.0/../../../../arm-none-eabi/lib\libg.a(lib_a-svfiscanf.o)
                0x000000000200d670                __ssvfiscanf_r
 .text.time     0x000000000200f9a8       0x40 c:/devkitpro/devkitarm/bin/../lib/gcc/arm-none-eabi/12.1.0/../../../../arm-none-eabi/lib\libg.a(lib_a-time.o)
                0x000000000200f9a8                time
 .text.__submore
                0x000000000200f9e8       0xa8 c:/devkitpro/devkitarm/bin/../lib/gcc/arm-none-eabi/12.1.0/../../../../arm-none-eabi/lib\libg.a(lib_a-ungetc.o)
                0x000000000200f9e8                __submore
 .text.__sflags
                0x000000000200fa90       0xd0 c:/devkitpro/devkitarm/bin/../lib/gcc/arm-none-eabi/12.1.0/../../../../arm-none-eabi/lib\libg.a(lib_a-flags.o)
                0x000000000200fa90                __sflags
 .text.iswspace
                0x000000000200fb60       0x14 c:/devkitpro/devkitarm/bin/../lib/gcc/arm-none-eabi/12.1.0/../../../../arm-none-eabi/lib\libg.a(lib_a-iswspace.o)
                0x000000000200fb60                iswspace
 .text.__locale_mb_cur_max
                0x000000000200fb74       0x10 c:/devkitpro/devkitarm/bin/../lib/gcc/arm-none-eabi/12.1.0/../../../../arm-none-eabi/lib\libg.a(lib_a-locale.o)
                0x000000000200fb74                __locale_mb_cur_max
 .text._mbrtowc_r
                0x000000000200fb84       0x70 c:/devkitpro/devkitarm/bin/../lib/gcc/arm-none-eabi/12.1.0/../../../../arm-none-eabi/lib\libg.a(lib_a-mbrtowc.o)
                0x000000000200fb84                _mbrtowc_r
 .text.__utf8_mbtowc
                0x000000000200fbf4      0x308 c:/devkitpro/devkitarm/bin/../lib/gcc/arm-none-eabi/12.1.0/../../../../arm-none-eabi/lib\libg.a(lib_a-mbtowc_r.o)
                0x000000000200fbf4                __utf8_mbtowc
 .text.memmove  0x000000000200fefc      0x154 c:/devkitpro/devkitarm/bin/../lib/gcc/arm-none-eabi/12.1.0/../../../../arm-none-eabi/lib\libg.a(lib_a-memmove.o)
                0x000000000200fefc                memmove
 .text.__sccl   0x0000000002010050       0xe4 c:/devkitpro/devkitarm/bin/../lib/gcc/arm-none-eabi/12.1.0/../../../../arm-none-eabi/lib\libg.a(lib_a-sccl.o)
                0x0000000002010050                __sccl
 .text.strchr   0x0000000002010134      0x13c c:/devkitpro/devkitarm/bin/../lib/gcc/arm-none-eabi/12.1.0/../../../../arm-none-eabi/lib\libg.a(lib_a-strchr.o)
                0x0000000002010134                strchr
 .text._strtoll_l.constprop.0
                0x0000000002010270      0x234 c:/devkitpro/devkitarm/bin/../lib/gcc/arm-none-eabi/12.1.0/../../../../arm-none-eabi/lib\libg.a(lib_a-strtoll.o)
 .text._strtoll_r
                0x00000000020104a4        0x4 c:/devkitpro/devkitarm/bin/../lib/gcc/arm-none-eabi/12.1.0/../../../../arm-none-eabi/lib\libg.a(lib_a-strtoll.o)
                0x00000000020104a4                _strtoll_r
 .text._strtol_l.part.0
                0x00000000020104a8      0x1a8 c:/devkitpro/devkitarm/bin/../lib/gcc/arm-none-eabi/12.1.0/../../../../arm-none-eabi/lib\libg.a(lib_a-strtol.o)
 .text._strtol_r
                0x0000000002010650       0x3c c:/devkitpro/devkitarm/bin/../lib/gcc/arm-none-eabi/12.1.0/../../../../arm-none-eabi/lib\libg.a(lib_a-strtol.o)
                0x0000000002010650                _strtol_r
 .text._strtoull_l.constprop.0
                0x000000000201068c      0x248 c:/devkitpro/devkitarm/bin/../lib/gcc/arm-none-eabi/12.1.0/../../../../arm-none-eabi/lib\libg.a(lib_a-strtoull.o)
 .text._strtoull_r
                0x00000000020108d4        0x4 c:/devkitpro/devkitarm/bin/../lib/gcc/arm-none-eabi/12.1.0/../../../../arm-none-eabi/lib\libg.a(lib_a-strtoull.o)
                0x00000000020108d4                _strtoull_r
 .text._strtoul_l.constprop.0
                0x00000000020108d8      0x1c8 c:/devkitpro/devkitarm/bin/../lib/gcc/arm-none-eabi/12.1.0/../../../../arm-none-eabi/lib\libg.a(lib_a-strtoul.o)
 .text._strtoul_r
                0x0000000002010aa0        0x4 c:/devkitpro/devkitarm/bin/../lib/gcc/arm-none-eabi/12.1.0/../../../../arm-none-eabi/lib\libg.a(lib_a-strtoul.o)
                0x0000000002010aa0                _strtoul_r
 .text.__utf8_wctomb
                0x0000000002010aa4       0xf4 c:/devkitpro/devkitarm/bin/../lib/gcc/arm-none-eabi/12.1.0/../../../../arm-none-eabi/lib\libg.a(lib_a-wctomb_r.o)
                0x0000000002010aa4                __utf8_wctomb
 .text.iswspace_l
                0x0000000002010b98       0x44 c:/devkitpro/devkitarm/bin/../lib/gcc/arm-none-eabi/12.1.0/../../../../arm-none-eabi/lib\libg.a(lib_a-iswspace_l.o)
                0x0000000002010b98                iswspace_l
 .text.__jp2uc  0x0000000002010bdc      0x1e8 c:/devkitpro/devkitarm/bin/../lib/gcc/arm-none-eabi/12.1.0/../../../../arm-none-eabi/lib\libg.a(lib_a-jp2uc.o)
 .text._jp2uc_l
                0x0000000002010dc4       0x94 c:/devkitpro/devkitarm/bin/../lib/gcc/arm-none-eabi/12.1.0/../../../../arm-none-eabi/lib\libg.a(lib_a-jp2uc.o)
                0x0000000002010dc4                _jp2uc_l
 .text.strncmp  0x0000000002010e58       0xec c:/devkitpro/devkitarm/bin/../lib/gcc/arm-none-eabi/12.1.0/../../../../arm-none-eabi/lib\libg.a(lib_a-strncmp.o)
                0x0000000002010e58                strncmp
 .text.category
                0x0000000002010f44       0x94 c:/devkitpro/devkitarm/bin/../lib/gcc/arm-none-eabi/12.1.0/../../../../arm-none-eabi/lib\libg.a(lib_a-categories.o)
                0x0000000002010f44                category
 .text.null_write
                0x0000000002010fd8        0x8 c:/devkitpro/devkitarm/bin/../lib/gcc/arm-none-eabi/12.1.0/../../../../arm-none-eabi/lib\libsysbase.a(iosupport.o)
 .text.FindDevice
                0x0000000002010fe0       0xd4 c:/devkitpro/devkitarm/bin/../lib/gcc/arm-none-eabi/12.1.0/../../../../arm-none-eabi/lib\libsysbase.a(iosupport.o)
                0x0000000002010fe0                FindDevice
 .text._fstat_r
                0x00000000020110b4       0x7c c:/devkitpro/devkitarm/bin/../lib/gcc/arm-none-eabi/12.1.0/../../../../arm-none-eabi/lib\libsysbase.a(fstat.o)
                0x00000000020110b4                _fstat_r
 .text._getpid_r
                0x0000000002011130       0x14 c:/devkitpro/devkitarm/bin/../lib/gcc/arm-none-eabi/12.1.0/../../../../arm-none-eabi/lib\libsysbase.a(getpid.o)
                0x0000000002011130                _getpid_r
 .text._gettimeofday_r
                0x0000000002011144       0x34 c:/devkitpro/devkitarm/bin/../lib/gcc/arm-none-eabi/12.1.0/../../../../arm-none-eabi/lib\libsysbase.a(gettod.o)
                0x0000000002011144                _gettimeofday_r
 .text._isatty_r
                0x0000000002011178        0x8 c:/devkitpro/devkitarm/bin/../lib/gcc/arm-none-eabi/12.1.0/../../../../arm-none-eabi/lib\libsysbase.a(isatty.o)
                0x0000000002011178                _isatty_r
 .text._kill_r  0x0000000002011180       0x14 c:/devkitpro/devkitarm/bin/../lib/gcc/arm-none-eabi/12.1.0/../../../../arm-none-eabi/lib\libsysbase.a(kill.o)
                0x0000000002011180                _kill_r
 .text._lseek_r
                0x0000000002011194       0x88 c:/devkitpro/devkitarm/bin/../lib/gcc/arm-none-eabi/12.1.0/../../../../arm-none-eabi/lib\libsysbase.a(lseek.o)
                0x0000000002011194                _lseek_r
 .text._open_r  0x000000000201121c       0xc8 c:/devkitpro/devkitarm/bin/../lib/gcc/arm-none-eabi/12.1.0/../../../../arm-none-eabi/lib\libsysbase.a(open.o)
                0x000000000201121c                _open_r
 .text._read_r  0x00000000020112e4       0x84 c:/devkitpro/devkitarm/bin/../lib/gcc/arm-none-eabi/12.1.0/../../../../arm-none-eabi/lib\libsysbase.a(read.o)
                0x00000000020112e4                _read_r
 .text._sbrk_r  0x0000000002011368       0x7c c:/devkitpro/devkitarm/bin/../lib/gcc/arm-none-eabi/12.1.0/../../../../arm-none-eabi/lib\libsysbase.a(sbrk.o)
                0x0000000002011368                _sbrk_r
 .text._write_r
                0x00000000020113e4       0x84 c:/devkitpro/devkitarm/bin/../lib/gcc/arm-none-eabi/12.1.0/../../../../arm-none-eabi/lib\libsysbase.a(write.o)
                0x00000000020113e4                _write_r
 .text._exit    0x0000000002011468       0x20 c:/devkitpro/devkitarm/bin/../lib/gcc/arm-none-eabi/12.1.0/../../../../arm-none-eabi/lib\libsysbase.a(_exit.o)
                0x0000000002011468                _exit
 .text.build_argv
                0x0000000002011488       0x80 c:/devkitpro/devkitarm/bin/../lib/gcc/arm-none-eabi/12.1.0/../../../../arm-none-eabi/lib\libsysbase.a(build_argv.o)
                0x0000000002011488                build_argv
 .text.__flockfile
                0x0000000002011508       0x14 c:/devkitpro/devkitarm/bin/../lib/gcc/arm-none-eabi/12.1.0/../../../../arm-none-eabi/lib\libsysbase.a(flock.o)
                0x0000000002011508                __flockfile
 .text.__funlockfile
                0x000000000201151c       0x14 c:/devkitpro/devkitarm/bin/../lib/gcc/arm-none-eabi/12.1.0/../../../../arm-none-eabi/lib\libsysbase.a(flock.o)
                0x000000000201151c                __funlockfile
 .text.__release_handle
                0x0000000002011530       0x90 c:/devkitpro/devkitarm/bin/../lib/gcc/arm-none-eabi/12.1.0/../../../../arm-none-eabi/lib\libsysbase.a(handle_manager.o)
                0x0000000002011530                __release_handle
 .text.__alloc_handle
                0x00000000020115c0       0xb4 c:/devkitpro/devkitarm/bin/../lib/gcc/arm-none-eabi/12.1.0/../../../../arm-none-eabi/lib\libsysbase.a(handle_manager.o)
                0x00000000020115c0                __alloc_handle
 .text.__get_handle
                0x0000000002011674       0x40 c:/devkitpro/devkitarm/bin/../lib/gcc/arm-none-eabi/12.1.0/../../../../arm-none-eabi/lib\libsysbase.a(handle_manager.o)
                0x0000000002011674                __get_handle
 .text._close_r
                0x00000000020116b4       0xfc c:/devkitpro/devkitarm/bin/../lib/gcc/arm-none-eabi/12.1.0/../../../../arm-none-eabi/lib\libsysbase.a(handle_manager.o)
                0x00000000020116b4                _close_r
 .text.__getreent
                0x00000000020117b0       0x30 c:/devkitpro/devkitarm/bin/../lib/gcc/arm-none-eabi/12.1.0/../../../../arm-none-eabi/lib\libsysbase.a(getreent.o)
                0x00000000020117b0                __getreent
 .text.__libc_lock_acquire
                0x00000000020117e0       0x20 c:/devkitpro/devkitarm/bin/../lib/gcc/arm-none-eabi/12.1.0/../../../../arm-none-eabi/lib\libsysbase.a(syscall_support.o)
                0x00000000020117e0                __libc_lock_acquire
 .text.__libc_lock_release
                0x0000000002011800       0x20 c:/devkitpro/devkitarm/bin/../lib/gcc/arm-none-eabi/12.1.0/../../../../arm-none-eabi/lib\libsysbase.a(syscall_support.o)
                0x0000000002011800                __libc_lock_release
 .text.__libc_lock_init_recursive
                0x0000000002011820       0x20 c:/devkitpro/devkitarm/bin/../lib/gcc/arm-none-eabi/12.1.0/../../../../arm-none-eabi/lib\libsysbase.a(syscall_support.o)
                0x0000000002011820                __libc_lock_init_recursive
 .text.__libc_lock_acquire_recursive
                0x0000000002011840       0x20 c:/devkitpro/devkitarm/bin/../lib/gcc/arm-none-eabi/12.1.0/../../../../arm-none-eabi/lib\libsysbase.a(syscall_support.o)
                0x0000000002011840                __libc_lock_acquire_recursive
 .text.__libc_lock_release_recursive
                0x0000000002011860       0x20 c:/devkitpro/devkitarm/bin/../lib/gcc/arm-none-eabi/12.1.0/../../../../arm-none-eabi/lib\libsysbase.a(syscall_support.o)
                0x0000000002011860                __libc_lock_release_recursive
 .text.__libc_lock_close_recursive
                0x0000000002011880       0x20 c:/devkitpro/devkitarm/bin/../lib/gcc/arm-none-eabi/12.1.0/../../../../arm-none-eabi/lib\libsysbase.a(syscall_support.o)
                0x0000000002011880                __libc_lock_close_recursive
 .text.__udivmoddi4
                0x00000000020118a0      0x128 c:/devkitpro/devkitarm/bin/../lib/gcc/arm-none-eabi/12.1.0\libgcc.a(_udivmoddi4.o)
                0x00000000020118a0                __udivmoddi4
 .text.__udivmoddi4.__stub
                0x00000000020119c8      0x190 linker stubs
 *(EXCLUDE_FILE(*.twl*) .gnu.warning)
 *(EXCLUDE_FILE(*.twl*) .gnu.linkonce.t*)
 *(.glue_7)
 .glue_7        0x0000000002011ba8        0x0 linker stubs
 *(.glue_7t)
 .glue_7t       0x0000000002011ba8        0x0 linker stubs
                0x0000000002011ba8                . = ALIGN (0x4)

.vfp11_veneer   0x0000000002011ba8        0x0
 .vfp11_veneer  0x0000000002011ba8        0x0 linker stubs

.v4_bx          0x0000000002011ba8        0x0
 .v4_bx         0x0000000002011ba8        0x0 linker stubs

.iplt           0x0000000002011ba8        0x0
 .iplt          0x0000000002011ba8        0x0 c:/devkitpro/devkitarm/bin/../lib/gcc/arm-none-eabi/12.1.0/../../../../arm-none-eabi/lib/ds_arm9_crt0.o

.fini           0x0000000002011ba8       0x18
 *(.fini)
 .fini          0x0000000002011ba8        0xc c:/devkitpro/devkitarm/bin/../lib/gcc/arm-none-eabi/12.1.0/crti.o
                0x0000000002011ba8                _fini
 .fini          0x0000000002011bb4        0xc c:/devkitpro/devkitarm/bin/../lib/gcc/arm-none-eabi/12.1.0/crtn.o
                0x0000000002011bc0                __text_end = .

.rodata         0x0000000002011bc0    0xf1254
 *(EXCLUDE_FILE(*.twl*) .rodata)
 .rodata        0x0000000002011bc0    0x18200 bgLong.o
                0x0000000002011bc0                bgLongBitmap
                0x0000000002029bc0                bgLongPal
 .rodata        0x0000000002029dc0     0xc200 bird.o
                0x0000000002029dc0                birdBitmap
                0x0000000002035dc0                birdPal
 .rodata        0x0000000002035fc0     0xc200 birdDown.o
                0x0000000002035fc0                birdDownBitmap
                0x0000000002041fc0                birdDownPal
 .rodata        0x00000000020421c0     0xc200 birdUp.o
                0x00000000020421c0                birdUpBitmap
                0x000000000204e1c0                birdUpPal
 .rodata        0x000000000204e3c0    0x18000 bottom.o
                0x000000000204e3c0                bottomBitmap
 .rodata        0x00000000020663c0     0xc200 floor.o
                0x00000000020663c0                floorBitmap
                0x00000000020723c0                floorPal
 .rodata        0x00000000020725c0     0xc200 pipeTop.o
                0x00000000020725c0                pipeTopBitmap
                0x000000000207e5c0                pipeTopPal
 .rodata        0x000000000207e7c0     0xc200 ready.o
                0x000000000207e7c0                readyBitmap
                0x000000000208a7c0                readyPal
 .rodata        0x000000000208a9c0       0x24 C:/devkitPro/libnds/lib\libnds9.a(videoGL.o)
 *all.rodata*(*)
 *(EXCLUDE_FILE(*.twl*) .roda)
 *(EXCLUDE_FILE(*.twl*) .rodata.*)
 .rodata.soundbank_bin
                0x000000000208a9e4    0x6f19c soundbank.bin.o
                0x000000000208a9e4                soundbank_bin
                0x00000000020f9b80                soundbank_bin_end
 .rodata.SIN_LUT
                0x00000000020f9b80      0x102 C:/devkitPro/libnds/lib\libnds9.a(trig.o)
                0x00000000020f9b80                SIN_LUT
 *fill*         0x00000000020f9c82        0x2 ff
 .rodata.TAN_LUT
                0x00000000020f9c84      0x204 C:/devkitPro/libnds/lib\libnds9.a(trig.o)
                0x00000000020f9c84                TAN_LUT
 .rodata.con_write.str1.4
                0x00000000020f9e88       0x30 C:/devkitPro/libnds/lib\libnds9.a(console.o)
 .rodata.con_write
                0x00000000020f9eb8       0xd4 C:/devkitPro/libnds/lib\libnds9.a(console.o)
 .rodata.str1.4
                0x00000000020f9f8c       0x14 C:/devkitPro/libnds/lib\libnds9.a(console.o)
 .rodata.dotab_stdout
                0x00000000020f9fa0       0x70 C:/devkitPro/libnds/lib\libnds9.a(console.o)
 .rodata.glMaterialf
                0x00000000020fa010       0x44 C:/devkitPro/libnds/lib\libnds9.a(videoGL.o)
 .rodata.default_font_bin
                0x00000000020fa054     0x2000 C:/devkitPro/libnds/lib\libnds9.a(default_font.bin.o)
                0x00000000020fa054                default_font_bin
                0x00000000020fc054                default_font_bin_end
 .rodata._ZNKSt9bad_alloc4whatEv.str1.4
                0x00000000020fc054        0xf c:/devkitpro/devkitarm/bin/../lib/gcc/arm-none-eabi/12.1.0/../../../../arm-none-eabi/lib\libstdc++.a(bad_alloc.o)
 *fill*         0x00000000020fc063        0x1 ff
 .rodata._ZTSSt9bad_alloc
                0x00000000020fc064        0xd c:/devkitpro/devkitarm/bin/../lib/gcc/arm-none-eabi/12.1.0/../../../../arm-none-eabi/lib\libstdc++.a(bad_alloc.o)
                0x00000000020fc064                typeinfo name for std::bad_alloc
 *fill*         0x00000000020fc071        0x3 ff
 .rodata._ZTISt9bad_alloc
                0x00000000020fc074        0xc c:/devkitpro/devkitarm/bin/../lib/gcc/arm-none-eabi/12.1.0/../../../../arm-none-eabi/lib\libstdc++.a(bad_alloc.o)
                0x00000000020fc074                typeinfo for std::bad_alloc
 .rodata._ZTVSt9bad_alloc
                0x00000000020fc080       0x14 c:/devkitpro/devkitarm/bin/../lib/gcc/arm-none-eabi/12.1.0/../../../../arm-none-eabi/lib\libstdc++.a(bad_alloc.o)
                0x00000000020fc080                vtable for std::bad_alloc
 .rodata._ZNKSt13bad_exception4whatEv.str1.4
                0x00000000020fc094       0x13 c:/devkitpro/devkitarm/bin/../lib/gcc/arm-none-eabi/12.1.0/../../../../arm-none-eabi/lib\libstdc++.a(eh_exception.o)
 *fill*         0x00000000020fc0a7        0x1 ff
 .rodata._ZTSSt9exception
                0x00000000020fc0a8        0xd c:/devkitpro/devkitarm/bin/../lib/gcc/arm-none-eabi/12.1.0/../../../../arm-none-eabi/lib\libstdc++.a(eh_exception.o)
                0x00000000020fc0a8                typeinfo name for std::exception
 *fill*         0x00000000020fc0b5        0x3 ff
 .rodata._ZTISt9exception
                0x00000000020fc0b8        0x8 c:/devkitpro/devkitarm/bin/../lib/gcc/arm-none-eabi/12.1.0/../../../../arm-none-eabi/lib\libstdc++.a(eh_exception.o)
                0x00000000020fc0b8                typeinfo for std::exception
 .rodata._ZTSSt13bad_exception
                0x00000000020fc0c0       0x12 c:/devkitpro/devkitarm/bin/../lib/gcc/arm-none-eabi/12.1.0/../../../../arm-none-eabi/lib\libstdc++.a(eh_exception.o)
                0x00000000020fc0c0                typeinfo name for std::bad_exception
 *fill*         0x00000000020fc0d2        0x2 ff
 .rodata._ZTISt13bad_exception
                0x00000000020fc0d4        0xc c:/devkitpro/devkitarm/bin/../lib/gcc/arm-none-eabi/12.1.0/../../../../arm-none-eabi/lib\libstdc++.a(eh_exception.o)
                0x00000000020fc0d4                typeinfo for std::bad_exception
 .rodata._ZTSN10__cxxabiv115__forced_unwindE
                0x00000000020fc0e0       0x20 c:/devkitpro/devkitarm/bin/../lib/gcc/arm-none-eabi/12.1.0/../../../../arm-none-eabi/lib\libstdc++.a(eh_exception.o)
                0x00000000020fc0e0                typeinfo name for __cxxabiv1::__forced_unwind
 .rodata._ZTIN10__cxxabiv115__forced_unwindE
                0x00000000020fc100        0x8 c:/devkitpro/devkitarm/bin/../lib/gcc/arm-none-eabi/12.1.0/../../../../arm-none-eabi/lib\libstdc++.a(eh_exception.o)
                0x00000000020fc100                typeinfo for __cxxabiv1::__forced_unwind
 .rodata._ZTSN10__cxxabiv119__foreign_exceptionE
                0x00000000020fc108       0x24 c:/devkitpro/devkitarm/bin/../lib/gcc/arm-none-eabi/12.1.0/../../../../arm-none-eabi/lib\libstdc++.a(eh_exception.o)
                0x00000000020fc108                typeinfo name for __cxxabiv1::__foreign_exception
 .rodata._ZTIN10__cxxabiv119__foreign_exceptionE
                0x00000000020fc12c        0x8 c:/devkitpro/devkitarm/bin/../lib/gcc/arm-none-eabi/12.1.0/../../../../arm-none-eabi/lib\libstdc++.a(eh_exception.o)
                0x00000000020fc12c                typeinfo for __cxxabiv1::__foreign_exception
 .rodata._ZTVSt13bad_exception
                0x00000000020fc134       0x14 c:/devkitpro/devkitarm/bin/../lib/gcc/arm-none-eabi/12.1.0/../../../../arm-none-eabi/lib\libstdc++.a(eh_exception.o)
                0x00000000020fc134                vtable for std::bad_exception
 .rodata._ZTSN10__cxxabiv120__si_class_type_infoE
                0x00000000020fc148       0x25 c:/devkitpro/devkitarm/bin/../lib/gcc/arm-none-eabi/12.1.0/../../../../arm-none-eabi/lib\libstdc++.a(si_class_type_info.o)
                0x00000000020fc148                typeinfo name for __cxxabiv1::__si_class_type_info
 *fill*         0x00000000020fc16d        0x3 ff
 .rodata._ZTIN10__cxxabiv120__si_class_type_infoE
                0x00000000020fc170        0xc c:/devkitpro/devkitarm/bin/../lib/gcc/arm-none-eabi/12.1.0/../../../../arm-none-eabi/lib\libstdc++.a(si_class_type_info.o)
                0x00000000020fc170                typeinfo for __cxxabiv1::__si_class_type_info
 .rodata._ZTVN10__cxxabiv120__si_class_type_infoE
                0x00000000020fc17c       0x2c c:/devkitpro/devkitarm/bin/../lib/gcc/arm-none-eabi/12.1.0/../../../../arm-none-eabi/lib\libstdc++.a(si_class_type_info.o)
                0x00000000020fc17c                vtable for __cxxabiv1::__si_class_type_info
 .rodata._ZTSSt9type_info
                0x00000000020fc1a8        0xd c:/devkitpro/devkitarm/bin/../lib/gcc/arm-none-eabi/12.1.0/../../../../arm-none-eabi/lib\libstdc++.a(tinfo.o)
                0x00000000020fc1a8                typeinfo name for std::type_info
 *fill*         0x00000000020fc1b5        0x3 ff
 .rodata._ZTISt9type_info
                0x00000000020fc1b8        0x8 c:/devkitpro/devkitarm/bin/../lib/gcc/arm-none-eabi/12.1.0/../../../../arm-none-eabi/lib\libstdc++.a(tinfo.o)
                0x00000000020fc1b8                typeinfo for std::type_info
 .rodata._ZTSN10__cxxabiv117__class_type_infoE
                0x00000000020fc1c0       0x22 c:/devkitpro/devkitarm/bin/../lib/gcc/arm-none-eabi/12.1.0/../../../../arm-none-eabi/lib\libstdc++.a(class_type_info.o)
                0x00000000020fc1c0                typeinfo name for __cxxabiv1::__class_type_info
 *fill*         0x00000000020fc1e2        0x2 ff
 .rodata._ZTIN10__cxxabiv117__class_type_infoE
                0x00000000020fc1e4        0xc c:/devkitpro/devkitarm/bin/../lib/gcc/arm-none-eabi/12.1.0/../../../../arm-none-eabi/lib\libstdc++.a(class_type_info.o)
                0x00000000020fc1e4                typeinfo for __cxxabiv1::__class_type_info
 .rodata._ZTVN10__cxxabiv117__class_type_infoE
                0x00000000020fc1f0       0x2c c:/devkitpro/devkitarm/bin/../lib/gcc/arm-none-eabi/12.1.0/../../../../arm-none-eabi/lib\libstdc++.a(class_type_info.o)
                0x00000000020fc1f0                vtable for __cxxabiv1::__class_type_info
 .rodata._global_impure_ptr
                0x00000000020fc21c        0x4 c:/devkitpro/devkitarm/bin/../lib/gcc/arm-none-eabi/12.1.0/../../../../arm-none-eabi/lib\libg.a(lib_a-impure.o)
                0x00000000020fc21c                _global_impure_ptr
 .rodata.basefix.0
                0x00000000020fc220       0x22 c:/devkitpro/devkitarm/bin/../lib/gcc/arm-none-eabi/12.1.0/../../../../arm-none-eabi/lib\libg.a(lib_a-svfiscanf.o)
 *fill*         0x00000000020fc242        0x2 ff
 .rodata._ctype_
                0x00000000020fc244      0x101 c:/devkitpro/devkitarm/bin/../lib/gcc/arm-none-eabi/12.1.0/../../../../arm-none-eabi/lib\libg.a(lib_a-ctype_.o)
                0x00000000020fc244                _ctype_
 *fill*         0x00000000020fc345        0x3 ff
 .rodata.str1.4
                0x00000000020fc348       0x48 c:/devkitpro/devkitarm/bin/../lib/gcc/arm-none-eabi/12.1.0/../../../../arm-none-eabi/lib\libg.a(lib_a-locale.o)
                                         0x4c (size before relaxing)
 .rodata._mbrtowc_r.str1.4
                0x00000000020fc390        0x1 c:/devkitpro/devkitarm/bin/../lib/gcc/arm-none-eabi/12.1.0/../../../../arm-none-eabi/lib\libg.a(lib_a-mbrtowc.o)
 .rodata._jp2uc_l.str1.4
                0x00000000020fc390       0x12 c:/devkitpro/devkitarm/bin/../lib/gcc/arm-none-eabi/12.1.0/../../../../arm-none-eabi/lib\libg.a(lib_a-jp2uc.o)
 *fill*         0x00000000020fc3a2        0x2 ff
 .rodata.d02f4  0x00000000020fc3a4     0x1a7c c:/devkitpro/devkitarm/bin/../lib/gcc/arm-none-eabi/12.1.0/../../../../arm-none-eabi/lib\libg.a(lib_a-jp2uc.o)
 .rodata.b02cf  0x00000000020fde20     0x172a c:/devkitpro/devkitarm/bin/../lib/gcc/arm-none-eabi/12.1.0/../../../../arm-none-eabi/lib\libg.a(lib_a-jp2uc.o)
 *fill*         0x00000000020ff54a        0x2 ff
 .rodata.a8     0x00000000020ff54c       0x40 c:/devkitpro/devkitarm/bin/../lib/gcc/arm-none-eabi/12.1.0/../../../../arm-none-eabi/lib\libg.a(lib_a-jp2uc.o)
 .rodata.a7     0x00000000020ff58c       0xa2 c:/devkitpro/devkitarm/bin/../lib/gcc/arm-none-eabi/12.1.0/../../../../arm-none-eabi/lib\libg.a(lib_a-jp2uc.o)
 *fill*         0x00000000020ff62e        0x2 ff
 .rodata.a6     0x00000000020ff630       0x70 c:/devkitpro/devkitarm/bin/../lib/gcc/arm-none-eabi/12.1.0/../../../../arm-none-eabi/lib\libg.a(lib_a-jp2uc.o)
 .rodata.a3     0x00000000020ff6a0       0x5b c:/devkitpro/devkitarm/bin/../lib/gcc/arm-none-eabi/12.1.0/../../../../arm-none-eabi/lib\libg.a(lib_a-jp2uc.o)
 *fill*         0x00000000020ff6fb        0x1 ff
 .rodata.a2     0x00000000020ff6fc       0xbc c:/devkitpro/devkitarm/bin/../lib/gcc/arm-none-eabi/12.1.0/../../../../arm-none-eabi/lib\libg.a(lib_a-jp2uc.o)
 .rodata.a1     0x00000000020ff7b8       0xbc c:/devkitpro/devkitarm/bin/../lib/gcc/arm-none-eabi/12.1.0/../../../../arm-none-eabi/lib\libg.a(lib_a-jp2uc.o)
 .rodata.categories
                0x00000000020ff874     0x3528 c:/devkitpro/devkitarm/bin/../lib/gcc/arm-none-eabi/12.1.0/../../../../arm-none-eabi/lib\libg.a(lib_a-categories.o)
 .rodata.AddDevice.str1.4
                0x0000000002102d9c        0x8 c:/devkitpro/devkitarm/bin/../lib/gcc/arm-none-eabi/12.1.0/../../../../arm-none-eabi/lib\libsysbase.a(iosupport.o)
 .rodata.dotab_stdnull
                0x0000000002102da4       0x70 c:/devkitpro/devkitarm/bin/../lib/gcc/arm-none-eabi/12.1.0/../../../../arm-none-eabi/lib\libsysbase.a(iosupport.o)
                0x0000000002102da4                dotab_stdnull
 *(EXCLUDE_FILE(*.twl*) .gnu.linkonce.r*)
                0x0000000002102e14                . = ALIGN (0x4)

.ARM.extab      0x0000000002102e14       0x6c
 *(.ARM.extab* .gnu.linkonce.armextab.*)
 .ARM.extab.text._ZN10__cxxabiv111__terminateEPFvvE
                0x0000000002102e14       0x18 c:/devkitpro/devkitarm/bin/../lib/gcc/arm-none-eabi/12.1.0/../../../../arm-none-eabi/lib\libstdc++.a(eh_terminate.o)
 .ARM.extab.text.__cxa_begin_catch
                0x0000000002102e2c        0xc c:/devkitpro/devkitarm/bin/../lib/gcc/arm-none-eabi/12.1.0/../../../../arm-none-eabi/lib\libstdc++.a(eh_catch.o)
 .ARM.extab.text.__gxx_personality_v0
                0x0000000002102e38       0x20 c:/devkitpro/devkitarm/bin/../lib/gcc/arm-none-eabi/12.1.0/../../../../arm-none-eabi/lib\libstdc++.a(eh_personality.o)
 .ARM.extab.text.unlikely.__cxa_call_unexpected
                0x0000000002102e58       0x28 c:/devkitpro/devkitarm/bin/../lib/gcc/arm-none-eabi/12.1.0/../../../../arm-none-eabi/lib\libstdc++.a(eh_call.o)
                0x0000000002102e80                __exidx_start = .

ARM.exidx       0x0000000002102e80      0x178
 *(.ARM.exidx* .gnu.linkonce.armexidx.*)
 .ARM.exidx.text._Znwj
                0x0000000002102e80        0x8 c:/devkitpro/devkitarm/bin/../lib/gcc/arm-none-eabi/12.1.0/../../../../arm-none-eabi/lib\libstdc++.a(new_op.o)
 .ARM.exidx.text._ZNKSt9bad_alloc4whatEv
                0x0000000002102e88        0x8 c:/devkitpro/devkitarm/bin/../lib/gcc/arm-none-eabi/12.1.0/../../../../arm-none-eabi/lib\libstdc++.a(bad_alloc.o)
 .ARM.exidx.text._ZNSt9bad_allocD2Ev
                0x0000000002102e90        0x0 c:/devkitpro/devkitarm/bin/../lib/gcc/arm-none-eabi/12.1.0/../../../../arm-none-eabi/lib\libstdc++.a(bad_alloc.o)
                                          0x8 (size before relaxing)
 .ARM.exidx.text._ZNSt9bad_allocD0Ev
                0x0000000002102e90        0x0 c:/devkitpro/devkitarm/bin/../lib/gcc/arm-none-eabi/12.1.0/../../../../arm-none-eabi/lib\libstdc++.a(bad_alloc.o)
                                          0x8 (size before relaxing)
 .ARM.exidx.text._ZdlPvj
                0x0000000002102e90        0x0 c:/devkitpro/devkitarm/bin/../lib/gcc/arm-none-eabi/12.1.0/../../../../arm-none-eabi/lib\libstdc++.a(del_ops.o)
                                          0x8 (size before relaxing)
 .ARM.exidx.text._ZN12_GLOBAL__N_14pool4freeEPv.constprop.0
                0x0000000002102e90        0x0 c:/devkitpro/devkitarm/bin/../lib/gcc/arm-none-eabi/12.1.0/../../../../arm-none-eabi/lib\libstdc++.a(eh_alloc.o)
                                          0x8 (size before relaxing)
 .ARM.exidx.text._ZN12_GLOBAL__N_14pool8allocateEj.constprop.0
                0x0000000002102e90        0x0 c:/devkitpro/devkitarm/bin/../lib/gcc/arm-none-eabi/12.1.0/../../../../arm-none-eabi/lib\libstdc++.a(eh_alloc.o)
                                          0x8 (size before relaxing)
 .ARM.exidx.text.__cxa_allocate_exception