Archive member included to satisfy reference by file (symbol)

C:/devkitPro/libnds/lib\libmm9.a(mm_comms.o)
                              main.o (mmEffect)
C:/devkitPro/libnds/lib\libmm9.a(mm_memory.o)
                              main.o (mmLoadEffect)
C:/devkitPro/libnds/lib\libmm9.a(mm_main9.o)
                              C:/devkitPro/libnds/lib\libmm9.a(mm_memory.o) (mmcbMemory)
C:/devkitPro/libnds/lib\libmm9.a(mm_soundbank.o)
                              C:/devkitPro/libnds/lib\libmm9.a(mm_main9.o) (mmSoundBankInMemory)
C:/devkitPro/libnds/lib\libmm9.a(mm_flusher.o)
                              C:/devkitPro/libnds/lib\libmm9.a(mm_memory.o) (mmFlushBank)
C:/devkitPro/libnds/lib\libnds9.a(console.o)
                              main.o (consoleDemoInit)
C:/devkitPro/libnds/lib\libnds9.a(gl2d.o)
                              main.o (glScreen2D)
C:/devkitPro/libnds/lib\libnds9.a(videoGL.o)
                              C:/devkitPro/libnds/lib\libnds9.a(gl2d.o) (glMaterialf)
C:/devkitPro/libnds/lib\libnds9.a(keys.o)
                              main.o (scanKeys)
C:/devkitPro/libnds/lib\libnds9.a(initSystem.o)
                              c:/devkitpro/devkitarm/bin/../lib/gcc/arm-none-eabi/12.1.0/../../../../arm-none-eabi/lib/ds_arm9_crt0.o (initSystem)
C:/devkitPro/libnds/lib\libnds9.a(securearea.o)
                              c:/devkitpro/devkitarm/bin/../lib/gcc/arm-none-eabi/12.1.0/../../../../arm-none-eabi/lib/ds_arm9_crt0.o (__secure_area__)
C:/devkitPro/libnds/lib\libnds9.a(interrupts.o)
                              C:/devkitPro/libnds/lib\libnds9.a(initSystem.o) (irqInit)
C:/devkitPro/libnds/lib\libnds9.a(libnds_exit.arm.o)
                              c:/devkitpro/devkitarm/bin/../lib/gcc/arm-none-eabi/12.1.0/../../../../arm-none-eabi/lib/ds_arm9_crt0.o (__libnds_exit)
C:/devkitPro/libnds/lib\libnds9.a(fifosystem.o)
                              C:/devkitPro/libnds/lib\libmm9.a(mm_comms.o) (fifoSetValue32Handler)
C:/devkitPro/libnds/lib\libnds9.a(mpu_setup.o)
                              c:/devkitpro/devkitarm/bin/../lib/gcc/arm-none-eabi/12.1.0/../../../../arm-none-eabi/lib/ds_arm9_crt0.o (__libnds_mpu_setup)
C:/devkitPro/libnds/lib\libnds9.a(IntrWait.o)
                              main.o (swiWaitForVBlank)
C:/devkitPro/libnds/lib\libnds9.a(cpu_clock.o)
                              C:/devkitPro/libnds/lib\libnds9.a(initSystem.o) (setCpuClock)
C:/devkitPro/libnds/lib\libnds9.a(interruptDispatcher.o)
                              C:/devkitPro/libnds/lib\libnds9.a(interrupts.o) (IntrMain)
C:/devkitPro/libnds/lib\libnds9.a(biosCalls.o)
                              C:/devkitPro/libnds/lib\libnds9.a(videoGL.o) (swiCopy)
C:/devkitPro/libnds/lib\libnds9.a(debugprint.o)
                              C:/devkitPro/libnds/lib\libnds9.a(console.o) (nocashWrite)
C:/devkitPro/libnds/lib\libnds9.a(swiSoftReset.o)
                              C:/devkitPro/libnds/lib\libnds9.a(fifosystem.o) (swiSoftReset)
C:/devkitPro/libnds/lib\libnds9.a(default_font.bin.o)
                              C:/devkitPro/libnds/lib\libnds9.a(console.o) (default_font_bin)
C:/devkitPro/libnds/lib\libnds9.a(background.o)
                              C:/devkitPro/libnds/lib\libnds9.a(console.o) (bgState)
C:/devkitPro/libnds/lib\libnds9.a(dynamicArray.o)
                              C:/devkitPro/libnds/lib\libnds9.a(videoGL.o) (DynamicArrayInit)
C:/devkitPro/libnds/lib\libnds9.a(trig.o)
                              C:/devkitPro/libnds/lib\libnds9.a(gl2d.o) (sinLerp)
C:/devkitPro/libnds/lib\libnds9.a(video.o)
                              C:/devkitPro/libnds/lib\libnds9.a(videoGL.o) (vramSetBanks_EFG)
C:/devkitPro/libnds/lib\libnds9.a(system.o)
                              C:/devkitPro/libnds/lib\libnds9.a(initSystem.o) (systemValueHandler)
c:/devkitpro/devkitarm/bin/../lib/gcc/arm-none-eabi/12.1.0\libgcc.a(_arm_mulsf3.o)
                              main.o (__aeabi_fmul)
c:/devkitpro/devkitarm/bin/../lib/gcc/arm-none-eabi/12.1.0\libgcc.a(_divsi3.o)
                              C:/devkitPro/libnds/lib\libnds9.a(gl2d.o) (__aeabi_idiv)
c:/devkitpro/devkitarm/bin/../lib/gcc/arm-none-eabi/12.1.0\libgcc.a(_dvmd_tls.o)
                              c:/devkitpro/devkitarm/bin/../lib/gcc/arm-none-eabi/12.1.0\libgcc.a(_divsi3.o) (__aeabi_idiv0)
c:/devkitpro/devkitarm/bin/../lib/gcc/arm-none-eabi/12.1.0\libgcc.a(_arm_addsubdf3.o)
                              main.o (__aeabi_dsub)
c:/devkitpro/devkitarm/bin/../lib/gcc/arm-none-eabi/12.1.0\libgcc.a(_arm_cmpdf2.o)
                              main.o (__aeabi_dcmpeq)
c:/devkitpro/devkitarm/bin/../lib/gcc/arm-none-eabi/12.1.0\libgcc.a(_arm_fixdfsi.o)
                              main.o (__aeabi_d2iz)
c:/devkitpro/devkitarm/bin/../lib/gcc/arm-none-eabi/12.1.0\libgcc.a(_arm_truncdfsf2.o)
                              main.o (__aeabi_d2f)
c:/devkitpro/devkitarm/bin/../lib/gcc/arm-none-eabi/12.1.0\libgcc.a(_arm_addsubsf3.o)
                              main.o (__aeabi_fadd)
[...]
Memory Configuration

Name             Origin             Length             Attributes
ewram            0x0000000002000000 0x0000000000380000
dtcm             0x0000000002ff0000 0x0000000000004000
vectors          0x0000000001000000 0x0000000000000100
itcm             0x0000000001000100 0x0000000000007f00
*default*        0x0000000000000000 0xffffffffffffffff

Linker script and memory map

                0x0000000002380000                __ewram_end = (ORIGIN (ewram) + LENGTH (ewram))
                0x0000000002380000                __eheap_end = (ORIGIN (ewram) + LENGTH (ewram))
                0x0000000002ff4000                __dtcm_top = (ORIGIN (dtcm) + LENGTH (dtcm))
                0x0000000002ff3ff8                __irq_flags = (__dtcm_top - 0x8)
                0x0000000002ff3ffc                __irq_vector = (__dtcm_top - 0x4)
                0x0000000002ff3f00                __sp_svc = (__dtcm_top - 0x100)
                0x0000000002ff3e00                __sp_irq = (__sp_svc - 0x100)
                0x0000000002ff3d00                __sp_usr = (__sp_irq - 0x100)

.secure         0x0000000002000000      0x800
 *(.secure)
 .secure        0x0000000002000000      0x800 C:/devkitPro/libnds/lib\libnds9.a(securearea.o)
                0x0000000002000000                __secure_area__

.crt0           0x0000000002000800      0x300
                0x0000000002000800                __text_start = .
 *(.crt0)
 .crt0          0x0000000002000800      0x300 c:/devkitpro/devkitarm/bin/../lib/gcc/arm-none-eabi/12.1.0/../../../../arm-none-eabi/lib/ds_arm9_crt0.o
                0x0000000002000800                _start
                0x0000000002000b00                . = ALIGN (0x4)

.plt
 *(.plt)

.init           0x0000000002000b00       0x18
 *(SORT_NONE(.init))
 .init          0x0000000002000b00        0xc c:/devkitpro/devkitarm/bin/../lib/gcc/arm-none-eabi/12.1.0/crti.o
                0x0000000002000b00                _init
 .init          0x0000000002000b0c        0xc c:/devkitpro/devkitarm/bin/../lib/gcc/arm-none-eabi/12.1.0/crtn.o

.text           0x0000000002000b18    0x11048
 *(EXCLUDE_FILE(*.twl* *.vectors* *.itcm*) .text)
 .text          0x0000000002000b18      0x24c C:/devkitPro/libnds/lib\libmm9.a(mm_comms.o)
                0x0000000002000b18                mmSetupComms
                0x0000000002000b6a                mmSendBank
                0x0000000002000b74                mmLockChannels
                0x0000000002000b7a                mmUnlockChannels
                0x0000000002000b80                mmStart
                0x0000000002000b8a                mmPause
                0x0000000002000b8e                mmResume
                0x0000000002000b92                mmStop
                0x0000000002000b96                mmPosition
                0x0000000002000b9a                mmJingle
                0x0000000002000b9e                mmSetModuleVolume
                0x0000000002000ba2                mmSetJingleVolume
                0x0000000002000ba6                mmSetModuleTempo
                0x0000000002000baa                mmSetModulePitch
                0x0000000002000bae                mmSetEffectsVolume
                0x0000000002000bb2                mmSelectMode
                0x0000000002000bb6                mmStreamBegin
                0x0000000002000bca                mmStreamEnd
                0x0000000002000c20                mmEffect
                0x0000000002000c44                mmEffectVolume
                0x0000000002000c48                mmEffectPanning
                0x0000000002000c4c                mmEffectRate
                0x0000000002000c56                mmEffectScaleRate
                0x0000000002000c60                mmEffectRelease
                0x0000000002000c66                mmEffectCancel
                0x0000000002000c6c                mmEffectEx
                0x0000000002000caa                mmEffectCancelAll
                0x0000000002000cae                mmReverbEnable
                0x0000000002000cb2                mmReverbDisable
                0x0000000002000cb6                mmReverbConfigure
                0x0000000002000d12                mmReverbStart
                0x0000000002000d16                mmReverbStop
 .text          0x0000000002000d64      0x120 C:/devkitPro/libnds/lib\libmm9.a(mm_memory.o)
                0x0000000002000d64                mmLoad
                0x0000000002000db4                mmUnload
                0x0000000002000e0c                mmLoadEffect
                0x0000000002000e44                mmUnloadEffect
 .text          0x0000000002000e84      0x108 C:/devkitPro/libnds/lib\libmm9.a(mm_main9.o)
                0x0000000002000e84                mmActive
                0x0000000002000e8a                mmSetEventHandler
                0x0000000002000e90                mmInit
                0x0000000002000eba                mmInitDefault
                0x0000000002000f04                mmInitDefaultMem
                0x0000000002000f26                mmSuspendIRQ_t
                0x0000000002000f44                mmRestoreIRQ_t
 .text          0x0000000002000f8c      0x100 C:/devkitPro/libnds/lib\libmm9.a(mm_soundbank.o)
                0x0000000002000f8c                mmSoundBankInMemory
                0x0000000002000f94                mmSoundBankInFiles
                0x0000000002000fa6                mmSetCustomSoundBankHandler
                0x0000000002000fd2                mmsHandleFileOp
 .text          0x000000000200108c       0x3c C:/devkitPro/libnds/lib\libmm9.a(mm_flusher.o)
                0x000000000200108c                mmFlushBank
 .text          0x00000000020010c8      0x198 c:/devkitpro/devkitarm/bin/../lib/gcc/arm-none-eabi/12.1.0\libgcc.a(_arm_mulsf3.o)
                0x00000000020010c8                __aeabi_fmul
                0x00000000020010c8                __mulsf3
 .text          0x0000000002001260      0x148 c:/devkitpro/devkitarm/bin/../lib/gcc/arm-none-eabi/12.1.0\libgcc.a(_divsi3.o)
                0x0000000002001260                __divsi3
                0x0000000002001260                __aeabi_idiv
                0x0000000002001388                __aeabi_idivmod
 .text          0x00000000020013a8        0x4 c:/devkitpro/devkitarm/bin/../lib/gcc/arm-none-eabi/12.1.0\libgcc.a(_dvmd_tls.o)
                0x00000000020013a8                __aeabi_idiv0
                0x00000000020013a8                __aeabi_ldiv0
 .text          0x00000000020013ac      0x424 c:/devkitpro/devkitarm/bin/../lib/gcc/arm-none-eabi/12.1.0\libgcc.a(_arm_addsubdf3.o)
                0x00000000020013ac                __aeabi_drsub
                0x00000000020013b4                __aeabi_dsub
                0x00000000020013b4                __subdf3
                0x00000000020013b8                __aeabi_dadd
                0x00000000020013b8                __adddf3
                0x00000000020016c8                __floatunsidf
                0x00000000020016c8                __aeabi_ui2d
                0x00000000020016ec                __floatsidf
                0x00000000020016ec                __aeabi_i2d
                0x0000000002001714                __aeabi_f2d
                0x0000000002001714                __extendsfdf2
                0x000000000200175c                __floatundidf
                0x000000000200175c                __aeabi_ul2d
                0x0000000002001770                __floatdidf
                0x0000000002001770                __aeabi_l2d
 .text          0x00000000020017d0      0x144 c:/devkitpro/devkitarm/bin/../lib/gcc/arm-none-eabi/12.1.0\libgcc.a(_arm_cmpdf2.o)
                0x00000000020017d0                __gtdf2
                0x00000000020017d0                __gedf2
                0x00000000020017d8                __ltdf2
                0x00000000020017d8                __ledf2
                0x00000000020017e0                __nedf2
                0x00000000020017e0                __eqdf2
                0x00000000020017e0                __cmpdf2
                0x0000000002001868                __aeabi_cdrcmple
                0x0000000002001884                __aeabi_cdcmpeq
                0x0000000002001884                __aeabi_cdcmple
                0x000000000200189c                __aeabi_dcmpeq
                0x00000000020018b4                __aeabi_dcmplt
                0x00000000020018cc                __aeabi_dcmple
                0x00000000020018e4                __aeabi_dcmpge
                0x00000000020018fc                __aeabi_dcmpgt
 .text          0x0000000002001914       0x5c c:/devkitpro/devkitarm/bin/../lib/gcc/arm-none-eabi/12.1.0\libgcc.a(_arm_fixdfsi.o)
                0x0000000002001914                __aeabi_d2iz
                0x0000000002001914                __fixdfsi
 .text          0x0000000002001970       0xa0 c:/devkitpro/devkitarm/bin/../lib/gcc/arm-none-eabi/12.1.0\libgcc.a(_arm_truncdfsf2.o)
                0x0000000002001970                __truncdfsf2
                0x0000000002001970                __aeabi_d2f
 .text          0x0000000002001a10      0x2ac c:/devkitpro/devkitarm/bin/../lib/gcc/arm-none-eabi/12.1.0\libgcc.a(_arm_addsubsf3.o)
                0x0000000002001a10                __aeabi_frsub
                0x0000000002001a18                __subsf3
                0x0000000002001a18                __aeabi_fsub
                0x0000000002001a1c                __aeabi_fadd
                0x0000000002001a1c                __addsf3
                0x0000000002001bd8                __aeabi_ui2f
                0x0000000002001bd8                __floatunsisf
                0x0000000002001be0                __aeabi_i2f
                0x0000000002001be0                __floatsisf
                0x0000000002001c00                __aeabi_ul2f
                0x0000000002001c00                __floatundisf
                0x0000000002001c10                __aeabi_l2f
                0x0000000002001c10                __floatdisf
 .text          0x0000000002001cbc      0x114 c:/devkitpro/devkitarm/bin/../lib/gcc/arm-none-eabi/12.1.0\libgcc.a(_arm_cmpsf2.o)
                0x0000000002001cbc                __gesf2
                0x0000000002001cbc                __gtsf2
                0x0000000002001cc4                __lesf2
                0x0000000002001cc4                __ltsf2
                0x0000000002001ccc                __nesf2
                0x0000000002001ccc                __eqsf2
                0x0000000002001ccc                __cmpsf2
                0x0000000002001d30                __aeabi_cfrcmple
                0x0000000002001d40                __aeabi_cfcmpeq
                0x0000000002001d40                __aeabi_cfcmple
                0x0000000002001d58                __aeabi_fcmpeq
                0x0000000002001d70                __aeabi_fcmplt
                0x0000000002001d88                __aeabi_fcmple
                0x0000000002001da0                __aeabi_fcmpge
                0x0000000002001db8                __aeabi_fcmpgt
 .text          0x0000000002001dd0       0x5c c:/devkitpro/devkitarm/bin/../lib/gcc/arm-none-eabi/12.1.0\libgcc.a(_arm_fixsfsi.o)
                0x0000000002001dd0                __aeabi_f2iz
                0x0000000002001dd0                __fixsfsi
 .text          0x0000000002001e2c      0x224 c:/devkitpro/devkitarm/bin/../lib/gcc/arm-none-eabi/12.1.0/../../../../arm-none-eabi/lib\libg.a(lib_a-strcmp.o)
                0x0000000002001e2c                strcmp
 .text          0x0000000002002050      0x114 c:/devkitpro/devkitarm/bin/../lib/gcc/arm-none-eabi/12.1.0\libgcc.a(_udivsi3.o)
                0x0000000002002050                __aeabi_uidiv
                0x0000000002002050                __udivsi3
                0x0000000002002144                __aeabi_uidivmod
 .text          0x0000000002002164       0x3c c:/devkitpro/devkitarm/bin/../lib/gcc/arm-none-eabi/12.1.0\libgcc.a(_aeabi_uldivmod.o)
                0x0000000002002164                __aeabi_uldivmod
 .text          0x00000000020021a0       0x28 c:/devkitpro/devkitarm/bin/../lib/gcc/arm-none-eabi/12.1.0\libgcc.a(_clzdi2.o)
                0x00000000020021a0                __clzdi2
 .text          0x00000000020021c8       0x48 c:/devkitpro/devkitarm/bin/../lib/gcc/arm-none-eabi/12.1.0\libgcc.a(_clzsi2.o)
                0x00000000020021c8                __clzsi2
 *(EXCLUDE_FILE(*.twl* *.vectors* *.itcm*) .stub)
 *(EXCLUDE_FILE(*.twl* *.vectors* *.itcm*) .text.*)
 .text.__do_global_dtors_aux
                0x0000000002002210       0x40 c:/devkitpro/devkitarm/bin/../lib/gcc/arm-none-eabi/12.1.0/crtbegin.o
 .text.frame_dummy
                0x0000000002002250       0x30 c:/devkitpro/devkitarm/bin/../lib/gcc/arm-none-eabi/12.1.0/crtbegin.o
 .text.startup  0x0000000002002280     0x1094 main.o
                0x0000000002002280                main
 .text.newRow   0x0000000002003314       0xa8 C:/devkitPro/libnds/lib\libnds9.a(console.o)
 .text.consolePrintChar
                0x00000000020033bc       0xe0 C:/devkitPro/libnds/lib\libnds9.a(console.o)
                0x00000000020033bc                consolePrintChar
 .text.con_write
                0x000000000200349c      0x36c C:/devkitPro/libnds/lib\libnds9.a(console.o)
                0x000000000200349c                con_write
 .text.consoleLoadFont
                0x0000000002003808      0x2a0 C:/devkitPro/libnds/lib\libnds9.a(console.o)
                0x0000000002003808                consoleLoadFont
 .text.consoleInit
                0x0000000002003aa8      0x18c C:/devkitPro/libnds/lib\libnds9.a(console.o)
                0x0000000002003aa8                consoleInit
 .text.consoleDemoInit
                0x0000000002003c34       0x40 C:/devkitPro/libnds/lib\libnds9.a(console.o)
                0x0000000002003c34                consoleDemoInit
 .text.SetOrtho
                0x0000000002003c74      0x184 C:/devkitPro/libnds/lib\libnds9.a(gl2d.o)
                0x0000000002003c74                SetOrtho
 .text.glScreen2D
                0x0000000002003df8      0x540 C:/devkitPro/libnds/lib\libnds9.a(gl2d.o)
                0x0000000002003df8                glScreen2D
 .text.glBegin2D
                0x0000000002004338       0x84 C:/devkitPro/libnds/lib\libnds9.a(gl2d.o)
                0x0000000002004338                glBegin2D
 .text.glBoxFilled
                0x00000000020043bc       0x98 C:/devkitPro/libnds/lib\libnds9.a(gl2d.o)
                0x00000000020043bc                glBoxFilled
 .text.glSprite
                0x0000000002004454      0x108 C:/devkitPro/libnds/lib\libnds9.a(gl2d.o)
                0x0000000002004454                glSprite
 .text.glSpriteRotate
                0x000000000200455c      0x174 C:/devkitPro/libnds/lib\libnds9.a(gl2d.o)
                0x000000000200455c                glSpriteRotate
 .text.glLoadTileSet
                0x00000000020046d0       0xd0 C:/devkitPro/libnds/lib\libnds9.a(gl2d.o)
                0x00000000020046d0                glLoadTileSet
 .text.vramBlock__deallocateBlock.part.0
                0x00000000020047a0      0x190 C:/devkitPro/libnds/lib\libnds9.a(videoGL.o)
 .text.glMaterialf
                0x0000000002004930       0x7c C:/devkitPro/libnds/lib\libnds9.a(videoGL.o)
                0x0000000002004930                glMaterialf
 .text.vramBlock_init
                0x00000000020049ac       0x5c C:/devkitPro/libnds/lib\libnds9.a(videoGL.o)
                0x00000000020049ac                vramBlock_init
 .text.vramBlock__allocateBlock
                0x0000000002004a08      0x178 C:/devkitPro/libnds/lib\libnds9.a(videoGL.o)
                0x0000000002004a08                vramBlock__allocateBlock
 .text.vramBlock_examineSpecial
                0x0000000002004b80      0x238 C:/devkitPro/libnds/lib\libnds9.a(videoGL.o)
                0x0000000002004b80                vramBlock_examineSpecial
 .text.vramBlock_allocateSpecial
                0x0000000002004db8       0x6c C:/devkitPro/libnds/lib\libnds9.a(videoGL.o)
                0x0000000002004db8                vramBlock_allocateSpecial
 .text.vramBlock_allocateBlock
                0x0000000002004e24       0x30 C:/devkitPro/libnds/lib\libnds9.a(videoGL.o)
                0x0000000002004e24                vramBlock_allocateBlock
 .text.vramBlock_deallocateBlock
                0x0000000002004e54       0x48 C:/devkitPro/libnds/lib\libnds9.a(videoGL.o)
                0x0000000002004e54                vramBlock_deallocateBlock
 .text.removePaletteFromTexture.part.0
                0x0000000002004e9c       0x68 C:/devkitPro/libnds/lib\libnds9.a(videoGL.o)
 .text.glInit_C
                0x0000000002004f04      0x1cc C:/devkitPro/libnds/lib\libnds9.a(videoGL.o)
                0x0000000002004f04                glInit_C
 .text.glGenTextures
                0x00000000020050d0       0x80 C:/devkitPro/libnds/lib\libnds9.a(videoGL.o)
                0x00000000020050d0                glGenTextures
 .text.vramGetBank
                0x0000000002005150       0xb8 C:/devkitPro/libnds/lib\libnds9.a(videoGL.o)
                0x0000000002005150                vramGetBank
 .text.glBindTexture
                0x0000000002005208       0x60 C:/devkitPro/libnds/lib\libnds9.a(videoGL.o)
                0x0000000002005208                glBindTexture
 .text.glColorTableEXT
                0x0000000002005268      0x1d8 C:/devkitPro/libnds/lib\libnds9.a(videoGL.o)
                0x0000000002005268                glColorTableEXT
 .text.glTexImage2D
                0x0000000002005440      0x40c C:/devkitPro/libnds/lib\libnds9.a(videoGL.o)
                0x0000000002005440                glTexImage2D
 .text.scanKeys
                0x000000000200584c       0x8c C:/devkitPro/libnds/lib\libnds9.a(keys.o)
                0x000000000200584c                scanKeys
 .text.keysDown
                0x00000000020058d8       0x14 C:/devkitPro/libnds/lib\libnds9.a(keys.o)
                0x00000000020058d8                keysDown
 .text.__syscall_gettod_r
                0x00000000020058ec       0x28 C:/devkitPro/libnds/lib\libnds9.a(initSystem.o)
                0x00000000020058ec                __syscall_gettod_r
 .text.initSystem
                0x0000000002005914      0x180 C:/devkitPro/libnds/lib\libnds9.a(initSystem.o)
                0x0000000002005914                initSystem
 .text.irqDummy
                0x0000000002005a94        0x4 C:/devkitPro/libnds/lib\libnds9.a(interrupts.o)
                0x0000000002005a94                irqDummy
 .text.irqSet   0x0000000002005a98       0x6c C:/devkitPro/libnds/lib\libnds9.a(interrupts.o)
                0x0000000002005a98                irqSet
 .text.irqInit  0x0000000002005b04       0x50 C:/devkitPro/libnds/lib\libnds9.a(interrupts.o)
                0x0000000002005b04                irqInit
 .text.irqEnable
                0x0000000002005b54       0x64 C:/devkitPro/libnds/lib\libnds9.a(interrupts.o)
                0x0000000002005b54                irqEnable
 .text.systemErrorExit
                0x0000000002005bb8        0x4 C:/devkitPro/libnds/lib\libnds9.a(libnds_exit.arm.o)
                0x0000000002005bb8                systemErrorExit
 .text.__libnds_exit
                0x0000000002005bbc       0x5c C:/devkitPro/libnds/lib\libnds9.a(libnds_exit.arm.o)
                0x0000000002005bbc                __libnds_exit
 .text.fifo_queueBlock
                0x0000000002005c18       0x44 C:/devkitPro/libnds/lib\libnds9.a(fifosystem.o)
 .text.fifo_waitBlock
                0x0000000002005c5c       0x80 C:/devkitPro/libnds/lib\libnds9.a(fifosystem.o)
 .text.fifoInternalSend.part.0
                0x0000000002005cdc       0xd4 C:/devkitPro/libnds/lib\libnds9.a(fifosystem.o)
 .text.fifoInternalSendInterrupt
                0x0000000002005db0       0xb0 C:/devkitPro/libnds/lib\libnds9.a(fifosystem.o)
 .text.fifoSetValue32Handler
                0x0000000002005e60       0xd4 C:/devkitPro/libnds/lib\libnds9.a(fifosystem.o)
                0x0000000002005e60                fifoSetValue32Handler
 .text.fifoSendValue32
                0x0000000002005f34       0x4c C:/devkitPro/libnds/lib\libnds9.a(fifosystem.o)
                0x0000000002005f34                fifoSendValue32
 .text.fifoSendDatamsg
                0x0000000002005f80       0x90 C:/devkitPro/libnds/lib\libnds9.a(fifosystem.o)
                0x0000000002005f80                fifoSendDatamsg
 .text.fifoGetDatamsg
                0x0000000002006010       0xf4 C:/devkitPro/libnds/lib\libnds9.a(fifosystem.o)
                0x0000000002006010                fifoGetDatamsg
 .text.fifoInternalRecvInterrupt
                0x0000000002006104      0x37c C:/devkitPro/libnds/lib\libnds9.a(fifosystem.o)
 .text.fifoSetDatamsgHandler
                0x0000000002006480       0x9c C:/devkitPro/libnds/lib\libnds9.a(fifosystem.o)
                0x0000000002006480                fifoSetDatamsgHandler
 .text.fifoInit
                0x000000000200651c      0x108 C:/devkitPro/libnds/lib\libnds9.a(fifosystem.o)
                0x000000000200651c                fifoInit
 .text.__libnds_mpu_setup
                0x0000000002006624      0x174 C:/devkitPro/libnds/lib\libnds9.a(mpu_setup.o)
                0x0000000002006624                __libnds_mpu_setup
 .text.memUncached
                0x0000000002006798       0x20 C:/devkitPro/libnds/lib\libnds9.a(mpu_setup.o)
                0x0000000002006798                memUncached
 .text.swiWaitForVBlank
                0x00000000020067b8        0x8 C:/devkitPro/libnds/lib\libnds9.a(IntrWait.o)
                0x00000000020067b8                swiWaitForVBlank
 .text.swiIntrWait
                0x00000000020067c0       0x70 C:/devkitPro/libnds/lib\libnds9.a(IntrWait.o)
                0x00000000020067c0                swiIntrWait
 .text.setCpuClock
                0x0000000002006830       0x50 C:/devkitPro/libnds/lib\libnds9.a(cpu_clock.o)
                0x0000000002006830                setCpuClock
 .text.swiDelay
                0x0000000002006880        0x4 C:/devkitPro/libnds/lib\libnds9.a(biosCalls.o)
                0x0000000002006880                swiDelay
 .text.swiCopy  0x0000000002006884        0x4 C:/devkitPro/libnds/lib\libnds9.a(biosCalls.o)
                0x0000000002006884                swiCopy
 .text.swiSoftReset
                0x0000000002006888       0x2c C:/devkitPro/libnds/lib\libnds9.a(swiSoftReset.o)
                0x0000000002006888                swiSoftReset
 .text.checkIfText
                0x00000000020068b4       0x5c C:/devkitPro/libnds/lib\libnds9.a(background.o)
                0x00000000020068b4                checkIfText
 .text.bgUpdate
                0x0000000002006910       0xf4 C:/devkitPro/libnds/lib\libnds9.a(background.o)
                0x0000000002006910                bgUpdate
 .text.bgInit_call
                0x0000000002006a04       0xc4 C:/devkitPro/libnds/lib\libnds9.a(background.o)
                0x0000000002006a04                bgInit_call
 .text.bgInitSub_call
                0x0000000002006ac8       0xcc C:/devkitPro/libnds/lib\libnds9.a(background.o)
                0x0000000002006ac8                bgInitSub_call
 .text.DynamicArrayInit
                0x0000000002006b94       0x18 C:/devkitPro/libnds/lib\libnds9.a(dynamicArray.o)
                0x0000000002006b94                DynamicArrayInit
 .text.DynamicArrayGet
                0x0000000002006bac       0x18 C:/devkitPro/libnds/lib\libnds9.a(dynamicArray.o)
                0x0000000002006bac                DynamicArrayGet
 .text.DynamicArraySet
                0x0000000002006bc4       0x48 C:/devkitPro/libnds/lib\libnds9.a(dynamicArray.o)
                0x0000000002006bc4                DynamicArraySet
 .text.sinLutLookup
                0x0000000002006c0c       0x4c C:/devkitPro/libnds/lib\libnds9.a(trig.o)
                0x0000000002006c0c                sinLutLookup
 .text.sinLerp  0x0000000002006c58       0x40 C:/devkitPro/libnds/lib\libnds9.a(trig.o)
                0x0000000002006c58                sinLerp
 .text.cosLerp  0x0000000002006c98       0x4c C:/devkitPro/libnds/lib\libnds9.a(trig.o)
                0x0000000002006c98                cosLerp
 .text.tanLerp  0x0000000002006ce4       0xb0 C:/devkitPro/libnds/lib\libnds9.a(trig.o)
                0x0000000002006ce4                tanLerp
 .text.vramRestorePrimaryBanks
                0x0000000002006d94        0xc C:/devkitPro/libnds/lib\libnds9.a(video.o)
                0x0000000002006d94                vramRestorePrimaryBanks
 .text.vramRestoreBanks_EFG
                0x0000000002006da0        0xc C:/devkitPro/libnds/lib\libnds9.a(video.o)
                0x0000000002006da0                vramRestoreBanks_EFG
 .text.vramDefault
                0x0000000002006dac       0xd0 C:/devkitPro/libnds/lib\libnds9.a(video.o)
                0x0000000002006dac                vramDefault
 .text.systemValueHandler
                0x0000000002006e7c       0x48 C:/devkitPro/libnds/lib\libnds9.a(system.o)
                0x0000000002006e7c                systemValueHandler
 .text.systemMsgHandler
                0x0000000002006ec4       0x60 C:/devkitPro/libnds/lib\libnds9.a(system.o)
                0x0000000002006ec4                systemMsgHandler
 .text.powerOn  0x0000000002006f24       0x2c C:/devkitPro/libnds/lib\libnds9.a(system.o)
                0x0000000002006f24                powerOn
 .text.__muldi3
                0x0000000002006f50       0x18 c:/devkitpro/devkitarm/bin/../lib/gcc/arm-none-eabi/12.1.0\libgcc.a(_muldi3.o)
                0x0000000002006f50                __muldi3
                0x0000000002006f50                __aeabi_lmul
 .text.calloc   0x0000000002006f68       0x24 c:/devkitpro/devkitarm/bin/../lib/gcc/arm-none-eabi/12.1.0/../../../../arm-none-eabi/lib\libg.a(lib_a-calloc.o)
                0x0000000002006f68                calloc
 .text._calloc_r
                0x0000000002006f8c       0xd0 c:/devkitpro/devkitarm/bin/../lib/gcc/arm-none-eabi/12.1.0/../../../../arm-none-eabi/lib\libg.a(lib_a-callocr.o)
                0x0000000002006f8c                _calloc_r
 .text.__errno  0x000000000200705c       0x10 c:/devkitpro/devkitarm/bin/../lib/gcc/arm-none-eabi/12.1.0/../../../../arm-none-eabi/lib\libg.a(lib_a-errno.o)
                0x000000000200705c                __errno
 .text._fclose_r
                0x000000000200706c      0x164 c:/devkitpro/devkitarm/bin/../lib/gcc/arm-none-eabi/12.1.0/../../../../arm-none-eabi/lib\libg.a(lib_a-fclose.o)
                0x000000000200706c                _fclose_r
 .text.fclose   0x00000000020071d0       0x18 c:/devkitpro/devkitarm/bin/../lib/gcc/arm-none-eabi/12.1.0/../../../../arm-none-eabi/lib\libg.a(lib_a-fclose.o)
                0x00000000020071d0                fclose
 .text.__sflush_r
                0x00000000020071e8      0x250 c:/devkitpro/devkitarm/bin/../lib/gcc/arm-none-eabi/12.1.0/../../../../arm-none-eabi/lib\libg.a(lib_a-fflush.o)
                0x00000000020071e8                __sflush_r
 .text._fflush_r
                0x0000000002007438       0x9c c:/devkitpro/devkitarm/bin/../lib/gcc/arm-none-eabi/12.1.0/../../../../arm-none-eabi/lib\libg.a(lib_a-fflush.o)
                0x0000000002007438                _fflush_r
 .text.fflush   0x00000000020074d4       0x3c c:/devkitpro/devkitarm/bin/../lib/gcc/arm-none-eabi/12.1.0/../../../../arm-none-eabi/lib\libg.a(lib_a-fflush.o)
                0x00000000020074d4                fflush
 .text._cleanup_r
                0x0000000002007510       0x18 c:/devkitpro/devkitarm/bin/../lib/gcc/arm-none-eabi/12.1.0/../../../../arm-none-eabi/lib\libg.a(lib_a-findfp.o)
                0x0000000002007510                _cleanup_r
 .text.__sinit  0x0000000002007528      0x18c c:/devkitpro/devkitarm/bin/../lib/gcc/arm-none-eabi/12.1.0/../../../../arm-none-eabi/lib\libg.a(lib_a-findfp.o)
                0x0000000002007528                __sinit
 .text.__sfp    0x00000000020076b4      0x138 c:/devkitpro/devkitarm/bin/../lib/gcc/arm-none-eabi/12.1.0/../../../../arm-none-eabi/lib\libg.a(lib_a-findfp.o)
                0x00000000020076b4                __sfp
 .text.__sfp_lock_acquire
                0x00000000020077ec       0x18 c:/devkitpro/devkitarm/bin/../lib/gcc/arm-none-eabi/12.1.0/../../../../arm-none-eabi/lib\libg.a(lib_a-findfp.o)
                0x00000000020077ec                __sfp_lock_acquire
 .text.__sfp_lock_release
                0x0000000002007804       0x18 c:/devkitpro/devkitarm/bin/../lib/gcc/arm-none-eabi/12.1.0/../../../../arm-none-eabi/lib\libg.a(lib_a-findfp.o)
                0x0000000002007804                __sfp_lock_release
 .text._fopen_r
                0x000000000200781c      0x140 c:/devkitpro/devkitarm/bin/../lib/gcc/arm-none-eabi/12.1.0/../../../../arm-none-eabi/lib\libg.a(lib_a-fopen.o)
                0x000000000200781c                _fopen_r
 .text.fopen    0x000000000200795c       0x20 c:/devkitpro/devkitarm/bin/../lib/gcc/arm-none-eabi/12.1.0/../../../../arm-none-eabi/lib\libg.a(lib_a-fopen.o)
                0x000000000200795c                fopen
 .text._fread_r
                0x000000000200797c      0x2d8 c:/devkitpro/devkitarm/bin/../lib/gcc/arm-none-eabi/12.1.0/../../../../arm-none-eabi/lib\libg.a(lib_a-fread.o)
                0x000000000200797c                _fread_r
 .text.fread    0x0000000002007c54       0x3c c:/devkitpro/devkitarm/bin/../lib/gcc/arm-none-eabi/12.1.0/../../../../arm-none-eabi/lib\libg.a(lib_a-fread.o)
                0x0000000002007c54                fread
 .text._malloc_trim_r
                0x0000000002007c90      0x100 c:/devkitpro/devkitarm/bin/../lib/gcc/arm-none-eabi/12.1.0/../../../../arm-none-eabi/lib\libg.a(lib_a-freer.o)
                0x0000000002007c90                _malloc_trim_r
 .text._free_r  0x0000000002007d90      0x2e8 c:/devkitpro/devkitarm/bin/../lib/gcc/arm-none-eabi/12.1.0/../../../../arm-none-eabi/lib\libg.a(lib_a-freer.o)
                0x0000000002007d90                _free_r
 .text._fseek_r
                0x0000000002008078       0x20 c:/devkitpro/devkitarm/bin/../lib/gcc/arm-none-eabi/12.1.0/../../../../arm-none-eabi/lib\libg.a(lib_a-fseek.o)
                0x0000000002008078                _fseek_r
 .text.fseek    0x0000000002008098       0x38 c:/devkitpro/devkitarm/bin/../lib/gcc/arm-none-eabi/12.1.0/../../../../arm-none-eabi/lib\libg.a(lib_a-fseek.o)
                0x0000000002008098                fseek
 .text._fseeko_r
                0x00000000020080d0      0x5a0 c:/devkitpro/devkitarm/bin/../lib/gcc/arm-none-eabi/12.1.0/../../../../arm-none-eabi/lib\libg.a(lib_a-fseeko.o)
                0x00000000020080d0                _fseeko_r
 .text._fwalk   0x0000000002008670       0x70 c:/devkitpro/devkitarm/bin/../lib/gcc/arm-none-eabi/12.1.0/../../../../arm-none-eabi/lib\libg.a(lib_a-fwalk.o)
                0x0000000002008670                _fwalk
 .text._fwalk_reent
                0x00000000020086e0       0x78 c:/devkitpro/devkitarm/bin/../lib/gcc/arm-none-eabi/12.1.0/../../../../arm-none-eabi/lib\libg.a(lib_a-fwalk.o)
                0x00000000020086e0                _fwalk_reent
 .text.__libc_init_array
                0x0000000002008758       0x90 c:/devkitpro/devkitarm/bin/../lib/gcc/arm-none-eabi/12.1.0/../../../../arm-none-eabi/lib\libg.a(lib_a-init.o)
                0x0000000002008758                __libc_init_array
 .text.iprintf  0x00000000020087e8       0x34 c:/devkitpro/devkitarm/bin/../lib/gcc/arm-none-eabi/12.1.0/../../../../arm-none-eabi/lib\libg.a(lib_a-iprintf.o)
                0x00000000020087e8                iprintf
 .text.__smakebuf_r
                0x000000000200881c      0x144 c:/devkitpro/devkitarm/bin/../lib/gcc/arm-none-eabi/12.1.0/../../../../arm-none-eabi/lib\libg.a(lib_a-makebuf.o)
                0x000000000200881c                __smakebuf_r
 .text.__swhatbuf_r
                0x0000000002008960       0x80 c:/devkitpro/devkitarm/bin/../lib/gcc/arm-none-eabi/12.1.0/../../../../arm-none-eabi/lib\libg.a(lib_a-makebuf.o)
                0x0000000002008960                __swhatbuf_r
 .text.malloc   0x00000000020089e0       0x1c c:/devkitpro/devkitarm/bin/../lib/gcc/arm-none-eabi/12.1.0/../../../../arm-none-eabi/lib\libg.a(lib_a-malloc.o)
                0x00000000020089e0                malloc
 .text.free     0x00000000020089fc       0x1c c:/devkitpro/devkitarm/bin/../lib/gcc/arm-none-eabi/12.1.0/../../../../arm-none-eabi/lib\libg.a(lib_a-malloc.o)
                0x00000000020089fc                free
 .text._malloc_r
                0x0000000002008a18      0x7f0 c:/devkitpro/devkitarm/bin/../lib/gcc/arm-none-eabi/12.1.0/../../../../arm-none-eabi/lib\libg.a(lib_a-mallocr.o)
                0x0000000002008a18                _malloc_r
 .text.memcpy   0x0000000002009208      0x114 c:/devkitpro/devkitarm/bin/../lib/gcc/arm-none-eabi/12.1.0/../../../../arm-none-eabi/lib\libg.a(lib_a-memcpy-stub.o)
                0x0000000002009208                memcpy
 .text.memset   0x000000000200931c       0xfc c:/devkitpro/devkitarm/bin/../lib/gcc/arm-none-eabi/12.1.0/../../../../arm-none-eabi/lib\libg.a(lib_a-memset.o)
                0x000000000200931c                memset
 .text.__malloc_lock
                0x0000000002009418       0x18 c:/devkitpro/devkitarm/bin/../lib/gcc/arm-none-eabi/12.1.0/../../../../arm-none-eabi/lib\libg.a(lib_a-mlock.o)
                0x0000000002009418                __malloc_lock
 .text.__malloc_unlock
                0x0000000002009430       0x18 c:/devkitpro/devkitarm/bin/../lib/gcc/arm-none-eabi/12.1.0/../../../../arm-none-eabi/lib\libg.a(lib_a-mlock.o)
                0x0000000002009430                __malloc_unlock
 .text.srand    0x0000000002009448       0x20 c:/devkitpro/devkitarm/bin/../lib/gcc/arm-none-eabi/12.1.0/../../../../arm-none-eabi/lib\libg.a(lib_a-rand.o)
                0x0000000002009448                srand
 .text.rand     0x0000000002009468       0x48 c:/devkitpro/devkitarm/bin/../lib/gcc/arm-none-eabi/12.1.0/../../../../arm-none-eabi/lib\libg.a(lib_a-rand.o)
                0x0000000002009468                rand
 .text.realloc  0x00000000020094b0       0x24 c:/devkitpro/devkitarm/bin/../lib/gcc/arm-none-eabi/12.1.0/../../../../arm-none-eabi/lib\libg.a(lib_a-realloc.o)
                0x00000000020094b0                realloc
 .text._realloc_r
                0x00000000020094d4      0x4b8 c:/devkitpro/devkitarm/bin/../lib/gcc/arm-none-eabi/12.1.0/../../../../arm-none-eabi/lib\libg.a(lib_a-reallocr.o)
                0x00000000020094d4                _realloc_r
 .text.lflush   0x000000000200998c       0x28 c:/devkitpro/devkitarm/bin/../lib/gcc/arm-none-eabi/12.1.0/../../../../arm-none-eabi/lib\libg.a(lib_a-refill.o)
 .text.__srefill_r
                0x00000000020099b4      0x198 c:/devkitpro/devkitarm/bin/../lib/gcc/arm-none-eabi/12.1.0/../../../../arm-none-eabi/lib\libg.a(lib_a-refill.o)
                0x00000000020099b4                __srefill_r
 .text.setvbuf  0x0000000002009b4c      0x25c c:/devkitpro/devkitarm/bin/../lib/gcc/arm-none-eabi/12.1.0/../../../../arm-none-eabi/lib\libg.a(lib_a-setvbuf.o)
                0x0000000002009b4c                setvbuf
 .text.siscanf  0x0000000002009da8       0x74 c:/devkitpro/devkitarm/bin/../lib/gcc/arm-none-eabi/12.1.0/../../../../arm-none-eabi/lib\libg.a(lib_a-siscanf.o)
                0x0000000002009da8                siscanf
 .text.__sread  0x0000000002009e1c       0x4c c:/devkitpro/devkitarm/bin/../lib/gcc/arm-none-eabi/12.1.0/../../../../arm-none-eabi/lib\libg.a(lib_a-stdio.o)
                0x0000000002009e1c                __sread
 .text.__seofread
                0x0000000002009e68        0x8 c:/devkitpro/devkitarm/bin/../lib/gcc/arm-none-eabi/12.1.0/../../../../arm-none-eabi/lib\libg.a(lib_a-stdio.o)
                0x0000000002009e68                __seofread
 .text.__swrite
                0x0000000002009e70       0x6c c:/devkitpro/devkitarm/bin/../lib/gcc/arm-none-eabi/12.1.0/../../../../arm-none-eabi/lib\libg.a(lib_a-stdio.o)
                0x0000000002009e70                __swrite
 .text.__sseek  0x0000000002009edc       0x48 c:/devkitpro/devkitarm/bin/../lib/gcc/arm-none-eabi/12.1.0/../../../../arm-none-eabi/lib\libg.a(lib_a-stdio.o)
                0x0000000002009edc                __sseek
 .text.__sclose
                0x0000000002009f24       0x14 c:/devkitpro/devkitarm/bin/../lib/gcc/arm-none-eabi/12.1.0/../../../../arm-none-eabi/lib\libg.a(lib_a-stdio.o)
                0x0000000002009f24                __sclose
 .text.strlen   0x0000000002009f38       0x60 c:/devkitpro/devkitarm/bin/../lib/gcc/arm-none-eabi/12.1.0/../../../../arm-none-eabi/lib\libg.a(lib_a-strlen-stub.o)
                0x0000000002009f38                strlen
 .text.get_arg  0x0000000002009f98       0x54 c:/devkitpro/devkitarm/bin/../lib/gcc/arm-none-eabi/12.1.0/../../../../arm-none-eabi/lib\libg.a(lib_a-svfiscanf.o)
 .text._sungetc_r
                0x0000000002009fec       0xdc c:/devkitpro/devkitarm/bin/../lib/gcc/arm-none-eabi/12.1.0/../../../../arm-none-eabi/lib\libg.a(lib_a-svfiscanf.o)
                0x0000000002009fec                _sungetc_r
 .text.__ssrefill_r
                0x000000000200a0c8       0x68 c:/devkitpro/devkitarm/bin/../lib/gcc/arm-none-eabi/12.1.0/../../../../arm-none-eabi/lib\libg.a(lib_a-svfiscanf.o)
                0x000000000200a0c8                __ssrefill_r
 .text._sfread_r
                0x000000000200a130       0xc8 c:/devkitpro/devkitarm/bin/../lib/gcc/arm-none-eabi/12.1.0/../../../../arm-none-eabi/lib\libg.a(lib_a-svfiscanf.o)
                0x000000000200a130                _sfread_r
 .text.__ssvfiscanf_r
                0x000000000200a1f8     0x2338 c:/devkitpro/devkitarm/bin/../lib/gcc/arm-none-eabi/12.1.0/../../../../arm-none-eabi/lib\libg.a(lib_a-svfiscanf.o)
                0x000000000200a1f8                __ssvfiscanf_r
 .text.time     0x000000000200c530       0x40 c:/devkitpro/devkitarm/bin/../lib/gcc/arm-none-eabi/12.1.0/../../../../arm-none-eabi/lib\libg.a(lib_a-time.o)
                0x000000000200c530                time
 .text.__submore
                0x000000000200c570       0xa8 c:/devkitpro/devkitarm/bin/../lib/gcc/arm-none-eabi/12.1.0/../../../../arm-none-eabi/lib\libg.a(lib_a-ungetc.o)
                0x000000000200c570                __submore
 .text.get_arg  0x000000000200c618      0x674 c:/devkitpro/devkitarm/bin/../lib/gcc/arm-none-eabi/12.1.0/../../../../arm-none-eabi/lib\libg.a(lib_a-vfiprintf.o)
 .text.__sprint_r
                0x000000000200cc8c       0x34 c:/devkitpro/devkitarm/bin/../lib/gcc/arm-none-eabi/12.1.0/../../../../arm-none-eabi/lib\libg.a(lib_a-vfiprintf.o)
                0x000000000200cc8c                __sprint_r
 .text._vfiprintf_r
                0x000000000200ccc0     0x2320 c:/devkitpro/devkitarm/bin/../lib/gcc/arm-none-eabi/12.1.0/../../../../arm-none-eabi/lib\libg.a(lib_a-vfiprintf.o)
                0x000000000200ccc0                _vfiprintf_r
 .text.__sbprintf
                0x000000000200efe0       0xd4 c:/devkitpro/devkitarm/bin/../lib/gcc/arm-none-eabi/12.1.0/../../../../arm-none-eabi/lib\libg.a(lib_a-vfiprintf.o)
 .text._wcrtomb_r
                0x000000000200f0b4       0x5c c:/devkitpro/devkitarm/bin/../lib/gcc/arm-none-eabi/12.1.0/../../../../arm-none-eabi/lib\libg.a(lib_a-wcrtomb.o)
                0x000000000200f0b4                _wcrtomb_r
 .text._wcsrtombs_r
                0x000000000200f110       0x2c c:/devkitpro/devkitarm/bin/../lib/gcc/arm-none-eabi/12.1.0/../../../../arm-none-eabi/lib\libg.a(lib_a-wcsrtombs.o)
                0x000000000200f110                _wcsrtombs_r
 .text.__swsetup_r
                0x000000000200f13c      0x148 c:/devkitpro/devkitarm/bin/../lib/gcc/arm-none-eabi/12.1.0/../../../../arm-none-eabi/lib\libg.a(lib_a-wsetup.o)
                0x000000000200f13c                __swsetup_r
 .text.__sflags
                0x000000000200f284       0xd0 c:/devkitpro/devkitarm/bin/../lib/gcc/arm-none-eabi/12.1.0/../../../../arm-none-eabi/lib\libg.a(lib_a-flags.o)
                0x000000000200f284                __sflags
 .text.__sfvwrite_r
                0x000000000200f354      0x4c8 c:/devkitpro/devkitarm/bin/../lib/gcc/arm-none-eabi/12.1.0/../../../../arm-none-eabi/lib\libg.a(lib_a-fvwrite.o)
                0x000000000200f354                __sfvwrite_r
 .text.iswspace
                0x000000000200f81c       0x14 c:/devkitpro/devkitarm/bin/../lib/gcc/arm-none-eabi/12.1.0/../../../../arm-none-eabi/lib\libg.a(lib_a-iswspace.o)
                0x000000000200f81c                iswspace
 .text._localeconv_r
                0x000000000200f830        0xc c:/devkitpro/devkitarm/bin/../lib/gcc/arm-none-eabi/12.1.0/../../../../arm-none-eabi/lib\libg.a(lib_a-localeconv.o)
                0x000000000200f830                _localeconv_r
 .text.__locale_mb_cur_max
                0x000000000200f83c       0x10 c:/devkitpro/devkitarm/bin/../lib/gcc/arm-none-eabi/12.1.0/../../../../arm-none-eabi/lib\libg.a(lib_a-locale.o)
                0x000000000200f83c                __locale_mb_cur_max
 .text._mbrtowc_r
                0x000000000200f84c       0x70 c:/devkitpro/devkitarm/bin/../lib/gcc/arm-none-eabi/12.1.0/../../../../arm-none-eabi/lib\libg.a(lib_a-mbrtowc.o)
                0x000000000200f84c                _mbrtowc_r
 .text.__utf8_mbtowc
                0x000000000200f8bc      0x308 c:/devkitpro/devkitarm/bin/../lib/gcc/arm-none-eabi/12.1.0/../../../../arm-none-eabi/lib\libg.a(lib_a-mbtowc_r.o)
                0x000000000200f8bc                __utf8_mbtowc
 .text.memchr   0x000000000200fbc4       0xf4 c:/devkitpro/devkitarm/bin/../lib/gcc/arm-none-eabi/12.1.0/../../../../arm-none-eabi/lib\libg.a(lib_a-memchr-stub.o)
                0x000000000200fbc4                memchr
 .text.memmove  0x000000000200fcb8      0x154 c:/devkitpro/devkitarm/bin/../lib/gcc/arm-none-eabi/12.1.0/../../../../arm-none-eabi/lib\libg.a(lib_a-memmove.o)
                0x000000000200fcb8                memmove
 .text.__sccl   0x000000000200fe0c       0xe4 c:/devkitpro/devkitarm/bin/../lib/gcc/arm-none-eabi/12.1.0/../../../../arm-none-eabi/lib\libg.a(lib_a-sccl.o)
                0x000000000200fe0c                __sccl
 .text.strchr   0x000000000200fef0      0x13c c:/devkitpro/devkitarm/bin/../lib/gcc/arm-none-eabi/12.1.0/../../../../arm-none-eabi/lib\libg.a(lib_a-strchr.o)
                0x000000000200fef0                strchr
 .text.strncpy  0x000000000201002c       0xd0 c:/devkitpro/devkitarm/bin/../lib/gcc/arm-none-eabi/12.1.0/../../../../arm-none-eabi/lib\libg.a(lib_a-strncpy.o)
                0x000000000201002c                strncpy
 .text._strtoll_l.constprop.0
                0x00000000020100fc      0x234 c:/devkitpro/devkitarm/bin/../lib/gcc/arm-none-eabi/12.1.0/../../../../arm-none-eabi/lib\libg.a(lib_a-strtoll.o)
 .text._strtoll_r
                0x0000000002010330        0x4 c:/devkitpro/devkitarm/bin/../lib/gcc/arm-none-eabi/12.1.0/../../../../arm-none-eabi/lib\libg.a(lib_a-strtoll.o)
                0x0000000002010330                _strtoll_r
 .text._strtol_l.part.0
                0x0000000002010334      0x1a8 c:/devkitpro/devkitarm/bin/../lib/gcc/arm-none-eabi/12.1.0/../../../../arm-none-eabi/lib\libg.a(lib_a-strtol.o)
 .text._strtol_r
                0x00000000020104dc       0x3c c:/devkitpro/devkitarm/bin/../lib/gcc/arm-none-eabi/12.1.0/../../../../arm-none-eabi/lib\libg.a(lib_a-strtol.o)
                0x00000000020104dc                _strtol_r
 .text._strtoull_l.constprop.0
                0x0000000002010518      0x248 c:/devkitpro/devkitarm/bin/../lib/gcc/arm-none-eabi/12.1.0/../../../../arm-none-eabi/lib\libg.a(lib_a-strtoull.o)
 .text._strtoull_r
                0x0000000002010760        0x4 c:/devkitpro/devkitarm/bin/../lib/gcc/arm-none-eabi/12.1.0/../../../../arm-none-eabi/lib\libg.a(lib_a-strtoull.o)
                0x0000000002010760                _strtoull_r
 .text._strtoul_l.constprop.0
                0x0000000002010764      0x1c8 c:/devkitpro/devkitarm/bin/../lib/gcc/arm-none-eabi/12.1.0/../../../../arm-none-eabi/lib\libg.a(lib_a-strtoul.o)
 .text._strtoul_r
                0x000000000201092c        0x4 c:/devkitpro/devkitarm/bin/../lib/gcc/arm-none-eabi/12.1.0/../../../../arm-none-eabi/lib\libg.a(lib_a-strtoul.o)
                0x000000000201092c                _strtoul_r
 .text._wcsnrtombs_l
                0x0000000002010930      0x198 c:/devkitpro/devkitarm/bin/../lib/gcc/arm-none-eabi/12.1.0/../../../../arm-none-eabi/lib\libg.a(lib_a-wcsnrtombs.o)
                0x0000000002010930                _wcsnrtombs_l
 .text._wcsnrtombs_r
                0x0000000002010ac8       0x50 c:/devkitpro/devkitarm/bin/../lib/gcc/arm-none-eabi/12.1.0/../../../../arm-none-eabi/lib\libg.a(lib_a-wcsnrtombs.o)
                0x0000000002010ac8                _wcsnrtombs_r
 .text.__utf8_wctomb
                0x0000000002010b18       0xf4 c:/devkitpro/devkitarm/bin/../lib/gcc/arm-none-eabi/12.1.0/../../../../arm-none-eabi/lib\libg.a(lib_a-wctomb_r.o)
                0x0000000002010b18                __utf8_wctomb
 .text.iswspace_l
                0x0000000002010c0c       0x44 c:/devkitpro/devkitarm/bin/../lib/gcc/arm-none-eabi/12.1.0/../../../../arm-none-eabi/lib\libg.a(lib_a-iswspace_l.o)
                0x0000000002010c0c                iswspace_l
 .text.__jp2uc  0x0000000002010c50      0x1e8 c:/devkitpro/devkitarm/bin/../lib/gcc/arm-none-eabi/12.1.0/../../../../arm-none-eabi/lib\libg.a(lib_a-jp2uc.o)
 .text._jp2uc_l
                0x0000000002010e38       0x94 c:/devkitpro/devkitarm/bin/../lib/gcc/arm-none-eabi/12.1.0/../../../../arm-none-eabi/lib\libg.a(lib_a-jp2uc.o)
                0x0000000002010e38                _jp2uc_l
 .text.strncmp  0x0000000002010ecc       0xec c:/devkitpro/devkitarm/bin/../lib/gcc/arm-none-eabi/12.1.0/../../../../arm-none-eabi/lib\libg.a(lib_a-strncmp.o)
                0x0000000002010ecc                strncmp
 .text.category
                0x0000000002010fb8       0x94 c:/devkitpro/devkitarm/bin/../lib/gcc/arm-none-eabi/12.1.0/../../../../arm-none-eabi/lib\libg.a(lib_a-categories.o)
                0x0000000002010fb8                category
 .text.null_write
                0x000000000201104c        0x8 c:/devkitpro/devkitarm/bin/../lib/gcc/arm-none-eabi/12.1.0/../../../../arm-none-eabi/lib\libsysbase.a(iosupport.o)
 .text.FindDevice
                0x0000000002011054       0xd4 c:/devkitpro/devkitarm/bin/../lib/gcc/arm-none-eabi/12.1.0/../../../../arm-none-eabi/lib\libsysbase.a(iosupport.o)
                0x0000000002011054                FindDevice
 .text._fstat_r
                0x0000000002011128       0x7c c:/devkitpro/devkitarm/bin/../lib/gcc/arm-none-eabi/12.1.0/../../../../arm-none-eabi/lib\libsysbase.a(fstat.o)
                0x0000000002011128                _fstat_r
 .text._gettimeofday_r
                0x00000000020111a4       0x34 c:/devkitpro/devkitarm/bin/../lib/gcc/arm-none-eabi/12.1.0/../../../../arm-none-eabi/lib\libsysbase.a(gettod.o)
                0x00000000020111a4                _gettimeofday_r
 .text._isatty_r
                0x00000000020111d8        0x8 c:/devkitpro/devkitarm/bin/../lib/gcc/arm-none-eabi/12.1.0/../../../../arm-none-eabi/lib\libsysbase.a(isatty.o)
                0x00000000020111d8                _isatty_r
 .text._lseek_r
                0x00000000020111e0       0x88 c:/devkitpro/devkitarm/bin/../lib/gcc/arm-none-eabi/12.1.0/../../../../arm-none-eabi/lib\libsysbase.a(lseek.o)
                0x00000000020111e0                _lseek_r
 .text._open_r  0x0000000002011268       0xc8 c:/devkitpro/devkitarm/bin/../lib/gcc/arm-none-eabi/12.1.0/../../../../arm-none-eabi/lib\libsysbase.a(open.o)
                0x0000000002011268                _open_r
 .text._read_r  0x0000000002011330       0x84 c:/devkitpro/devkitarm/bin/../lib/gcc/arm-none-eabi/12.1.0/../../../../arm-none-eabi/lib\libsysbase.a(read.o)
                0x0000000002011330                _read_r
 .text._sbrk_r  0x00000000020113b4       0x7c c:/devkitpro/devkitarm/bin/../lib/gcc/arm-none-eabi/12.1.0/../../../../arm-none-eabi/lib\libsysbase.a(sbrk.o)
                0x00000000020113b4                _sbrk_r
 .text._write_r
                0x0000000002011430       0x84 c:/devkitpro/devkitarm/bin/../lib/gcc/arm-none-eabi/12.1.0/../../../../arm-none-eabi/lib\libsysbase.a(write.o)
                0x0000000002011430                _write_r
 .text.build_argv
                0x00000000020114b4       0x80 c:/devkitpro/devkitarm/bin/../lib/gcc/arm-none-eabi/12.1.0/../../../../arm-none-eabi/lib\libsysbase.a(build_argv.o)
                0x00000000020114b4                build_argv
 .text.__flockfile
                0x0000000002011534       0x14 c:/devkitpro/devkitarm/bin/../lib/gcc/arm-none-eabi/12.1.0/../../../../arm-none-eabi/lib\libsysbase.a(flock.o)
                0x0000000002011534                __flockfile
 .text.__funlockfile
                0x0000000002011548       0x14 c:/devkitpro/devkitarm/bin/../lib/gcc/arm-none-eabi/12.1.0/../../../../arm-none-eabi/lib\libsysbase.a(flock.o)
                0x0000000002011548                __funlockfile
 .text.__release_handle
                0x000000000201155c       0x90 c:/devkitpro/devkitarm/bin/../lib/gcc/arm-none-eabi/12.1.0/../../../../arm-none-eabi/lib\libsysbase.a(handle_manager.o)
                0x000000000201155c                __release_handle
 .text.__alloc_handle
                0x00000000020115ec       0xb4 c:/devkitpro/devkitarm/bin/../lib/gcc/arm-none-eabi/12.1.0/../../../../arm-none-eabi/lib\libsysbase.a(handle_manager.o)
                0x00000000020115ec                __alloc_handle
 .text.__get_handle
                0x00000000020116a0       0x40 c:/devkitpro/devkitarm/bin/../lib/gcc/arm-none-eabi/12.1.0/../../../../arm-none-eabi/lib\libsysbase.a(handle_manager.o)
                0x00000000020116a0                __get_handle
 .text._close_r
                0x00000000020116e0       0xfc c:/devkitpro/devkitarm/bin/../lib/gcc/arm-none-eabi/12.1.0/../../../../arm-none-eabi/lib\libsysbase.a(handle_manager.o)
                0x00000000020116e0                _close_r
 .text.__getreent
                0x00000000020117dc       0x30 c:/devkitpro/devkitarm/bin/../lib/gcc/arm-none-eabi/12.1.0/../../../../arm-none-eabi/lib\libsysbase.a(getreent.o)
                0x00000000020117dc                __getreent
 .text.__libc_lock_acquire
                0x000000000201180c       0x20 c:/devkitpro/devkitarm/bin/../lib/gcc/arm-none-eabi/12.1.0/../../../../arm-none-eabi/lib\libsysbase.a(syscall_support.o)
                0x000000000201180c                __libc_lock_acquire
 .text.__libc_lock_release
                0x000000000201182c       0x20 c:/devkitpro/devkitarm/bin/../lib/gcc/arm-none-eabi/12.1.0/../../../../arm-none-eabi/lib\libsysbase.a(syscall_support.o)
                0x000000000201182c                __libc_lock_release
 .text.__libc_lock_init_recursive
                0x000000000201184c       0x20 c:/devkitpro/devkitarm/bin/../lib/gcc/arm-none-eabi/12.1.0/../../../../arm-none-eabi/lib\libsysbase.a(syscall_support.o)
                0x000000000201184c                __libc_lock_init_recursive
 .text.__libc_lock_acquire_recursive
                0x000000000201186c       0x20 c:/devkitpro/devkitarm/bin/../lib/gcc/arm-none-eabi/12.1.0/../../../../arm-none-eabi/lib\libsysbase.a(syscall_support.o)
                0x000000000201186c                __libc_lock_acquire_recursive
 .text.__libc_lock_release_recursive
                0x000000000201188c       0x20 c:/devkitpro/devkitarm/bin/../lib/gcc/arm-none-eabi/12.1.0/../../../../arm-none-eabi/lib\libsysbase.a(syscall_support.o)
                0x000000000201188c                __libc_lock_release_recursive
 .text.__libc_lock_close_recursive
                0x00000000020118ac       0x20 c:/devkitpro/devkitarm/bin/../lib/gcc/arm-none-eabi/12.1.0/../../../../arm-none-eabi/lib\libsysbase.a(syscall_support.o)
                0x00000000020118ac                __libc_lock_close_recursive
 .text.__udivmoddi4
                0x00000000020118cc      0x128 c:/devkitpro/devkitarm/bin/../lib/gcc/arm-none-eabi/12.1.0\libgcc.a(_udivmoddi4.o)
                0x00000000020118cc                __udivmoddi4
 *fill*         0x00000000020119f4        0x4 ff
 .text.__udivmoddi4.__stub
                0x00000000020119f8      0x130 linker stubs
 *(EXCLUDE_FILE(*.twl*) .gnu.warning)
 *(EXCLUDE_FILE(*.twl*) .gnu.linkonce.t*)
 *(.glue_7)
 .glue_7        0x0000000002011b60        0x0 linker stubs
 *(.glue_7t)
 .glue_7t       0x0000000002011b60        0x0 linker stubs
                0x0000000002011b60                . = ALIGN (0x4)

.vfp11_veneer   0x0000000002011b60        0x0
 .vfp11_veneer  0x0000000002011b60        0x0 linker stubs

.v4_bx          0x0000000002011b60        0x0
 .v4_bx         0x0000000002011b60        0x0 linker stubs

.iplt           0x0000000002011b60        0x0
 .iplt          0x0000000002011b60        0x0 c:/devkitpro/devkitarm/bin/../lib/gcc/arm-none-eabi/12.1.0/../../../../arm-none-eabi/lib/ds_arm9_crt0.o

.fini           0x0000000002011b60       0x18
 *(.fini)
 .fini          0x0000000002011b60        0xc c:/devkitpro/devkitarm/bin/../lib/gcc/arm-none-eabi/12.1.0/crti.o
                0x0000000002011b60                _fini
 .fini          0x0000000002011b6c        0xc c:/devkitpro/devkitarm/bin/../lib/gcc/arm-none-eabi/12.1.0/crtn.o
                0x0000000002011b78                __text_end = .

.rodata         0x0000000002011b78    0xd9390
 *(EXCLUDE_FILE(*.twl*) .rodata)
 .rodata        0x0000000002011b78    0x18200 bgLong.o
                0x0000000002011b78                bgLongBitmap
                0x0000000002029b78                bgLongPal
 .rodata        0x0000000002029d78     0xc200 bird.o
                0x0000000002029d78                birdBitmap
                0x0000000002035d78                birdPal
 .rodata        0x0000000002035f78     0xc200 birdDown.o
                0x0000000002035f78                birdDownBitmap
                0x0000000002041f78                birdDownPal
 .rodata        0x0000000002042178     0xc200 birdUp.o
                0x0000000002042178                birdUpBitmap
                0x000000000204e178                birdUpPal
 .rodata        0x000000000204e378     0xc200 floor.o
                0x000000000204e378                floorBitmap
                0x000000000205a378                floorPal
 .rodata        0x000000000205a578     0xc200 pipeTop.o
                0x000000000205a578                pipeTopBitmap
                0x0000000002066578                pipeTopPal
 .rodata        0x0000000002066778     0xc200 ready.o
                0x0000000002066778                readyBitmap
                0x0000000002072778                readyPal
 .rodata        0x0000000002072978       0x24 C:/devkitPro/libnds/lib\libnds9.a(videoGL.o)
 *all.rodata*(*)
 *(EXCLUDE_FILE(*.twl*) .roda)
 *(EXCLUDE_FILE(*.twl*) .rodata.*)
 .rodata.soundbank_bin
                0x000000000207299c    0x6f19c soundbank.bin.o
                0x000000000207299c                soundbank_bin
                0x00000000020e1b38                soundbank_bin_end
 .rodata.str1.4
                0x00000000020e1b38       0xe1 main.o
 *fill*         0x00000000020e1c19        0x3 ff
 .rodata.con_write.str1.4
                0x00000000020e1c1c       0x30 C:/devkitPro/libnds/lib\libnds9.a(console.o)
 .rodata.con_write
                0x00000000020e1c4c       0xd4 C:/devkitPro/libnds/lib\libnds9.a(console.o)
 .rodata.str1.4
                0x00000000020e1d20       0x14 C:/devkitPro/libnds/lib\libnds9.a(console.o)
 .rodata.dotab_stdout
                0x00000000020e1d34       0x70 C:/devkitPro/libnds/lib\libnds9.a(console.o)
 .rodata.glMaterialf
                0x00000000020e1da4       0x44 C:/devkitPro/libnds/lib\libnds9.a(videoGL.o)
 .rodata.default_font_bin
                0x00000000020e1de8     0x2000 C:/devkitPro/libnds/lib\libnds9.a(default_font.bin.o)
                0x00000000020e1de8                default_font_bin
                0x00000000020e3de8                default_font_bin_end
 .rodata.SIN_LUT
                0x00000000020e3de8      0x102 C:/devkitPro/libnds/lib\libnds9.a(trig.o)
                0x00000000020e3de8                SIN_LUT
 *fill*         0x00000000020e3eea        0x2 ff
 .rodata.TAN_LUT
                0x00000000020e3eec      0x204 C:/devkitPro/libnds/lib\libnds9.a(trig.o)
                0x00000000020e3eec                TAN_LUT
 .rodata._global_impure_ptr
                0x00000000020e40f0        0x4 c:/devkitpro/devkitarm/bin/../lib/gcc/arm-none-eabi/12.1.0/../../../../arm-none-eabi/lib\libg.a(lib_a-impure.o)
                0x00000000020e40f0                _global_impure_ptr
 .rodata.basefix.0
                0x00000000020e40f4       0x22 c:/devkitpro/devkitarm/bin/../lib/gcc/arm-none-eabi/12.1.0/../../../../arm-none-eabi/lib\libg.a(lib_a-svfiscanf.o)
 .rodata._vfiprintf_r.str1.1
                0x00000000020e4116       0x29 c:/devkitpro/devkitarm/bin/../lib/gcc/arm-none-eabi/12.1.0/../../../../arm-none-eabi/lib\libg.a(lib_a-vfiprintf.o)
 *fill*         0x00000000020e413f        0x1 ff
 .rodata.zeroes.0
                0x00000000020e4140       0x10 c:/devkitpro/devkitarm/bin/../lib/gcc/arm-none-eabi/12.1.0/../../../../arm-none-eabi/lib\libg.a(lib_a-vfiprintf.o)
 .rodata.blanks.1
                0x00000000020e4150       0x10 c:/devkitpro/devkitarm/bin/../lib/gcc/arm-none-eabi/12.1.0/../../../../arm-none-eabi/lib\libg.a(lib_a-vfiprintf.o)
 .rodata._ctype_
                0x00000000020e4160      0x101 c:/devkitpro/devkitarm/bin/../lib/gcc/arm-none-eabi/12.1.0/../../../../arm-none-eabi/lib\libg.a(lib_a-ctype_.o)
                0x00000000020e4160                _ctype_
 *fill*         0x00000000020e4261        0x3 ff
 .rodata.str1.4
                0x00000000020e4264       0x48 c:/devkitpro/devkitarm/bin/../lib/gcc/arm-none-eabi/12.1.0/../../../../arm-none-eabi/lib\libg.a(lib_a-locale.o)
                                         0x4c (size before relaxing)
 .rodata._mbrtowc_r.str1.4
                0x00000000020e42ac        0x1 c:/devkitpro/devkitarm/bin/../lib/gcc/arm-none-eabi/12.1.0/../../../../arm-none-eabi/lib\libg.a(lib_a-mbrtowc.o)
 .rodata.__action_table
                0x00000000020e42ac       0x6c c:/devkitpro/devkitarm/bin/../lib/gcc/arm-none-eabi/12.1.0/../../../../arm-none-eabi/lib\libg.a(lib_a-svfiprintf.o)
                0x00000000020e42ac                __action_table
 .rodata.__state_table
                0x00000000020e4318       0x6c c:/devkitpro/devkitarm/bin/../lib/gcc/arm-none-eabi/12.1.0/../../../../arm-none-eabi/lib\libg.a(lib_a-svfiprintf.o)
                0x00000000020e4318                __state_table
 .rodata.__chclass
                0x00000000020e4384      0x100 c:/devkitpro/devkitarm/bin/../lib/gcc/arm-none-eabi/12.1.0/../../../../arm-none-eabi/lib\libg.a(lib_a-svfiprintf.o)
                0x00000000020e4384                __chclass
 .rodata._jp2uc_l.str1.4
                0x00000000020e4484       0x12 c:/devkitpro/devkitarm/bin/../lib/gcc/arm-none-eabi/12.1.0/../../../../arm-none-eabi/lib\libg.a(lib_a-jp2uc.o)
 *fill*         0x00000000020e4496        0x2 ff
 .rodata.d02f4  0x00000000020e4498     0x1a7c c:/devkitpro/devkitarm/bin/../lib/gcc/arm-none-eabi/12.1.0/../../../../arm-none-eabi/lib\libg.a(lib_a-jp2uc.o)
 .rodata.b02cf  0x00000000020e5f14     0x172a c:/devkitpro/devkitarm/bin/../lib/gcc/arm-none-eabi/12.1.0/../../../../arm-none-eabi/lib\libg.a(lib_a-jp2uc.o)
 *fill*         0x00000000020e763e        0x2 ff
 .rodata.a8     0x00000000020e7640       0x40 c:/devkitpro/devkitarm/bin/../lib/gcc/arm-none-eabi/12.1.0/../../../../arm-none-eabi/lib\libg.a(lib_a-jp2uc.o)
 .rodata.a7     0x00000000020e7680       0xa2 c:/devkitpro/devkitarm/bin/../lib/gcc/arm-none-eabi/12.1.0/../../../../arm-none-eabi/lib\libg.a(lib_a-jp2uc.o)
 *fill*         0x00000000020e7722        0x2 ff
 .rodata.a6     0x00000000020e7724       0x70 c:/devkitpro/devkitarm/bin/../lib/gcc/arm-none-eabi/12.1.0/../../../../arm-none-eabi/lib\libg.a(lib_a-jp2uc.o)
 .rodata.a3     0x00000000020e7794       0x5b c:/devkitpro/devkitarm/bin/../lib/gcc/arm-none-eabi/12.1.0/../../../../arm-none-eabi/lib\libg.a(lib_a-jp2uc.o)
 *fill*         0x00000000020e77ef        0x1 ff
 .rodata.a2     0x00000000020e77f0       0xbc c:/devkitpro/devkitarm/bin/../lib/gcc/arm-none-eabi/12.1.0/../../../../arm-none-eabi/lib\libg.a(lib_a-jp2uc.o)
 .rodata.a1     0x00000000020e78ac       0xbc c:/devkitpro/devkitarm/bin/../lib/gcc/arm-none-eabi/12.1.0/../../../../arm-none-eabi/lib\libg.a(lib_a-jp2uc.o)
 .rodata.categories
                0x00000000020e7968     0x3528 c:/devkitpro/devkitarm/bin/../lib/gcc/arm-none-eabi/12.1.0/../../../../arm-none-eabi/lib\libg.a(lib_a-categories.o)
 .rodata.AddDevice.str1.4
                0x00000000020eae90        0x8 c:/devkitpro/devkitarm/bin/../lib/gcc/arm-none-eabi/12.1.0/../../../../arm-none-eabi/lib\libsysbase.a(iosupport.o)
 .rodata.dotab_stdnull
                0x00000000020eae98       0x70 c:/devkitpro/devkitarm/bin/../lib/gcc/arm-none-eabi/12.1.0/../../../../arm-none-eabi/lib\libsysbase.a(iosupport.o)
                0x00000000020eae98                dotab_stdnull
 *(EXCLUDE_FILE(*.twl*) .gnu.linkonce.r*)
                0x00000000020eaf08                . = ALIGN (0x4)

.ARM.extab
 *(.ARM.extab* .gnu.linkonce.armextab.*)
                0x00000000020eaf08                __exidx_start = .

ARM.exidx
 *(.ARM.exidx* .gnu.linkonce.armexidx.*)
                0x00000000020eaf08                __exidx_end = .
                0x00000000020eaf08                . = ALIGN (0x4)
                0x00000000020eaf08                PROVIDE (__preinit_array_start = .)

.preinit_array
 *(.preinit_array)
                0x00000000020eaf08                PROVIDE (__preinit_array_end = .)
                0x00000000020eaf08                PROVIDE (__init_array_start = .)

.init_array     0x00000000020eaf08        0x4
 *(SORT_BY_NAME(.init_array.*))
 *(.init_array)
 .init_array    0x00000000020eaf08        0x4 c:/devkitpro/devkitarm/bin/../lib/gcc/arm-none-eabi/12.1.0/crtbegin.o
                0x00000000020eaf0c                PROVIDE (__init_array_end = .)
                [!provide]                        PROVIDE (__fini_array_start = .)

.fini_array     0x00000000020eaf0c        0x4
 *(.fini_array)
 .fini_array    0x00000000020eaf0c        0x4 c:/devkitpro/devkitarm/bin/../lib/gcc/arm-none-eabi/12.1.0/crtbegin.o
 *(SORT_BY_NAME(.fini_array.*))
                [!provide]                        PROVIDE (__fini_array_end = .)

.ctors          0x00000000020eaf10        0x0
 *crtbegin.o(.ctors)
 *(EXCLUDE_FILE(*crtend.o) .ctors)
 *(SORT_BY_NAME(.ctors.*))
 *(.ctors)
                0x00000000020eaf10                . = ALIGN (0x4)

.dtors          0x00000000020eaf10        0x0
 *crtbegin.o(.dtors)
 *(EXCLUDE_FILE(*crtend.o) .dtors)
 *(SORT_BY_NAME(.dtors.*))
 *(.dtors)
                0x00000000020eaf10                . = ALIGN (0x4)

.eh_frame       0x00000000020eaf10        0x4
 *(.eh_frame)
 .eh_frame      0x00000000020eaf10        0x0 c:/devkitpro/devkitarm/bin/../lib/gcc/arm-none-eabi/12.1.0/crtbegin.o
 .eh_frame      0x00000000020eaf10        0x4 c:/devkitpro/devkitarm/bin/../lib/gcc/arm-none-eabi/12.1.0/crtend.o
                0x00000000020eaf14                . = ALIGN (0x4)

.rel.dyn        0x00000000020eaf14        0x0
 .rel.iplt      0x00000000020eaf14        0x0 c:/devkitpro/devkitarm/bin/../lib/gcc/arm-none-eabi/12.1.0/../../../../arm-none-eabi/lib/ds_arm9_crt0.o

.gcc_except_table
                0x00000000020eaf14        0x0
 *(.gcc_except_table)
                0x00000000020eaf14                . = ALIGN (0x4)

.jcr
 *(.jcr)

.got
 *(.got.plt)
 *(.got)
 *(.rel.got)

.ewram          0x00000000020eaf14        0x0
                0x00000000020eaf14                __ewram_start = ABSOLUTE (.)
 *(.ewram)
 *ewram.*(.text)
                0x00000000020eaf14                . = ALIGN (0x4)

.data           0x00000000020eaf14     0x1b9c
                0x00000000020eaf14                __data_start = ABSOLUTE (.)
 *(EXCLUDE_FILE(*.twl*) .data)
 .data          0x00000000020eaf14       0x28 C:/devkitPro/libnds/lib\libnds9.a(mpu_setup.o)
 *(EXCLUDE_FILE(*.twl*) .data.*)
 .data.currentConsole
                0x00000000020eaf3c        0x4 C:/devkitPro/libnds/lib\libnds9.a(console.o)
                0x00000000020eaf3c                currentConsole
 .data.defaultConsole
                0x00000000020eaf40       0x5c C:/devkitPro/libnds/lib\libnds9.a(console.o)
                0x00000000020eaf40                defaultConsole
 .data.firstConsoleInit.0
                0x00000000020eaf9c        0x1 C:/devkitPro/libnds/lib\libnds9.a(console.o)
 *fill*         0x00000000020eaf9d        0x3 ff
 .data.glGlob   0x00000000020eafa0        0x4 C:/devkitPro/libnds/lib\libnds9.a(videoGL.o)
 .data.count    0x00000000020eafa4        0x1 C:/devkitPro/libnds/lib\libnds9.a(keys.o)
 .data.delay    0x00000000020eafa5        0x1 C:/devkitPro/libnds/lib\libnds9.a(keys.o)
 .data.repeat   0x00000000020eafa6        0x1 C:/devkitPro/libnds/lib\libnds9.a(keys.o)
 *fill*         0x00000000020eafa7        0x1 ff
 .data.fifo_buffer_free
                0x00000000020eafa8        0x4 C:/devkitPro/libnds/lib\libnds9.a(fifosystem.o)
                0x00000000020eafa8                fifo_buffer_free
 .data.fifo_freewords
                0x00000000020eafac        0x4 C:/devkitPro/libnds/lib\libnds9.a(fifosystem.o)
                0x00000000020eafac                fifo_freewords
 .data.fifo_receive_queue
                0x00000000020eafb0        0x4 C:/devkitPro/libnds/lib\libnds9.a(fifosystem.o)
                0x00000000020eafb0                fifo_receive_queue
 .data.fifo_send_queue
                0x00000000020eafb4        0x4 C:/devkitPro/libnds/lib\libnds9.a(fifosystem.o)
                0x00000000020eafb4                fifo_send_queue
 .data.bgControl
                0x00000000020eafb8       0x20 C:/devkitPro/libnds/lib\libnds9.a(background.o)
                0x00000000020eafb8                bgControl
 .data.bgScrollTable
                0x00000000020eafd8       0x20 C:/devkitPro/libnds/lib\libnds9.a(background.o)
                0x00000000020eafd8                bgScrollTable
 .data.bgTransform
                0x00000000020eaff8       0x20 C:/devkitPro/libnds/lib\libnds9.a(background.o)
                0x00000000020eaff8                bgTransform
 .data._impure_ptr
                0x00000000020eb018        0x4 c:/devkitpro/devkitarm/bin/../lib/gcc/arm-none-eabi/12.1.0/../../../../arm-none-eabi/lib\libg.a(lib_a-impure.o)
                0x00000000020eb018                _impure_ptr
 *fill*         0x00000000020eb01c        0x4 ff
 .data.impure_data
                0x00000000020eb020      0x460 c:/devkitpro/devkitarm/bin/../lib/gcc/arm-none-eabi/12.1.0/../../../../arm-none-eabi/lib\libg.a(lib_a-impure.o)
 .data.__malloc_sbrk_base
                0x00000000020eb480        0x4 c:/devkitpro/devkitarm/bin/../lib/gcc/arm-none-eabi/12.1.0/../../../../arm-none-eabi/lib\libg.a(lib_a-mallocr.o)
                0x00000000020eb480                __malloc_sbrk_base
 .data.__malloc_trim_threshold
                0x00000000020eb484        0x4 c:/devkitpro/devkitarm/bin/../lib/gcc/arm-none-eabi/12.1.0/../../../../arm-none-eabi/lib\libg.a(lib_a-mallocr.o)
                0x00000000020eb484                __malloc_trim_threshold
 .data.__malloc_av_
                0x00000000020eb488      0x408 c:/devkitpro/devkitarm/bin/../lib/gcc/arm-none-eabi/12.1.0/../../../../arm-none-eabi/lib\libg.a(lib_a-mallocr.o)
                0x00000000020eb488                __malloc_av_
 .data.__global_locale
                0x00000000020eb890      0x16c c:/devkitpro/devkitarm/bin/../lib/gcc/arm-none-eabi/12.1.0/../../../../arm-none-eabi/lib\libg.a(lib_a-locale.o)
                0x00000000020eb890                __global_locale
 .data.devoptab_list
                0x00000000020eb9fc       0x8c c:/devkitpro/devkitarm/bin/../lib/gcc/arm-none-eabi/12.1.0/../../../../arm-none-eabi/lib\libsysbase.a(iosupport.o)
                0x00000000020eb9fc                devoptab_list
 .data.defaultDevice
                0x00000000020eba88        0x4 c:/devkitpro/devkitarm/bin/../lib/gcc/arm-none-eabi/12.1.0/../../../../arm-none-eabi/lib\libsysbase.a(iosupport.o)
 .data.handles  0x00000000020eba8c     0x1000 c:/devkitpro/devkitarm/bin/../lib/gcc/arm-none-eabi/12.1.0/../../../../arm-none-eabi/lib\libsysbase.a(handle_manager.o)
 .data.__stderr_handle
                0x00000000020eca8c        0xc c:/devkitpro/devkitarm/bin/../lib/gcc/arm-none-eabi/12.1.0/../../../../arm-none-eabi/lib\libsysbase.a(handle_manager.o)
 .data.__stdout_handle
                0x00000000020eca98        0xc c:/devkitpro/devkitarm/bin/../lib/gcc/arm-none-eabi/12.1.0/../../../../arm-none-eabi/lib\libsysbase.a(handle_manager.o)
 .data.__stdin_handle
                0x00000000020ecaa4        0xc c:/devkitpro/devkitarm/bin/../lib/gcc/arm-none-eabi/12.1.0/../../../../arm-none-eabi/lib\libsysbase.a(handle_manager.o)
 *(EXCLUDE_FILE(*.twl*) .gnu.linkonce.d*)
                0x00000000020ecab0                . = ALIGN (0x4)
                0x00000000020ecab0                __data_end = ABSOLUTE (.)
                0x00000000020ecab0                __bss_vma = .

.igot.plt       0x00000000020ecab0        0x0
 .igot.plt      0x00000000020ecab0        0x0 c:/devkitpro/devkitarm/bin/../lib/gcc/arm-none-eabi/12.1.0/../../../../arm-none-eabi/lib/ds_arm9_crt0.o

.dtcm           0x0000000002ff0000        0x0 load address 0x00000000020ecab0
                0x00000000020ecab0                __dtcm_lma = LOADADDR (.dtcm)
                0x0000000002ff0000                __dtcm_start = ABSOLUTE (.)
 *(.dtcm)
 *(.dtcm.*)
                0x0000000002ff0000                . = ALIGN (0x4)
                0x0000000002ff0000                __dtcm_end = ABSOLUTE (.)

.itcm           0x0000000001000100      0x194 load address 0x00000000020ecab0
                0x00000000020ecab0                __itcm_lma = LOADADDR (.itcm)
                0x0000000001000100                __itcm_start = ABSOLUTE (.)
 *(.itcm)
 .itcm          0x0000000001000100       0xc8 C:/devkitPro/libnds/lib\libnds9.a(interrupts.o)
                0x0000000001000100                irqTable
 .itcm          0x00000000010001c8       0xcc C:/devkitPro/libnds/lib\libnds9.a(interruptDispatcher.o)
                0x00000000010001c8                IntrMain
 *.itcm*(.text .stub .text.*)
                0x0000000001000294                . = ALIGN (0x4)
                0x0000000001000294                __itcm_end = ABSOLUTE (.)

.vectors        0x0000000001000000        0x0 load address 0x00000000020ecc44
                0x00000000020ecc44                __vectors_lma = LOADADDR (.vectors)
                0x0000000001000000                __vectors_start = ABSOLUTE (.)
 *(.vectors .vectors.*)
                0x0000000001000000                . = ALIGN (0x4)
                0x0000000001000000                __vectors_end = ABSOLUTE (.)

.sbss           0x0000000002ff0000        0x0
                0x0000000002ff0000                __sbss_start = ABSOLUTE (.)
                0x0000000002ff0000                __sbss_start__ = ABSOLUTE (.)
 *(.sbss)
                0x0000000002ff0000                . = ALIGN (0x4)
                0x0000000002ff0000                __sbss_end = ABSOLUTE (.)

.bss            0x00000000020ecab0      0xd58
                0x00000000020ecab0                __bss_start = ABSOLUTE (.)
                0x00000000020ecab0                __bss_start__ = ABSOLUTE (.)
 *(EXCLUDE_FILE(*.twl*) .dynbss)
 *(EXCLUDE_FILE(*.twl*) .gnu.linkonce.b*)
 *(EXCLUDE_FILE(*.twl*) .bss*)
 .bss.completed.1
                0x00000000020ecab0        0x1 c:/devkitpro/devkitarm/bin/../lib/gcc/arm-none-eabi/12.1.0/crtbegin.o
 *fill*         0x00000000020ecab1        0x3 
 .bss.object.0  0x00000000020ecab4       0x18 c:/devkitpro/devkitarm/bin/../lib/gcc/arm-none-eabi/12.1.0/crtbegin.o
 .bss           0x00000000020ecacc       0x18 C:/devkitPro/libnds/lib\libmm9.a(mm_comms.o)
 .bss           0x00000000020ecae4       0x19 C:/devkitPro/libnds/lib\libmm9.a(mm_main9.o)
                0x00000000020ecae4                mmcbMemory
                0x00000000020ecae8                mmModuleCount
                0x00000000020ecaec                mmSampleCount
                0x00000000020ecaf0                mmMemoryBank
                0x00000000020ecaf0                mmModuleBank
                0x00000000020ecaf4                mmSampleBank
                0x00000000020ecaf8                mmCallback
                0x00000000020ecafc                mmActiveStatus
 *fill*         0x00000000020ecafd        0x3 
 .bss           0x00000000020ecb00       0x44 C:/devkitPro/libnds/lib\libmm9.a(mm_soundbank.o)
 .bss.currentCopy
                0x00000000020ecb44       0x5c C:/devkitPro/libnds/lib\libnds9.a(console.o)
                0x00000000020ecb44                currentCopy
 .bss.gCurrentTexture
                0x00000000020ecba0        0x4 C:/devkitPro/libnds/lib\libnds9.a(gl2d.o)
                0x00000000020ecba0                gCurrentTexture
 .bss.g_depth   0x00000000020ecba4        0x2 C:/devkitPro/libnds/lib\libnds9.a(gl2d.o)
 *fill*         0x00000000020ecba6        0x2 
 .bss.diffuse_ambient.1
                0x00000000020ecba8        0x4 C:/devkitPro/libnds/lib\libnds9.a(videoGL.o)
 .bss.glGlobalData
                0x00000000020ecbac       0x54 C:/devkitPro/libnds/lib\libnds9.a(videoGL.o)
                0x00000000020ecbac                glGlobalData
 .bss.specular_emission.0
                0x00000000020ecc00        0x4 C:/devkitPro/libnds/lib\libnds9.a(videoGL.o)
 .bss.keys      0x00000000020ecc04        0x2 C:/devkitPro/libnds/lib\libnds9.a(keys.o)
 .bss.keysold   0x00000000020ecc06        0x2 C:/devkitPro/libnds/lib\libnds9.a(keys.o)
 .bss.keysrepeat
                0x00000000020ecc08        0x2 C:/devkitPro/libnds/lib\libnds9.a(keys.o)
 .bss.__dsimode
                0x00000000020ecc0a        0x1 C:/devkitPro/libnds/lib\libnds9.a(initSystem.o)
                0x00000000020ecc0a                __dsimode
 *fill*         0x00000000020ecc0b        0x1 
 .bss.punixTime
                0x00000000020ecc0c        0x4 C:/devkitPro/libnds/lib\libnds9.a(initSystem.o)
                0x00000000020ecc0c                punixTime
 .bss.fifo_address_data
                0x00000000020ecc10       0x40 C:/devkitPro/libnds/lib\libnds9.a(fifosystem.o)
                0x00000000020ecc10                fifo_address_data
 .bss.fifo_address_func
                0x00000000020ecc50       0x40 C:/devkitPro/libnds/lib\libnds9.a(fifosystem.o)
                0x00000000020ecc50                fifo_address_func
 .bss.fifo_address_queue
                0x00000000020ecc90       0x40 C:/devkitPro/libnds/lib\libnds9.a(fifosystem.o)
                0x00000000020ecc90                fifo_address_queue
 .bss.fifo_buffer
                0x00000000020eccd0      0x800 C:/devkitPro/libnds/lib\libnds9.a(fifosystem.o)
                0x00000000020eccd0                fifo_buffer
 .bss.fifo_data_queue
                0x00000000020ed4d0       0x40 C:/devkitPro/libnds/lib\libnds9.a(fifosystem.o)
                0x00000000020ed4d0                fifo_data_queue
 .bss.fifo_datamsg_data
                0x00000000020ed510       0x40 C:/devkitPro/libnds/lib\libnds9.a(fifosystem.o)
                0x00000000020ed510                fifo_datamsg_data
 .bss.fifo_datamsg_func
                0x00000000020ed550       0x40 C:/devkitPro/libnds/lib\libnds9.a(fifosystem.o)
                0x00000000020ed550                fifo_datamsg_func
 .bss.fifo_value32_data
                0x00000000020ed590       0x40 C:/devkitPro/libnds/lib\libnds9.a(fifosystem.o)
                0x00000000020ed590                fifo_value32_data
 .bss.fifo_value32_func
                0x00000000020ed5d0       0x40 C:/devkitPro/libnds/lib\libnds9.a(fifosystem.o)
                0x00000000020ed5d0                fifo_value32_func
 .bss.fifo_value32_queue
                0x00000000020ed610       0x40 C:/devkitPro/libnds/lib\libnds9.a(fifosystem.o)
                0x00000000020ed610                fifo_value32_queue
 .bss.processing
                0x00000000020ed650        0x4 C:/devkitPro/libnds/lib\libnds9.a(fifosystem.o)
                0x00000000020ed650                processing
 .bss.bgIsTextLut
                0x00000000020ed654        0x8 C:/devkitPro/libnds/lib\libnds9.a(background.o)
                0x00000000020ed654                bgIsTextLut
 .bss.bgState   0x00000000020ed65c      0x140 C:/devkitPro/libnds/lib\libnds9.a(background.o)
                0x00000000020ed65c                bgState
 .bss.SDcallback
                0x00000000020ed79c        0x4 C:/devkitPro/libnds/lib\libnds9.a(system.o)
 .bss.__sinit_recursive_mutex
                0x00000000020ed7a0        0xc c:/devkitpro/devkitarm/bin/../lib/gcc/arm-none-eabi/12.1.0/../../../../arm-none-eabi/lib\libg.a(lib_a-findfp.o)
 .bss.__sfp_recursive_mutex
                0x00000000020ed7ac        0xc c:/devkitpro/devkitarm/bin/../lib/gcc/arm-none-eabi/12.1.0/../../../../arm-none-eabi/lib\libg.a(lib_a-findfp.o)
 .bss.__malloc_current_mallinfo
                0x00000000020ed7b8       0x28 c:/devkitpro/devkitarm/bin/../lib/gcc/arm-none-eabi/12.1.0/../../../../arm-none-eabi/lib\libg.a(lib_a-mallocr.o)
                0x00000000020ed7b8                __malloc_current_mallinfo
 .bss.__malloc_max_total_mem
                0x00000000020ed7e0        0x4 c:/devkitpro/devkitarm/bin/../lib/gcc/arm-none-eabi/12.1.0/../../../../arm-none-eabi/lib\libg.a(lib_a-mallocr.o)
                0x00000000020ed7e0                __malloc_max_total_mem
 .bss.__malloc_max_sbrked_mem
                0x00000000020ed7e4        0x4 c:/devkitpro/devkitarm/bin/../lib/gcc/arm-none-eabi/12.1.0/../../../../arm-none-eabi/lib\libg.a(lib_a-mallocr.o)
                0x00000000020ed7e4                __malloc_max_sbrked_mem
 .bss.__malloc_top_pad
                0x00000000020ed7e8        0x4 c:/devkitpro/devkitarm/bin/../lib/gcc/arm-none-eabi/12.1.0/../../../../arm-none-eabi/lib\libg.a(lib_a-mallocr.o)
                0x00000000020ed7e8                __malloc_top_pad
 .bss.__malloc_recursive_mutex
                0x00000000020ed7ec        0xc c:/devkitpro/devkitarm/bin/../lib/gcc/arm-none-eabi/12.1.0/../../../../arm-none-eabi/lib\libg.a(lib_a-mlock.o)
 .bss.heap_start.0
                0x00000000020ed7f8        0x4 c:/devkitpro/devkitarm/bin/../lib/gcc/arm-none-eabi/12.1.0/../../../../arm-none-eabi/lib\libsysbase.a(sbrk.o)
 .bss.fake_heap_start
                0x00000000020ed7fc        0x4 c:/devkitpro/devkitarm/bin/../lib/gcc/arm-none-eabi/12.1.0/../../../../arm-none-eabi/lib\libsysbase.a(malloc_vars.o)
                0x00000000020ed7fc                fake_heap_start
 .bss.fake_heap_end
                0x00000000020ed800        0x4 c:/devkitpro/devkitarm/bin/../lib/gcc/arm-none-eabi/12.1.0/../../../../arm-none-eabi/lib\libsysbase.a(malloc_vars.o)
                0x00000000020ed800                fake_heap_end
 .bss.__hndl_lock
                0x00000000020ed804        0x4 c:/devkitpro/devkitarm/bin/../lib/gcc/arm-none-eabi/12.1.0/../../../../arm-none-eabi/lib\libsysbase.a(handle_manager.o)
 *(EXCLUDE_FILE(*.twl*) COMMON)
                0x00000000020ed808                . = ALIGN (0x4)
                0x00000000020ed808                __bss_end__ = ABSOLUTE (.)
                0x00000000020ed808                __end__ = ABSOLUTE (.)

.twl            0x00000000020ed808        0x0 load address 0x0000000002400000
                0x0000000002400000                __arm9i_lma__ = LOADADDR (.twl)
                0x00000000020ed808                __arm9i_start__ = ABSOLUTE (.)
 *(.twl)
 *.twl*(.text .stub .text.* .gnu.linkonce.t.*)
 *.twl*(.rodata)
 *.twl*(.roda)
 *.twl*(.rodata.*)
 *.twl*(.data)
 *.twl*(.data.*)
 *.twl*(.gnu.linkonce.d*)
                0x00000000020ed808                __arm9i_end__ = ABSOLUTE (.)

.twl_bss        0x00000000020ed808        0x0
                0x00000000020ed808                __twl_bss_start__ = ABSOLUTE (.)
 *(.twl_bss)
 *.twl*(.dynbss)
 *.twl*(.gnu.linkonce.b*)
 *.twl*(.bss*)
 *.twl*(COMMON)
                0x00000000020ed808                . = ALIGN (0x4)
                0x00000000020ed808                __twl_bss_end__ = ABSOLUTE (.)
                0x00000000020ed808                __twl_end__ = ABSOLUTE (.)

.stab
 *(.stab)

.stabstr
 *(.stabstr)

.stab.excl
 *(.stab.excl)

.stab.exclstr
 *(.stab.exclstr)

.stab.index
 *(.stab.index)

.stab.indexstr
 *(.stab.indexstr)

.comment        0x0000000000000000       0x46
 *(.comment)
 .comment       0x0000000000000000       0x23 c:/devkitpro/devkitarm/bin/../lib/gcc/arm-none-eabi/12.1.0/crtbegin.o
                                         0x24 (size before relaxing)
 .comment       0x0000000000000023       0x24 main.o
 .comment       0x0000000000000023       0x23 C:/devkitPro/libnds/lib\libnds9.a(console.o)
                                         0x24 (size before relaxing)
 .comment       0x0000000000000046       0x24 C:/devkitPro/libnds/lib\libnds9.a(gl2d.o)
 .comment       0x0000000000000046       0x24 C:/devkitPro/libnds/lib\libnds9.a(videoGL.o)
 .comment       0x0000000000000046       0x24 C:/devkitPro/libnds/lib\libnds9.a(keys.o)
 .comment       0x0000000000000046       0x24 C:/devkitPro/libnds/lib\libnds9.a(initSystem.o)
 .comment       0x0000000000000046       0x24 C:/devkitPro/libnds/lib\libnds9.a(securearea.o)
 .comment       0x0000000000000046       0x24 C:/devkitPro/libnds/lib\libnds9.a(interrupts.o)
 .comment       0x0000000000000046       0x24 C:/devkitPro/libnds/lib\libnds9.a(libnds_exit.arm.o)
 .comment       0x0000000000000046       0x24 C:/devkitPro/libnds/lib\libnds9.a(fifosystem.o)
 .comment       0x0000000000000046       0x24 C:/devkitPro/libnds/lib\libnds9.a(background.o)
 .comment       0x0000000000000046       0x24 C:/devkitPro/libnds/lib\libnds9.a(dynamicArray.o)
 .comment       0x0000000000000046       0x24 C:/devkitPro/libnds/lib\libnds9.a(trig.o)
 .comment       0x0000000000000046       0x24 C:/devkitPro/libnds/lib\libnds9.a(video.o)
 .comment       0x0000000000000046       0x24 C:/devkitPro/libnds/lib\libnds9.a(system.o)
 .comment       0x0000000000000046       0x24 c:/devkitpro/devkitarm/bin/../lib/gcc/arm-none-eabi/12.1.0\libgcc.a(_muldi3.o)
 .comment       0x0000000000000046       0x24 c:/devkitpro/devkitarm/bin/../lib/gcc/arm-none-eabi/12.1.0/../../../../arm-none-eabi/lib\libg.a(lib_a-calloc.o)
 .comment       0x0000000000000046       0x24 c:/devkitpro/devkitarm/bin/../lib/gcc/arm-none-eabi/12.1.0/../../../../arm-none-eabi/lib\libg.a(lib_a-callocr.o)
 .comment       0x0000000000000046       0x24 c:/devkitpro/devkitarm/bin/../lib/gcc/arm-none-eabi/12.1.0/../../../../arm-none-eabi/lib\libg.a(lib_a-errno.o)
 .comment       0x0000000000000046       0x24 c:/devkitpro/devkitarm/bin/../lib/gcc/arm-none-eabi/12.1.0/../../../../arm-none-eabi/lib\libg.a(lib_a-fclose.o)
 .comment       0x0000000000000046       0x24 c:/devkitpro/devkitarm/bin/../lib/gcc/arm-none-eabi/12.1.0/../../../../arm-none-eabi/lib\libg.a(lib_a-fflush.o)
 .comment       0x0000000000000046       0x24 c:/devkitpro/devkitarm/bin/../lib/gcc/arm-none-eabi/12.1.0/../../../../arm-none-eabi/lib\libg.a(lib_a-findfp.o)
 .comment       0x0000000000000046       0x24 c:/devkitpro/devkitarm/bin/../lib/gcc/arm-none-eabi/12.1.0/../../../../arm-none-eabi/lib\libg.a(lib_a-fopen.o)
 .comment       0x0000000000000046       0x24 c:/devkitpro/devkitarm/bin/../lib/gcc/arm-none-eabi/12.1.0/../../../../arm-none-eabi/lib\libg.a(lib_a-fread.o)
 .comment       0x0000000000000046       0x24 c:/devkitpro/devkitarm/bin/../lib/gcc/arm-none-eabi/12.1.0/../../../../arm-none-eabi/lib\libg.a(lib_a-freer.o)
 .comment       0x0000000000000046       0x24 c:/devkitpro/devkitarm/bin/../lib/gcc/arm-none-eabi/12.1.0/../../../../arm-none-eabi/lib\libg.a(lib_a-fseek.o)
 .comment       0x0000000000000046       0x24 c:/devkitpro/devkitarm/bin/../lib/gcc/arm-none-eabi/12.1.0/../../../../arm-none-eabi/lib\libg.a(lib_a-fseeko.o)
 .comment       0x0000000000000046       0x24 c:/devkitpro/devkitarm/bin/../lib/gcc/arm-none-eabi/12.1.0/../../../../arm-none-eabi/lib\libg.a(lib_a-fwalk.o)
 .comment       0x0000000000000046       0x24 c:/devkitpro/devkitarm/bin/../lib/gcc/arm-none-eabi/12.1.0/../../../../arm-none-eabi/lib\libg.a(lib_a-impure.o)
 .comment       0x0000000000000046       0x24 c:/devkitpro/devkitarm/bin/../lib/gcc/arm-none-eabi/12.1.0/../../../../arm-none-eabi/lib\libg.a(lib_a-init.o)
 .comment       0x0000000000000046       0x24 c:/devkitpro/devkitarm/bin/../lib/gcc/arm-none-eabi/12.1.0/../../../../arm-none-eabi/lib\libg.a(lib_a-iprintf.o)
 .comment       0x0000000000000046       0x24 c:/devkitpro/devkitarm/bin/../lib/gcc/arm-none-eabi/12.1.0/../../../../arm-none-eabi/lib\libg.a(lib_a-makebuf.o)
 .comment       0x0000000000000046       0x24 c:/devkitpro/devkitarm/bin/../lib/gcc/arm-none-eabi/12.1.0/../../../../arm-none-eabi/lib\libg.a(lib_a-malloc.o)
 .comment       0x0000000000000046       0x24 c:/devkitpro/devkitarm/bin/../lib/gcc/arm-none-eabi/12.1.0/../../../../arm-none-eabi/lib\libg.a(lib_a-mallocr.o)
 .comment       0x0000000000000046       0x24 c:/devkitpro/devkitarm/bin/../lib/gcc/arm-none-eabi/12.1.0/../../../../arm-none-eabi/lib\libg.a(lib_a-memcpy-stub.o)
 .comment       0x0000000000000046       0x24 c:/devkitpro/devkitarm/bin/../lib/gcc/arm-none-eabi/12.1.0/../../../../arm-none-eabi/lib\libg.a(lib_a-memset.o)
 .comment       0x0000000000000046       0x24 c:/devkitpro/devkitarm/bin/../lib/gcc/arm-none-eabi/12.1.0/../../../../arm-none-eabi/lib\libg.a(lib_a-mlock.o)
 .comment       0x0000000000000046       0x24 c:/devkitpro/devkitarm/bin/../lib/gcc/arm-none-eabi/12.1.0/../../../../arm-none-eabi/lib\libg.a(lib_a-rand.o)
 .comment       0x0000000000000046       0x24 c:/devkitpro/devkitarm/bin/../lib/gcc/arm-none-eabi/12.1.0/../../../../arm-none-eabi/lib\libg.a(lib_a-realloc.o)
 .comment       0x0000000000000046       0x24 c:/devkitpro/devkitarm/bin/../lib/gcc/arm-none-eabi/12.1.0/../../../../arm-none-eabi/lib\libg.a(lib_a-reallocr.o)
 .comment       0x0000000000000046       0x24 c:/devkitpro/devkitarm/bin/../lib/gcc/arm-none-eabi/12.1.0/../../../../arm-none-eabi/lib\libg.a(lib_a-refill.o)
 .comment       0x0000000000000046       0x24 c:/devkitpro/devkitarm/bin/../lib/gcc/arm-none-eabi/12.1.0/../../../../arm-none-eabi/lib\libg.a(lib_a-setvbuf.o)
 .comment       0x0000000000000046       0x24 c:/devkitpro/devkitarm/bin/../lib/gcc/arm-none-eabi/12.1.0/../../../../arm-none-eabi/lib\libg.a(lib_a-siscanf.o)
 .comment       0x0000000000000046       0x24 c:/devkitpro/devkitarm/bin/../lib/gcc/arm-none-eabi/12.1.0/../../../../arm-none-eabi/lib\libg.a(lib_a-stdio.o)
 .comment       0x0000000000000046       0x24 c:/devkitpro/devkitarm/bin/../lib/gcc/arm-none-eabi/12.1.0/../../../../arm-none-eabi/lib\libg.a(lib_a-strlen-stub.o)
 .comment       0x0000000000000046       0x24 c:/devkitpro/devkitarm/bin/../lib/gcc/arm-none-eabi/12.1.0/../../../../arm-none-eabi/lib\libg.a(lib_a-svfiscanf.o)
 .comment       0x0000000000000046       0x24 c:/devkitpro/devkitarm/bin/../lib/gcc/arm-none-eabi/12.1.0/../../../../arm-none-eabi/lib\libg.a(lib_a-time.o)
 .comment       0x0000000000000046       0x24 c:/devkitpro/devkitarm/bin/../lib/gcc/arm-none-eabi/12.1.0/../../../../arm-none-eabi/lib\libg.a(lib_a-ungetc.o)
 .comment       0x0000000000000046       0x24 c:/devkitpro/devkitarm/bin/../lib/gcc/arm-none-eabi/12.1.0/../../../../arm-none-eabi/lib\libg.a(lib_a-vfiprintf.o)
 .comment       0x0000000000000046       0x24 c:/devkitpro/devkitarm/bin/../lib/gcc/arm-none-eabi/12.1.0/../../../../arm-none-eabi/lib\libg.a(lib_a-wcrtomb.o)
 .comment       0x0000000000000046       0x24 c:/devkitpro/devkitarm/bin/../lib/gcc/arm-none-eabi/12.1.0/../../../../arm-none-eabi/lib\libg.a(lib_a-wcsrtombs.o)
 .comment       0x0000000000000046       0x24 c:/devkitpro/devkitarm/bin/../lib/gcc/arm-none-eabi/12.1.0/../../../../arm-none-eabi/lib\libg.a(lib_a-wsetup.o)
 .comment       0x0000000000000046       0x24 c:/devkitpro/devkitarm/bin/../lib/gcc/arm-none-eabi/12.1.0/../../../../arm-none-eabi/lib\libg.a(lib_a-ctype_.o)
 .comment       0x0000000000000046       0x24 c:/devkitpro/devkitarm/bin/../lib/gcc/arm-none-eabi/12.1.0/../../../../arm-none-eabi/lib\libg.a(lib_a-flags.o)
 .comment       0x0000000000000046       0x24 c:/devkitpro/devkitarm/bin/../lib/gcc/arm-none-eabi/12.1.0/../../../../arm-none-eabi/lib\libg.a(lib_a-fvwrite.o)
 .comment       0x0000000000000046       0x24 c:/devkitpro/devkitarm/bin/../lib/gcc/arm-none-eabi/12.1.0/../../../../arm-none-eabi/lib\libg.a(lib_a-iswspace.o)
 .comment       0x0000000000000046       0x24 c:/devkitpro/devkitarm/bin/../lib/gcc/arm-none-eabi/12.1.0/../../../../arm-none-eabi/lib\libg.a(lib_a-localeconv.o)
 .comment       0x0000000000000046       0x24 c:/devkitpro/devkitarm/bin/../lib/gcc/arm-none-eabi/12.1.0/../../../../arm-none-eabi/lib\libg.a(lib_a-locale.o)
 .comment       0x0000000000000046       0x24 c:/devkitpro/devkitarm/bin/../lib/gcc/arm-none-eabi/12.1.0/../../../../arm-none-eabi/lib\libg.a(lib_a-mbrtowc.o)
 .comment       0x0000000000000046       0x24 c:/devkitpro/devkitarm/bin/../lib/gcc/arm-none-eabi/12.1.0/../../../../arm-none-eabi/lib\libg.a(lib_a-mbtowc_r.o)
 .comment       0x0000000000000046       0x24 c:/devkitpro/devkitarm/bin/../lib/gcc/arm-none-eabi/12.1.0/../../../../arm-none-eabi/lib\libg.a(lib_a-memchr-stub.o)
 .comment       0x0000000000000046       0x24 c:/devkitpro/devkitarm/bin/../lib/gcc/arm-none-eabi/12.1.0/../../../../arm-none-eabi/lib\libg.a(lib_a-memmove.o)
 .comment       0x0000000000000046       0x24 c:/devkitpro/devkitarm/bin/../lib/gcc/arm-none-eabi/12.1.0/../../../../arm-none-eabi/lib\libg.a(lib_a-sccl.o)
 .comment       0x0000000000000046       0x24 c:/devkitpro/devkitarm/bin/../lib/gcc/arm-none-eabi/12.1.0/../../../../arm-none-eabi/lib\libg.a(lib_a-strchr.o)
 .comment       0x0000000000000046       0x24 c:/devkitpro/devkitarm/bin/../lib/gcc/arm-none-eabi/12.1.0/../../../../arm-none-eabi/lib\libg.a(lib_a-strncpy.o)
 .comment       0x0000000000000046       0x24 c:/devkitpro/devkitarm/bin/../lib/gcc/arm-none-eabi/12.1.0/../../../../arm-none-eabi/lib\libg.a(lib_a-strtoll.o)
 .comment       0x0000000000000046       0x24 c:/devkitpro/devkitarm/bin/../lib/gcc/arm-none-eabi/12.1.0/../../../../arm-none-eabi/lib\libg.a(lib_a-strtol.o)
 .comment       0x0000000000000046       0x24 c:/devkitpro/devkitarm/bin/../lib/gcc/arm-none-eabi/12.1.0/../../../../arm-none-eabi/lib\libg.a(lib_a-strtoull.o)
 .comment       0x0000000000000046       0x24 c:/devkitpro/devkitarm/bin/../lib/gcc/arm-none-eabi/12.1.0/../../../../arm-none-eabi/lib\libg.a(lib_a-strtoul.o)
 .comment       0x0000000000000046       0x24 c:/devkitpro/devkitarm/bin/../lib/gcc/arm-none-eabi/12.1.0/../../../../arm-none-eabi/lib\libg.a(lib_a-svfiprintf.o)
 .comment       0x0000000000000046       0x24 c:/devkitpro/devkitarm/bin/../lib/gcc/arm-none-eabi/12.1.0/../../../../arm-none-eabi/lib\libg.a(lib_a-wcsnrtombs.o)
 .comment       0x0000000000000046       0x24 c:/devkitpro/devkitarm/bin/../lib/gcc/arm-none-eabi/12.1.0/../../../../arm-none-eabi/lib\libg.a(lib_a-wctomb_r.o)
 .comment       0x0000000000000046       0x24 c:/devkitpro/devkitarm/bin/../lib/gcc/arm-none-eabi/12.1.0/../../../../arm-none-eabi/lib\libg.a(lib_a-iswspace_l.o)
 .comment       0x0000000000000046       0x24 c:/devkitpro/devkitarm/bin/../lib/gcc/arm-none-eabi/12.1.0/../../../../arm-none-eabi/lib\libg.a(lib_a-jp2uc.o)
 .comment       0x0000000000000046       0x24 c:/devkitpro/devkitarm/bin/../lib/gcc/arm-none-eabi/12.1.0/../../../../arm-none-eabi/lib\libg.a(lib_a-strncmp.o)
 .comment       0x0000000000000046       0x24 c:/devkitpro/devkitarm/bin/../lib/gcc/arm-none-eabi/12.1.0/../../../../arm-none-eabi/lib\libg.a(lib_a-categories.o)
 .comment       0x0000000000000046       0x24 c:/devkitpro/devkitarm/bin/../lib/gcc/arm-none-eabi/12.1.0/../../../../arm-none-eabi/lib\libsysbase.a(iosupport.o)
 .comment       0x0000000000000046       0x24 c:/devkitpro/devkitarm/bin/../lib/gcc/arm-none-eabi/12.1.0/../../../../arm-none-eabi/lib\libsysbase.a(fstat.o)
 .comment       0x0000000000000046       0x24 c:/devkitpro/devkitarm/bin/../lib/gcc/arm-none-eabi/12.1.0/../../../../arm-none-eabi/lib\libsysbase.a(gettod.o)
 .comment       0x0000000000000046       0x24 c:/devkitpro/devkitarm/bin/../lib/gcc/arm-none-eabi/12.1.0/../../../../arm-none-eabi/lib\libsysbase.a(isatty.o)
 .comment       0x0000000000000046       0x24 c:/devkitpro/devkitarm/bin/../lib/gcc/arm-none-eabi/12.1.0/../../../../arm-none-eabi/lib\libsysbase.a(lseek.o)
 .comment       0x0000000000000046       0x24 c:/devkitpro/devkitarm/bin/../lib/gcc/arm-none-eabi/12.1.0/../../../../arm-none-eabi/lib\libsysbase.a(open.o)
 .comment       0x0000000000000046       0x24 c:/devkitpro/devkitarm/bin/../lib/gcc/arm-none-eabi/12.1.0/../../../../arm-none-eabi/lib\libsysbase.a(read.o)
 .comment       0x0000000000000046       0x24 c:/devkitpro/devkitarm/bin/../lib/gcc/arm-none-eabi/12.1.0/../../../../arm-none-eabi/lib\libsysbase.a(sbrk.o)
 .comment       0x0000000000000046       0x24 c:/devkitpro/devkitarm/bin/../lib/gcc/arm-none-eabi/12.1.0/../../../../arm-none-eabi/lib\libsysbase.a(write.o)
 .comment       0x0000000000000046       0x24 c:/devkitpro/devkitarm/bin/../lib/gcc/arm-none-eabi/12.1.0/../../../../arm-none-eabi/lib\libsysbase.a(malloc_vars.o)
 .comment       0x0000000000000046       0x24 c:/devkitpro/devkitarm/bin/../lib/gcc/arm-none-eabi/12.1.0/../../../../arm-none-eabi/lib\libsysbase.a(build_argv.o)
 .comment       0x0000000000000046       0x24 c:/devkitpro/devkitarm/bin/../lib/gcc/arm-none-eabi/12.1.0/../../../../arm-none-eabi/lib\libsysbase.a(flock.o)
 .comment       0x0000000000000046       0x24 c:/devkitpro/devkitarm/bin/../lib/gcc/arm-none-eabi/12.1.0/../../../../arm-none-eabi/lib\libsysbase.a(handle_manager.o)
 .comment       0x0000000000000046       0x24 c:/devkitpro/devkitarm/bin/../lib/gcc/arm-none-eabi/12.1.0/../../../../arm-none-eabi/lib\libsysbase.a(getreent.o)
 .comment       0x0000000000000046       0x24 c:/devkitpro/devkitarm/bin/../lib/gcc/arm-none-eabi/12.1.0/../../../../arm-none-eabi/lib\libsysbase.a(syscall_support.o)
 .comment       0x0000000000000046       0x24 c:/devkitpro/devkitarm/bin/../lib/gcc/arm-none-eabi/12.1.0\libgcc.a(_udivmoddi4.o)
 .comment       0x0000000000000046       0x24 c:/devkitpro/devkitarm/bin/../lib/gcc/arm-none-eabi/12.1.0/crtend.o

.ARM.attributes
                0x0000000000000000       0x2d
 .ARM.attributes
                0x0000000000000000       0x21 c:/devkitpro/devkitarm/bin/../lib/gcc/arm-none-eabi/12.1.0/../../../../arm-none-eabi/lib/ds_arm9_crt0.o