Archive member included to satisfy reference by file (symbol)

C:/devkitPro/libnds/lib\libmm9.a(mm_comms.o)
                              main.o (mmEffect)
C:/devkitPro/libnds/lib\libmm9.a(mm_memory.o)
                              main.o (mmLoadEffect)
C:/devkitPro/libnds/lib\libmm9.a(mm_main9.o)
                              C:/devkitPro/libnds/lib\libmm9.a(mm_memory.o) (mmcbMemory)
C:/devkitPro/libnds/lib\libmm9.a(mm_soundbank.o)
                              C:/devkitPro/libnds/lib\libmm9.a(mm_main9.o) (mmSoundBankInMemory)
C:/devkitPro/libnds/lib\libmm9.a(mm_flusher.o)
                              C:/devkitPro/libnds/lib\libmm9.a(mm_memory.o) (mmFlushBank)
C:/devkitPro/libnds/lib\libnds9.a(background.o)
                              main.o (bgState)
C:/devkitPro/libnds/lib\libnds9.a(trig.o)
                              sprites.o (sinLerp)
C:/devkitPro/libnds/lib\libnds9.a(sprite_alloc.o)
                              main.o (oamAllocateGfx)
C:/devkitPro/libnds/lib\libnds9.a(console.o)
                              main.o (consoleDemoInit)
C:/devkitPro/libnds/lib\libnds9.a(gl2d.o)
                              main.o (glScreen2D)
C:/devkitPro/libnds/lib\libnds9.a(videoGL.o)
                              C:/devkitPro/libnds/lib\libnds9.a(gl2d.o) (glMaterialf)
C:/devkitPro/libnds/lib\libnds9.a(sprite.o)
                              main.o (oamInit)
C:/devkitPro/libnds/lib\libnds9.a(keys.o)
                              main.o (scanKeys)
C:/devkitPro/libnds/lib\libnds9.a(initSystem.o)
                              c:/devkitpro/devkitarm/bin/../lib/gcc/arm-none-eabi/12.1.0/../../../../arm-none-eabi/lib/ds_arm9_crt0.o (initSystem)
C:/devkitPro/libnds/lib\libnds9.a(securearea.o)
                              c:/devkitpro/devkitarm/bin/../lib/gcc/arm-none-eabi/12.1.0/../../../../arm-none-eabi/lib/ds_arm9_crt0.o (__secure_area__)
C:/devkitPro/libnds/lib\libnds9.a(interrupts.o)
                              C:/devkitPro/libnds/lib\libnds9.a(initSystem.o) (irqInit)
C:/devkitPro/libnds/lib\libnds9.a(libnds_exit.arm.o)
                              c:/devkitpro/devkitarm/bin/../lib/gcc/arm-none-eabi/12.1.0/../../../../arm-none-eabi/lib/ds_arm9_crt0.o (__libnds_exit)
C:/devkitPro/libnds/lib\libnds9.a(fifosystem.o)
                              C:/devkitPro/libnds/lib\libmm9.a(mm_comms.o) (fifoSetValue32Handler)
C:/devkitPro/libnds/lib\libnds9.a(dcache.o)
                              sprites.o (DC_FlushAll)
C:/devkitPro/libnds/lib\libnds9.a(mpu_setup.o)
                              c:/devkitpro/devkitarm/bin/../lib/gcc/arm-none-eabi/12.1.0/../../../../arm-none-eabi/lib/ds_arm9_crt0.o (__libnds_mpu_setup)
C:/devkitPro/libnds/lib\libnds9.a(IntrWait.o)
                              main.o (swiWaitForVBlank)
C:/devkitPro/libnds/lib\libnds9.a(cpu_clock.o)
                              C:/devkitPro/libnds/lib\libnds9.a(initSystem.o) (setCpuClock)
C:/devkitPro/libnds/lib\libnds9.a(interruptDispatcher.o)
                              C:/devkitPro/libnds/lib\libnds9.a(interrupts.o) (IntrMain)
C:/devkitPro/libnds/lib\libnds9.a(biosCalls.o)
                              C:/devkitPro/libnds/lib\libnds9.a(videoGL.o) (swiCopy)
C:/devkitPro/libnds/lib\libnds9.a(debugprint.o)
                              C:/devkitPro/libnds/lib\libnds9.a(console.o) (nocashWrite)
C:/devkitPro/libnds/lib\libnds9.a(swiSoftReset.o)
                              C:/devkitPro/libnds/lib\libnds9.a(fifosystem.o) (swiSoftReset)
C:/devkitPro/libnds/lib\libnds9.a(default_font.bin.o)
                              C:/devkitPro/libnds/lib\libnds9.a(console.o) (default_font_bin)
C:/devkitPro/libnds/lib\libnds9.a(dynamicArray.o)
                              C:/devkitPro/libnds/lib\libnds9.a(videoGL.o) (DynamicArrayInit)
C:/devkitPro/libnds/lib\libnds9.a(video.o)
                              C:/devkitPro/libnds/lib\libnds9.a(videoGL.o) (vramSetBanks_EFG)
C:/devkitPro/libnds/lib\libnds9.a(system.o)
                              C:/devkitPro/libnds/lib\libnds9.a(initSystem.o) (systemValueHandler)
c:/devkitpro/devkitarm/bin/../lib/gcc/arm-none-eabi/12.1.0\libgcc.a(_arm_mulsf3.o)
                              main.o (__aeabi_fmul)
c:/devkitpro/devkitarm/bin/../lib/gcc/arm-none-eabi/12.1.0\libgcc.a(_divsi3.o)
                              C:/devkitPro/libnds/lib\libnds9.a(gl2d.o) (__aeabi_idiv)
c:/devkitpro/devkitarm/bin/../lib/gcc/arm-none-eabi/12.1.0\libgcc.a(_dvmd_tls.o)
                              c:/devkitpro/devkitarm/bin/../lib/gcc/arm-none-eabi/12.1.0\libgcc.a(_divsi3.o) (__aeabi_idiv0)
c:/devkitpro/devkitarm/bin/../lib/gcc/arm-none-eabi/12.1.0\libgcc.a(_arm_addsubdf3.o)
                              main.o (__aeabi_dadd)
c:/devkitpro/devkitarm/bin/../lib/gcc/arm-none-eabi/12.1.0\libgcc.a(_arm_cmpdf2.o)
                              main.o (__aeabi_dcmpeq)
c:/devkitpro/devkitarm/bin/../lib/gcc/arm-none-eabi/12.1.0\libgcc.a(_arm_fixdfsi.o)
                              main.o (__aeabi_d2iz)
[...]
Memory Configuration

Name             Origin             Length             Attributes
ewram            0x0000000002000000 0x0000000000380000
dtcm             0x0000000002ff0000 0x0000000000004000
vectors          0x0000000001000000 0x0000000000000100
itcm             0x0000000001000100 0x0000000000007f00
*default*        0x0000000000000000 0xffffffffffffffff

Linker script and memory map

                0x0000000002380000                __ewram_end = (ORIGIN (ewram) + LENGTH (ewram))
                0x0000000002380000                __eheap_end = (ORIGIN (ewram) + LENGTH (ewram))
                0x0000000002ff4000                __dtcm_top = (ORIGIN (dtcm) + LENGTH (dtcm))
                0x0000000002ff3ff8                __irq_flags = (__dtcm_top - 0x8)
                0x0000000002ff3ffc                __irq_vector = (__dtcm_top - 0x4)
                0x0000000002ff3f00                __sp_svc = (__dtcm_top - 0x100)
                0x0000000002ff3e00                __sp_irq = (__sp_svc - 0x100)
                0x0000000002ff3d00                __sp_usr = (__sp_irq - 0x100)

.secure         0x0000000002000000      0x800
 *(.secure)
 .secure        0x0000000002000000      0x800 C:/devkitPro/libnds/lib\libnds9.a(securearea.o)
                0x0000000002000000                __secure_area__

.crt0           0x0000000002000800      0x300
                0x0000000002000800                __text_start = .
 *(.crt0)
 .crt0          0x0000000002000800      0x300 c:/devkitpro/devkitarm/bin/../lib/gcc/arm-none-eabi/12.1.0/../../../../arm-none-eabi/lib/ds_arm9_crt0.o
                0x0000000002000800                _start
                0x0000000002000b00                . = ALIGN (0x4)

.plt
 *(.plt)

.init           0x0000000002000b00       0x18
 *(SORT_NONE(.init))
 .init          0x0000000002000b00        0xc c:/devkitpro/devkitarm/bin/../lib/gcc/arm-none-eabi/12.1.0/crti.o
                0x0000000002000b00                _init
 .init          0x0000000002000b0c        0xc c:/devkitpro/devkitarm/bin/../lib/gcc/arm-none-eabi/12.1.0/crtn.o

.text           0x0000000002000b18     0xe778
 *(EXCLUDE_FILE(*.twl* *.vectors* *.itcm*) .text)
 .text          0x0000000002000b18      0x24c C:/devkitPro/libnds/lib\libmm9.a(mm_comms.o)
                0x0000000002000b18                mmSetupComms
                0x0000000002000b6a                mmSendBank
                0x0000000002000b74                mmLockChannels
                0x0000000002000b7a                mmUnlockChannels
                0x0000000002000b80                mmStart
                0x0000000002000b8a                mmPause
                0x0000000002000b8e                mmResume
                0x0000000002000b92                mmStop
                0x0000000002000b96                mmPosition
                0x0000000002000b9a                mmJingle
                0x0000000002000b9e                mmSetModuleVolume
                0x0000000002000ba2                mmSetJingleVolume
                0x0000000002000ba6                mmSetModuleTempo
                0x0000000002000baa                mmSetModulePitch
                0x0000000002000bae                mmSetEffectsVolume
                0x0000000002000bb2                mmSelectMode
                0x0000000002000bb6                mmStreamBegin
                0x0000000002000bca                mmStreamEnd
                0x0000000002000c20                mmEffect
                0x0000000002000c44                mmEffectVolume
                0x0000000002000c48                mmEffectPanning
                0x0000000002000c4c                mmEffectRate
                0x0000000002000c56                mmEffectScaleRate
                0x0000000002000c60                mmEffectRelease
                0x0000000002000c66                mmEffectCancel
                0x0000000002000c6c                mmEffectEx
                0x0000000002000caa                mmEffectCancelAll
                0x0000000002000cae                mmReverbEnable
                0x0000000002000cb2                mmReverbDisable
                0x0000000002000cb6                mmReverbConfigure
                0x0000000002000d12                mmReverbStart
                0x0000000002000d16                mmReverbStop
 .text          0x0000000002000d64      0x120 C:/devkitPro/libnds/lib\libmm9.a(mm_memory.o)
                0x0000000002000d64                mmLoad
                0x0000000002000db4                mmUnload
                0x0000000002000e0c                mmLoadEffect
                0x0000000002000e44                mmUnloadEffect
 .text          0x0000000002000e84      0x108 C:/devkitPro/libnds/lib\libmm9.a(mm_main9.o)
                0x0000000002000e84                mmActive
                0x0000000002000e8a                mmSetEventHandler
                0x0000000002000e90                mmInit
                0x0000000002000eba                mmInitDefault
                0x0000000002000f04                mmInitDefaultMem
                0x0000000002000f26                mmSuspendIRQ_t
                0x0000000002000f44                mmRestoreIRQ_t
 .text          0x0000000002000f8c      0x100 C:/devkitPro/libnds/lib\libmm9.a(mm_soundbank.o)
                0x0000000002000f8c                mmSoundBankInMemory
                0x0000000002000f94                mmSoundBankInFiles
                0x0000000002000fa6                mmSetCustomSoundBankHandler
                0x0000000002000fd2                mmsHandleFileOp
 .text          0x000000000200108c       0x3c C:/devkitPro/libnds/lib\libmm9.a(mm_flusher.o)
                0x000000000200108c                mmFlushBank
 .text          0x00000000020010c8      0x198 c:/devkitpro/devkitarm/bin/../lib/gcc/arm-none-eabi/12.1.0\libgcc.a(_arm_mulsf3.o)
                0x00000000020010c8                __aeabi_fmul
                0x00000000020010c8                __mulsf3
 .text          0x0000000002001260      0x148 c:/devkitpro/devkitarm/bin/../lib/gcc/arm-none-eabi/12.1.0\libgcc.a(_divsi3.o)
                0x0000000002001260                __divsi3
                0x0000000002001260                __aeabi_idiv
                0x0000000002001388                __aeabi_idivmod
 .text          0x00000000020013a8        0x4 c:/devkitpro/devkitarm/bin/../lib/gcc/arm-none-eabi/12.1.0\libgcc.a(_dvmd_tls.o)
                0x00000000020013a8                __aeabi_idiv0
                0x00000000020013a8                __aeabi_ldiv0
 .text          0x00000000020013ac      0x424 c:/devkitpro/devkitarm/bin/../lib/gcc/arm-none-eabi/12.1.0\libgcc.a(_arm_addsubdf3.o)
                0x00000000020013ac                __aeabi_drsub
                0x00000000020013b4                __aeabi_dsub
                0x00000000020013b4                __subdf3
                0x00000000020013b8                __aeabi_dadd
                0x00000000020013b8                __adddf3
                0x00000000020016c8                __floatunsidf
                0x00000000020016c8                __aeabi_ui2d
                0x00000000020016ec                __floatsidf
                0x00000000020016ec                __aeabi_i2d
                0x0000000002001714                __aeabi_f2d
                0x0000000002001714                __extendsfdf2
                0x000000000200175c                __floatundidf
                0x000000000200175c                __aeabi_ul2d
                0x0000000002001770                __floatdidf
                0x0000000002001770                __aeabi_l2d
 .text          0x00000000020017d0      0x144 c:/devkitpro/devkitarm/bin/../lib/gcc/arm-none-eabi/12.1.0\libgcc.a(_arm_cmpdf2.o)
                0x00000000020017d0                __gtdf2
                0x00000000020017d0                __gedf2
                0x00000000020017d8                __ltdf2
                0x00000000020017d8                __ledf2
                0x00000000020017e0                __nedf2
                0x00000000020017e0                __eqdf2
                0x00000000020017e0                __cmpdf2
                0x0000000002001868                __aeabi_cdrcmple
                0x0000000002001884                __aeabi_cdcmpeq
                0x0000000002001884                __aeabi_cdcmple
                0x000000000200189c                __aeabi_dcmpeq
                0x00000000020018b4                __aeabi_dcmplt
                0x00000000020018cc                __aeabi_dcmple
                0x00000000020018e4                __aeabi_dcmpge
                0x00000000020018fc                __aeabi_dcmpgt
 .text          0x0000000002001914       0x5c c:/devkitpro/devkitarm/bin/../lib/gcc/arm-none-eabi/12.1.0\libgcc.a(_arm_fixdfsi.o)
                0x0000000002001914                __aeabi_d2iz
                0x0000000002001914                __fixdfsi
 .text          0x0000000002001970       0xa0 c:/devkitpro/devkitarm/bin/../lib/gcc/arm-none-eabi/12.1.0\libgcc.a(_arm_truncdfsf2.o)
                0x0000000002001970                __truncdfsf2
                0x0000000002001970                __aeabi_d2f
 .text          0x0000000002001a10      0x2ac c:/devkitpro/devkitarm/bin/../lib/gcc/arm-none-eabi/12.1.0\libgcc.a(_arm_addsubsf3.o)
                0x0000000002001a10                __aeabi_frsub
                0x0000000002001a18                __subsf3
                0x0000000002001a18                __aeabi_fsub
                0x0000000002001a1c                __aeabi_fadd
                0x0000000002001a1c                __addsf3
                0x0000000002001bd8                __aeabi_ui2f
                0x0000000002001bd8                __floatunsisf
                0x0000000002001be0                __aeabi_i2f
                0x0000000002001be0                __floatsisf
                0x0000000002001c00                __aeabi_ul2f
                0x0000000002001c00                __floatundisf
                0x0000000002001c10                __aeabi_l2f
                0x0000000002001c10                __floatdisf
 .text          0x0000000002001cbc      0x114 c:/devkitpro/devkitarm/bin/../lib/gcc/arm-none-eabi/12.1.0\libgcc.a(_arm_cmpsf2.o)
                0x0000000002001cbc                __gesf2
                0x0000000002001cbc                __gtsf2
                0x0000000002001cc4                __lesf2
                0x0000000002001cc4                __ltsf2
                0x0000000002001ccc                __nesf2
                0x0000000002001ccc                __eqsf2
                0x0000000002001ccc                __cmpsf2
                0x0000000002001d30                __aeabi_cfrcmple
                0x0000000002001d40                __aeabi_cfcmpeq
                0x0000000002001d40                __aeabi_cfcmple
                0x0000000002001d58                __aeabi_fcmpeq
                0x0000000002001d70                __aeabi_fcmplt
                0x0000000002001d88                __aeabi_fcmple
                0x0000000002001da0                __aeabi_fcmpge
                0x0000000002001db8                __aeabi_fcmpgt
 .text          0x0000000002001dd0       0x5c c:/devkitpro/devkitarm/bin/../lib/gcc/arm-none-eabi/12.1.0\libgcc.a(_arm_fixsfsi.o)
                0x0000000002001dd0                __aeabi_f2iz
                0x0000000002001dd0                __fixsfsi
 .text          0x0000000002001e2c      0x224 c:/devkitpro/devkitarm/bin/../lib/gcc/arm-none-eabi/12.1.0/../../../../arm-none-eabi/lib\libg.a(lib_a-strcmp.o)
                0x0000000002001e2c                strcmp
 .text          0x0000000002002050      0x114 c:/devkitpro/devkitarm/bin/../lib/gcc/arm-none-eabi/12.1.0\libgcc.a(_udivsi3.o)
                0x0000000002002050                __aeabi_uidiv
                0x0000000002002050                __udivsi3
                0x0000000002002144                __aeabi_uidivmod
 .text          0x0000000002002164       0x3c c:/devkitpro/devkitarm/bin/../lib/gcc/arm-none-eabi/12.1.0\libgcc.a(_aeabi_uldivmod.o)
                0x0000000002002164                __aeabi_uldivmod
 .text          0x00000000020021a0       0x28 c:/devkitpro/devkitarm/bin/../lib/gcc/arm-none-eabi/12.1.0\libgcc.a(_clzdi2.o)
                0x00000000020021a0                __clzdi2
 .text          0x00000000020021c8       0x48 c:/devkitpro/devkitarm/bin/../lib/gcc/arm-none-eabi/12.1.0\libgcc.a(_clzsi2.o)
                0x00000000020021c8                __clzsi2
 *(EXCLUDE_FILE(*.twl* *.vectors* *.itcm*) .stub)
 *(EXCLUDE_FILE(*.twl* *.vectors* *.itcm*) .text.*)
 .text.__do_global_dtors_aux
                0x0000000002002210       0x40 c:/devkitpro/devkitarm/bin/../lib/gcc/arm-none-eabi/12.1.0/crtbegin.o
 .text.frame_dummy
                0x0000000002002250       0x30 c:/devkitpro/devkitarm/bin/../lib/gcc/arm-none-eabi/12.1.0/crtbegin.o
 .text.startup  0x0000000002002280     0x1454 main.o
                0x0000000002002280                main
 .text.checkIfText
                0x00000000020036d4       0x5c C:/devkitPro/libnds/lib\libnds9.a(background.o)
                0x00000000020036d4                checkIfText
 .text.bgUpdate
                0x0000000002003730       0xf4 C:/devkitPro/libnds/lib\libnds9.a(background.o)
                0x0000000002003730                bgUpdate
 .text.bgInit_call
                0x0000000002003824       0xc4 C:/devkitPro/libnds/lib\libnds9.a(background.o)
                0x0000000002003824                bgInit_call
 .text.bgInitSub_call
                0x00000000020038e8       0xcc C:/devkitPro/libnds/lib\libnds9.a(background.o)
                0x00000000020038e8                bgInitSub_call
 .text.sinLutLookup
                0x00000000020039b4       0x4c C:/devkitPro/libnds/lib\libnds9.a(trig.o)
                0x00000000020039b4                sinLutLookup
 .text.sinLerp  0x0000000002003a00       0x40 C:/devkitPro/libnds/lib\libnds9.a(trig.o)
                0x0000000002003a00                sinLerp
 .text.cosLerp  0x0000000002003a40       0x4c C:/devkitPro/libnds/lib\libnds9.a(trig.o)
                0x0000000002003a40                cosLerp
 .text.tanLerp  0x0000000002003a8c       0xb0 C:/devkitPro/libnds/lib\libnds9.a(trig.o)
                0x0000000002003a8c                tanLerp
 .text.oamAllocReset
                0x0000000002003b3c       0x1c C:/devkitPro/libnds/lib\libnds9.a(sprite_alloc.o)
                0x0000000002003b3c                oamAllocReset
 .text.oamAllocateGfx
                0x0000000002003b58      0x50c C:/devkitPro/libnds/lib\libnds9.a(sprite_alloc.o)
                0x0000000002003b58                oamAllocateGfx
 .text.newRow   0x0000000002004064       0xa8 C:/devkitPro/libnds/lib\libnds9.a(console.o)
 .text.consolePrintChar
                0x000000000200410c       0xe0 C:/devkitPro/libnds/lib\libnds9.a(console.o)
                0x000000000200410c                consolePrintChar
 .text.con_write
                0x00000000020041ec      0x36c C:/devkitPro/libnds/lib\libnds9.a(console.o)
                0x00000000020041ec                con_write
 .text.consoleLoadFont
                0x0000000002004558      0x2a0 C:/devkitPro/libnds/lib\libnds9.a(console.o)
                0x0000000002004558                consoleLoadFont
 .text.consoleInit
                0x00000000020047f8      0x18c C:/devkitPro/libnds/lib\libnds9.a(console.o)
                0x00000000020047f8                consoleInit
 .text.consoleDemoInit
                0x0000000002004984       0x40 C:/devkitPro/libnds/lib\libnds9.a(console.o)
                0x0000000002004984                consoleDemoInit
 .text.SetOrtho
                0x00000000020049c4      0x184 C:/devkitPro/libnds/lib\libnds9.a(gl2d.o)
                0x00000000020049c4                SetOrtho
 .text.glScreen2D
                0x0000000002004b48      0x540 C:/devkitPro/libnds/lib\libnds9.a(gl2d.o)
                0x0000000002004b48                glScreen2D
 .text.glBegin2D
                0x0000000002005088       0x84 C:/devkitPro/libnds/lib\libnds9.a(gl2d.o)
                0x0000000002005088                glBegin2D
 .text.glBoxFilled
                0x000000000200510c       0x98 C:/devkitPro/libnds/lib\libnds9.a(gl2d.o)
                0x000000000200510c                glBoxFilled
 .text.glSprite
                0x00000000020051a4      0x108 C:/devkitPro/libnds/lib\libnds9.a(gl2d.o)
                0x00000000020051a4                glSprite
 .text.glSpriteRotate
                0x00000000020052ac      0x174 C:/devkitPro/libnds/lib\libnds9.a(gl2d.o)
                0x00000000020052ac                glSpriteRotate
 .text.glLoadTileSet
                0x0000000002005420       0xd0 C:/devkitPro/libnds/lib\libnds9.a(gl2d.o)
                0x0000000002005420                glLoadTileSet
 .text.vramBlock__deallocateBlock.part.0
                0x00000000020054f0      0x190 C:/devkitPro/libnds/lib\libnds9.a(videoGL.o)
 .text.glMaterialf
                0x0000000002005680       0x7c C:/devkitPro/libnds/lib\libnds9.a(videoGL.o)
                0x0000000002005680                glMaterialf
 .text.vramBlock_init
                0x00000000020056fc       0x5c C:/devkitPro/libnds/lib\libnds9.a(videoGL.o)
                0x00000000020056fc                vramBlock_init
 .text.vramBlock__allocateBlock
                0x0000000002005758      0x178 C:/devkitPro/libnds/lib\libnds9.a(videoGL.o)
                0x0000000002005758                vramBlock__allocateBlock
 .text.vramBlock_examineSpecial
                0x00000000020058d0      0x238 C:/devkitPro/libnds/lib\libnds9.a(videoGL.o)
                0x00000000020058d0                vramBlock_examineSpecial
 .text.vramBlock_allocateSpecial
                0x0000000002005b08       0x6c C:/devkitPro/libnds/lib\libnds9.a(videoGL.o)
                0x0000000002005b08                vramBlock_allocateSpecial
 .text.vramBlock_allocateBlock
                0x0000000002005b74       0x30 C:/devkitPro/libnds/lib\libnds9.a(videoGL.o)
                0x0000000002005b74                vramBlock_allocateBlock
 .text.vramBlock_deallocateBlock
                0x0000000002005ba4       0x48 C:/devkitPro/libnds/lib\libnds9.a(videoGL.o)
                0x0000000002005ba4                vramBlock_deallocateBlock
 .text.removePaletteFromTexture.part.0
                0x0000000002005bec       0x68 C:/devkitPro/libnds/lib\libnds9.a(videoGL.o)
 .text.glInit_C
                0x0000000002005c54      0x1cc C:/devkitPro/libnds/lib\libnds9.a(videoGL.o)
                0x0000000002005c54                glInit_C
 .text.glGenTextures
                0x0000000002005e20       0x80 C:/devkitPro/libnds/lib\libnds9.a(videoGL.o)
                0x0000000002005e20                glGenTextures
 .text.vramGetBank
                0x0000000002005ea0       0xb8 C:/devkitPro/libnds/lib\libnds9.a(videoGL.o)
                0x0000000002005ea0                vramGetBank
 .text.glBindTexture
                0x0000000002005f58       0x60 C:/devkitPro/libnds/lib\libnds9.a(videoGL.o)
                0x0000000002005f58                glBindTexture
 .text.glColorTableEXT
                0x0000000002005fb8      0x1d8 C:/devkitPro/libnds/lib\libnds9.a(videoGL.o)
                0x0000000002005fb8                glColorTableEXT
 .text.glTexImage2D
                0x0000000002006190      0x40c C:/devkitPro/libnds/lib\libnds9.a(videoGL.o)
                0x0000000002006190                glTexImage2D
 .text.oamInit  0x000000000200659c      0x114 C:/devkitPro/libnds/lib\libnds9.a(sprite.o)
                0x000000000200659c                oamInit
 .text.oamGetGfxPtr
                0x00000000020066b0       0x38 C:/devkitPro/libnds/lib\libnds9.a(sprite.o)
                0x00000000020066b0                oamGetGfxPtr
 .text.oamGfxPtrToOffset
                0x00000000020066e8       0x34 C:/devkitPro/libnds/lib\libnds9.a(sprite.o)
                0x00000000020066e8                oamGfxPtrToOffset
 .text.oamSet   0x000000000200671c      0x104 C:/devkitPro/libnds/lib\libnds9.a(sprite.o)
                0x000000000200671c                oamSet
 .text.oamUpdate
                0x0000000002006820       0x60 C:/devkitPro/libnds/lib\libnds9.a(sprite.o)
                0x0000000002006820                oamUpdate
 .text.scanKeys
                0x0000000002006880       0x8c C:/devkitPro/libnds/lib\libnds9.a(keys.o)
                0x0000000002006880                scanKeys
 .text.keysDown
                0x000000000200690c       0x14 C:/devkitPro/libnds/lib\libnds9.a(keys.o)
                0x000000000200690c                keysDown
 .text.__syscall_gettod_r
                0x0000000002006920       0x28 C:/devkitPro/libnds/lib\libnds9.a(initSystem.o)
                0x0000000002006920                __syscall_gettod_r
 .text.initSystem
                0x0000000002006948      0x180 C:/devkitPro/libnds/lib\libnds9.a(initSystem.o)
                0x0000000002006948                initSystem
 .text.irqDummy
                0x0000000002006ac8        0x4 C:/devkitPro/libnds/lib\libnds9.a(interrupts.o)
                0x0000000002006ac8                irqDummy
 .text.irqSet   0x0000000002006acc       0x6c C:/devkitPro/libnds/lib\libnds9.a(interrupts.o)
                0x0000000002006acc                irqSet
 .text.irqInit  0x0000000002006b38       0x50 C:/devkitPro/libnds/lib\libnds9.a(interrupts.o)
                0x0000000002006b38                irqInit
 .text.irqEnable
                0x0000000002006b88       0x64 C:/devkitPro/libnds/lib\libnds9.a(interrupts.o)
                0x0000000002006b88                irqEnable
 .text.systemErrorExit
                0x0000000002006bec        0x4 C:/devkitPro/libnds/lib\libnds9.a(libnds_exit.arm.o)
                0x0000000002006bec                systemErrorExit
 .text.__libnds_exit
                0x0000000002006bf0       0x5c C:/devkitPro/libnds/lib\libnds9.a(libnds_exit.arm.o)
                0x0000000002006bf0                __libnds_exit
 .text.fifo_queueBlock
                0x0000000002006c4c       0x44 C:/devkitPro/libnds/lib\libnds9.a(fifosystem.o)
 .text.fifo_waitBlock
                0x0000000002006c90       0x80 C:/devkitPro/libnds/lib\libnds9.a(fifosystem.o)
 .text.fifoInternalSend.part.0
                0x0000000002006d10       0xd4 C:/devkitPro/libnds/lib\libnds9.a(fifosystem.o)
 .text.fifoInternalSendInterrupt
                0x0000000002006de4       0xb0 C:/devkitPro/libnds/lib\libnds9.a(fifosystem.o)
 .text.fifoSetValue32Handler
                0x0000000002006e94       0xd4 C:/devkitPro/libnds/lib\libnds9.a(fifosystem.o)
                0x0000000002006e94                fifoSetValue32Handler
 .text.fifoSendValue32
                0x0000000002006f68       0x4c C:/devkitPro/libnds/lib\libnds9.a(fifosystem.o)
                0x0000000002006f68                fifoSendValue32
 .text.fifoSendDatamsg
                0x0000000002006fb4       0x90 C:/devkitPro/libnds/lib\libnds9.a(fifosystem.o)
                0x0000000002006fb4                fifoSendDatamsg
 .text.fifoGetDatamsg
                0x0000000002007044       0xf4 C:/devkitPro/libnds/lib\libnds9.a(fifosystem.o)
                0x0000000002007044                fifoGetDatamsg
 .text.fifoInternalRecvInterrupt
                0x0000000002007138      0x37c C:/devkitPro/libnds/lib\libnds9.a(fifosystem.o)
 .text.fifoSetDatamsgHandler
                0x00000000020074b4       0x9c C:/devkitPro/libnds/lib\libnds9.a(fifosystem.o)
                0x00000000020074b4                fifoSetDatamsgHandler
 .text.fifoInit
                0x0000000002007550      0x108 C:/devkitPro/libnds/lib\libnds9.a(fifosystem.o)
                0x0000000002007550                fifoInit
 .text.DC_FlushRange
                0x0000000002007658       0x24 C:/devkitPro/libnds/lib\libnds9.a(dcache.o)
                0x0000000002007658                DC_FlushRange
 .text.__libnds_mpu_setup
                0x000000000200767c      0x174 C:/devkitPro/libnds/lib\libnds9.a(mpu_setup.o)
                0x000000000200767c                __libnds_mpu_setup
 .text.memUncached
                0x00000000020077f0       0x20 C:/devkitPro/libnds/lib\libnds9.a(mpu_setup.o)
                0x00000000020077f0                memUncached
 .text.swiWaitForVBlank
                0x0000000002007810        0x8 C:/devkitPro/libnds/lib\libnds9.a(IntrWait.o)
                0x0000000002007810                swiWaitForVBlank
 .text.swiIntrWait
                0x0000000002007818       0x70 C:/devkitPro/libnds/lib\libnds9.a(IntrWait.o)
                0x0000000002007818                swiIntrWait
 .text.setCpuClock
                0x0000000002007888       0x50 C:/devkitPro/libnds/lib\libnds9.a(cpu_clock.o)
                0x0000000002007888                setCpuClock
 .text.swiDelay
                0x00000000020078d8        0x4 C:/devkitPro/libnds/lib\libnds9.a(biosCalls.o)
                0x00000000020078d8                swiDelay
 .text.swiCopy  0x00000000020078dc        0x4 C:/devkitPro/libnds/lib\libnds9.a(biosCalls.o)
                0x00000000020078dc                swiCopy
 .text.swiSoftReset
                0x00000000020078e0       0x2c C:/devkitPro/libnds/lib\libnds9.a(swiSoftReset.o)
                0x00000000020078e0                swiSoftReset
 .text.DynamicArrayInit
                0x000000000200790c       0x18 C:/devkitPro/libnds/lib\libnds9.a(dynamicArray.o)
                0x000000000200790c                DynamicArrayInit
 .text.DynamicArrayGet
                0x0000000002007924       0x18 C:/devkitPro/libnds/lib\libnds9.a(dynamicArray.o)
                0x0000000002007924                DynamicArrayGet
 .text.DynamicArraySet
                0x000000000200793c       0x48 C:/devkitPro/libnds/lib\libnds9.a(dynamicArray.o)
                0x000000000200793c                DynamicArraySet
 .text.vramRestorePrimaryBanks
                0x0000000002007984        0xc C:/devkitPro/libnds/lib\libnds9.a(video.o)
                0x0000000002007984                vramRestorePrimaryBanks
 .text.vramRestoreBanks_EFG
                0x0000000002007990        0xc C:/devkitPro/libnds/lib\libnds9.a(video.o)
                0x0000000002007990                vramRestoreBanks_EFG
 .text.vramDefault
                0x000000000200799c       0xd0 C:/devkitPro/libnds/lib\libnds9.a(video.o)
                0x000000000200799c                vramDefault
 .text.systemValueHandler
                0x0000000002007a6c       0x48 C:/devkitPro/libnds/lib\libnds9.a(system.o)
                0x0000000002007a6c                systemValueHandler
 .text.systemMsgHandler
                0x0000000002007ab4       0x60 C:/devkitPro/libnds/lib\libnds9.a(system.o)
                0x0000000002007ab4                systemMsgHandler
 .text.powerOn  0x0000000002007b14       0x2c C:/devkitPro/libnds/lib\libnds9.a(system.o)
                0x0000000002007b14                powerOn
 .text.__muldi3
                0x0000000002007b40       0x18 c:/devkitpro/devkitarm/bin/../lib/gcc/arm-none-eabi/12.1.0\libgcc.a(_muldi3.o)
                0x0000000002007b40                __muldi3
                0x0000000002007b40                __aeabi_lmul
 .text.calloc   0x0000000002007b58       0x24 c:/devkitpro/devkitarm/bin/../lib/gcc/arm-none-eabi/12.1.0/../../../../arm-none-eabi/lib\libg.a(lib_a-calloc.o)
                0x0000000002007b58                calloc
 .text._calloc_r
                0x0000000002007b7c       0xd0 c:/devkitpro/devkitarm/bin/../lib/gcc/arm-none-eabi/12.1.0/../../../../arm-none-eabi/lib\libg.a(lib_a-callocr.o)
                0x0000000002007b7c                _calloc_r
 .text.__errno  0x0000000002007c4c       0x10 c:/devkitpro/devkitarm/bin/../lib/gcc/arm-none-eabi/12.1.0/../../../../arm-none-eabi/lib\libg.a(lib_a-errno.o)
                0x0000000002007c4c                __errno
 .text._fclose_r
                0x0000000002007c5c      0x164 c:/devkitpro/devkitarm/bin/../lib/gcc/arm-none-eabi/12.1.0/../../../../arm-none-eabi/lib\libg.a(lib_a-fclose.o)
                0x0000000002007c5c                _fclose_r
 .text.fclose   0x0000000002007dc0       0x18 c:/devkitpro/devkitarm/bin/../lib/gcc/arm-none-eabi/12.1.0/../../../../arm-none-eabi/lib\libg.a(lib_a-fclose.o)
                0x0000000002007dc0                fclose
 .text.__sflush_r
                0x0000000002007dd8      0x250 c:/devkitpro/devkitarm/bin/../lib/gcc/arm-none-eabi/12.1.0/../../../../arm-none-eabi/lib\libg.a(lib_a-fflush.o)
                0x0000000002007dd8                __sflush_r
 .text._fflush_r
                0x0000000002008028       0x9c c:/devkitpro/devkitarm/bin/../lib/gcc/arm-none-eabi/12.1.0/../../../../arm-none-eabi/lib\libg.a(lib_a-fflush.o)
                0x0000000002008028                _fflush_r
 .text.fflush   0x00000000020080c4       0x3c c:/devkitpro/devkitarm/bin/../lib/gcc/arm-none-eabi/12.1.0/../../../../arm-none-eabi/lib\libg.a(lib_a-fflush.o)
                0x00000000020080c4                fflush
 .text._cleanup_r
                0x0000000002008100       0x18 c:/devkitpro/devkitarm/bin/../lib/gcc/arm-none-eabi/12.1.0/../../../../arm-none-eabi/lib\libg.a(lib_a-findfp.o)
                0x0000000002008100                _cleanup_r
 .text.__sinit  0x0000000002008118      0x18c c:/devkitpro/devkitarm/bin/../lib/gcc/arm-none-eabi/12.1.0/../../../../arm-none-eabi/lib\libg.a(lib_a-findfp.o)
                0x0000000002008118                __sinit
 .text.__sfp    0x00000000020082a4      0x138 c:/devkitpro/devkitarm/bin/../lib/gcc/arm-none-eabi/12.1.0/../../../../arm-none-eabi/lib\libg.a(lib_a-findfp.o)
                0x00000000020082a4                __sfp
 .text.__sfp_lock_acquire
                0x00000000020083dc       0x18 c:/devkitpro/devkitarm/bin/../lib/gcc/arm-none-eabi/12.1.0/../../../../arm-none-eabi/lib\libg.a(lib_a-findfp.o)
                0x00000000020083dc                __sfp_lock_acquire
 .text.__sfp_lock_release
                0x00000000020083f4       0x18 c:/devkitpro/devkitarm/bin/../lib/gcc/arm-none-eabi/12.1.0/../../../../arm-none-eabi/lib\libg.a(lib_a-findfp.o)
                0x00000000020083f4                __sfp_lock_release
 .text._fopen_r
                0x000000000200840c      0x140 c:/devkitpro/devkitarm/bin/../lib/gcc/arm-none-eabi/12.1.0/../../../../arm-none-eabi/lib\libg.a(lib_a-fopen.o)
                0x000000000200840c                _fopen_r
 .text.fopen    0x000000000200854c       0x20 c:/devkitpro/devkitarm/bin/../lib/gcc/arm-none-eabi/12.1.0/../../../../arm-none-eabi/lib\libg.a(lib_a-fopen.o)
                0x000000000200854c                fopen
 .text._fread_r
                0x000000000200856c      0x2d8 c:/devkitpro/devkitarm/bin/../lib/gcc/arm-none-eabi/12.1.0/../../../../arm-none-eabi/lib\libg.a(lib_a-fread.o)
                0x000000000200856c                _fread_r
 .text.fread    0x0000000002008844       0x3c c:/devkitpro/devkitarm/bin/../lib/gcc/arm-none-eabi/12.1.0/../../../../arm-none-eabi/lib\libg.a(lib_a-fread.o)
                0x0000000002008844                fread
 .text._malloc_trim_r
                0x0000000002008880      0x100 c:/devkitpro/devkitarm/bin/../lib/gcc/arm-none-eabi/12.1.0/../../../../arm-none-eabi/lib\libg.a(lib_a-freer.o)
                0x0000000002008880                _malloc_trim_r
 .text._free_r  0x0000000002008980      0x2e8 c:/devkitpro/devkitarm/bin/../lib/gcc/arm-none-eabi/12.1.0/../../../../arm-none-eabi/lib\libg.a(lib_a-freer.o)
                0x0000000002008980                _free_r
 .text._fseek_r
                0x0000000002008c68       0x20 c:/devkitpro/devkitarm/bin/../lib/gcc/arm-none-eabi/12.1.0/../../../../arm-none-eabi/lib\libg.a(lib_a-fseek.o)
                0x0000000002008c68                _fseek_r
 .text.fseek    0x0000000002008c88       0x38 c:/devkitpro/devkitarm/bin/../lib/gcc/arm-none-eabi/12.1.0/../../../../arm-none-eabi/lib\libg.a(lib_a-fseek.o)
                0x0000000002008c88                fseek
 .text._fseeko_r
                0x0000000002008cc0      0x5a0 c:/devkitpro/devkitarm/bin/../lib/gcc/arm-none-eabi/12.1.0/../../../../arm-none-eabi/lib\libg.a(lib_a-fseeko.o)
                0x0000000002008cc0                _fseeko_r
 .text._fwalk   0x0000000002009260       0x70 c:/devkitpro/devkitarm/bin/../lib/gcc/arm-none-eabi/12.1.0/../../../../arm-none-eabi/lib\libg.a(lib_a-fwalk.o)
                0x0000000002009260                _fwalk
 .text._fwalk_reent
                0x00000000020092d0       0x78 c:/devkitpro/devkitarm/bin/../lib/gcc/arm-none-eabi/12.1.0/../../../../arm-none-eabi/lib\libg.a(lib_a-fwalk.o)
                0x00000000020092d0                _fwalk_reent
 .text.__libc_init_array
                0x0000000002009348       0x90 c:/devkitpro/devkitarm/bin/../lib/gcc/arm-none-eabi/12.1.0/../../../../arm-none-eabi/lib\libg.a(lib_a-init.o)
                0x0000000002009348                __libc_init_array
 .text.__smakebuf_r
                0x00000000020093d8      0x144 c:/devkitpro/devkitarm/bin/../lib/gcc/arm-none-eabi/12.1.0/../../../../arm-none-eabi/lib\libg.a(lib_a-makebuf.o)
                0x00000000020093d8                __smakebuf_r
 .text.__swhatbuf_r
                0x000000000200951c       0x80 c:/devkitpro/devkitarm/bin/../lib/gcc/arm-none-eabi/12.1.0/../../../../arm-none-eabi/lib\libg.a(lib_a-makebuf.o)
                0x000000000200951c                __swhatbuf_r
 .text.malloc   0x000000000200959c       0x1c c:/devkitpro/devkitarm/bin/../lib/gcc/arm-none-eabi/12.1.0/../../../../arm-none-eabi/lib\libg.a(lib_a-malloc.o)
                0x000000000200959c                malloc
 .text.free     0x00000000020095b8       0x1c c:/devkitpro/devkitarm/bin/../lib/gcc/arm-none-eabi/12.1.0/../../../../arm-none-eabi/lib\libg.a(lib_a-malloc.o)
                0x00000000020095b8                free
 .text._malloc_r
                0x00000000020095d4      0x7f0 c:/devkitpro/devkitarm/bin/../lib/gcc/arm-none-eabi/12.1.0/../../../../arm-none-eabi/lib\libg.a(lib_a-mallocr.o)
                0x00000000020095d4                _malloc_r
 .text.memcpy   0x0000000002009dc4      0x114 c:/devkitpro/devkitarm/bin/../lib/gcc/arm-none-eabi/12.1.0/../../../../arm-none-eabi/lib\libg.a(lib_a-memcpy-stub.o)
                0x0000000002009dc4                memcpy
 .text.memset   0x0000000002009ed8       0xfc c:/devkitpro/devkitarm/bin/../lib/gcc/arm-none-eabi/12.1.0/../../../../arm-none-eabi/lib\libg.a(lib_a-memset.o)
                0x0000000002009ed8                memset
 .text.__malloc_lock
                0x0000000002009fd4       0x18 c:/devkitpro/devkitarm/bin/../lib/gcc/arm-none-eabi/12.1.0/../../../../arm-none-eabi/lib\libg.a(lib_a-mlock.o)
                0x0000000002009fd4                __malloc_lock
 .text.__malloc_unlock
                0x0000000002009fec       0x18 c:/devkitpro/devkitarm/bin/../lib/gcc/arm-none-eabi/12.1.0/../../../../arm-none-eabi/lib\libg.a(lib_a-mlock.o)
                0x0000000002009fec                __malloc_unlock
 .text.srand    0x000000000200a004       0x20 c:/devkitpro/devkitarm/bin/../lib/gcc/arm-none-eabi/12.1.0/../../../../arm-none-eabi/lib\libg.a(lib_a-rand.o)
                0x000000000200a004                srand
 .text.rand     0x000000000200a024       0x48 c:/devkitpro/devkitarm/bin/../lib/gcc/arm-none-eabi/12.1.0/../../../../arm-none-eabi/lib\libg.a(lib_a-rand.o)
                0x000000000200a024                rand
 .text.realloc  0x000000000200a06c       0x24 c:/devkitpro/devkitarm/bin/../lib/gcc/arm-none-eabi/12.1.0/../../../../arm-none-eabi/lib\libg.a(lib_a-realloc.o)
                0x000000000200a06c                realloc
 .text._realloc_r
                0x000000000200a090      0x4b8 c:/devkitpro/devkitarm/bin/../lib/gcc/arm-none-eabi/12.1.0/../../../../arm-none-eabi/lib\libg.a(lib_a-reallocr.o)
                0x000000000200a090                _realloc_r
 .text.lflush   0x000000000200a548       0x28 c:/devkitpro/devkitarm/bin/../lib/gcc/arm-none-eabi/12.1.0/../../../../arm-none-eabi/lib\libg.a(lib_a-refill.o)
 .text.__srefill_r
                0x000000000200a570      0x198 c:/devkitpro/devkitarm/bin/../lib/gcc/arm-none-eabi/12.1.0/../../../../arm-none-eabi/lib\libg.a(lib_a-refill.o)
                0x000000000200a570                __srefill_r
 .text.setvbuf  0x000000000200a708      0x25c c:/devkitpro/devkitarm/bin/../lib/gcc/arm-none-eabi/12.1.0/../../../../arm-none-eabi/lib\libg.a(lib_a-setvbuf.o)
                0x000000000200a708                setvbuf
 .text.siscanf  0x000000000200a964       0x74 c:/devkitpro/devkitarm/bin/../lib/gcc/arm-none-eabi/12.1.0/../../../../arm-none-eabi/lib\libg.a(lib_a-siscanf.o)
                0x000000000200a964                siscanf
 .text.__sread  0x000000000200a9d8       0x4c c:/devkitpro/devkitarm/bin/../lib/gcc/arm-none-eabi/12.1.0/../../../../arm-none-eabi/lib\libg.a(lib_a-stdio.o)
                0x000000000200a9d8                __sread
 .text.__seofread
                0x000000000200aa24        0x8 c:/devkitpro/devkitarm/bin/../lib/gcc/arm-none-eabi/12.1.0/../../../../arm-none-eabi/lib\libg.a(lib_a-stdio.o)
                0x000000000200aa24                __seofread
 .text.__swrite
                0x000000000200aa2c       0x6c c:/devkitpro/devkitarm/bin/../lib/gcc/arm-none-eabi/12.1.0/../../../../arm-none-eabi/lib\libg.a(lib_a-stdio.o)
                0x000000000200aa2c                __swrite
 .text.__sseek  0x000000000200aa98       0x48 c:/devkitpro/devkitarm/bin/../lib/gcc/arm-none-eabi/12.1.0/../../../../arm-none-eabi/lib\libg.a(lib_a-stdio.o)
                0x000000000200aa98                __sseek
 .text.__sclose
                0x000000000200aae0       0x14 c:/devkitpro/devkitarm/bin/../lib/gcc/arm-none-eabi/12.1.0/../../../../arm-none-eabi/lib\libg.a(lib_a-stdio.o)
                0x000000000200aae0                __sclose
 .text.strlen   0x000000000200aaf4       0x60 c:/devkitpro/devkitarm/bin/../lib/gcc/arm-none-eabi/12.1.0/../../../../arm-none-eabi/lib\libg.a(lib_a-strlen-stub.o)
                0x000000000200aaf4                strlen
 .text.get_arg  0x000000000200ab54       0x54 c:/devkitpro/devkitarm/bin/../lib/gcc/arm-none-eabi/12.1.0/../../../../arm-none-eabi/lib\libg.a(lib_a-svfiscanf.o)
 .text._sungetc_r
                0x000000000200aba8       0xdc c:/devkitpro/devkitarm/bin/../lib/gcc/arm-none-eabi/12.1.0/../../../../arm-none-eabi/lib\libg.a(lib_a-svfiscanf.o)
                0x000000000200aba8                _sungetc_r
 .text.__ssrefill_r
                0x000000000200ac84       0x68 c:/devkitpro/devkitarm/bin/../lib/gcc/arm-none-eabi/12.1.0/../../../../arm-none-eabi/lib\libg.a(lib_a-svfiscanf.o)
                0x000000000200ac84                __ssrefill_r
 .text._sfread_r
                0x000000000200acec       0xc8 c:/devkitpro/devkitarm/bin/../lib/gcc/arm-none-eabi/12.1.0/../../../../arm-none-eabi/lib\libg.a(lib_a-svfiscanf.o)
                0x000000000200acec                _sfread_r
 .text.__ssvfiscanf_r
                0x000000000200adb4     0x2338 c:/devkitpro/devkitarm/bin/../lib/gcc/arm-none-eabi/12.1.0/../../../../arm-none-eabi/lib\libg.a(lib_a-svfiscanf.o)
                0x000000000200adb4                __ssvfiscanf_r
 .text.time     0x000000000200d0ec       0x40 c:/devkitpro/devkitarm/bin/../lib/gcc/arm-none-eabi/12.1.0/../../../../arm-none-eabi/lib\libg.a(lib_a-time.o)
                0x000000000200d0ec                time
 .text.__submore
                0x000000000200d12c       0xa8 c:/devkitpro/devkitarm/bin/../lib/gcc/arm-none-eabi/12.1.0/../../../../arm-none-eabi/lib\libg.a(lib_a-ungetc.o)
                0x000000000200d12c                __submore
 .text.__sflags
                0x000000000200d1d4       0xd0 c:/devkitpro/devkitarm/bin/../lib/gcc/arm-none-eabi/12.1.0/../../../../arm-none-eabi/lib\libg.a(lib_a-flags.o)
                0x000000000200d1d4                __sflags
 .text.iswspace
                0x000000000200d2a4       0x14 c:/devkitpro/devkitarm/bin/../lib/gcc/arm-none-eabi/12.1.0/../../../../arm-none-eabi/lib\libg.a(lib_a-iswspace.o)
                0x000000000200d2a4                iswspace
 .text.__locale_mb_cur_max
                0x000000000200d2b8       0x10 c:/devkitpro/devkitarm/bin/../lib/gcc/arm-none-eabi/12.1.0/../../../../arm-none-eabi/lib\libg.a(lib_a-locale.o)
                0x000000000200d2b8                __locale_mb_cur_max
 .text._mbrtowc_r
                0x000000000200d2c8       0x70 c:/devkitpro/devkitarm/bin/../lib/gcc/arm-none-eabi/12.1.0/../../../../arm-none-eabi/lib\libg.a(lib_a-mbrtowc.o)
                0x000000000200d2c8                _mbrtowc_r
 .text.__utf8_mbtowc
                0x000000000200d338      0x308 c:/devkitpro/devkitarm/bin/../lib/gcc/arm-none-eabi/12.1.0/../../../../arm-none-eabi/lib\libg.a(lib_a-mbtowc_r.o)
                0x000000000200d338                __utf8_mbtowc
 .text.memmove  0x000000000200d640      0x154 c:/devkitpro/devkitarm/bin/../lib/gcc/arm-none-eabi/12.1.0/../../../../arm-none-eabi/lib\libg.a(lib_a-memmove.o)
                0x000000000200d640                memmove
 .text.__sccl   0x000000000200d794       0xe4 c:/devkitpro/devkitarm/bin/../lib/gcc/arm-none-eabi/12.1.0/../../../../arm-none-eabi/lib\libg.a(lib_a-sccl.o)
                0x000000000200d794                __sccl
 .text.strchr   0x000000000200d878      0x13c c:/devkitpro/devkitarm/bin/../lib/gcc/arm-none-eabi/12.1.0/../../../../arm-none-eabi/lib\libg.a(lib_a-strchr.o)
                0x000000000200d878                strchr
 .text._strtoll_l.constprop.0
                0x000000000200d9b4      0x234 c:/devkitpro/devkitarm/bin/../lib/gcc/arm-none-eabi/12.1.0/../../../../arm-none-eabi/lib\libg.a(lib_a-strtoll.o)
 .text._strtoll_r
                0x000000000200dbe8        0x4 c:/devkitpro/devkitarm/bin/../lib/gcc/arm-none-eabi/12.1.0/../../../../arm-none-eabi/lib\libg.a(lib_a-strtoll.o)
                0x000000000200dbe8                _strtoll_r
 .text._strtol_l.part.0
                0x000000000200dbec      0x1a8 c:/devkitpro/devkitarm/bin/../lib/gcc/arm-none-eabi/12.1.0/../../../../arm-none-eabi/lib\libg.a(lib_a-strtol.o)
 .text._strtol_r
                0x000000000200dd94       0x3c c:/devkitpro/devkitarm/bin/../lib/gcc/arm-none-eabi/12.1.0/../../../../arm-none-eabi/lib\libg.a(lib_a-strtol.o)
                0x000000000200dd94                _strtol_r
 .text._strtoull_l.constprop.0
                0x000000000200ddd0      0x248 c:/devkitpro/devkitarm/bin/../lib/gcc/arm-none-eabi/12.1.0/../../../../arm-none-eabi/lib\libg.a(lib_a-strtoull.o)
 .text._strtoull_r
                0x000000000200e018        0x4 c:/devkitpro/devkitarm/bin/../lib/gcc/arm-none-eabi/12.1.0/../../../../arm-none-eabi/lib\libg.a(lib_a-strtoull.o)
                0x000000000200e018                _strtoull_r
 .text._strtoul_l.constprop.0
                0x000000000200e01c      0x1c8 c:/devkitpro/devkitarm/bin/../lib/gcc/arm-none-eabi/12.1.0/../../../../arm-none-eabi/lib\libg.a(lib_a-strtoul.o)
 .text._strtoul_r
                0x000000000200e1e4        0x4 c:/devkitpro/devkitarm/bin/../lib/gcc/arm-none-eabi/12.1.0/../../../../arm-none-eabi/lib\libg.a(lib_a-strtoul.o)
                0x000000000200e1e4                _strtoul_r
 .text.__utf8_wctomb
                0x000000000200e1e8       0xf4 c:/devkitpro/devkitarm/bin/../lib/gcc/arm-none-eabi/12.1.0/../../../../arm-none-eabi/lib\libg.a(lib_a-wctomb_r.o)
                0x000000000200e1e8                __utf8_wctomb
 .text.iswspace_l
                0x000000000200e2dc       0x44 c:/devkitpro/devkitarm/bin/../lib/gcc/arm-none-eabi/12.1.0/../../../../arm-none-eabi/lib\libg.a(lib_a-iswspace_l.o)
                0x000000000200e2dc                iswspace_l
 .text.__jp2uc  0x000000000200e320      0x1e8 c:/devkitpro/devkitarm/bin/../lib/gcc/arm-none-eabi/12.1.0/../../../../arm-none-eabi/lib\libg.a(lib_a-jp2uc.o)
 .text._jp2uc_l
                0x000000000200e508       0x94 c:/devkitpro/devkitarm/bin/../lib/gcc/arm-none-eabi/12.1.0/../../../../arm-none-eabi/lib\libg.a(lib_a-jp2uc.o)
                0x000000000200e508                _jp2uc_l
 .text.strncmp  0x000000000200e59c       0xec c:/devkitpro/devkitarm/bin/../lib/gcc/arm-none-eabi/12.1.0/../../../../arm-none-eabi/lib\libg.a(lib_a-strncmp.o)
                0x000000000200e59c                strncmp
 .text.category
                0x000000000200e688       0x94 c:/devkitpro/devkitarm/bin/../lib/gcc/arm-none-eabi/12.1.0/../../../../arm-none-eabi/lib\libg.a(lib_a-categories.o)
                0x000000000200e688                category
 .text.null_write
                0x000000000200e71c        0x8 c:/devkitpro/devkitarm/bin/../lib/gcc/arm-none-eabi/12.1.0/../../../../arm-none-eabi/lib\libsysbase.a(iosupport.o)
 .text.FindDevice
                0x000000000200e724       0xd4 c:/devkitpro/devkitarm/bin/../lib/gcc/arm-none-eabi/12.1.0/../../../../arm-none-eabi/lib\libsysbase.a(iosupport.o)
                0x000000000200e724                FindDevice
 .text._fstat_r
                0x000000000200e7f8       0x7c c:/devkitpro/devkitarm/bin/../lib/gcc/arm-none-eabi/12.1.0/../../../../arm-none-eabi/lib\libsysbase.a(fstat.o)
                0x000000000200e7f8                _fstat_r
 .text._gettimeofday_r
                0x000000000200e874       0x34 c:/devkitpro/devkitarm/bin/../lib/gcc/arm-none-eabi/12.1.0/../../../../arm-none-eabi/lib\libsysbase.a(gettod.o)
                0x000000000200e874                _gettimeofday_r
 .text._isatty_r
                0x000000000200e8a8        0x8 c:/devkitpro/devkitarm/bin/../lib/gcc/arm-none-eabi/12.1.0/../../../../arm-none-eabi/lib\libsysbase.a(isatty.o)
                0x000000000200e8a8                _isatty_r
 .text._lseek_r
                0x000000000200e8b0       0x88 c:/devkitpro/devkitarm/bin/../lib/gcc/arm-none-eabi/12.1.0/../../../../arm-none-eabi/lib\libsysbase.a(lseek.o)
                0x000000000200e8b0                _lseek_r
 .text._open_r  0x000000000200e938       0xc8 c:/devkitpro/devkitarm/bin/../lib/gcc/arm-none-eabi/12.1.0/../../../../arm-none-eabi/lib\libsysbase.a(open.o)
                0x000000000200e938                _open_r
 .text._read_r  0x000000000200ea00       0x84 c:/devkitpro/devkitarm/bin/../lib/gcc/arm-none-eabi/12.1.0/../../../../arm-none-eabi/lib\libsysbase.a(read.o)
                0x000000000200ea00                _read_r
 .text._sbrk_r  0x000000000200ea84       0x7c c:/devkitpro/devkitarm/bin/../lib/gcc/arm-none-eabi/12.1.0/../../../../arm-none-eabi/lib\libsysbase.a(sbrk.o)
                0x000000000200ea84                _sbrk_r
 .text._write_r
                0x000000000200eb00       0x84 c:/devkitpro/devkitarm/bin/../lib/gcc/arm-none-eabi/12.1.0/../../../../arm-none-eabi/lib\libsysbase.a(write.o)
                0x000000000200eb00                _write_r
 .text.build_argv
                0x000000000200eb84       0x80 c:/devkitpro/devkitarm/bin/../lib/gcc/arm-none-eabi/12.1.0/../../../../arm-none-eabi/lib\libsysbase.a(build_argv.o)
                0x000000000200eb84                build_argv
 .text.__flockfile
                0x000000000200ec04       0x14 c:/devkitpro/devkitarm/bin/../lib/gcc/arm-none-eabi/12.1.0/../../../../arm-none-eabi/lib\libsysbase.a(flock.o)
                0x000000000200ec04                __flockfile
 .text.__funlockfile
                0x000000000200ec18       0x14 c:/devkitpro/devkitarm/bin/../lib/gcc/arm-none-eabi/12.1.0/../../../../arm-none-eabi/lib\libsysbase.a(flock.o)
                0x000000000200ec18                __funlockfile
 .text.__release_handle
                0x000000000200ec2c       0x90 c:/devkitpro/devkitarm/bin/../lib/gcc/arm-none-eabi/12.1.0/../../../../arm-none-eabi/lib\libsysbase.a(handle_manager.o)
                0x000000000200ec2c                __release_handle
 .text.__alloc_handle
                0x000000000200ecbc       0xb4 c:/devkitpro/devkitarm/bin/../lib/gcc/arm-none-eabi/12.1.0/../../../../arm-none-eabi/lib\libsysbase.a(handle_manager.o)
                0x000000000200ecbc                __alloc_handle
 .text.__get_handle
                0x000000000200ed70       0x40 c:/devkitpro/devkitarm/bin/../lib/gcc/arm-none-eabi/12.1.0/../../../../arm-none-eabi/lib\libsysbase.a(handle_manager.o)
                0x000000000200ed70                __get_handle
 .text._close_r
                0x000000000200edb0       0xfc c:/devkitpro/devkitarm/bin/../lib/gcc/arm-none-eabi/12.1.0/../../../../arm-none-eabi/lib\libsysbase.a(handle_manager.o)
                0x000000000200edb0                _close_r
 .text.__getreent
                0x000000000200eeac       0x30 c:/devkitpro/devkitarm/bin/../lib/gcc/arm-none-eabi/12.1.0/../../../../arm-none-eabi/lib\libsysbase.a(getreent.o)
                0x000000000200eeac                __getreent
 .text.__libc_lock_acquire
                0x000000000200eedc       0x20 c:/devkitpro/devkitarm/bin/../lib/gcc/arm-none-eabi/12.1.0/../../../../arm-none-eabi/lib\libsysbase.a(syscall_support.o)
                0x000000000200eedc                __libc_lock_acquire
 .text.__libc_lock_release
                0x000000000200eefc       0x20 c:/devkitpro/devkitarm/bin/../lib/gcc/arm-none-eabi/12.1.0/../../../../arm-none-eabi/lib\libsysbase.a(syscall_support.o)
                0x000000000200eefc                __libc_lock_release
 .text.__libc_lock_init_recursive
                0x000000000200ef1c       0x20 c:/devkitpro/devkitarm/bin/../lib/gcc/arm-none-eabi/12.1.0/../../../../arm-none-eabi/lib\libsysbase.a(syscall_support.o)
                0x000000000200ef1c                __libc_lock_init_recursive
 .text.__libc_lock_acquire_recursive
                0x000000000200ef3c       0x20 c:/devkitpro/devkitarm/bin/../lib/gcc/arm-none-eabi/12.1.0/../../../../arm-none-eabi/lib\libsysbase.a(syscall_support.o)
                0x000000000200ef3c                __libc_lock_acquire_recursive
 .text.__libc_lock_release_recursive
                0x000000000200ef5c       0x20 c:/devkitpro/devkitarm/bin/../lib/gcc/arm-none-eabi/12.1.0/../../../../arm-none-eabi/lib\libsysbase.a(syscall_support.o)
                0x000000000200ef5c                __libc_lock_release_recursive
 .text.__libc_lock_close_recursive
                0x000000000200ef7c       0x20 c:/devkitpro/devkitarm/bin/../lib/gcc/arm-none-eabi/12.1.0/../../../../arm-none-eabi/lib\libsysbase.a(syscall_support.o)
                0x000000000200ef7c                __libc_lock_close_recursive
 .text.__udivmoddi4
                0x000000000200ef9c      0x128 c:/devkitpro/devkitarm/bin/../lib/gcc/arm-none-eabi/12.1.0\libgcc.a(_udivmoddi4.o)
                0x000000000200ef9c                __udivmoddi4
 *fill*         0x000000000200f0c4        0x4 ff
 .text.__udivmoddi4.__stub
                0x000000000200f0c8      0x17c linker stubs
 *(EXCLUDE_FILE(*.twl*) .gnu.warning)
 *(EXCLUDE_FILE(*.twl*) .gnu.linkonce.t*)
 *(.glue_7)
 .glue_7        0x000000000200f290        0x0 linker stubs
 *(.glue_7t)
 .glue_7t       0x000000000200f290        0x0 linker stubs
                0x000000000200f290                . = ALIGN (0x4)

.vfp11_veneer   0x000000000200f290        0x0
 .vfp11_veneer  0x000000000200f290        0x0 linker stubs

.v4_bx          0x000000000200f290        0x0
 .v4_bx         0x000000000200f290        0x0 linker stubs

.iplt           0x000000000200f290        0x0
 .iplt          0x000000000200f290        0x0 c:/devkitpro/devkitarm/bin/../lib/gcc/arm-none-eabi/12.1.0/../../../../arm-none-eabi/lib/ds_arm9_crt0.o

.fini           0x000000000200f290       0x18
 *(.fini)
 .fini          0x000000000200f290        0xc c:/devkitpro/devkitarm/bin/../lib/gcc/arm-none-eabi/12.1.0/crti.o
                0x000000000200f290                _fini
 .fini          0x000000000200f29c        0xc c:/devkitpro/devkitarm/bin/../lib/gcc/arm-none-eabi/12.1.0/crtn.o
                0x000000000200f2a8                __text_end = .

.rodata         0x000000000200f2a8    0xf668c
 *(EXCLUDE_FILE(*.twl*) .rodata)
 .rodata        0x000000000200f2a8     0x3200 allNums.o
                0x000000000200f2a8                allNumsTiles
                0x00000000020122a8                allNumsPal
 .rodata        0x00000000020124a8    0x18200 bgLong.o
                0x00000000020124a8                bgLongBitmap
                0x000000000202a4a8                bgLongPal
 .rodata        0x000000000202a6a8     0xc200 bird.o
                0x000000000202a6a8                birdBitmap
                0x00000000020366a8                birdPal
 .rodata        0x00000000020368a8     0xc200 birdDown.o
                0x00000000020368a8                birdDownBitmap
                0x00000000020428a8                birdDownPal
 .rodata        0x0000000002042aa8     0xc200 birdUp.o
                0x0000000002042aa8                birdUpBitmap
                0x000000000204eaa8                birdUpPal
 .rodata        0x000000000204eca8    0x18000 bottom.o
                0x000000000204eca8                bottomBitmap
 .rodata        0x0000000002066ca8     0xc200 floor.o
                0x0000000002066ca8                floorBitmap
                0x0000000002072ca8                floorPal
 .rodata        0x0000000002072ea8     0xc200 pipeTop.o
                0x0000000002072ea8                pipeTopBitmap
                0x000000000207eea8                pipeTopPal
 .rodata        0x000000000207f0a8     0xc200 ready.o
                0x000000000207f0a8                readyBitmap
                0x000000000208b0a8                readyPal
 .rodata        0x000000000208b2a8     0x1200 scoreSprite.o
                0x000000000208b2a8                scoreSpriteTiles
                0x000000000208c2a8                scoreSpritePal
 .rodata        0x000000000208c4a8     0x1200 startSub.o
                0x000000000208c4a8                startSubTiles
                0x000000000208d4a8                startSubPal
 .rodata        0x000000000208d6a8       0x24 C:/devkitPro/libnds/lib\libnds9.a(videoGL.o)
 *all.rodata*(*)
 *(EXCLUDE_FILE(*.twl*) .roda)
 *(EXCLUDE_FILE(*.twl*) .rodata.*)
 .rodata.soundbank_bin
                0x000000000208d6cc    0x6f19c soundbank.bin.o
                0x000000000208d6cc                soundbank_bin
                0x00000000020fc868                soundbank_bin_end
 .rodata.SIN_LUT
                0x00000000020fc868      0x102 C:/devkitPro/libnds/lib\libnds9.a(trig.o)
                0x00000000020fc868                SIN_LUT
 *fill*         0x00000000020fc96a        0x2 ff
 .rodata.TAN_LUT
                0x00000000020fc96c      0x204 C:/devkitPro/libnds/lib\libnds9.a(trig.o)
                0x00000000020fc96c                TAN_LUT
 .rodata.con_write.str1.4
                0x00000000020fcb70       0x30 C:/devkitPro/libnds/lib\libnds9.a(console.o)
 .rodata.con_write
                0x00000000020fcba0       0xd4 C:/devkitPro/libnds/lib\libnds9.a(console.o)
 .rodata.str1.4
                0x00000000020fcc74       0x14 C:/devkitPro/libnds/lib\libnds9.a(console.o)
 .rodata.dotab_stdout
                0x00000000020fcc88       0x70 C:/devkitPro/libnds/lib\libnds9.a(console.o)
 .rodata.glMaterialf
                0x00000000020fccf8       0x44 C:/devkitPro/libnds/lib\libnds9.a(videoGL.o)
 .rodata.default_font_bin
                0x00000000020fcd3c     0x2000 C:/devkitPro/libnds/lib\libnds9.a(default_font.bin.o)
                0x00000000020fcd3c                default_font_bin
                0x00000000020fed3c                default_font_bin_end
 .rodata._global_impure_ptr
                0x00000000020fed3c        0x4 c:/devkitpro/devkitarm/bin/../lib/gcc/arm-none-eabi/12.1.0/../../../../arm-none-eabi/lib\libg.a(lib_a-impure.o)
                0x00000000020fed3c                _global_impure_ptr
 .rodata.basefix.0
                0x00000000020fed40       0x22 c:/devkitpro/devkitarm/bin/../lib/gcc/arm-none-eabi/12.1.0/../../../../arm-none-eabi/lib\libg.a(lib_a-svfiscanf.o)
 *fill*         0x00000000020fed62        0x2 ff
 .rodata._ctype_
                0x00000000020fed64      0x101 c:/devkitpro/devkitarm/bin/../lib/gcc/arm-none-eabi/12.1.0/../../../../arm-none-eabi/lib\libg.a(lib_a-ctype_.o)
                0x00000000020fed64                _ctype_
 *fill*         0x00000000020fee65        0x3 ff
 .rodata.str1.4
                0x00000000020fee68       0x48 c:/devkitpro/devkitarm/bin/../lib/gcc/arm-none-eabi/12.1.0/../../../../arm-none-eabi/lib\libg.a(lib_a-locale.o)
                                         0x4c (size before relaxing)
 .rodata._mbrtowc_r.str1.4
                0x00000000020feeb0        0x1 c:/devkitpro/devkitarm/bin/../lib/gcc/arm-none-eabi/12.1.0/../../../../arm-none-eabi/lib\libg.a(lib_a-mbrtowc.o)
 .rodata._jp2uc_l.str1.4
                0x00000000020feeb0       0x12 c:/devkitpro/devkitarm/bin/../lib/gcc/arm-none-eabi/12.1.0/../../../../arm-none-eabi/lib\libg.a(lib_a-jp2uc.o)
 *fill*         0x00000000020feec2        0x2 ff
 .rodata.d02f4  0x00000000020feec4     0x1a7c c:/devkitpro/devkitarm/bin/../lib/gcc/arm-none-eabi/12.1.0/../../../../arm-none-eabi/lib\libg.a(lib_a-jp2uc.o)
 .rodata.b02cf  0x0000000002100940     0x172a c:/devkitpro/devkitarm/bin/../lib/gcc/arm-none-eabi/12.1.0/../../../../arm-none-eabi/lib\libg.a(lib_a-jp2uc.o)
 *fill*         0x000000000210206a        0x2 ff
 .rodata.a8     0x000000000210206c       0x40 c:/devkitpro/devkitarm/bin/../lib/gcc/arm-none-eabi/12.1.0/../../../../arm-none-eabi/lib\libg.a(lib_a-jp2uc.o)
 .rodata.a7     0x00000000021020ac       0xa2 c:/devkitpro/devkitarm/bin/../lib/gcc/arm-none-eabi/12.1.0/../../../../arm-none-eabi/lib\libg.a(lib_a-jp2uc.o)
 *fill*         0x000000000210214e        0x2 ff
 .rodata.a6     0x0000000002102150       0x70 c:/devkitpro/devkitarm/bin/../lib/gcc/arm-none-eabi/12.1.0/../../../../arm-none-eabi/lib\libg.a(lib_a-jp2uc.o)
 .rodata.a3     0x00000000021021c0       0x5b c:/devkitpro/devkitarm/bin/../lib/gcc/arm-none-eabi/12.1.0/../../../../arm-none-eabi/lib\libg.a(lib_a-jp2uc.o)
 *fill*         0x000000000210221b        0x1 ff
 .rodata.a2     0x000000000210221c       0xbc c:/devkitpro/devkitarm/bin/../lib/gcc/arm-none-eabi/12.1.0/../../../../arm-none-eabi/lib\libg.a(lib_a-jp2uc.o)
 .rodata.a1     0x00000000021022d8       0xbc c:/devkitpro/devkitarm/bin/../lib/gcc/arm-none-eabi/12.1.0/../../../../arm-none-eabi/lib\libg.a(lib_a-jp2uc.o)
 .rodata.categories
                0x0000000002102394     0x3528 c:/devkitpro/devkitarm/bin/../lib/gcc/arm-none-eabi/12.1.0/../../../../arm-none-eabi/lib\libg.a(lib_a-categories.o)
 .rodata.AddDevice.str1.4
                0x00000000021058bc        0x8 c:/devkitpro/devkitarm/bin/../lib/gcc/arm-none-eabi/12.1.0/../../../../arm-none-eabi/lib\libsysbase.a(iosupport.o)
 .rodata.dotab_stdnull
                0x00000000021058c4       0x70 c:/devkitpro/devkitarm/bin/../lib/gcc/arm-none-eabi/12.1.0/../../../../arm-none-eabi/lib\libsysbase.a(iosupport.o)
                0x00000000021058c4                dotab_stdnull
 *(EXCLUDE_FILE(*.twl*) .gnu.linkonce.r*)
                0x0000000002105934                . = ALIGN (0x4)

.ARM.extab
 *(.ARM.extab* .gnu.linkonce.armextab.*)
                0x0000000002105934                __exidx_start = .

ARM.exidx
 *(.ARM.exidx* .gnu.linkonce.armexidx.*)
                0x0000000002105934                __exidx_end = .
                0x0000000002105934                . = ALIGN (0x4)
                0x0000000002105934                PROVIDE (__preinit_array_start = .)

.preinit_array
 *(.preinit_array)
                0x0000000002105934                PROVIDE (__preinit_array_end = .)
                0x0000000002105934                PROVIDE (__init_array_start = .)

.init_array     0x0000000002105934        0x4
 *(SORT_BY_NAME(.init_array.*))
 *(.init_array)
 .init_array    0x0000000002105934        0x4 c:/devkitpro/devkitarm/bin/../lib/gcc/arm-none-eabi/12.1.0/crtbegin.o
                0x0000000002105938                PROVIDE (__init_array_end = .)
                [!provide]                        PROVIDE (__fini_array_start = .)

.fini_array     0x0000000002105938        0x4
 *(.fini_array)
 .fini_array    0x0000000002105938        0x4 c:/devkitpro/devkitarm/bin/../lib/gcc/arm-none-eabi/12.1.0/crtbegin.o
 *(SORT_BY_NAME(.fini_array.*))
                [!provide]                        PROVIDE (__fini_array_end = .)

.ctors          0x000000000210593c        0x0
 *crtbegin.o(.ctors)
 *(EXCLUDE_FILE(*crtend.o) .ctors)
 *(SORT_BY_NAME(.ctors.*))
 *(.ctors)
                0x000000000210593c                . = ALIGN (0x4)

.dtors          0x000000000210593c        0x0
 *crtbegin.o(.dtors)
 *(EXCLUDE_FILE(*crtend.o) .dtors)
 *(SORT_BY_NAME(.dtors.*))
 *(.dtors)
                0x000000000210593c                . = ALIGN (0x4)

.eh_frame       0x000000000210593c        0x4
 *(.eh_frame)
 .eh_frame      0x000000000210593c        0x0 c:/devkitpro/devkitarm/bin/../lib/gcc/arm-none-eabi/12.1.0/crtbegin.o
 .eh_frame      0x000000000210593c        0x4 c:/devkitpro/devkitarm/bin/../lib/gcc/arm-none-eabi/12.1.0/crtend.o
                0x0000000002105940                . = ALIGN (0x4)

.rel.dyn        0x0000000002105940        0x0
 .rel.iplt      0x0000000002105940        0x0 c:/devkitpro/devkitarm/bin/../lib/gcc/arm-none-eabi/12.1.0/../../../../arm-none-eabi/lib/ds_arm9_crt0.o

.gcc_except_table
                0x0000000002105940        0x0
 *(.gcc_except_table)
                0x0000000002105940                . = ALIGN (0x4)

.jcr
 *(.jcr)

.got
 *(.got.plt)
 *(.got)
 *(.rel.got)

.ewram          0x0000000002105940        0x0
                0x0000000002105940                __ewram_start = ABSOLUTE (.)
 *(.ewram)
 *ewram.*(.text)
                0x0000000002105940                . = ALIGN (0x4)

.data           0x0000000002105940     0x1bc8
                0x0000000002105940                __data_start = ABSOLUTE (.)
 *(EXCLUDE_FILE(*.twl*) .data)
 .data          0x0000000002105940       0x28 C:/devkitPro/libnds/lib\libnds9.a(mpu_setup.o)
 *(EXCLUDE_FILE(*.twl*) .data.*)
 .data.bgControl
                0x0000000002105968       0x20 C:/devkitPro/libnds/lib\libnds9.a(background.o)
                0x0000000002105968                bgControl
 .data.bgScrollTable
                0x0000000002105988       0x20 C:/devkitPro/libnds/lib\libnds9.a(background.o)
                0x0000000002105988                bgScrollTable
 .data.bgTransform
                0x00000000021059a8       0x20 C:/devkitPro/libnds/lib\libnds9.a(background.o)
                0x00000000021059a8                bgTransform
 .data.currentConsole
                0x00000000021059c8        0x4 C:/devkitPro/libnds/lib\libnds9.a(console.o)
                0x00000000021059c8                currentConsole
 .data.defaultConsole
                0x00000000021059cc       0x5c C:/devkitPro/libnds/lib\libnds9.a(console.o)
                0x00000000021059cc                defaultConsole
 .data.firstConsoleInit.0
                0x0000000002105a28        0x1 C:/devkitPro/libnds/lib\libnds9.a(console.o)
 *fill*         0x0000000002105a29        0x3 ff
 .data.glGlob   0x0000000002105a2c        0x4 C:/devkitPro/libnds/lib\libnds9.a(videoGL.o)
 .data.oamMain  0x0000000002105a30       0x18 C:/devkitPro/libnds/lib\libnds9.a(sprite.o)
                0x0000000002105a30                oamMain
 .data.oamSub   0x0000000002105a48       0x18 C:/devkitPro/libnds/lib\libnds9.a(sprite.o)
                0x0000000002105a48                oamSub
 .data.count    0x0000000002105a60        0x1 C:/devkitPro/libnds/lib\libnds9.a(keys.o)
 .data.delay    0x0000000002105a61        0x1 C:/devkitPro/libnds/lib\libnds9.a(keys.o)
 .data.repeat   0x0000000002105a62        0x1 C:/devkitPro/libnds/lib\libnds9.a(keys.o)
 *fill*         0x0000000002105a63        0x1 ff
 .data.fifo_buffer_free
                0x0000000002105a64        0x4 C:/devkitPro/libnds/lib\libnds9.a(fifosystem.o)
                0x0000000002105a64                fifo_buffer_free
 .data.fifo_freewords
                0x0000000002105a68        0x4 C:/devkitPro/libnds/lib\libnds9.a(fifosystem.o)
                0x0000000002105a68                fifo_freewords
 .data.fifo_receive_queue
                0x0000000002105a6c        0x4 C:/devkitPro/libnds/lib\libnds9.a(fifosystem.o)
                0x0000000002105a6c                fifo_receive_queue
 .data.fifo_send_queue
                0x0000000002105a70        0x4 C:/devkitPro/libnds/lib\libnds9.a(fifosystem.o)
                0x0000000002105a70                fifo_send_queue
 .data._impure_ptr
                0x0000000002105a74        0x4 c:/devkitpro/devkitarm/bin/../lib/gcc/arm-none-eabi/12.1.0/../../../../arm-none-eabi/lib\libg.a(lib_a-impure.o)
                0x0000000002105a74                _impure_ptr
 *fill*         0x0000000002105a78        0x0 ff
 .data.impure_data
                0x0000000002105a78      0x460 c:/devkitpro/devkitarm/bin/../lib/gcc/arm-none-eabi/12.1.0/../../../../arm-none-eabi/lib\libg.a(lib_a-impure.o)
 .data.__malloc_sbrk_base
                0x0000000002105ed8        0x4 c:/devkitpro/devkitarm/bin/../lib/gcc/arm-none-eabi/12.1.0/../../../../arm-none-eabi/lib\libg.a(lib_a-mallocr.o)
                0x0000000002105ed8                __malloc_sbrk_base
 .data.__malloc_trim_threshold
                0x0000000002105edc        0x4 c:/devkitpro/devkitarm/bin/../lib/gcc/arm-none-eabi/12.1.0/../../../../arm-none-eabi/lib\libg.a(lib_a-mallocr.o)
                0x0000000002105edc                __malloc_trim_threshold
 .data.__malloc_av_
                0x0000000002105ee0      0x408 c:/devkitpro/devkitarm/bin/../lib/gcc/arm-none-eabi/12.1.0/../../../../arm-none-eabi/lib\libg.a(lib_a-mallocr.o)
                0x0000000002105ee0                __malloc_av_
 .data.__global_locale
                0x00000000021062e8      0x16c c:/devkitpro/devkitarm/bin/../lib/gcc/arm-none-eabi/12.1.0/../../../../arm-none-eabi/lib\libg.a(lib_a-locale.o)
                0x00000000021062e8                __global_locale
 .data.devoptab_list
                0x0000000002106454       0x8c c:/devkitpro/devkitarm/bin/../lib/gcc/arm-none-eabi/12.1.0/../../../../arm-none-eabi/lib\libsysbase.a(iosupport.o)
                0x0000000002106454                devoptab_list
 .data.defaultDevice
                0x00000000021064e0        0x4 c:/devkitpro/devkitarm/bin/../lib/gcc/arm-none-eabi/12.1.0/../../../../arm-none-eabi/lib\libsysbase.a(iosupport.o)
 .data.handles  0x00000000021064e4     0x1000 c:/devkitpro/devkitarm/bin/../lib/gcc/arm-none-eabi/12.1.0/../../../../arm-none-eabi/lib\libsysbase.a(handle_manager.o)
 .data.__stderr_handle
                0x00000000021074e4        0xc c:/devkitpro/devkitarm/bin/../lib/gcc/arm-none-eabi/12.1.0/../../../../arm-none-eabi/lib\libsysbase.a(handle_manager.o)
 .data.__stdout_handle
                0x00000000021074f0        0xc c:/devkitpro/devkitarm/bin/../lib/gcc/arm-none-eabi/12.1.0/../../../../arm-none-eabi/lib\libsysbase.a(handle_manager.o)
 .data.__stdin_handle
                0x00000000021074fc        0xc c:/devkitpro/devkitarm/bin/../lib/gcc/arm-none-eabi/12.1.0/../../../../arm-none-eabi/lib\libsysbase.a(handle_manager.o)
 *(EXCLUDE_FILE(*.twl*) .gnu.linkonce.d*)
                0x0000000002107508                . = ALIGN (0x4)
                0x0000000002107508                __data_end = ABSOLUTE (.)
                0x0000000002107508                __bss_vma = .

.igot.plt       0x0000000002107508        0x0
 .igot.plt      0x0000000002107508        0x0 c:/devkitpro/devkitarm/bin/../lib/gcc/arm-none-eabi/12.1.0/../../../../arm-none-eabi/lib/ds_arm9_crt0.o

.dtcm           0x0000000002ff0000        0x0 load address 0x0000000002107508
                0x0000000002107508                __dtcm_lma = LOADADDR (.dtcm)
                0x0000000002ff0000                __dtcm_start = ABSOLUTE (.)
 *(.dtcm)
 *(.dtcm.*)
                0x0000000002ff0000                . = ALIGN (0x4)
                0x0000000002ff0000                __dtcm_end = ABSOLUTE (.)

.itcm           0x0000000001000100      0x194 load address 0x0000000002107508
                0x0000000002107508                __itcm_lma = LOADADDR (.itcm)
                0x0000000001000100                __itcm_start = ABSOLUTE (.)
 *(.itcm)
 .itcm          0x0000000001000100       0xc8 C:/devkitPro/libnds/lib\libnds9.a(interrupts.o)
                0x0000000001000100                irqTable
 .itcm          0x00000000010001c8       0xcc C:/devkitPro/libnds/lib\libnds9.a(interruptDispatcher.o)
                0x00000000010001c8                IntrMain
 *.itcm*(.text .stub .text.*)
                0x0000000001000294                . = ALIGN (0x4)
                0x0000000001000294                __itcm_end = ABSOLUTE (.)

.vectors        0x0000000001000000        0x0 load address 0x000000000210769c
                0x000000000210769c                __vectors_lma = LOADADDR (.vectors)
                0x0000000001000000                __vectors_start = ABSOLUTE (.)
 *(.vectors .vectors.*)
                0x0000000001000000                . = ALIGN (0x4)
                0x0000000001000000                __vectors_end = ABSOLUTE (.)

.sbss           0x0000000002ff0000        0x0
                0x0000000002ff0000                __sbss_start = ABSOLUTE (.)
                0x0000000002ff0000                __sbss_start__ = ABSOLUTE (.)
 *(.sbss)
                0x0000000002ff0000                . = ALIGN (0x4)
                0x0000000002ff0000                __sbss_end = ABSOLUTE (.)

.bss            0x0000000002107508     0x1558
                0x0000000002107508                __bss_start = ABSOLUTE (.)
                0x0000000002107508                __bss_start__ = ABSOLUTE (.)
 *(EXCLUDE_FILE(*.twl*) .dynbss)
 *(EXCLUDE_FILE(*.twl*) .gnu.linkonce.b*)
 *(EXCLUDE_FILE(*.twl*) .bss*)
 .bss.completed.1
                0x0000000002107508        0x1 c:/devkitpro/devkitarm/bin/../lib/gcc/arm-none-eabi/12.1.0/crtbegin.o
 *fill*         0x0000000002107509        0x3 
 .bss.object.0  0x000000000210750c       0x18 c:/devkitpro/devkitarm/bin/../lib/gcc/arm-none-eabi/12.1.0/crtbegin.o
 .bss           0x0000000002107524       0x18 C:/devkitPro/libnds/lib\libmm9.a(mm_comms.o)
 .bss           0x000000000210753c       0x19 C:/devkitPro/libnds/lib\libmm9.a(mm_main9.o)
                0x000000000210753c                mmcbMemory
                0x0000000002107540                mmModuleCount
                0x0000000002107544                mmSampleCount
                0x0000000002107548                mmMemoryBank
                0x0000000002107548                mmModuleBank
                0x000000000210754c                mmSampleBank
                0x0000000002107550                mmCallback
                0x0000000002107554                mmActiveStatus
 *fill*         0x0000000002107555        0x3 
 .bss           0x0000000002107558       0x44 C:/devkitPro/libnds/lib\libmm9.a(mm_soundbank.o)
 .bss.bgIsTextLut
                0x000000000210759c        0x8 C:/devkitPro/libnds/lib\libnds9.a(background.o)
                0x000000000210759c                bgIsTextLut
 .bss.bgState   0x00000000021075a4      0x140 C:/devkitPro/libnds/lib\libnds9.a(background.o)
                0x00000000021075a4                bgState
 .bss.currentCopy
                0x00000000021076e4       0x5c C:/devkitPro/libnds/lib\libnds9.a(console.o)
                0x00000000021076e4                currentCopy
 .bss.gCurrentTexture
                0x0000000002107740        0x4 C:/devkitPro/libnds/lib\libnds9.a(gl2d.o)
                0x0000000002107740                gCurrentTexture
 .bss.g_depth   0x0000000002107744        0x2 C:/devkitPro/libnds/lib\libnds9.a(gl2d.o)
 *fill*         0x0000000002107746        0x2 
 .bss.diffuse_ambient.1
                0x0000000002107748        0x4 C:/devkitPro/libnds/lib\libnds9.a(videoGL.o)
 .bss.glGlobalData
                0x000000000210774c       0x54 C:/devkitPro/libnds/lib\libnds9.a(videoGL.o)
                0x000000000210774c                glGlobalData
 .bss.specular_emission.0
                0x00000000021077a0        0x4 C:/devkitPro/libnds/lib\libnds9.a(videoGL.o)
 .bss.OamMemory
                0x00000000021077a4      0x400 C:/devkitPro/libnds/lib\libnds9.a(sprite.o)
                0x00000000021077a4                OamMemory
 .bss.OamMemorySub
                0x0000000002107ba4      0x400 C:/devkitPro/libnds/lib\libnds9.a(sprite.o)
                0x0000000002107ba4                OamMemorySub
 .bss.keys      0x0000000002107fa4        0x2 C:/devkitPro/libnds/lib\libnds9.a(keys.o)
 .bss.keysold   0x0000000002107fa6        0x2 C:/devkitPro/libnds/lib\libnds9.a(keys.o)
 .bss.keysrepeat
                0x0000000002107fa8        0x2 C:/devkitPro/libnds/lib\libnds9.a(keys.o)
 .bss.__dsimode
                0x0000000002107faa        0x1 C:/devkitPro/libnds/lib\libnds9.a(initSystem.o)
                0x0000000002107faa                __dsimode
 *fill*         0x0000000002107fab        0x1 
 .bss.punixTime
                0x0000000002107fac        0x4 C:/devkitPro/libnds/lib\libnds9.a(initSystem.o)
                0x0000000002107fac                punixTime
 .bss.fifo_address_data
                0x0000000002107fb0       0x40 C:/devkitPro/libnds/lib\libnds9.a(fifosystem.o)
                0x0000000002107fb0                fifo_address_data
 .bss.fifo_address_func
                0x0000000002107ff0       0x40 C:/devkitPro/libnds/lib\libnds9.a(fifosystem.o)
                0x0000000002107ff0                fifo_address_func
 .bss.fifo_address_queue
                0x0000000002108030       0x40 C:/devkitPro/libnds/lib\libnds9.a(fifosystem.o)
                0x0000000002108030                fifo_address_queue
 .bss.fifo_buffer
                0x0000000002108070      0x800 C:/devkitPro/libnds/lib\libnds9.a(fifosystem.o)
                0x0000000002108070                fifo_buffer
 .bss.fifo_data_queue
                0x0000000002108870       0x40 C:/devkitPro/libnds/lib\libnds9.a(fifosystem.o)
                0x0000000002108870                fifo_data_queue
 .bss.fifo_datamsg_data
                0x00000000021088b0       0x40 C:/devkitPro/libnds/lib\libnds9.a(fifosystem.o)
                0x00000000021088b0                fifo_datamsg_data
 .bss.fifo_datamsg_func
                0x00000000021088f0       0x40 C:/devkitPro/libnds/lib\libnds9.a(fifosystem.o)
                0x00000000021088f0                fifo_datamsg_func
 .bss.fifo_value32_data
                0x0000000002108930       0x40 C:/devkitPro/libnds/lib\libnds9.a(fifosystem.o)
                0x0000000002108930                fifo_value32_data
 .bss.fifo_value32_func
                0x0000000002108970       0x40 C:/devkitPro/libnds/lib\libnds9.a(fifosystem.o)
                0x0000000002108970                fifo_value32_func
 .bss.fifo_value32_queue
                0x00000000021089b0       0x40 C:/devkitPro/libnds/lib\libnds9.a(fifosystem.o)
                0x00000000021089b0                fifo_value32_queue
 .bss.processing
                0x00000000021089f0        0x4 C:/devkitPro/libnds/lib\libnds9.a(fifosystem.o)
                0x00000000021089f0                processing
 .bss.SDcallback
                0x00000000021089f4        0x4 C:/devkitPro/libnds/lib\libnds9.a(system.o)
 .bss.__sinit_recursive_mutex
                0x00000000021089f8        0xc c:/devkitpro/devkitarm/bin/../lib/gcc/arm-none-eabi/12.1.0/../../../../arm-none-eabi/lib\libg.a(lib_a-findfp.o)
 .bss.__sfp_recursive_mutex
                0x0000000002108a04        0xc c:/devkitpro/devkitarm/bin/../lib/gcc/arm-none-eabi/12.1.0/../../../../arm-none-eabi/lib\libg.a(lib_a-findfp.o)
 .bss.__malloc_current_mallinfo
                0x0000000002108a10       0x28 c:/devkitpro/devkitarm/bin/../lib/gcc/arm-none-eabi/12.1.0/../../../../arm-none-eabi/lib\libg.a(lib_a-mallocr.o)
                0x0000000002108a10                __malloc_current_mallinfo
 .bss.__malloc_max_total_mem
                0x0000000002108a38        0x4 c:/devkitpro/devkitarm/bin/../lib/gcc/arm-none-eabi/12.1.0/../../../../arm-none-eabi/lib\libg.a(lib_a-mallocr.o)
                0x0000000002108a38                __malloc_max_total_mem
 .bss.__malloc_max_sbrked_mem
                0x0000000002108a3c        0x4 c:/devkitpro/devkitarm/bin/../lib/gcc/arm-none-eabi/12.1.0/../../../../arm-none-eabi/lib\libg.a(lib_a-mallocr.o)
                0x0000000002108a3c                __malloc_max_sbrked_mem
 .bss.__malloc_top_pad
                0x0000000002108a40        0x4 c:/devkitpro/devkitarm/bin/../lib/gcc/arm-none-eabi/12.1.0/../../../../arm-none-eabi/lib\libg.a(lib_a-mallocr.o)
                0x0000000002108a40                __malloc_top_pad
 .bss.__malloc_recursive_mutex
                0x0000000002108a44        0xc c:/devkitpro/devkitarm/bin/../lib/gcc/arm-none-eabi/12.1.0/../../../../arm-none-eabi/lib\libg.a(lib_a-mlock.o)
 .bss.heap_start.0
                0x0000000002108a50        0x4 c:/devkitpro/devkitarm/bin/../lib/gcc/arm-none-eabi/12.1.0/../../../../arm-none-eabi/lib\libsysbase.a(sbrk.o)
 .bss.fake_heap_start
                0x0000000002108a54        0x4 c:/devkitpro/devkitarm/bin/../lib/gcc/arm-none-eabi/12.1.0/../../../../arm-none-eabi/lib\libsysbase.a(malloc_vars.o)
                0x0000000002108a54                fake_heap_start
 .bss.fake_heap_end
                0x0000000002108a58        0x4 c:/devkitpro/devkitarm/bin/../lib/gcc/arm-none-eabi/12.1.0/../../../../arm-none-eabi/lib\libsysbase.a(malloc_vars.o)
                0x0000000002108a58                fake_heap_end
 .bss.__hndl_lock
                0x0000000002108a5c        0x4 c:/devkitpro/devkitarm/bin/../lib/gcc/arm-none-eabi/12.1.0/../../../../arm-none-eabi/lib\libsysbase.a(handle_manager.o)
 *(EXCLUDE_FILE(*.twl*) COMMON)
                0x0000000002108a60                . = ALIGN (0x4)
                0x0000000002108a60                __bss_end__ = ABSOLUTE (.)
                0x0000000002108a60                __end__ = ABSOLUTE (.)

.twl            0x0000000002108a60        0x0 load address 0x0000000002400000
                0x0000000002400000                __arm9i_lma__ = LOADADDR (.twl)
                0x0000000002108a60                __arm9i_start__ = ABSOLUTE (.)
 *(.twl)
 *.twl*(.text .stub .text.* .gnu.linkonce.t.*)
 *.twl*(.rodata)
 *.twl*(.roda)
 *.twl*(.rodata.*)
 *.twl*(.data)
 *.twl*(.data.*)
 *.twl*(.gnu.linkonce.d*)
                0x0000000002108a60                __arm9i_end__ = ABSOLUTE (.)

.twl_bss        0x0000000002108a60        0x0
                0x0000000002108a60                __twl_bss_start__ = ABSOLUTE (.)
 *(.twl_bss)
 *.twl*(.dynbss)
 *.twl*(.gnu.linkonce.b*)
 *.twl*(.bss*)
 *.twl*(COMMON)
                0x0000000002108a60                . = ALIGN (0x4)
                0x0000000002108a60                __twl_bss_end__ = ABSOLUTE (.)
                0x0000000002108a60                __twl_end__ = ABSOLUTE (.)

.stab
 *(.stab)

.stabstr
 *(.stabstr)

.stab.excl
 *(.stab.excl)

.stab.exclstr
 *(.stab.exclstr)

.stab.index
 *(.stab.index)

.stab.indexstr
 *(.stab.indexstr)

.comment        0x0000000000000000       0x46
 *(.comment)
 .comment       0x0000000000000000       0x23 c:/devkitpro/devkitarm/bin/../lib/gcc/arm-none-eabi/12.1.0/crtbegin.o
                                         0x24 (size before relaxing)
 .comment       0x0000000000000023       0x24 main.o
 .comment       0x0000000000000023       0x23 C:/devkitPro/libnds/lib\libnds9.a(background.o)
                                         0x24 (size before relaxing)
 .comment       0x0000000000000046       0x24 C:/devkitPro/libnds/lib\libnds9.a(trig.o)
 .comment       0x0000000000000046       0x24 C:/devkitPro/libnds/lib\libnds9.a(sprite_alloc.o)
 .comment       0x0000000000000046       0x24 C:/devkitPro/libnds/lib\libnds9.a(console.o)
 .comment       0x0000000000000046       0x24 C:/devkitPro/libnds/lib\libnds9.a(gl2d.o)
 .comment       0x0000000000000046       0x24 C:/devkitPro/libnds/lib\libnds9.a(videoGL.o)
 .comment       0x0000000000000046       0x24 C:/devkitPro/libnds/lib\libnds9.a(sprite.o)
 .comment       0x0000000000000046       0x24 C:/devkitPro/libnds/lib\libnds9.a(keys.o)
 .comment       0x0000000000000046       0x24 C:/devkitPro/libnds/lib\libnds9.a(initSystem.o)
 .comment       0x0000000000000046       0x24 C:/devkitPro/libnds/lib\libnds9.a(securearea.o)
 .comment       0x0000000000000046       0x24 C:/devkitPro/libnds/lib\libnds9.a(interrupts.o)
 .comment       0x0000000000000046       0x24 C:/devkitPro/libnds/lib\libnds9.a(libnds_exit.arm.o)
 .comment       0x0000000000000046       0x24 C:/devkitPro/libnds/lib\libnds9.a(fifosystem.o)
 .comment       0x0000000000000046       0x24 C:/devkitPro/libnds/lib\libnds9.a(dynamicArray.o)
 .comment       0x0000000000000046       0x24 C:/devkitPro/libnds/lib\libnds9.a(video.o)
 .comment       0x0000000000000046       0x24 C:/devkitPro/libnds/lib\libnds9.a(system.o)
 .comment       0x0000000000000046       0x24 c:/devkitpro/devkitarm/bin/../lib/gcc/arm-none-eabi/12.1.0\libgcc.a(_muldi3.o)
 .comment       0x0000000000000046       0x24 c:/devkitpro/devkitarm/bin/../lib/gcc/arm-none-eabi/12.1.0/../../../../arm-none-eabi/lib\libg.a(lib_a-calloc.o)
 .comment       0x0000000000000046       0x24 c:/devkitpro/devkitarm/bin/../lib/gcc/arm-none-eabi/12.1.0/../../../../arm-none-eabi/lib\libg.a(lib_a-callocr.o)
 .comment       0x0000000000000046       0x24 c:/devkitpro/devkitarm/bin/../lib/gcc/arm-none-eabi/12.1.0/../../../../arm-none-eabi/lib\libg.a(lib_a-errno.o)
 .comment       0x0000000000000046       0x24 c:/devkitpro/devkitarm/bin/../lib/gcc/arm-none-eabi/12.1.0/../../../../arm-none-eabi/lib\libg.a(lib_a-fclose.o)
 .comment       0x0000000000000046       0x24 c:/devkitpro/devkitarm/bin/../lib/gcc/arm-none-eabi/12.1.0/../../../../arm-none-eabi/lib\libg.a(lib_a-fflush.o)
 .comment       0x0000000000000046       0x24 c:/devkitpro/devkitarm/bin/../lib/gcc/arm-none-eabi/12.1.0/../../../../arm-none-eabi/lib\libg.a(lib_a-findfp.o)
 .comment       0x0000000000000046       0x24 c:/devkitpro/devkitarm/bin/../lib/gcc/arm-none-eabi/12.1.0/../../../../arm-none-eabi/lib\libg.a(lib_a-fopen.o)
 .comment       0x0000000000000046       0x24 c:/devkitpro/devkitarm/bin/../lib/gcc/arm-none-eabi/12.1.0/../../../../arm-none-eabi/lib\libg.a(lib_a-fread.o)
 .comment       0x0000000000000046       0x24 c:/devkitpro/devkitarm/bin/../lib/gcc/arm-none-eabi/12.1.0/../../../../arm-none-eabi/lib\libg.a(lib_a-freer.o)
 .comment       0x0000000000000046       0x24 c:/devkitpro/devkitarm/bin/../lib/gcc/arm-none-eabi/12.1.0/../../../../arm-none-eabi/lib\libg.a(lib_a-fseek.o)
 .comment       0x0000000000000046       0x24 c:/devkitpro/devkitarm/bin/../lib/gcc/arm-none-eabi/12.1.0/../../../../arm-none-eabi/lib\libg.a(lib_a-fseeko.o)
 .comment       0x0000000000000046       0x24 c:/devkitpro/devkitarm/bin/../lib/gcc/arm-none-eabi/12.1.0/../../../../arm-none-eabi/lib\libg.a(lib_a-fwalk.o)
 .comment       0x0000000000000046       0x24 c:/devkitpro/devkitarm/bin/../lib/gcc/arm-none-eabi/12.1.0/../../../../arm-none-eabi/lib\libg.a(lib_a-impure.o)
 .comment       0x0000000000000046       0x24 c:/devkitpro/devkitarm/bin/../lib/gcc/arm-none-eabi/12.1.0/../../../../arm-none-eabi/lib\libg.a(lib_a-init.o)
 .comment       0x0000000000000046       0x24 c:/devkitpro/devkitarm/bin/../lib/gcc/arm-none-eabi/12.1.0/../../../../arm-none-eabi/lib\libg.a(lib_a-makebuf.o)
 .comment       0x0000000000000046       0x24 c:/devkitpro/devkitarm/bin/../lib/gcc/arm-none-eabi/12.1.0/../../../../arm-none-eabi/lib\libg.a(lib_a-malloc.o)
 .comment       0x0000000000000046       0x24 c:/devkitpro/devkitarm/bin/../lib/gcc/arm-none-eabi/12.1.0/../../../../arm-none-eabi/lib\libg.a(lib_a-mallocr.o)
 .comment       0x0000000000000046       0x24 c:/devkitpro/devkitarm/bin/../lib/gcc/arm-none-eabi/12.1.0/../../../../arm-none-eabi/lib\libg.a(lib_a-memcpy-stub.o)
 .comment       0x0000000000000046       0x24 c:/devkitpro/devkitarm/bin/../lib/gcc/arm-none-eabi/12.1.0/../../../../arm-none-eabi/lib\libg.a(lib_a-memset.o)
 .comment       0x0000000000000046       0x24 c:/devkitpro/devkitarm/bin/../lib/gcc/arm-none-eabi/12.1.0/../../../../arm-none-eabi/lib\libg.a(lib_a-mlock.o)
 .comment       0x0000000000000046       0x24 c:/devkitpro/devkitarm/bin/../lib/gcc/arm-none-eabi/12.1.0/../../../../arm-none-eabi/lib\libg.a(lib_a-rand.o)
 .comment       0x0000000000000046       0x24 c:/devkitpro/devkitarm/bin/../lib/gcc/arm-none-eabi/12.1.0/../../../../arm-none-eabi/lib\libg.a(lib_a-realloc.o)
 .comment       0x0000000000000046       0x24 c:/devkitpro/devkitarm/bin/../lib/gcc/arm-none-eabi/12.1.0/../../../../arm-none-eabi/lib\libg.a(lib_a-reallocr.o)
 .comment       0x0000000000000046       0x24 c:/devkitpro/devkitarm/bin/../lib/gcc/arm-none-eabi/12.1.0/../../../../arm-none-eabi/lib\libg.a(lib_a-refill.o)
 .comment       0x0000000000000046       0x24 c:/devkitpro/devkitarm/bin/../lib/gcc/arm-none-eabi/12.1.0/../../../../arm-none-eabi/lib\libg.a(lib_a-setvbuf.o)
 .comment       0x0000000000000046       0x24 c:/devkitpro/devkitarm/bin/../lib/gcc/arm-none-eabi/12.1.0/../../../../arm-none-eabi/lib\libg.a(lib_a-siscanf.o)
 .comment       0x0000000000000046       0x24 c:/devkitpro/devkitarm/bin/../lib/gcc/arm-none-eabi/12.1.0/../../../../arm-none-eabi/lib\libg.a(lib_a-stdio.o)
 .comment       0x0000000000000046       0x24 c:/devkitpro/devkitarm/bin/../lib/gcc/arm-none-eabi/12.1.0/../../../../arm-none-eabi/lib\libg.a(lib_a-strlen-stub.o)
 .comment       0x0000000000000046       0x24 c:/devkitpro/devkitarm/bin/../lib/gcc/arm-none-eabi/12.1.0/../../../../arm-none-eabi/lib\libg.a(lib_a-svfiscanf.o)
 .comment       0x0000000000000046       0x24 c:/devkitpro/devkitarm/bin/../lib/gcc/arm-none-eabi/12.1.0/../../../../arm-none-eabi/lib\libg.a(lib_a-time.o)
 .comment       0x0000000000000046       0x24 c:/devkitpro/devkitarm/bin/../lib/gcc/arm-none-eabi/12.1.0/../../../../arm-none-eabi/lib\libg.a(lib_a-ungetc.o)
 .comment       0x0000000000000046       0x24 c:/devkitpro/devkitarm/bin/../lib/gcc/arm-none-eabi/12.1.0/../../../../arm-none-eabi/lib\libg.a(lib_a-ctype_.o)
 .comment       0x0000000000000046       0x24 c:/devkitpro/devkitarm/bin/../lib/gcc/arm-none-eabi/12.1.0/../../../../arm-none-eabi/lib\libg.a(lib_a-flags.o)
 .comment       0x0000000000000046       0x24 c:/devkitpro/devkitarm/bin/../lib/gcc/arm-none-eabi/12.1.0/../../../../arm-none-eabi/lib\libg.a(lib_a-iswspace.o)
 .comment       0x0000000000000046       0x24 c:/devkitpro/devkitarm/bin/../lib/gcc/arm-none-eabi/12.1.0/../../../../arm-none-eabi/lib\libg.a(lib_a-locale.o)
 .comment       0x0000000000000046       0x24 c:/devkitpro/devkitarm/bin/../lib/gcc/arm-none-eabi/12.1.0/../../../../arm-none-eabi/lib\libg.a(lib_a-mbrtowc.o)
 .comment       0x0000000000000046       0x24 c:/devkitpro/devkitarm/bin/../lib/gcc/arm-none-eabi/12.1.0/../../../../arm-none-eabi/lib\libg.a(lib_a-mbtowc_r.o)
 .comment       0x0000000000000046       0x24 c:/devkitpro/devkitarm/bin/../lib/gcc/arm-none-eabi/12.1.0/../../../../arm-none-eabi/lib\libg.a(lib_a-memmove.o)
 .comment       0x0000000000000046       0x24 c:/devkitpro/devkitarm/bin/../lib/gcc/arm-none-eabi/12.1.0/../../../../arm-none-eabi/lib\libg.a(lib_a-sccl.o)
 .comment       0x0000000000000046       0x24 c:/devkitpro/devkitarm/bin/../lib/gcc/arm-none-eabi/12.1.0/../../../../arm-none-eabi/lib\libg.a(lib_a-strchr.o)
 .comment       0x0000000000000046       0x24 c:/devkitpro/devkitarm/bin/../lib/gcc/arm-none-eabi/12.1.0/../../../../arm-none-eabi/lib\libg.a(lib_a-strtoll.o)
 .comment       0x0000000000000046       0x24 c:/devkitpro/devkitarm/bin/../lib/gcc/arm-none-eabi/12.1.0/../../../../arm-none-eabi/lib\libg.a(lib_a-strtol.o)
 .comment       0x0000000000000046       0x24 c:/devkitpro/devkitarm/bin/../lib/gcc/arm-none-eabi/12.1.0/../../../../arm-none-eabi/lib\libg.a(lib_a-strtoull.o)
 .comment       0x0000000000000046       0x24 c:/devkitpro/devkitarm/bin/../lib/gcc/arm-none-eabi/12.1.0/../../../../arm-none-eabi/lib\libg.a(lib_a-strtoul.o)
 .comment       0x0000000000000046       0x24 c:/devkitpro/devkitarm/bin/../lib/gcc/arm-none-eabi/12.1.0/../../../../arm-none-eabi/lib\libg.a(lib_a-wctomb_r.o)
 .comment       0x0000000000000046       0x24 c:/devkitpro/devkitarm/bin/../lib/gcc/arm-none-eabi/12.1.0/../../../../arm-none-eabi/lib\libg.a(lib_a-iswspace_l.o)
 .comment       0x0000000000000046       0x24 c:/devkitpro/devkitarm/bin/../lib/gcc/arm-none-eabi/12.1.0/../../../../arm-none-eabi/lib\libg.a(lib_a-jp2uc.o)
 .comment       0x0000000000000046       0x24 c:/devkitpro/devkitarm/bin/../lib/gcc/arm-none-eabi/12.1.0/../../../../arm-none-eabi/lib\libg.a(lib_a-strncmp.o)
 .comment       0x0000000000000046       0x24 c:/devkitpro/devkitarm/bin/../lib/gcc/arm-none-eabi/12.1.0/../../../../arm-none-eabi/lib\libg.a(lib_a-categories.o)
 .comment       0x0000000000000046       0x24 c:/devkitpro/devkitarm/bin/../lib/gcc/arm-none-eabi/12.1.0/../../../../arm-none-eabi/lib\libsysbase.a(iosupport.o)
 .comment       0x0000000000000046       0x24 c:/devkitpro/devkitarm/bin/../lib/gcc/arm-none-eabi/12.1.0/../../../../arm-none-eabi/lib\libsysbase.a(fstat.o)
 .comment       0x0000000000000046       0x24 c:/devkitpro/devkitarm/bin/../lib/gcc/arm-none-eabi/12.1.0/../../../../arm-none-eabi/lib\libsysbase.a(gettod.o)
 .comment       0x0000000000000046       0x24 c:/devkitpro/devkitarm/bin/../lib/gcc/arm-none-eabi/12.1.0/../../../../arm-none-eabi/lib\libsysbase.a(isatty.o)
 .comment       0x0000000000000046       0x24 c:/devkitpro/devkitarm/bin/../lib/gcc/arm-none-eabi/12.1.0/../../../../arm-none-eabi/lib\libsysbase.a(lseek.o)
 .comment       0x0000000000000046       0x24 c:/devkitpro/devkitarm/bin/../lib/gcc/arm-none-eabi/12.1.0/../../../../arm-none-eabi/lib\libsysbase.a(open.o)
 .comment       0x0000000000000046       0x24 c:/devkitpro/devkitarm/bin/../lib/gcc/arm-none-eabi/12.1.0/../../../../arm-none-eabi/lib\libsysbase.a(read.o)
 .comment       0x0000000000000046       0x24 c:/devkitpro/devkitarm/bin/../lib/gcc/arm-none-eabi/12.1.0/../../../../arm-none-eabi/lib\libsysbase.a(sbrk.o)
 .comment       0x0000000000000046       0x24 c:/devkitpro/devkitarm/bin/../lib/gcc/arm-none-eabi/12.1.0/../../../../arm-none-eabi/lib\libsysbase.a(write.o)
 .comment       0x0000000000000046       0x24 c:/devkitpro/devkitarm/bin/../lib/gcc/arm-none-eabi/12.1.0/../../../../arm-none-eabi/lib\libsysbase.a(malloc_vars.o)
 .comment       0x0000000000000046       0x24 c:/devkitpro/devkitarm/bin/../lib/gcc/arm-none-eabi/12.1.0/../../../../arm-none-eabi/lib\libsysbase.a(build_argv.o)
 .comment       0x0000000000000046       0x24 c:/devkitpro/devkitarm/bin/../lib/gcc/arm-none-eabi/12.1.0/../../../../arm-none-eabi/lib\libsysbase.a(flock.o)
 .comment       0x0000000000000046       0x24 c:/devkitpro/devkitarm/bin/../lib/gcc/arm-none-eabi/12.1.0/../../../../arm-none-eabi/lib\libsysbase.a(handle_manager.o)
 .comment       0x0000000000000046       0x24 c:/devkitpro/devkitarm/bin/../lib/gcc/arm-none-eabi/12.1.0/../../../../arm-none-eabi/lib\libsysbase.a(getreent.o)
 .comment       0x0000000000000046       0x24 c:/devkitpro/devkitarm/bin/../lib/gcc/arm-none-eabi/12.1.0/../../../../arm-none-eabi/lib\libsysbase.a(syscall_support.o)
 .comment       0x0000000000000046       0x24 c:/devkitpro/devkitarm/bin/../lib/gcc/arm-none-eabi/12.1.0\libgcc.a(_udivmoddi4.o)
 .comment       0x0000000000000046       0x24 c:/devkitpro/devkitarm/bin/../lib/gcc/arm-none-eabi/12.1.0/crtend.o

.ARM.attributes
                0x0000000000000000       0x2d
 .ARM.attributes
                0x0000000000000000       0x21 c:/devkitpro/devkitarm/bin/../lib/gcc/arm-none-eabi/12.1.0/../../../../arm-none-eabi/lib/ds_arm9_crt0.o
 .ARM.attributes
                0x0000000000000021       0x1c c:/devkitpro/devkitarm/bin/../lib/gcc/arm-none-eabi/12.1.0/crti.o
 .ARM.attributes
                0x000000000000003d       0x2a c:/devkitpro/devkitarm/bin/../lib/gcc/arm-none-eabi/12.1.0/crtbegin.o
 .ARM.attributes
                0x0000000000000067       0x14 soundbank.bin.o
 .ARM.attributes
                0x000000000000007b       0x1b allNums.o
 .ARM.attributes
                0x0000000000000096       0x1b bgLong.o
 .ARM.attributes
                0x00000000000000b1       0x1b bird.o
 .ARM.attributes
                0x00000000000000cc       0x1b birdDown.o
 .ARM.attributes
                0x00000000000000e7       0x1b birdUp.o
 .ARM.attributes
                0x0000000000000102       0x1b bottom.o
 .ARM.attributes
                0x000000000000011d       0x1b floor.o
 .ARM.attributes
                0x0000000000000138       0x1b pipeTop.o
 .ARM.attributes
                0x0000000000000153       0x1b ready.o
 .ARM.attributes
                0x000000000000016e       0x1b scoreSprite.o
 .ARM.attributes
                0x0000000000000189       0x1b startSub.o
 .ARM.attributes
                0x00000000000001a4       0x2b main.o
 .ARM.attributes
                0x00000000000001cf       0x1b C:/devkitPro/libnds/lib\libmm9.a(mm_comms.o)
 .ARM.attributes
                0x00000000000001ea       0x1b C:/devkitPro/libnds/lib\libmm9.a(mm_memory.o)
 .ARM.attributes
                0x0000000000000205       0x1b C:/devkitPro/libnds/lib\libmm9.a(mm_main9.o)
 .ARM.attributes
                0x0000000000000220       0x1b C:/devkitPro/libnds/lib\libmm9.a(mm_soundbank.o)
 .ARM.attributes
                0x000000000000023b       0x1b C:/devkitPro/libnds/lib\libmm9.a(mm_flusher.o)
 .ARM.attributes
                0x0000000000000256       0x2b C:/devkitPro/libnds/lib\libnds9.a(background.o)
 .ARM.attributes
                0x0000000000000281       0x2b C:/devkitPro/libnds/lib\libnds9.a(trig.o)
 .ARM.attributes
                0x00000000000002ac       0x2b C:/devkitPro/libnds/lib\libnds9.a(sprite_alloc.o)
 .ARM.attributes
                0x00000000000002d7       0x2b C:/devkitPro/libnds/lib\libnds9.a(console.o)
 .ARM.attributes
                0x0000000000000302       0x2b C:/devkitPro/libnds/lib\libnds9.a(gl2d.o)
 .ARM.attributes
                0x000000000000032d       0x2b C:/devkitPro/libnds/lib\libnds9.a(videoGL.o)
 .ARM.attributes
                0x0000000000000358       0x2b C:/devkitPro/libnds/lib\libnds9.a(sprite.o)
 .ARM.attributes
                0x0000000000000383       0x2b C:/devkitPro/libnds/lib\libnds9.a(keys.o)
 .ARM.attributes
                0x00000000000003ae       0x2b C:/devkitPro/libnds/lib\libnds9.a(initSystem.o)
 .ARM.attributes
                0x00000000000003d9       0x2b C:/devkitPro/libnds/lib\libnds9.a(securearea.o)
 .ARM.attributes
                0x0000000000000404       0x2b C:/devkitPro/libnds/lib\libnds9.a(interrupts.o)
 .ARM.attributes
                0x000000000000042f       0x2b C:/devkitPro/libnds/lib\libnds9.a(libnds_exit.arm.o)
 .ARM.attributes
                0x000000000000045a       0x2b C:/devkitPro/libnds/lib\libnds9.a(fifosystem.o)
 .ARM.attributes
                0x0000000000000485       0x1b C:/devkitPro/libnds/lib\libnds9.a(dcache.o)
 .ARM.attributes
                0x00000000000004a0       0x21 C:/devkitPro/libnds/lib\libnds9.a(mpu_setup.o)
 .ARM.attributes
                0x00000000000004c1       0x21 C:/devkitPro/libnds/lib\libnds9.a(IntrWait.o)