Archive member included to satisfy reference by file (symbol)

C:/devkitPro/libnds/lib\libmm9.a(mm_comms.o)
                              main.o (mmEffect)
C:/devkitPro/libnds/lib\libmm9.a(mm_memory.o)
                              main.o (mmLoadEffect)
C:/devkitPro/libnds/lib\libmm9.a(mm_main9.o)
                              C:/devkitPro/libnds/lib\libmm9.a(mm_memory.o) (mmcbMemory)
C:/devkitPro/libnds/lib\libmm9.a(mm_soundbank.o)
                              C:/devkitPro/libnds/lib\libmm9.a(mm_main9.o) (mmSoundBankInMemory)
C:/devkitPro/libnds/lib\libmm9.a(mm_flusher.o)
                              C:/devkitPro/libnds/lib\libmm9.a(mm_memory.o) (mmFlushBank)
C:/devkitPro/libnds/lib\libnds9.a(console.o)
                              main.o (consoleDemoInit)
C:/devkitPro/libnds/lib\libnds9.a(gl2d.o)
                              main.o (glScreen2D)
C:/devkitPro/libnds/lib\libnds9.a(videoGL.o)
                              C:/devkitPro/libnds/lib\libnds9.a(gl2d.o) (glMaterialf)
C:/devkitPro/libnds/lib\libnds9.a(keys.o)
                              main.o (scanKeys)
C:/devkitPro/libnds/lib\libnds9.a(initSystem.o)
                              c:/devkitpro/devkitarm/bin/../lib/gcc/arm-none-eabi/12.1.0/../../../../arm-none-eabi/lib/ds_arm9_crt0.o (initSystem)
C:/devkitPro/libnds/lib\libnds9.a(securearea.o)
                              c:/devkitpro/devkitarm/bin/../lib/gcc/arm-none-eabi/12.1.0/../../../../arm-none-eabi/lib/ds_arm9_crt0.o (__secure_area__)
C:/devkitPro/libnds/lib\libnds9.a(interrupts.o)
                              C:/devkitPro/libnds/lib\libnds9.a(initSystem.o) (irqInit)
C:/devkitPro/libnds/lib\libnds9.a(libnds_exit.arm.o)
                              c:/devkitpro/devkitarm/bin/../lib/gcc/arm-none-eabi/12.1.0/../../../../arm-none-eabi/lib/ds_arm9_crt0.o (__libnds_exit)
C:/devkitPro/libnds/lib\libnds9.a(fifosystem.o)
                              C:/devkitPro/libnds/lib\libmm9.a(mm_comms.o) (fifoSetValue32Handler)
C:/devkitPro/libnds/lib\libnds9.a(mpu_setup.o)
                              c:/devkitpro/devkitarm/bin/../lib/gcc/arm-none-eabi/12.1.0/../../../../arm-none-eabi/lib/ds_arm9_crt0.o (__libnds_mpu_setup)
C:/devkitPro/libnds/lib\libnds9.a(IntrWait.o)
                              main.o (swiWaitForVBlank)
C:/devkitPro/libnds/lib\libnds9.a(cpu_clock.o)
                              C:/devkitPro/libnds/lib\libnds9.a(initSystem.o) (setCpuClock)
C:/devkitPro/libnds/lib\libnds9.a(interruptDispatcher.o)
                              C:/devkitPro/libnds/lib\libnds9.a(interrupts.o) (IntrMain)
C:/devkitPro/libnds/lib\libnds9.a(biosCalls.o)
                              C:/devkitPro/libnds/lib\libnds9.a(videoGL.o) (swiCopy)
C:/devkitPro/libnds/lib\libnds9.a(debugprint.o)
                              C:/devkitPro/libnds/lib\libnds9.a(console.o) (nocashWrite)
C:/devkitPro/libnds/lib\libnds9.a(swiSoftReset.o)
                              C:/devkitPro/libnds/lib\libnds9.a(fifosystem.o) (swiSoftReset)
C:/devkitPro/libnds/lib\libnds9.a(default_font.bin.o)
                              C:/devkitPro/libnds/lib\libnds9.a(console.o) (default_font_bin)
C:/devkitPro/libnds/lib\libnds9.a(background.o)
                              C:/devkitPro/libnds/lib\libnds9.a(console.o) (bgState)
C:/devkitPro/libnds/lib\libnds9.a(dynamicArray.o)
                              C:/devkitPro/libnds/lib\libnds9.a(videoGL.o) (DynamicArrayInit)
C:/devkitPro/libnds/lib\libnds9.a(trig.o)
                              C:/devkitPro/libnds/lib\libnds9.a(gl2d.o) (sinLerp)
C:/devkitPro/libnds/lib\libnds9.a(video.o)
                              C:/devkitPro/libnds/lib\libnds9.a(videoGL.o) (vramSetBanks_EFG)
C:/devkitPro/libnds/lib\libnds9.a(system.o)
                              C:/devkitPro/libnds/lib\libnds9.a(initSystem.o) (systemValueHandler)
c:/devkitpro/devkitarm/bin/../lib/gcc/arm-none-eabi/12.1.0\libgcc.a(_arm_mulsf3.o)
                              main.o (__aeabi_fmul)
c:/devkitpro/devkitarm/bin/../lib/gcc/arm-none-eabi/12.1.0\libgcc.a(_divsi3.o)
                              C:/devkitPro/libnds/lib\libnds9.a(gl2d.o) (__aeabi_idiv)
c:/devkitpro/devkitarm/bin/../lib/gcc/arm-none-eabi/12.1.0\libgcc.a(_dvmd_tls.o)
                              c:/devkitpro/devkitarm/bin/../lib/gcc/arm-none-eabi/12.1.0\libgcc.a(_divsi3.o) (__aeabi_idiv0)
c:/devkitpro/devkitarm/bin/../lib/gcc/arm-none-eabi/12.1.0\libgcc.a(_arm_addsubdf3.o)
                              main.o (__aeabi_dadd)
c:/devkitpro/devkitarm/bin/../lib/gcc/arm-none-eabi/12.1.0\libgcc.a(_arm_cmpdf2.o)
                              main.o (__aeabi_dcmpeq)
c:/devkitpro/devkitarm/bin/../lib/gcc/arm-none-eabi/12.1.0\libgcc.a(_arm_fixdfsi.o)
                              main.o (__aeabi_d2iz)
c:/devkitpro/devkitarm/bin/../lib/gcc/arm-none-eabi/12.1.0\libgcc.a(_arm_truncdfsf2.o)
                              main.o (__aeabi_d2f)
c:/devkitpro/devkitarm/bin/../lib/gcc/arm-none-eabi/12.1.0\libgcc.a(_arm_addsubsf3.o)
                              main.o (__aeabi_fsub)
[...]
Memory Configuration

Name             Origin             Length             Attributes
ewram            0x0000000002000000 0x0000000000380000
dtcm             0x0000000002ff0000 0x0000000000004000
vectors          0x0000000001000000 0x0000000000000100
itcm             0x0000000001000100 0x0000000000007f00
*default*        0x0000000000000000 0xffffffffffffffff

Linker script and memory map

                0x0000000002380000                __ewram_end = (ORIGIN (ewram) + LENGTH (ewram))
                0x0000000002380000                __eheap_end = (ORIGIN (ewram) + LENGTH (ewram))
                0x0000000002ff4000                __dtcm_top = (ORIGIN (dtcm) + LENGTH (dtcm))
                0x0000000002ff3ff8                __irq_flags = (__dtcm_top - 0x8)
                0x0000000002ff3ffc                __irq_vector = (__dtcm_top - 0x4)
                0x0000000002ff3f00                __sp_svc = (__dtcm_top - 0x100)
                0x0000000002ff3e00                __sp_irq = (__sp_svc - 0x100)
                0x0000000002ff3d00                __sp_usr = (__sp_irq - 0x100)

.secure         0x0000000002000000      0x800
 *(.secure)
 .secure        0x0000000002000000      0x800 C:/devkitPro/libnds/lib\libnds9.a(securearea.o)
                0x0000000002000000                __secure_area__

.crt0           0x0000000002000800      0x300
                0x0000000002000800                __text_start = .
 *(.crt0)
 .crt0          0x0000000002000800      0x300 c:/devkitpro/devkitarm/bin/../lib/gcc/arm-none-eabi/12.1.0/../../../../arm-none-eabi/lib/ds_arm9_crt0.o
                0x0000000002000800                _start
                0x0000000002000b00                . = ALIGN (0x4)

.plt
 *(.plt)

.init           0x0000000002000b00       0x18
 *(SORT_NONE(.init))
 .init          0x0000000002000b00        0xc c:/devkitpro/devkitarm/bin/../lib/gcc/arm-none-eabi/12.1.0/crti.o
                0x0000000002000b00                _init
 .init          0x0000000002000b0c        0xc c:/devkitpro/devkitarm/bin/../lib/gcc/arm-none-eabi/12.1.0/crtn.o

.text           0x0000000002000b18    0x10f78
 *(EXCLUDE_FILE(*.twl* *.vectors* *.itcm*) .text)
 .text          0x0000000002000b18      0x24c C:/devkitPro/libnds/lib\libmm9.a(mm_comms.o)
                0x0000000002000b18                mmSetupComms
                0x0000000002000b6a                mmSendBank
                0x0000000002000b74                mmLockChannels
                0x0000000002000b7a                mmUnlockChannels
                0x0000000002000b80                mmStart
                0x0000000002000b8a                mmPause
                0x0000000002000b8e                mmResume
                0x0000000002000b92                mmStop
                0x0000000002000b96                mmPosition
                0x0000000002000b9a                mmJingle
                0x0000000002000b9e                mmSetModuleVolume
                0x0000000002000ba2                mmSetJingleVolume
                0x0000000002000ba6                mmSetModuleTempo
                0x0000000002000baa                mmSetModulePitch
                0x0000000002000bae                mmSetEffectsVolume
                0x0000000002000bb2                mmSelectMode
                0x0000000002000bb6                mmStreamBegin
                0x0000000002000bca                mmStreamEnd
                0x0000000002000c20                mmEffect
                0x0000000002000c44                mmEffectVolume
                0x0000000002000c48                mmEffectPanning
                0x0000000002000c4c                mmEffectRate
                0x0000000002000c56                mmEffectScaleRate
                0x0000000002000c60                mmEffectRelease
                0x0000000002000c66                mmEffectCancel
                0x0000000002000c6c                mmEffectEx
                0x0000000002000caa                mmEffectCancelAll
                0x0000000002000cae                mmReverbEnable
                0x0000000002000cb2                mmReverbDisable
                0x0000000002000cb6                mmReverbConfigure
                0x0000000002000d12                mmReverbStart
                0x0000000002000d16                mmReverbStop
 .text          0x0000000002000d64      0x120 C:/devkitPro/libnds/lib\libmm9.a(mm_memory.o)
                0x0000000002000d64                mmLoad
                0x0000000002000db4                mmUnload
                0x0000000002000e0c                mmLoadEffect
                0x0000000002000e44                mmUnloadEffect
 .text          0x0000000002000e84      0x108 C:/devkitPro/libnds/lib\libmm9.a(mm_main9.o)
                0x0000000002000e84                mmActive
                0x0000000002000e8a                mmSetEventHandler
                0x0000000002000e90                mmInit
                0x0000000002000eba                mmInitDefault
                0x0000000002000f04                mmInitDefaultMem
                0x0000000002000f26                mmSuspendIRQ_t
                0x0000000002000f44                mmRestoreIRQ_t
 .text          0x0000000002000f8c      0x100 C:/devkitPro/libnds/lib\libmm9.a(mm_soundbank.o)
                0x0000000002000f8c                mmSoundBankInMemory
                0x0000000002000f94                mmSoundBankInFiles
                0x0000000002000fa6                mmSetCustomSoundBankHandler
                0x0000000002000fd2                mmsHandleFileOp
 .text          0x000000000200108c       0x3c C:/devkitPro/libnds/lib\libmm9.a(mm_flusher.o)
                0x000000000200108c                mmFlushBank
 .text          0x00000000020010c8      0x198 c:/devkitpro/devkitarm/bin/../lib/gcc/arm-none-eabi/12.1.0\libgcc.a(_arm_mulsf3.o)
                0x00000000020010c8                __aeabi_fmul
                0x00000000020010c8                __mulsf3
 .text          0x0000000002001260      0x148 c:/devkitpro/devkitarm/bin/../lib/gcc/arm-none-eabi/12.1.0\libgcc.a(_divsi3.o)
                0x0000000002001260                __divsi3
                0x0000000002001260                __aeabi_idiv
                0x0000000002001388                __aeabi_idivmod
 .text          0x00000000020013a8        0x4 c:/devkitpro/devkitarm/bin/../lib/gcc/arm-none-eabi/12.1.0\libgcc.a(_dvmd_tls.o)
                0x00000000020013a8                __aeabi_idiv0
                0x00000000020013a8                __aeabi_ldiv0
 .text          0x00000000020013ac      0x424 c:/devkitpro/devkitarm/bin/../lib/gcc/arm-none-eabi/12.1.0\libgcc.a(_arm_addsubdf3.o)
                0x00000000020013ac                __aeabi_drsub
                0x00000000020013b4                __aeabi_dsub
                0x00000000020013b4                __subdf3
                0x00000000020013b8                __aeabi_dadd
                0x00000000020013b8                __adddf3
                0x00000000020016c8                __floatunsidf
                0x00000000020016c8                __aeabi_ui2d
                0x00000000020016ec                __floatsidf
                0x00000000020016ec                __aeabi_i2d
                0x0000000002001714                __aeabi_f2d
                0x0000000002001714                __extendsfdf2
                0x000000000200175c                __floatundidf
                0x000000000200175c                __aeabi_ul2d
                0x0000000002001770                __floatdidf
                0x0000000002001770                __aeabi_l2d
 .text          0x00000000020017d0      0x144 c:/devkitpro/devkitarm/bin/../lib/gcc/arm-none-eabi/12.1.0\libgcc.a(_arm_cmpdf2.o)
                0x00000000020017d0                __gtdf2
                0x00000000020017d0                __gedf2
                0x00000000020017d8                __ltdf2
                0x00000000020017d8                __ledf2
                0x00000000020017e0                __nedf2
                0x00000000020017e0                __eqdf2
                0x00000000020017e0                __cmpdf2
                0x0000000002001868                __aeabi_cdrcmple
                0x0000000002001884                __aeabi_cdcmpeq
                0x0000000002001884                __aeabi_cdcmple
                0x000000000200189c                __aeabi_dcmpeq
                0x00000000020018b4                __aeabi_dcmplt
                0x00000000020018cc                __aeabi_dcmple
                0x00000000020018e4                __aeabi_dcmpge
                0x00000000020018fc                __aeabi_dcmpgt
 .text          0x0000000002001914       0x5c c:/devkitpro/devkitarm/bin/../lib/gcc/arm-none-eabi/12.1.0\libgcc.a(_arm_fixdfsi.o)
                0x0000000002001914                __aeabi_d2iz
                0x0000000002001914                __fixdfsi
 .text          0x0000000002001970       0xa0 c:/devkitpro/devkitarm/bin/../lib/gcc/arm-none-eabi/12.1.0\libgcc.a(_arm_truncdfsf2.o)
                0x0000000002001970                __truncdfsf2
                0x0000000002001970                __aeabi_d2f
 .text          0x0000000002001a10      0x2ac c:/devkitpro/devkitarm/bin/../lib/gcc/arm-none-eabi/12.1.0\libgcc.a(_arm_addsubsf3.o)
                0x0000000002001a10                __aeabi_frsub
                0x0000000002001a18                __subsf3
                0x0000000002001a18                __aeabi_fsub
                0x0000000002001a1c                __aeabi_fadd
                0x0000000002001a1c                __addsf3
                0x0000000002001bd8                __aeabi_ui2f
                0x0000000002001bd8                __floatunsisf
                0x0000000002001be0                __aeabi_i2f
                0x0000000002001be0                __floatsisf
                0x0000000002001c00                __aeabi_ul2f
                0x0000000002001c00                __floatundisf
                0x0000000002001c10                __aeabi_l2f
                0x0000000002001c10                __floatdisf
 .text          0x0000000002001cbc      0x114 c:/devkitpro/devkitarm/bin/../lib/gcc/arm-none-eabi/12.1.0\libgcc.a(_arm_cmpsf2.o)
                0x0000000002001cbc                __gesf2
                0x0000000002001cbc                __gtsf2
                0x0000000002001cc4                __lesf2
                0x0000000002001cc4                __ltsf2
                0x0000000002001ccc                __nesf2
                0x0000000002001ccc                __eqsf2
                0x0000000002001ccc                __cmpsf2
                0x0000000002001d30                __aeabi_cfrcmple
                0x0000000002001d40                __aeabi_cfcmpeq
                0x0000000002001d40                __aeabi_cfcmple
                0x0000000002001d58                __aeabi_fcmpeq
                0x0000000002001d70                __aeabi_fcmplt
                0x0000000002001d88                __aeabi_fcmple
                0x0000000002001da0                __aeabi_fcmpge
                0x0000000002001db8                __aeabi_fcmpgt
 .text          0x0000000002001dd0       0x5c c:/devkitpro/devkitarm/bin/../lib/gcc/arm-none-eabi/12.1.0\libgcc.a(_arm_fixsfsi.o)
                0x0000000002001dd0                __aeabi_f2iz
                0x0000000002001dd0                __fixsfsi
 .text          0x0000000002001e2c      0x224 c:/devkitpro/devkitarm/bin/../lib/gcc/arm-none-eabi/12.1.0/../../../../arm-none-eabi/lib\libg.a(lib_a-strcmp.o)
                0x0000000002001e2c                strcmp
 .text          0x0000000002002050      0x114 c:/devkitpro/devkitarm/bin/../lib/gcc/arm-none-eabi/12.1.0\libgcc.a(_udivsi3.o)
                0x0000000002002050                __aeabi_uidiv
                0x0000000002002050                __udivsi3
                0x0000000002002144                __aeabi_uidivmod
 .text          0x0000000002002164       0x3c c:/devkitpro/devkitarm/bin/../lib/gcc/arm-none-eabi/12.1.0\libgcc.a(_aeabi_uldivmod.o)
                0x0000000002002164                __aeabi_uldivmod
 .text          0x00000000020021a0       0x28 c:/devkitpro/devkitarm/bin/../lib/gcc/arm-none-eabi/12.1.0\libgcc.a(_clzdi2.o)
                0x00000000020021a0                __clzdi2
 .text          0x00000000020021c8       0x48 c:/devkitpro/devkitarm/bin/../lib/gcc/arm-none-eabi/12.1.0\libgcc.a(_clzsi2.o)
                0x00000000020021c8                __clzsi2
 *(EXCLUDE_FILE(*.twl* *.vectors* *.itcm*) .stub)
 *(EXCLUDE_FILE(*.twl* *.vectors* *.itcm*) .text.*)
 .text.__do_global_dtors_aux
                0x0000000002002210       0x40 c:/devkitpro/devkitarm/bin/../lib/gcc/arm-none-eabi/12.1.0/crtbegin.o
 .text.frame_dummy
                0x0000000002002250       0x30 c:/devkitpro/devkitarm/bin/../lib/gcc/arm-none-eabi/12.1.0/crtbegin.o
 .text.startup  0x0000000002002280      0xfc8 main.o
                0x0000000002002280                main
 .text.newRow   0x0000000002003248       0xa8 C:/devkitPro/libnds/lib\libnds9.a(console.o)
 .text.consolePrintChar
                0x00000000020032f0       0xe0 C:/devkitPro/libnds/lib\libnds9.a(console.o)
                0x00000000020032f0                consolePrintChar
 .text.con_write
                0x00000000020033d0      0x36c C:/devkitPro/libnds/lib\libnds9.a(console.o)
                0x00000000020033d0                con_write
 .text.consoleLoadFont
                0x000000000200373c      0x2a0 C:/devkitPro/libnds/lib\libnds9.a(console.o)
                0x000000000200373c                consoleLoadFont
 .text.consoleInit
                0x00000000020039dc      0x18c C:/devkitPro/libnds/lib\libnds9.a(console.o)
                0x00000000020039dc                consoleInit
 .text.consoleDemoInit
                0x0000000002003b68       0x40 C:/devkitPro/libnds/lib\libnds9.a(console.o)
                0x0000000002003b68                consoleDemoInit
 .text.SetOrtho
                0x0000000002003ba8      0x184 C:/devkitPro/libnds/lib\libnds9.a(gl2d.o)
                0x0000000002003ba8                SetOrtho
 .text.glScreen2D
                0x0000000002003d2c      0x540 C:/devkitPro/libnds/lib\libnds9.a(gl2d.o)
                0x0000000002003d2c                glScreen2D
 .text.glBegin2D
                0x000000000200426c       0x84 C:/devkitPro/libnds/lib\libnds9.a(gl2d.o)
                0x000000000200426c                glBegin2D
 .text.glBoxFilled
                0x00000000020042f0       0x98 C:/devkitPro/libnds/lib\libnds9.a(gl2d.o)
                0x00000000020042f0                glBoxFilled
 .text.glSprite
                0x0000000002004388      0x108 C:/devkitPro/libnds/lib\libnds9.a(gl2d.o)
                0x0000000002004388                glSprite
 .text.glSpriteRotate
                0x0000000002004490      0x174 C:/devkitPro/libnds/lib\libnds9.a(gl2d.o)
                0x0000000002004490                glSpriteRotate
 .text.glLoadTileSet
                0x0000000002004604       0xd0 C:/devkitPro/libnds/lib\libnds9.a(gl2d.o)
                0x0000000002004604                glLoadTileSet
 .text.vramBlock__deallocateBlock.part.0
                0x00000000020046d4      0x190 C:/devkitPro/libnds/lib\libnds9.a(videoGL.o)
 .text.glMaterialf
                0x0000000002004864       0x7c C:/devkitPro/libnds/lib\libnds9.a(videoGL.o)
                0x0000000002004864                glMaterialf
 .text.vramBlock_init
                0x00000000020048e0       0x5c C:/devkitPro/libnds/lib\libnds9.a(videoGL.o)
                0x00000000020048e0                vramBlock_init
 .text.vramBlock__allocateBlock
                0x000000000200493c      0x178 C:/devkitPro/libnds/lib\libnds9.a(videoGL.o)
                0x000000000200493c                vramBlock__allocateBlock
 .text.vramBlock_examineSpecial
                0x0000000002004ab4      0x238 C:/devkitPro/libnds/lib\libnds9.a(videoGL.o)
                0x0000000002004ab4                vramBlock_examineSpecial
 .text.vramBlock_allocateSpecial
                0x0000000002004cec       0x6c C:/devkitPro/libnds/lib\libnds9.a(videoGL.o)
                0x0000000002004cec                vramBlock_allocateSpecial
 .text.vramBlock_allocateBlock
                0x0000000002004d58       0x30 C:/devkitPro/libnds/lib\libnds9.a(videoGL.o)
                0x0000000002004d58                vramBlock_allocateBlock
 .text.vramBlock_deallocateBlock
                0x0000000002004d88       0x48 C:/devkitPro/libnds/lib\libnds9.a(videoGL.o)
                0x0000000002004d88                vramBlock_deallocateBlock
 .text.removePaletteFromTexture.part.0
                0x0000000002004dd0       0x68 C:/devkitPro/libnds/lib\libnds9.a(videoGL.o)
 .text.glInit_C
                0x0000000002004e38      0x1cc C:/devkitPro/libnds/lib\libnds9.a(videoGL.o)
                0x0000000002004e38                glInit_C
 .text.glGenTextures
                0x0000000002005004       0x80 C:/devkitPro/libnds/lib\libnds9.a(videoGL.o)
                0x0000000002005004                glGenTextures
 .text.vramGetBank
                0x0000000002005084       0xb8 C:/devkitPro/libnds/lib\libnds9.a(videoGL.o)
                0x0000000002005084                vramGetBank
 .text.glBindTexture
                0x000000000200513c       0x60 C:/devkitPro/libnds/lib\libnds9.a(videoGL.o)
                0x000000000200513c                glBindTexture
 .text.glColorTableEXT
                0x000000000200519c      0x1d8 C:/devkitPro/libnds/lib\libnds9.a(videoGL.o)
                0x000000000200519c                glColorTableEXT
 .text.glTexImage2D
                0x0000000002005374      0x40c C:/devkitPro/libnds/lib\libnds9.a(videoGL.o)
                0x0000000002005374                glTexImage2D
 .text.scanKeys
                0x0000000002005780       0x8c C:/devkitPro/libnds/lib\libnds9.a(keys.o)
                0x0000000002005780                scanKeys
 .text.keysDown
                0x000000000200580c       0x14 C:/devkitPro/libnds/lib\libnds9.a(keys.o)
                0x000000000200580c                keysDown
 .text.__syscall_gettod_r
                0x0000000002005820       0x28 C:/devkitPro/libnds/lib\libnds9.a(initSystem.o)
                0x0000000002005820                __syscall_gettod_r
 .text.initSystem
                0x0000000002005848      0x180 C:/devkitPro/libnds/lib\libnds9.a(initSystem.o)
                0x0000000002005848                initSystem
 .text.irqDummy
                0x00000000020059c8        0x4 C:/devkitPro/libnds/lib\libnds9.a(interrupts.o)
                0x00000000020059c8                irqDummy
 .text.irqSet   0x00000000020059cc       0x6c C:/devkitPro/libnds/lib\libnds9.a(interrupts.o)
                0x00000000020059cc                irqSet
 .text.irqInit  0x0000000002005a38       0x50 C:/devkitPro/libnds/lib\libnds9.a(interrupts.o)
                0x0000000002005a38                irqInit
 .text.irqEnable
                0x0000000002005a88       0x64 C:/devkitPro/libnds/lib\libnds9.a(interrupts.o)
                0x0000000002005a88                irqEnable
 .text.systemErrorExit
                0x0000000002005aec        0x4 C:/devkitPro/libnds/lib\libnds9.a(libnds_exit.arm.o)
                0x0000000002005aec                systemErrorExit
 .text.__libnds_exit
                0x0000000002005af0       0x5c C:/devkitPro/libnds/lib\libnds9.a(libnds_exit.arm.o)
                0x0000000002005af0                __libnds_exit
 .text.fifo_queueBlock
                0x0000000002005b4c       0x44 C:/devkitPro/libnds/lib\libnds9.a(fifosystem.o)
 .text.fifo_waitBlock
                0x0000000002005b90       0x80 C:/devkitPro/libnds/lib\libnds9.a(fifosystem.o)
 .text.fifoInternalSend.part.0
                0x0000000002005c10       0xd4 C:/devkitPro/libnds/lib\libnds9.a(fifosystem.o)
 .text.fifoInternalSendInterrupt
                0x0000000002005ce4       0xb0 C:/devkitPro/libnds/lib\libnds9.a(fifosystem.o)
 .text.fifoSetValue32Handler
                0x0000000002005d94       0xd4 C:/devkitPro/libnds/lib\libnds9.a(fifosystem.o)
                0x0000000002005d94                fifoSetValue32Handler
 .text.fifoSendValue32
                0x0000000002005e68       0x4c C:/devkitPro/libnds/lib\libnds9.a(fifosystem.o)
                0x0000000002005e68                fifoSendValue32
 .text.fifoSendDatamsg
                0x0000000002005eb4       0x90 C:/devkitPro/libnds/lib\libnds9.a(fifosystem.o)
                0x0000000002005eb4                fifoSendDatamsg
 .text.fifoGetDatamsg
                0x0000000002005f44       0xf4 C:/devkitPro/libnds/lib\libnds9.a(fifosystem.o)
                0x0000000002005f44                fifoGetDatamsg
 .text.fifoInternalRecvInterrupt
                0x0000000002006038      0x37c C:/devkitPro/libnds/lib\libnds9.a(fifosystem.o)
 .text.fifoSetDatamsgHandler
                0x00000000020063b4       0x9c C:/devkitPro/libnds/lib\libnds9.a(fifosystem.o)
                0x00000000020063b4                fifoSetDatamsgHandler
 .text.fifoInit
                0x0000000002006450      0x108 C:/devkitPro/libnds/lib\libnds9.a(fifosystem.o)
                0x0000000002006450                fifoInit
 .text.__libnds_mpu_setup
                0x0000000002006558      0x174 C:/devkitPro/libnds/lib\libnds9.a(mpu_setup.o)
                0x0000000002006558                __libnds_mpu_setup
 .text.memUncached
                0x00000000020066cc       0x20 C:/devkitPro/libnds/lib\libnds9.a(mpu_setup.o)
                0x00000000020066cc                memUncached
 .text.swiWaitForVBlank
                0x00000000020066ec        0x8 C:/devkitPro/libnds/lib\libnds9.a(IntrWait.o)
                0x00000000020066ec                swiWaitForVBlank
 .text.swiIntrWait
                0x00000000020066f4       0x70 C:/devkitPro/libnds/lib\libnds9.a(IntrWait.o)
                0x00000000020066f4                swiIntrWait
 .text.setCpuClock
                0x0000000002006764       0x50 C:/devkitPro/libnds/lib\libnds9.a(cpu_clock.o)
                0x0000000002006764                setCpuClock
 .text.swiDelay
                0x00000000020067b4        0x4 C:/devkitPro/libnds/lib\libnds9.a(biosCalls.o)
                0x00000000020067b4                swiDelay
 .text.swiCopy  0x00000000020067b8        0x4 C:/devkitPro/libnds/lib\libnds9.a(biosCalls.o)
                0x00000000020067b8                swiCopy
 .text.swiSoftReset
                0x00000000020067bc       0x2c C:/devkitPro/libnds/lib\libnds9.a(swiSoftReset.o)
                0x00000000020067bc                swiSoftReset
 .text.checkIfText
                0x00000000020067e8       0x5c C:/devkitPro/libnds/lib\libnds9.a(background.o)
                0x00000000020067e8                checkIfText
 .text.bgUpdate
                0x0000000002006844       0xf4 C:/devkitPro/libnds/lib\libnds9.a(background.o)
                0x0000000002006844                bgUpdate
 .text.bgInit_call
                0x0000000002006938       0xc4 C:/devkitPro/libnds/lib\libnds9.a(background.o)
                0x0000000002006938                bgInit_call
 .text.bgInitSub_call
                0x00000000020069fc       0xcc C:/devkitPro/libnds/lib\libnds9.a(background.o)
                0x00000000020069fc                bgInitSub_call
 .text.DynamicArrayInit
                0x0000000002006ac8       0x18 C:/devkitPro/libnds/lib\libnds9.a(dynamicArray.o)
                0x0000000002006ac8                DynamicArrayInit
 .text.DynamicArrayGet
                0x0000000002006ae0       0x18 C:/devkitPro/libnds/lib\libnds9.a(dynamicArray.o)
                0x0000000002006ae0                DynamicArrayGet
 .text.DynamicArraySet
                0x0000000002006af8       0x48 C:/devkitPro/libnds/lib\libnds9.a(dynamicArray.o)
                0x0000000002006af8                DynamicArraySet
 .text.sinLutLookup
                0x0000000002006b40       0x4c C:/devkitPro/libnds/lib\libnds9.a(trig.o)
                0x0000000002006b40                sinLutLookup
 .text.sinLerp  0x0000000002006b8c       0x40 C:/devkitPro/libnds/lib\libnds9.a(trig.o)
                0x0000000002006b8c                sinLerp
 .text.cosLerp  0x0000000002006bcc       0x4c C:/devkitPro/libnds/lib\libnds9.a(trig.o)
                0x0000000002006bcc                cosLerp
 .text.tanLerp  0x0000000002006c18       0xb0 C:/devkitPro/libnds/lib\libnds9.a(trig.o)
                0x0000000002006c18                tanLerp
 .text.vramRestorePrimaryBanks
                0x0000000002006cc8        0xc C:/devkitPro/libnds/lib\libnds9.a(video.o)
                0x0000000002006cc8                vramRestorePrimaryBanks
 .text.vramRestoreBanks_EFG
                0x0000000002006cd4        0xc C:/devkitPro/libnds/lib\libnds9.a(video.o)
                0x0000000002006cd4                vramRestoreBanks_EFG
 .text.vramDefault
                0x0000000002006ce0       0xd0 C:/devkitPro/libnds/lib\libnds9.a(video.o)
                0x0000000002006ce0                vramDefault
 .text.systemValueHandler
                0x0000000002006db0       0x48 C:/devkitPro/libnds/lib\libnds9.a(system.o)
                0x0000000002006db0                systemValueHandler
 .text.systemMsgHandler
                0x0000000002006df8       0x60 C:/devkitPro/libnds/lib\libnds9.a(system.o)
                0x0000000002006df8                systemMsgHandler
 .text.powerOn  0x0000000002006e58       0x2c C:/devkitPro/libnds/lib\libnds9.a(system.o)
                0x0000000002006e58                powerOn
 .text.__muldi3
                0x0000000002006e84       0x18 c:/devkitpro/devkitarm/bin/../lib/gcc/arm-none-eabi/12.1.0\libgcc.a(_muldi3.o)
                0x0000000002006e84                __muldi3
                0x0000000002006e84                __aeabi_lmul
 .text.calloc   0x0000000002006e9c       0x24 c:/devkitpro/devkitarm/bin/../lib/gcc/arm-none-eabi/12.1.0/../../../../arm-none-eabi/lib\libg.a(lib_a-calloc.o)
                0x0000000002006e9c                calloc
 .text._calloc_r
                0x0000000002006ec0       0xd0 c:/devkitpro/devkitarm/bin/../lib/gcc/arm-none-eabi/12.1.0/../../../../arm-none-eabi/lib\libg.a(lib_a-callocr.o)
                0x0000000002006ec0                _calloc_r
 .text.__errno  0x0000000002006f90       0x10 c:/devkitpro/devkitarm/bin/../lib/gcc/arm-none-eabi/12.1.0/../../../../arm-none-eabi/lib\libg.a(lib_a-errno.o)
                0x0000000002006f90                __errno
 .text._fclose_r
                0x0000000002006fa0      0x164 c:/devkitpro/devkitarm/bin/../lib/gcc/arm-none-eabi/12.1.0/../../../../arm-none-eabi/lib\libg.a(lib_a-fclose.o)
                0x0000000002006fa0                _fclose_r
 .text.fclose   0x0000000002007104       0x18 c:/devkitpro/devkitarm/bin/../lib/gcc/arm-none-eabi/12.1.0/../../../../arm-none-eabi/lib\libg.a(lib_a-fclose.o)
                0x0000000002007104                fclose
 .text.__sflush_r
                0x000000000200711c      0x250 c:/devkitpro/devkitarm/bin/../lib/gcc/arm-none-eabi/12.1.0/../../../../arm-none-eabi/lib\libg.a(lib_a-fflush.o)
                0x000000000200711c                __sflush_r
 .text._fflush_r
                0x000000000200736c       0x9c c:/devkitpro/devkitarm/bin/../lib/gcc/arm-none-eabi/12.1.0/../../../../arm-none-eabi/lib\libg.a(lib_a-fflush.o)
                0x000000000200736c                _fflush_r
 .text.fflush   0x0000000002007408       0x3c c:/devkitpro/devkitarm/bin/../lib/gcc/arm-none-eabi/12.1.0/../../../../arm-none-eabi/lib\libg.a(lib_a-fflush.o)
                0x0000000002007408                fflush
 .text._cleanup_r
                0x0000000002007444       0x18 c:/devkitpro/devkitarm/bin/../lib/gcc/arm-none-eabi/12.1.0/../../../../arm-none-eabi/lib\libg.a(lib_a-findfp.o)
                0x0000000002007444                _cleanup_r
 .text.__sinit  0x000000000200745c      0x18c c:/devkitpro/devkitarm/bin/../lib/gcc/arm-none-eabi/12.1.0/../../../../arm-none-eabi/lib\libg.a(lib_a-findfp.o)
                0x000000000200745c                __sinit
 .text.__sfp    0x00000000020075e8      0x138 c:/devkitpro/devkitarm/bin/../lib/gcc/arm-none-eabi/12.1.0/../../../../arm-none-eabi/lib\libg.a(lib_a-findfp.o)
                0x00000000020075e8                __sfp
 .text.__sfp_lock_acquire
                0x0000000002007720       0x18 c:/devkitpro/devkitarm/bin/../lib/gcc/arm-none-eabi/12.1.0/../../../../arm-none-eabi/lib\libg.a(lib_a-findfp.o)
                0x0000000002007720                __sfp_lock_acquire
 .text.__sfp_lock_release
                0x0000000002007738       0x18 c:/devkitpro/devkitarm/bin/../lib/gcc/arm-none-eabi/12.1.0/../../../../arm-none-eabi/lib\libg.a(lib_a-findfp.o)
                0x0000000002007738                __sfp_lock_release
 .text._fopen_r
                0x0000000002007750      0x140 c:/devkitpro/devkitarm/bin/../lib/gcc/arm-none-eabi/12.1.0/../../../../arm-none-eabi/lib\libg.a(lib_a-fopen.o)
                0x0000000002007750                _fopen_r
 .text.fopen    0x0000000002007890       0x20 c:/devkitpro/devkitarm/bin/../lib/gcc/arm-none-eabi/12.1.0/../../../../arm-none-eabi/lib\libg.a(lib_a-fopen.o)
                0x0000000002007890                fopen
 .text._fread_r
                0x00000000020078b0      0x2d8 c:/devkitpro/devkitarm/bin/../lib/gcc/arm-none-eabi/12.1.0/../../../../arm-none-eabi/lib\libg.a(lib_a-fread.o)
                0x00000000020078b0                _fread_r
 .text.fread    0x0000000002007b88       0x3c c:/devkitpro/devkitarm/bin/../lib/gcc/arm-none-eabi/12.1.0/../../../../arm-none-eabi/lib\libg.a(lib_a-fread.o)
                0x0000000002007b88                fread
 .text._malloc_trim_r
                0x0000000002007bc4      0x100 c:/devkitpro/devkitarm/bin/../lib/gcc/arm-none-eabi/12.1.0/../../../../arm-none-eabi/lib\libg.a(lib_a-freer.o)
                0x0000000002007bc4                _malloc_trim_r
 .text._free_r  0x0000000002007cc4      0x2e8 c:/devkitpro/devkitarm/bin/../lib/gcc/arm-none-eabi/12.1.0/../../../../arm-none-eabi/lib\libg.a(lib_a-freer.o)
                0x0000000002007cc4                _free_r
 .text._fseek_r
                0x0000000002007fac       0x20 c:/devkitpro/devkitarm/bin/../lib/gcc/arm-none-eabi/12.1.0/../../../../arm-none-eabi/lib\libg.a(lib_a-fseek.o)
                0x0000000002007fac                _fseek_r
 .text.fseek    0x0000000002007fcc       0x38 c:/devkitpro/devkitarm/bin/../lib/gcc/arm-none-eabi/12.1.0/../../../../arm-none-eabi/lib\libg.a(lib_a-fseek.o)
                0x0000000002007fcc                fseek
 .text._fseeko_r
                0x0000000002008004      0x5a0 c:/devkitpro/devkitarm/bin/../lib/gcc/arm-none-eabi/12.1.0/../../../../arm-none-eabi/lib\libg.a(lib_a-fseeko.o)
                0x0000000002008004                _fseeko_r
 .text._fwalk   0x00000000020085a4       0x70 c:/devkitpro/devkitarm/bin/../lib/gcc/arm-none-eabi/12.1.0/../../../../arm-none-eabi/lib\libg.a(lib_a-fwalk.o)
                0x00000000020085a4                _fwalk
 .text._fwalk_reent
                0x0000000002008614       0x78 c:/devkitpro/devkitarm/bin/../lib/gcc/arm-none-eabi/12.1.0/../../../../arm-none-eabi/lib\libg.a(lib_a-fwalk.o)
                0x0000000002008614                _fwalk_reent
 .text.__libc_init_array
                0x000000000200868c       0x90 c:/devkitpro/devkitarm/bin/../lib/gcc/arm-none-eabi/12.1.0/../../../../arm-none-eabi/lib\libg.a(lib_a-init.o)
                0x000000000200868c                __libc_init_array
 .text.iprintf  0x000000000200871c       0x34 c:/devkitpro/devkitarm/bin/../lib/gcc/arm-none-eabi/12.1.0/../../../../arm-none-eabi/lib\libg.a(lib_a-iprintf.o)
                0x000000000200871c                iprintf
 .text.__smakebuf_r
                0x0000000002008750      0x144 c:/devkitpro/devkitarm/bin/../lib/gcc/arm-none-eabi/12.1.0/../../../../arm-none-eabi/lib\libg.a(lib_a-makebuf.o)
                0x0000000002008750                __smakebuf_r
 .text.__swhatbuf_r
                0x0000000002008894       0x80 c:/devkitpro/devkitarm/bin/../lib/gcc/arm-none-eabi/12.1.0/../../../../arm-none-eabi/lib\libg.a(lib_a-makebuf.o)
                0x0000000002008894                __swhatbuf_r
 .text.malloc   0x0000000002008914       0x1c c:/devkitpro/devkitarm/bin/../lib/gcc/arm-none-eabi/12.1.0/../../../../arm-none-eabi/lib\libg.a(lib_a-malloc.o)
                0x0000000002008914                malloc
 .text.free     0x0000000002008930       0x1c c:/devkitpro/devkitarm/bin/../lib/gcc/arm-none-eabi/12.1.0/../../../../arm-none-eabi/lib\libg.a(lib_a-malloc.o)
                0x0000000002008930                free
 .text._malloc_r
                0x000000000200894c      0x7f0 c:/devkitpro/devkitarm/bin/../lib/gcc/arm-none-eabi/12.1.0/../../../../arm-none-eabi/lib\libg.a(lib_a-mallocr.o)
                0x000000000200894c                _malloc_r
 .text.memcpy   0x000000000200913c      0x114 c:/devkitpro/devkitarm/bin/../lib/gcc/arm-none-eabi/12.1.0/../../../../arm-none-eabi/lib\libg.a(lib_a-memcpy-stub.o)
                0x000000000200913c                memcpy
 .text.memset   0x0000000002009250       0xfc c:/devkitpro/devkitarm/bin/../lib/gcc/arm-none-eabi/12.1.0/../../../../arm-none-eabi/lib\libg.a(lib_a-memset.o)
                0x0000000002009250                memset
 .text.__malloc_lock
                0x000000000200934c       0x18 c:/devkitpro/devkitarm/bin/../lib/gcc/arm-none-eabi/12.1.0/../../../../arm-none-eabi/lib\libg.a(lib_a-mlock.o)
                0x000000000200934c                __malloc_lock
 .text.__malloc_unlock
                0x0000000002009364       0x18 c:/devkitpro/devkitarm/bin/../lib/gcc/arm-none-eabi/12.1.0/../../../../arm-none-eabi/lib\libg.a(lib_a-mlock.o)
                0x0000000002009364                __malloc_unlock
 .text.srand    0x000000000200937c       0x20 c:/devkitpro/devkitarm/bin/../lib/gcc/arm-none-eabi/12.1.0/../../../../arm-none-eabi/lib\libg.a(lib_a-rand.o)
                0x000000000200937c                srand
 .text.rand     0x000000000200939c       0x48 c:/devkitpro/devkitarm/bin/../lib/gcc/arm-none-eabi/12.1.0/../../../../arm-none-eabi/lib\libg.a(lib_a-rand.o)
                0x000000000200939c                rand
 .text.realloc  0x00000000020093e4       0x24 c:/devkitpro/devkitarm/bin/../lib/gcc/arm-none-eabi/12.1.0/../../../../arm-none-eabi/lib\libg.a(lib_a-realloc.o)
                0x00000000020093e4                realloc
 .text._realloc_r
                0x0000000002009408      0x4b8 c:/devkitpro/devkitarm/bin/../lib/gcc/arm-none-eabi/12.1.0/../../../../arm-none-eabi/lib\libg.a(lib_a-reallocr.o)
                0x0000000002009408                _realloc_r
 .text.lflush   0x00000000020098c0       0x28 c:/devkitpro/devkitarm/bin/../lib/gcc/arm-none-eabi/12.1.0/../../../../arm-none-eabi/lib\libg.a(lib_a-refill.o)
 .text.__srefill_r
                0x00000000020098e8      0x198 c:/devkitpro/devkitarm/bin/../lib/gcc/arm-none-eabi/12.1.0/../../../../arm-none-eabi/lib\libg.a(lib_a-refill.o)
                0x00000000020098e8                __srefill_r
 .text.setvbuf  0x0000000002009a80      0x25c c:/devkitpro/devkitarm/bin/../lib/gcc/arm-none-eabi/12.1.0/../../../../arm-none-eabi/lib\libg.a(lib_a-setvbuf.o)
                0x0000000002009a80                setvbuf
 .text.siscanf  0x0000000002009cdc       0x74 c:/devkitpro/devkitarm/bin/../lib/gcc/arm-none-eabi/12.1.0/../../../../arm-none-eabi/lib\libg.a(lib_a-siscanf.o)
                0x0000000002009cdc                siscanf
 .text.__sread  0x0000000002009d50       0x4c c:/devkitpro/devkitarm/bin/../lib/gcc/arm-none-eabi/12.1.0/../../../../arm-none-eabi/lib\libg.a(lib_a-stdio.o)
                0x0000000002009d50                __sread
 .text.__seofread
                0x0000000002009d9c        0x8 c:/devkitpro/devkitarm/bin/../lib/gcc/arm-none-eabi/12.1.0/../../../../arm-none-eabi/lib\libg.a(lib_a-stdio.o)
                0x0000000002009d9c                __seofread
 .text.__swrite
                0x0000000002009da4       0x6c c:/devkitpro/devkitarm/bin/../lib/gcc/arm-none-eabi/12.1.0/../../../../arm-none-eabi/lib\libg.a(lib_a-stdio.o)
                0x0000000002009da4                __swrite
 .text.__sseek  0x0000000002009e10       0x48 c:/devkitpro/devkitarm/bin/../lib/gcc/arm-none-eabi/12.1.0/../../../../arm-none-eabi/lib\libg.a(lib_a-stdio.o)
                0x0000000002009e10                __sseek
 .text.__sclose
                0x0000000002009e58       0x14 c:/devkitpro/devkitarm/bin/../lib/gcc/arm-none-eabi/12.1.0/../../../../arm-none-eabi/lib\libg.a(lib_a-stdio.o)
                0x0000000002009e58                __sclose
 .text.strlen   0x0000000002009e6c       0x60 c:/devkitpro/devkitarm/bin/../lib/gcc/arm-none-eabi/12.1.0/../../../../arm-none-eabi/lib\libg.a(lib_a-strlen-stub.o)
                0x0000000002009e6c                strlen
 .text.get_arg  0x0000000002009ecc       0x54 c:/devkitpro/devkitarm/bin/../lib/gcc/arm-none-eabi/12.1.0/../../../../arm-none-eabi/lib\libg.a(lib_a-svfiscanf.o)
 .text._sungetc_r
                0x0000000002009f20       0xdc c:/devkitpro/devkitarm/bin/../lib/gcc/arm-none-eabi/12.1.0/../../../../arm-none-eabi/lib\libg.a(lib_a-svfiscanf.o)
                0x0000000002009f20                _sungetc_r
 .text.__ssrefill_r
                0x0000000002009ffc       0x68 c:/devkitpro/devkitarm/bin/../lib/gcc/arm-none-eabi/12.1.0/../../../../arm-none-eabi/lib\libg.a(lib_a-svfiscanf.o)
                0x0000000002009ffc                __ssrefill_r
 .text._sfread_r
                0x000000000200a064       0xc8 c:/devkitpro/devkitarm/bin/../lib/gcc/arm-none-eabi/12.1.0/../../../../arm-none-eabi/lib\libg.a(lib_a-svfiscanf.o)
                0x000000000200a064                _sfread_r
 .text.__ssvfiscanf_r
                0x000000000200a12c     0x2338 c:/devkitpro/devkitarm/bin/../lib/gcc/arm-none-eabi/12.1.0/../../../../arm-none-eabi/lib\libg.a(lib_a-svfiscanf.o)
                0x000000000200a12c                __ssvfiscanf_r
 .text.time     0x000000000200c464       0x40 c:/devkitpro/devkitarm/bin/../lib/gcc/arm-none-eabi/12.1.0/../../../../arm-none-eabi/lib\libg.a(lib_a-time.o)
                0x000000000200c464                time
 .text.__submore
                0x000000000200c4a4       0xa8 c:/devkitpro/devkitarm/bin/../lib/gcc/arm-none-eabi/12.1.0/../../../../arm-none-eabi/lib\libg.a(lib_a-ungetc.o)
                0x000000000200c4a4                __submore
 .text.get_arg  0x000000000200c54c      0x674 c:/devkitpro/devkitarm/bin/../lib/gcc/arm-none-eabi/12.1.0/../../../../arm-none-eabi/lib\libg.a(lib_a-vfiprintf.o)
 .text.__sprint_r
                0x000000000200cbc0       0x34 c:/devkitpro/devkitarm/bin/../lib/gcc/arm-none-eabi/12.1.0/../../../../arm-none-eabi/lib\libg.a(lib_a-vfiprintf.o)
                0x000000000200cbc0                __sprint_r
 .text._vfiprintf_r
                0x000000000200cbf4     0x2320 c:/devkitpro/devkitarm/bin/../lib/gcc/arm-none-eabi/12.1.0/../../../../arm-none-eabi/lib\libg.a(lib_a-vfiprintf.o)
                0x000000000200cbf4                _vfiprintf_r
 .text.__sbprintf
                0x000000000200ef14       0xd4 c:/devkitpro/devkitarm/bin/../lib/gcc/arm-none-eabi/12.1.0/../../../../arm-none-eabi/lib\libg.a(lib_a-vfiprintf.o)
 .text._wcrtomb_r
                0x000000000200efe8       0x5c c:/devkitpro/devkitarm/bin/../lib/gcc/arm-none-eabi/12.1.0/../../../../arm-none-eabi/lib\libg.a(lib_a-wcrtomb.o)
                0x000000000200efe8                _wcrtomb_r
 .text._wcsrtombs_r
                0x000000000200f044       0x2c c:/devkitpro/devkitarm/bin/../lib/gcc/arm-none-eabi/12.1.0/../../../../arm-none-eabi/lib\libg.a(lib_a-wcsrtombs.o)
                0x000000000200f044                _wcsrtombs_r
 .text.__swsetup_r
                0x000000000200f070      0x148 c:/devkitpro/devkitarm/bin/../lib/gcc/arm-none-eabi/12.1.0/../../../../arm-none-eabi/lib\libg.a(lib_a-wsetup.o)
                0x000000000200f070                __swsetup_r
 .text.__sflags
                0x000000000200f1b8       0xd0 c:/devkitpro/devkitarm/bin/../lib/gcc/arm-none-eabi/12.1.0/../../../../arm-none-eabi/lib\libg.a(lib_a-flags.o)
                0x000000000200f1b8                __sflags
 .text.__sfvwrite_r
                0x000000000200f288      0x4c8 c:/devkitpro/devkitarm/bin/../lib/gcc/arm-none-eabi/12.1.0/../../../../arm-none-eabi/lib\libg.a(lib_a-fvwrite.o)
                0x000000000200f288                __sfvwrite_r
 .text.iswspace
                0x000000000200f750       0x14 c:/devkitpro/devkitarm/bin/../lib/gcc/arm-none-eabi/12.1.0/../../../../arm-none-eabi/lib\libg.a(lib_a-iswspace.o)
                0x000000000200f750                iswspace
 .text._localeconv_r
                0x000000000200f764        0xc c:/devkitpro/devkitarm/bin/../lib/gcc/arm-none-eabi/12.1.0/../../../../arm-none-eabi/lib\libg.a(lib_a-localeconv.o)
                0x000000000200f764                _localeconv_r
 .text.__locale_mb_cur_max
                0x000000000200f770       0x10 c:/devkitpro/devkitarm/bin/../lib/gcc/arm-none-eabi/12.1.0/../../../../arm-none-eabi/lib\libg.a(lib_a-locale.o)
                0x000000000200f770                __locale_mb_cur_max
 .text._mbrtowc_r
                0x000000000200f780       0x70 c:/devkitpro/devkitarm/bin/../lib/gcc/arm-none-eabi/12.1.0/../../../../arm-none-eabi/lib\libg.a(lib_a-mbrtowc.o)
                0x000000000200f780                _mbrtowc_r
 .text.__utf8_mbtowc
                0x000000000200f7f0      0x308 c:/devkitpro/devkitarm/bin/../lib/gcc/arm-none-eabi/12.1.0/../../../../arm-none-eabi/lib\libg.a(lib_a-mbtowc_r.o)
                0x000000000200f7f0                __utf8_mbtowc
 .text.memchr   0x000000000200faf8       0xf4 c:/devkitpro/devkitarm/bin/../lib/gcc/arm-none-eabi/12.1.0/../../../../arm-none-eabi/lib\libg.a(lib_a-memchr-stub.o)
                0x000000000200faf8                memchr
 .text.memmove  0x000000000200fbec      0x154 c:/devkitpro/devkitarm/bin/../lib/gcc/arm-none-eabi/12.1.0/../../../../arm-none-eabi/lib\libg.a(lib_a-memmove.o)
                0x000000000200fbec                memmove
 .text.__sccl   0x000000000200fd40       0xe4 c:/devkitpro/devkitarm/bin/../lib/gcc/arm-none-eabi/12.1.0/../../../../arm-none-eabi/lib\libg.a(lib_a-sccl.o)
                0x000000000200fd40                __sccl
 .text.strchr   0x000000000200fe24      0x13c c:/devkitpro/devkitarm/bin/../lib/gcc/arm-none-eabi/12.1.0/../../../../arm-none-eabi/lib\libg.a(lib_a-strchr.o)
                0x000000000200fe24                strchr
 .text.strncpy  0x000000000200ff60       0xd0 c:/devkitpro/devkitarm/bin/../lib/gcc/arm-none-eabi/12.1.0/../../../../arm-none-eabi/lib\libg.a(lib_a-strncpy.o)
                0x000000000200ff60                strncpy
 .text._strtoll_l.constprop.0
                0x0000000002010030      0x234 c:/devkitpro/devkitarm/bin/../lib/gcc/arm-none-eabi/12.1.0/../../../../arm-none-eabi/lib\libg.a(lib_a-strtoll.o)
 .text._strtoll_r
                0x0000000002010264        0x4 c:/devkitpro/devkitarm/bin/../lib/gcc/arm-none-eabi/12.1.0/../../../../arm-none-eabi/lib\libg.a(lib_a-strtoll.o)
                0x0000000002010264                _strtoll_r
 .text._strtol_l.part.0
                0x0000000002010268      0x1a8 c:/devkitpro/devkitarm/bin/../lib/gcc/arm-none-eabi/12.1.0/../../../../arm-none-eabi/lib\libg.a(lib_a-strtol.o)
 .text._strtol_r
                0x0000000002010410       0x3c c:/devkitpro/devkitarm/bin/../lib/gcc/arm-none-eabi/12.1.0/../../../../arm-none-eabi/lib\libg.a(lib_a-strtol.o)
                0x0000000002010410                _strtol_r
 .text._strtoull_l.constprop.0
                0x000000000201044c      0x248 c:/devkitpro/devkitarm/bin/../lib/gcc/arm-none-eabi/12.1.0/../../../../arm-none-eabi/lib\libg.a(lib_a-strtoull.o)
 .text._strtoull_r
                0x0000000002010694        0x4 c:/devkitpro/devkitarm/bin/../lib/gcc/arm-none-eabi/12.1.0/../../../../arm-none-eabi/lib\libg.a(lib_a-strtoull.o)
                0x0000000002010694                _strtoull_r
 .text._strtoul_l.constprop.0
                0x0000000002010698      0x1c8 c:/devkitpro/devkitarm/bin/../lib/gcc/arm-none-eabi/12.1.0/../../../../arm-none-eabi/lib\libg.a(lib_a-strtoul.o)
 .text._strtoul_r
                0x0000000002010860        0x4 c:/devkitpro/devkitarm/bin/../lib/gcc/arm-none-eabi/12.1.0/../../../../arm-none-eabi/lib\libg.a(lib_a-strtoul.o)
                0x0000000002010860                _strtoul_r
 .text._wcsnrtombs_l
                0x0000000002010864      0x198 c:/devkitpro/devkitarm/bin/../lib/gcc/arm-none-eabi/12.1.0/../../../../arm-none-eabi/lib\libg.a(lib_a-wcsnrtombs.o)
                0x0000000002010864                _wcsnrtombs_l
 .text._wcsnrtombs_r
                0x00000000020109fc       0x50 c:/devkitpro/devkitarm/bin/../lib/gcc/arm-none-eabi/12.1.0/../../../../arm-none-eabi/lib\libg.a(lib_a-wcsnrtombs.o)
                0x00000000020109fc                _wcsnrtombs_r
 .text.__utf8_wctomb
                0x0000000002010a4c       0xf4 c:/devkitpro/devkitarm/bin/../lib/gcc/arm-none-eabi/12.1.0/../../../../arm-none-eabi/lib\libg.a(lib_a-wctomb_r.o)
                0x0000000002010a4c                __utf8_wctomb
 .text.iswspace_l
                0x0000000002010b40       0x44 c:/devkitpro/devkitarm/bin/../lib/gcc/arm-none-eabi/12.1.0/../../../../arm-none-eabi/lib\libg.a(lib_a-iswspace_l.o)
                0x0000000002010b40                iswspace_l
 .text.__jp2uc  0x0000000002010b84      0x1e8 c:/devkitpro/devkitarm/bin/../lib/gcc/arm-none-eabi/12.1.0/../../../../arm-none-eabi/lib\libg.a(lib_a-jp2uc.o)
 .text._jp2uc_l
                0x0000000002010d6c       0x94 c:/devkitpro/devkitarm/bin/../lib/gcc/arm-none-eabi/12.1.0/../../../../arm-none-eabi/lib\libg.a(lib_a-jp2uc.o)
                0x0000000002010d6c                _jp2uc_l
 .text.strncmp  0x0000000002010e00       0xec c:/devkitpro/devkitarm/bin/../lib/gcc/arm-none-eabi/12.1.0/../../../../arm-none-eabi/lib\libg.a(lib_a-strncmp.o)
                0x0000000002010e00                strncmp
 .text.category
                0x0000000002010eec       0x94 c:/devkitpro/devkitarm/bin/../lib/gcc/arm-none-eabi/12.1.0/../../../../arm-none-eabi/lib\libg.a(lib_a-categories.o)
                0x0000000002010eec                category
 .text.null_write
                0x0000000002010f80        0x8 c:/devkitpro/devkitarm/bin/../lib/gcc/arm-none-eabi/12.1.0/../../../../arm-none-eabi/lib\libsysbase.a(iosupport.o)
 .text.FindDevice
                0x0000000002010f88       0xd4 c:/devkitpro/devkitarm/bin/../lib/gcc/arm-none-eabi/12.1.0/../../../../arm-none-eabi/lib\libsysbase.a(iosupport.o)
                0x0000000002010f88                FindDevice
 .text._fstat_r
                0x000000000201105c       0x7c c:/devkitpro/devkitarm/bin/../lib/gcc/arm-none-eabi/12.1.0/../../../../arm-none-eabi/lib\libsysbase.a(fstat.o)
                0x000000000201105c                _fstat_r
 .text._gettimeofday_r
                0x00000000020110d8       0x34 c:/devkitpro/devkitarm/bin/../lib/gcc/arm-none-eabi/12.1.0/../../../../arm-none-eabi/lib\libsysbase.a(gettod.o)
                0x00000000020110d8                _gettimeofday_r
 .text._isatty_r
                0x000000000201110c        0x8 c:/devkitpro/devkitarm/bin/../lib/gcc/arm-none-eabi/12.1.0/../../../../arm-none-eabi/lib\libsysbase.a(isatty.o)
                0x000000000201110c                _isatty_r
 .text._lseek_r
                0x0000000002011114       0x88 c:/devkitpro/devkitarm/bin/../lib/gcc/arm-none-eabi/12.1.0/../../../../arm-none-eabi/lib\libsysbase.a(lseek.o)
                0x0000000002011114                _lseek_r
 .text._open_r  0x000000000201119c       0xc8 c:/devkitpro/devkitarm/bin/../lib/gcc/arm-none-eabi/12.1.0/../../../../arm-none-eabi/lib\libsysbase.a(open.o)
                0x000000000201119c                _open_r
 .text._read_r  0x0000000002011264       0x84 c:/devkitpro/devkitarm/bin/../lib/gcc/arm-none-eabi/12.1.0/../../../../arm-none-eabi/lib\libsysbase.a(read.o)
                0x0000000002011264                _read_r
 .text._sbrk_r  0x00000000020112e8       0x7c c:/devkitpro/devkitarm/bin/../lib/gcc/arm-none-eabi/12.1.0/../../../../arm-none-eabi/lib\libsysbase.a(sbrk.o)
                0x00000000020112e8                _sbrk_r
 .text._write_r
                0x0000000002011364       0x84 c:/devkitpro/devkitarm/bin/../lib/gcc/arm-none-eabi/12.1.0/../../../../arm-none-eabi/lib\libsysbase.a(write.o)
                0x0000000002011364                _write_r
 .text.build_argv
                0x00000000020113e8       0x80 c:/devkitpro/devkitarm/bin/../lib/gcc/arm-none-eabi/12.1.0/../../../../arm-none-eabi/lib\libsysbase.a(build_argv.o)
                0x00000000020113e8                build_argv
 .text.__flockfile
                0x0000000002011468       0x14 c:/devkitpro/devkitarm/bin/../lib/gcc/arm-none-eabi/12.1.0/../../../../arm-none-eabi/lib\libsysbase.a(flock.o)
                0x0000000002011468                __flockfile
 .text.__funlockfile
                0x000000000201147c       0x14 c:/devkitpro/devkitarm/bin/../lib/gcc/arm-none-eabi/12.1.0/../../../../arm-none-eabi/lib\libsysbase.a(flock.o)
                0x000000000201147c                __funlockfile
 .text.__release_handle
                0x0000000002011490       0x90 c:/devkitpro/devkitarm/bin/../lib/gcc/arm-none-eabi/12.1.0/../../../../arm-none-eabi/lib\libsysbase.a(handle_manager.o)
                0x0000000002011490                __release_handle
 .text.__alloc_handle
                0x0000000002011520       0xb4 c:/devkitpro/devkitarm/bin/../lib/gcc/arm-none-eabi/12.1.0/../../../../arm-none-eabi/lib\libsysbase.a(handle_manager.o)
                0x0000000002011520                __alloc_handle
 .text.__get_handle
                0x00000000020115d4       0x40 c:/devkitpro/devkitarm/bin/../lib/gcc/arm-none-eabi/12.1.0/../../../../arm-none-eabi/lib\libsysbase.a(handle_manager.o)
                0x00000000020115d4                __get_handle
 .text._close_r
                0x0000000002011614       0xfc c:/devkitpro/devkitarm/bin/../lib/gcc/arm-none-eabi/12.1.0/../../../../arm-none-eabi/lib\libsysbase.a(handle_manager.o)
                0x0000000002011614                _close_r
 .text.__getreent
                0x0000000002011710       0x30 c:/devkitpro/devkitarm/bin/../lib/gcc/arm-none-eabi/12.1.0/../../../../arm-none-eabi/lib\libsysbase.a(getreent.o)
                0x0000000002011710                __getreent
 .text.__libc_lock_acquire
                0x0000000002011740       0x20 c:/devkitpro/devkitarm/bin/../lib/gcc/arm-none-eabi/12.1.0/../../../../arm-none-eabi/lib\libsysbase.a(syscall_support.o)
                0x0000000002011740                __libc_lock_acquire
 .text.__libc_lock_release
                0x0000000002011760       0x20 c:/devkitpro/devkitarm/bin/../lib/gcc/arm-none-eabi/12.1.0/../../../../arm-none-eabi/lib\libsysbase.a(syscall_support.o)
                0x0000000002011760                __libc_lock_release
 .text.__libc_lock_init_recursive
                0x0000000002011780       0x20 c:/devkitpro/devkitarm/bin/../lib/gcc/arm-none-eabi/12.1.0/../../../../arm-none-eabi/lib\libsysbase.a(syscall_support.o)
                0x0000000002011780                __libc_lock_init_recursive
 .text.__libc_lock_acquire_recursive
                0x00000000020117a0       0x20 c:/devkitpro/devkitarm/bin/../lib/gcc/arm-none-eabi/12.1.0/../../../../arm-none-eabi/lib\libsysbase.a(syscall_support.o)
                0x00000000020117a0                __libc_lock_acquire_recursive
 .text.__libc_lock_release_recursive
                0x00000000020117c0       0x20 c:/devkitpro/devkitarm/bin/../lib/gcc/arm-none-eabi/12.1.0/../../../../arm-none-eabi/lib\libsysbase.a(syscall_support.o)
                0x00000000020117c0                __libc_lock_release_recursive
 .text.__libc_lock_close_recursive
                0x00000000020117e0       0x20 c:/devkitpro/devkitarm/bin/../lib/gcc/arm-none-eabi/12.1.0/../../../../arm-none-eabi/lib\libsysbase.a(syscall_support.o)
                0x00000000020117e0                __libc_lock_close_recursive
 .text.__udivmoddi4
                0x0000000002011800      0x128 c:/devkitpro/devkitarm/bin/../lib/gcc/arm-none-eabi/12.1.0\libgcc.a(_udivmoddi4.o)
                0x0000000002011800                __udivmoddi4
 .text.__udivmoddi4.__stub
                0x0000000002011928      0x130 linker stubs
 *(EXCLUDE_FILE(*.twl*) .gnu.warning)
 *(EXCLUDE_FILE(*.twl*) .gnu.linkonce.t*)
 *(.glue_7)
 .glue_7        0x0000000002011a90        0x0 linker stubs
 *(.glue_7t)
 .glue_7t       0x0000000002011a90        0x0 linker stubs
                0x0000000002011a90                . = ALIGN (0x4)

.vfp11_veneer   0x0000000002011a90        0x0
 .vfp11_veneer  0x0000000002011a90        0x0 linker stubs

.v4_bx          0x0000000002011a90        0x0
 .v4_bx         0x0000000002011a90        0x0 linker stubs

.iplt           0x0000000002011a90        0x0
 .iplt          0x0000000002011a90        0x0 c:/devkitpro/devkitarm/bin/../lib/gcc/arm-none-eabi/12.1.0/../../../../arm-none-eabi/lib/ds_arm9_crt0.o

.fini           0x0000000002011a90       0x18
 *(.fini)
 .fini          0x0000000002011a90        0xc c:/devkitpro/devkitarm/bin/../lib/gcc/arm-none-eabi/12.1.0/crti.o
                0x0000000002011a90                _fini
 .fini          0x0000000002011a9c        0xc c:/devkitpro/devkitarm/bin/../lib/gcc/arm-none-eabi/12.1.0/crtn.o
                0x0000000002011aa8                __text_end = .

.rodata         0x0000000002011aa8    0xd938c
 *(EXCLUDE_FILE(*.twl*) .rodata)
 .rodata        0x0000000002011aa8    0x18200 bgLong.o
                0x0000000002011aa8                bgLongBitmap
                0x0000000002029aa8                bgLongPal
 .rodata        0x0000000002029ca8     0xc200 bird.o
                0x0000000002029ca8                birdBitmap
                0x0000000002035ca8                birdPal
 .rodata        0x0000000002035ea8     0xc200 birdDown.o
                0x0000000002035ea8                birdDownBitmap
                0x0000000002041ea8                birdDownPal
 .rodata        0x00000000020420a8     0xc200 birdUp.o
                0x00000000020420a8                birdUpBitmap
                0x000000000204e0a8                birdUpPal
 .rodata        0x000000000204e2a8     0xc200 floor.o
                0x000000000204e2a8                floorBitmap
                0x000000000205a2a8                floorPal
 .rodata        0x000000000205a4a8     0xc200 pipeTop.o
                0x000000000205a4a8                pipeTopBitmap
                0x00000000020664a8                pipeTopPal
 .rodata        0x00000000020666a8     0xc200 ready.o
                0x00000000020666a8                readyBitmap
                0x00000000020726a8                readyPal
 .rodata        0x00000000020728a8       0x24 C:/devkitPro/libnds/lib\libnds9.a(videoGL.o)
 *all.rodata*(*)
 *(EXCLUDE_FILE(*.twl*) .roda)
 *(EXCLUDE_FILE(*.twl*) .rodata.*)
 .rodata.soundbank_bin
                0x00000000020728cc    0x6f19c soundbank.bin.o
                0x00000000020728cc                soundbank_bin
                0x00000000020e1a68                soundbank_bin_end
 .rodata.str1.4
                0x00000000020e1a68       0xe0 main.o
 .rodata.con_write.str1.4
                0x00000000020e1b48       0x30 C:/devkitPro/libnds/lib\libnds9.a(console.o)
 .rodata.con_write
                0x00000000020e1b78       0xd4 C:/devkitPro/libnds/lib\libnds9.a(console.o)
 .rodata.str1.4
                0x00000000020e1c4c       0x14 C:/devkitPro/libnds/lib\libnds9.a(console.o)
 .rodata.dotab_stdout
                0x00000000020e1c60       0x70 C:/devkitPro/libnds/lib\libnds9.a(console.o)
 .rodata.glMaterialf
                0x00000000020e1cd0       0x44 C:/devkitPro/libnds/lib\libnds9.a(videoGL.o)
 .rodata.default_font_bin
                0x00000000020e1d14     0x2000 C:/devkitPro/libnds/lib\libnds9.a(default_font.bin.o)
                0x00000000020e1d14                default_font_bin
                0x00000000020e3d14                default_font_bin_end
 .rodata.SIN_LUT
                0x00000000020e3d14      0x102 C:/devkitPro/libnds/lib\libnds9.a(trig.o)
                0x00000000020e3d14                SIN_LUT
 *fill*         0x00000000020e3e16        0x2 ff
 .rodata.TAN_LUT
                0x00000000020e3e18      0x204 C:/devkitPro/libnds/lib\libnds9.a(trig.o)
                0x00000000020e3e18                TAN_LUT
 .rodata._global_impure_ptr
                0x00000000020e401c        0x4 c:/devkitpro/devkitarm/bin/../lib/gcc/arm-none-eabi/12.1.0/../../../../arm-none-eabi/lib\libg.a(lib_a-impure.o)
                0x00000000020e401c                _global_impure_ptr
 .rodata.basefix.0
                0x00000000020e4020       0x22 c:/devkitpro/devkitarm/bin/../lib/gcc/arm-none-eabi/12.1.0/../../../../arm-none-eabi/lib\libg.a(lib_a-svfiscanf.o)
 .rodata._vfiprintf_r.str1.1
                0x00000000020e4042       0x29 c:/devkitpro/devkitarm/bin/../lib/gcc/arm-none-eabi/12.1.0/../../../../arm-none-eabi/lib\libg.a(lib_a-vfiprintf.o)
 *fill*         0x00000000020e406b        0x1 ff
 .rodata.zeroes.0
                0x00000000020e406c       0x10 c:/devkitpro/devkitarm/bin/../lib/gcc/arm-none-eabi/12.1.0/../../../../arm-none-eabi/lib\libg.a(lib_a-vfiprintf.o)
 .rodata.blanks.1
                0x00000000020e407c       0x10 c:/devkitpro/devkitarm/bin/../lib/gcc/arm-none-eabi/12.1.0/../../../../arm-none-eabi/lib\libg.a(lib_a-vfiprintf.o)
 .rodata._ctype_
                0x00000000020e408c      0x101 c:/devkitpro/devkitarm/bin/../lib/gcc/arm-none-eabi/12.1.0/../../../../arm-none-eabi/lib\libg.a(lib_a-ctype_.o)
                0x00000000020e408c                _ctype_
 *fill*         0x00000000020e418d        0x3 ff
 .rodata.str1.4
                0x00000000020e4190       0x48 c:/devkitpro/devkitarm/bin/../lib/gcc/arm-none-eabi/12.1.0/../../../../arm-none-eabi/lib\libg.a(lib_a-locale.o)
                                         0x4c (size before relaxing)
 .rodata._mbrtowc_r.str1.4
                0x00000000020e41d8        0x1 c:/devkitpro/devkitarm/bin/../lib/gcc/arm-none-eabi/12.1.0/../../../../arm-none-eabi/lib\libg.a(lib_a-mbrtowc.o)
 .rodata.__action_table
                0x00000000020e41d8       0x6c c:/devkitpro/devkitarm/bin/../lib/gcc/arm-none-eabi/12.1.0/../../../../arm-none-eabi/lib\libg.a(lib_a-svfiprintf.o)
                0x00000000020e41d8                __action_table
 .rodata.__state_table
                0x00000000020e4244       0x6c c:/devkitpro/devkitarm/bin/../lib/gcc/arm-none-eabi/12.1.0/../../../../arm-none-eabi/lib\libg.a(lib_a-svfiprintf.o)
                0x00000000020e4244                __state_table
 .rodata.__chclass
                0x00000000020e42b0      0x100 c:/devkitpro/devkitarm/bin/../lib/gcc/arm-none-eabi/12.1.0/../../../../arm-none-eabi/lib\libg.a(lib_a-svfiprintf.o)
                0x00000000020e42b0                __chclass
 .rodata._jp2uc_l.str1.4
                0x00000000020e43b0       0x12 c:/devkitpro/devkitarm/bin/../lib/gcc/arm-none-eabi/12.1.0/../../../../arm-none-eabi/lib\libg.a(lib_a-jp2uc.o)
 *fill*         0x00000000020e43c2        0x2 ff
 .rodata.d02f4  0x00000000020e43c4     0x1a7c c:/devkitpro/devkitarm/bin/../lib/gcc/arm-none-eabi/12.1.0/../../../../arm-none-eabi/lib\libg.a(lib_a-jp2uc.o)
 .rodata.b02cf  0x00000000020e5e40     0x172a c:/devkitpro/devkitarm/bin/../lib/gcc/arm-none-eabi/12.1.0/../../../../arm-none-eabi/lib\libg.a(lib_a-jp2uc.o)
 *fill*         0x00000000020e756a        0x2 ff
 .rodata.a8     0x00000000020e756c       0x40 c:/devkitpro/devkitarm/bin/../lib/gcc/arm-none-eabi/12.1.0/../../../../arm-none-eabi/lib\libg.a(lib_a-jp2uc.o)
 .rodata.a7     0x00000000020e75ac       0xa2 c:/devkitpro/devkitarm/bin/../lib/gcc/arm-none-eabi/12.1.0/../../../../arm-none-eabi/lib\libg.a(lib_a-jp2uc.o)
 *fill*         0x00000000020e764e        0x2 ff
 .rodata.a6     0x00000000020e7650       0x70 c:/devkitpro/devkitarm/bin/../lib/gcc/arm-none-eabi/12.1.0/../../../../arm-none-eabi/lib\libg.a(lib_a-jp2uc.o)
 .rodata.a3     0x00000000020e76c0       0x5b c:/devkitpro/devkitarm/bin/../lib/gcc/arm-none-eabi/12.1.0/../../../../arm-none-eabi/lib\libg.a(lib_a-jp2uc.o)
 *fill*         0x00000000020e771b        0x1 ff
 .rodata.a2     0x00000000020e771c       0xbc c:/devkitpro/devkitarm/bin/../lib/gcc/arm-none-eabi/12.1.0/../../../../arm-none-eabi/lib\libg.a(lib_a-jp2uc.o)
 .rodata.a1     0x00000000020e77d8       0xbc c:/devkitpro/devkitarm/bin/../lib/gcc/arm-none-eabi/12.1.0/../../../../arm-none-eabi/lib\libg.a(lib_a-jp2uc.o)
 .rodata.categories
                0x00000000020e7894     0x3528 c:/devkitpro/devkitarm/bin/../lib/gcc/arm-none-eabi/12.1.0/../../../../arm-none-eabi/lib\libg.a(lib_a-categories.o)
 .rodata.AddDevice.str1.4
                0x00000000020eadbc        0x8 c:/devkitpro/devkitarm/bin/../lib/gcc/arm-none-eabi/12.1.0/../../../../arm-none-eabi/lib\libsysbase.a(iosupport.o)
 .rodata.dotab_stdnull
                0x00000000020eadc4       0x70 c:/devkitpro/devkitarm/bin/../lib/gcc/arm-none-eabi/12.1.0/../../../../arm-none-eabi/lib\libsysbase.a(iosupport.o)
                0x00000000020eadc4                dotab_stdnull
 *(EXCLUDE_FILE(*.twl*) .gnu.linkonce.r*)
                0x00000000020eae34                . = ALIGN (0x4)

.ARM.extab
 *(.ARM.extab* .gnu.linkonce.armextab.*)
                0x00000000020eae34                __exidx_start = .

ARM.exidx
 *(.ARM.exidx* .gnu.linkonce.armexidx.*)
                0x00000000020eae34                __exidx_end = .
                0x00000000020eae34                . = ALIGN (0x4)
                0x00000000020eae34                PROVIDE (__preinit_array_start = .)

.preinit_array
 *(.preinit_array)
                0x00000000020eae34                PROVIDE (__preinit_array_end = .)
                0x00000000020eae34                PROVIDE (__init_array_start = .)

.init_array     0x00000000020eae34        0x4
 *(SORT_BY_NAME(.init_array.*))
 *(.init_array)
 .init_array    0x00000000020eae34        0x4 c:/devkitpro/devkitarm/bin/../lib/gcc/arm-none-eabi/12.1.0/crtbegin.o
                0x00000000020eae38                PROVIDE (__init_array_end = .)
                [!provide]                        PROVIDE (__fini_array_start = .)

.fini_array     0x00000000020eae38        0x4
 *(.fini_array)
 .fini_array    0x00000000020eae38        0x4 c:/devkitpro/devkitarm/bin/../lib/gcc/arm-none-eabi/12.1.0/crtbegin.o
 *(SORT_BY_NAME(.fini_array.*))
                [!provide]                        PROVIDE (__fini_array_end = .)

.ctors          0x00000000020eae3c        0x0
 *crtbegin.o(.ctors)
 *(EXCLUDE_FILE(*crtend.o) .ctors)
 *(SORT_BY_NAME(.ctors.*))
 *(.ctors)
                0x00000000020eae3c                . = ALIGN (0x4)

.dtors          0x00000000020eae3c        0x0
 *crtbegin.o(.dtors)
 *(EXCLUDE_FILE(*crtend.o) .dtors)
 *(SORT_BY_NAME(.dtors.*))
 *(.dtors)
                0x00000000020eae3c                . = ALIGN (0x4)

.eh_frame       0x00000000020eae3c        0x4
 *(.eh_frame)
 .eh_frame      0x00000000020eae3c        0x0 c:/devkitpro/devkitarm/bin/../lib/gcc/arm-none-eabi/12.1.0/crtbegin.o
 .eh_frame      0x00000000020eae3c        0x4 c:/devkitpro/devkitarm/bin/../lib/gcc/arm-none-eabi/12.1.0/crtend.o
                0x00000000020eae40                . = ALIGN (0x4)

.rel.dyn        0x00000000020eae40        0x0
 .rel.iplt      0x00000000020eae40        0x0 c:/devkitpro/devkitarm/bin/../lib/gcc/arm-none-eabi/12.1.0/../../../../arm-none-eabi/lib/ds_arm9_crt0.o

.gcc_except_table
                0x00000000020eae40        0x0
 *(.gcc_except_table)
                0x00000000020eae40                . = ALIGN (0x4)

.jcr
 *(.jcr)

.got
 *(.got.plt)
 *(.got)
 *(.rel.got)

.ewram          0x00000000020eae40        0x0
                0x00000000020eae40                __ewram_start = ABSOLUTE (.)
 *(.ewram)
 *ewram.*(.text)
                0x00000000020eae40                . = ALIGN (0x4)

.data           0x00000000020eae40     0x1b98
                0x00000000020eae40                __data_start = ABSOLUTE (.)
 *(EXCLUDE_FILE(*.twl*) .data)
 .data          0x00000000020eae40       0x28 C:/devkitPro/libnds/lib\libnds9.a(mpu_setup.o)
 *(EXCLUDE_FILE(*.twl*) .data.*)
 .data.currentConsole
                0x00000000020eae68        0x4 C:/devkitPro/libnds/lib\libnds9.a(console.o)
                0x00000000020eae68                currentConsole
 .data.defaultConsole
                0x00000000020eae6c       0x5c C:/devkitPro/libnds/lib\libnds9.a(console.o)
                0x00000000020eae6c                defaultConsole
 .data.firstConsoleInit.0
                0x00000000020eaec8        0x1 C:/devkitPro/libnds/lib\libnds9.a(console.o)
 *fill*         0x00000000020eaec9        0x3 ff
 .data.glGlob   0x00000000020eaecc        0x4 C:/devkitPro/libnds/lib\libnds9.a(videoGL.o)
 .data.count    0x00000000020eaed0        0x1 C:/devkitPro/libnds/lib\libnds9.a(keys.o)
 .data.delay    0x00000000020eaed1        0x1 C:/devkitPro/libnds/lib\libnds9.a(keys.o)
 .data.repeat   0x00000000020eaed2        0x1 C:/devkitPro/libnds/lib\libnds9.a(keys.o)
 *fill*         0x00000000020eaed3        0x1 ff
 .data.fifo_buffer_free
                0x00000000020eaed4        0x4 C:/devkitPro/libnds/lib\libnds9.a(fifosystem.o)
                0x00000000020eaed4                fifo_buffer_free
 .data.fifo_freewords
                0x00000000020eaed8        0x4 C:/devkitPro/libnds/lib\libnds9.a(fifosystem.o)
                0x00000000020eaed8                fifo_freewords
 .data.fifo_receive_queue
                0x00000000020eaedc        0x4 C:/devkitPro/libnds/lib\libnds9.a(fifosystem.o)
                0x00000000020eaedc                fifo_receive_queue
 .data.fifo_send_queue
                0x00000000020eaee0        0x4 C:/devkitPro/libnds/lib\libnds9.a(fifosystem.o)
                0x00000000020eaee0                fifo_send_queue
 .data.bgControl
                0x00000000020eaee4       0x20 C:/devkitPro/libnds/lib\libnds9.a(background.o)
                0x00000000020eaee4                bgControl
 .data.bgScrollTable
                0x00000000020eaf04       0x20 C:/devkitPro/libnds/lib\libnds9.a(background.o)
                0x00000000020eaf04                bgScrollTable
 .data.bgTransform
                0x00000000020eaf24       0x20 C:/devkitPro/libnds/lib\libnds9.a(background.o)
                0x00000000020eaf24                bgTransform
 .data._impure_ptr
                0x00000000020eaf44        0x4 c:/devkitpro/devkitarm/bin/../lib/gcc/arm-none-eabi/12.1.0/../../../../arm-none-eabi/lib\libg.a(lib_a-impure.o)
                0x00000000020eaf44                _impure_ptr
 .data.impure_data
                0x00000000020eaf48      0x460 c:/devkitpro/devkitarm/bin/../lib/gcc/arm-none-eabi/12.1.0/../../../../arm-none-eabi/lib\libg.a(lib_a-impure.o)
 .data.__malloc_sbrk_base
                0x00000000020eb3a8        0x4 c:/devkitpro/devkitarm/bin/../lib/gcc/arm-none-eabi/12.1.0/../../../../arm-none-eabi/lib\libg.a(lib_a-mallocr.o)
                0x00000000020eb3a8                __malloc_sbrk_base
 .data.__malloc_trim_threshold
                0x00000000020eb3ac        0x4 c:/devkitpro/devkitarm/bin/../lib/gcc/arm-none-eabi/12.1.0/../../../../arm-none-eabi/lib\libg.a(lib_a-mallocr.o)
                0x00000000020eb3ac                __malloc_trim_threshold
 .data.__malloc_av_
                0x00000000020eb3b0      0x408 c:/devkitpro/devkitarm/bin/../lib/gcc/arm-none-eabi/12.1.0/../../../../arm-none-eabi/lib\libg.a(lib_a-mallocr.o)
                0x00000000020eb3b0                __malloc_av_
 .data.__global_locale
                0x00000000020eb7b8      0x16c c:/devkitpro/devkitarm/bin/../lib/gcc/arm-none-eabi/12.1.0/../../../../arm-none-eabi/lib\libg.a(lib_a-locale.o)
                0x00000000020eb7b8                __global_locale
 .data.devoptab_list
                0x00000000020eb924       0x8c c:/devkitpro/devkitarm/bin/../lib/gcc/arm-none-eabi/12.1.0/../../../../arm-none-eabi/lib\libsysbase.a(iosupport.o)
                0x00000000020eb924                devoptab_list
 .data.defaultDevice
                0x00000000020eb9b0        0x4 c:/devkitpro/devkitarm/bin/../lib/gcc/arm-none-eabi/12.1.0/../../../../arm-none-eabi/lib\libsysbase.a(iosupport.o)
 .data.handles  0x00000000020eb9b4     0x1000 c:/devkitpro/devkitarm/bin/../lib/gcc/arm-none-eabi/12.1.0/../../../../arm-none-eabi/lib\libsysbase.a(handle_manager.o)
 .data.__stderr_handle
                0x00000000020ec9b4        0xc c:/devkitpro/devkitarm/bin/../lib/gcc/arm-none-eabi/12.1.0/../../../../arm-none-eabi/lib\libsysbase.a(handle_manager.o)
 .data.__stdout_handle
                0x00000000020ec9c0        0xc c:/devkitpro/devkitarm/bin/../lib/gcc/arm-none-eabi/12.1.0/../../../../arm-none-eabi/lib\libsysbase.a(handle_manager.o)
 .data.__stdin_handle
                0x00000000020ec9cc        0xc c:/devkitpro/devkitarm/bin/../lib/gcc/arm-none-eabi/12.1.0/../../../../arm-none-eabi/lib\libsysbase.a(handle_manager.o)
 *(EXCLUDE_FILE(*.twl*) .gnu.linkonce.d*)
                0x00000000020ec9d8                . = ALIGN (0x4)
                0x00000000020ec9d8                __data_end = ABSOLUTE (.)
                0x00000000020ec9d8                __bss_vma = .

.igot.plt       0x00000000020ec9d8        0x0
 .igot.plt      0x00000000020ec9d8        0x0 c:/devkitpro/devkitarm/bin/../lib/gcc/arm-none-eabi/12.1.0/../../../../arm-none-eabi/lib/ds_arm9_crt0.o

.dtcm           0x0000000002ff0000        0x0 load address 0x00000000020ec9d8
                0x00000000020ec9d8                __dtcm_lma = LOADADDR (.dtcm)
                0x0000000002ff0000                __dtcm_start = ABSOLUTE (.)
 *(.dtcm)
 *(.dtcm.*)
                0x0000000002ff0000                . = ALIGN (0x4)
                0x0000000002ff0000                __dtcm_end = ABSOLUTE (.)

.itcm           0x0000000001000100      0x194 load address 0x00000000020ec9d8
                0x00000000020ec9d8                __itcm_lma = LOADADDR (.itcm)
                0x0000000001000100                __itcm_start = ABSOLUTE (.)
 *(.itcm)
 .itcm          0x0000000001000100       0xc8 C:/devkitPro/libnds/lib\libnds9.a(interrupts.o)
                0x0000000001000100                irqTable
 .itcm          0x00000000010001c8       0xcc C:/devkitPro/libnds/lib\libnds9.a(interruptDispatcher.o)
                0x00000000010001c8                IntrMain
 *.itcm*(.text .stub .text.*)
                0x0000000001000294                . = ALIGN (0x4)
                0x0000000001000294                __itcm_end = ABSOLUTE (.)

.vectors        0x0000000001000000        0x0 load address 0x00000000020ecb6c
                0x00000000020ecb6c                __vectors_lma = LOADADDR (.vectors)
                0x0000000001000000                __vectors_start = ABSOLUTE (.)
 *(.vectors .vectors.*)
                0x0000000001000000                . = ALIGN (0x4)
                0x0000000001000000                __vectors_end = ABSOLUTE (.)

.sbss           0x0000000002ff0000        0x0
                0x0000000002ff0000                __sbss_start = ABSOLUTE (.)
                0x0000000002ff0000                __sbss_start__ = ABSOLUTE (.)
 *(.sbss)
                0x0000000002ff0000                . = ALIGN (0x4)
                0x0000000002ff0000                __sbss_end = ABSOLUTE (.)

.bss            0x00000000020ec9d8      0xd58
                0x00000000020ec9d8                __bss_start = ABSOLUTE (.)
                0x00000000020ec9d8                __bss_start__ = ABSOLUTE (.)
 *(EXCLUDE_FILE(*.twl*) .dynbss)
 *(EXCLUDE_FILE(*.twl*) .gnu.linkonce.b*)
 *(EXCLUDE_FILE(*.twl*) .bss*)
 .bss.completed.1
                0x00000000020ec9d8        0x1 c:/devkitpro/devkitarm/bin/../lib/gcc/arm-none-eabi/12.1.0/crtbegin.o
 *fill*         0x00000000020ec9d9        0x3 
 .bss.object.0  0x00000000020ec9dc       0x18 c:/devkitpro/devkitarm/bin/../lib/gcc/arm-none-eabi/12.1.0/crtbegin.o
 .bss           0x00000000020ec9f4       0x18 C:/devkitPro/libnds/lib\libmm9.a(mm_comms.o)
 .bss           0x00000000020eca0c       0x19 C:/devkitPro/libnds/lib\libmm9.a(mm_main9.o)
                0x00000000020eca0c                mmcbMemory
                0x00000000020eca10                mmModuleCount
                0x00000000020eca14                mmSampleCount
                0x00000000020eca18                mmMemoryBank
                0x00000000020eca18                mmModuleBank
                0x00000000020eca1c                mmSampleBank
                0x00000000020eca20                mmCallback
                0x00000000020eca24                mmActiveStatus
 *fill*         0x00000000020eca25        0x3 
 .bss           0x00000000020eca28       0x44 C:/devkitPro/libnds/lib\libmm9.a(mm_soundbank.o)
 .bss.currentCopy
                0x00000000020eca6c       0x5c C:/devkitPro/libnds/lib\libnds9.a(console.o)
                0x00000000020eca6c                currentCopy
 .bss.gCurrentTexture
                0x00000000020ecac8        0x4 C:/devkitPro/libnds/lib\libnds9.a(gl2d.o)
                0x00000000020ecac8                gCurrentTexture
 .bss.g_depth   0x00000000020ecacc        0x2 C:/devkitPro/libnds/lib\libnds9.a(gl2d.o)
 *fill*         0x00000000020ecace        0x2 
 .bss.diffuse_ambient.1
                0x00000000020ecad0        0x4 C:/devkitPro/libnds/lib\libnds9.a(videoGL.o)
 .bss.glGlobalData
                0x00000000020ecad4       0x54 C:/devkitPro/libnds/lib\libnds9.a(videoGL.o)
                0x00000000020ecad4                glGlobalData
 .bss.specular_emission.0
                0x00000000020ecb28        0x4 C:/devkitPro/libnds/lib\libnds9.a(videoGL.o)
 .bss.keys      0x00000000020ecb2c        0x2 C:/devkitPro/libnds/lib\libnds9.a(keys.o)
 .bss.keysold   0x00000000020ecb2e        0x2 C:/devkitPro/libnds/lib\libnds9.a(keys.o)
 .bss.keysrepeat
                0x00000000020ecb30        0x2 C:/devkitPro/libnds/lib\libnds9.a(keys.o)
 .bss.__dsimode
                0x00000000020ecb32        0x1 C:/devkitPro/libnds/lib\libnds9.a(initSystem.o)
                0x00000000020ecb32                __dsimode
 *fill*         0x00000000020ecb33        0x1 
 .bss.punixTime
                0x00000000020ecb34        0x4 C:/devkitPro/libnds/lib\libnds9.a(initSystem.o)
                0x00000000020ecb34                punixTime
 .bss.fifo_address_data
                0x00000000020ecb38       0x40 C:/devkitPro/libnds/lib\libnds9.a(fifosystem.o)
                0x00000000020ecb38                fifo_address_data
 .bss.fifo_address_func
                0x00000000020ecb78       0x40 C:/devkitPro/libnds/lib\libnds9.a(fifosystem.o)
                0x00000000020ecb78                fifo_address_func
 .bss.fifo_address_queue
                0x00000000020ecbb8       0x40 C:/devkitPro/libnds/lib\libnds9.a(fifosystem.o)
                0x00000000020ecbb8                fifo_address_queue
 .bss.fifo_buffer
                0x00000000020ecbf8      0x800 C:/devkitPro/libnds/lib\libnds9.a(fifosystem.o)
                0x00000000020ecbf8                fifo_buffer
 .bss.fifo_data_queue
                0x00000000020ed3f8       0x40 C:/devkitPro/libnds/lib\libnds9.a(fifosystem.o)
                0x00000000020ed3f8                fifo_data_queue
 .bss.fifo_datamsg_data
                0x00000000020ed438       0x40 C:/devkitPro/libnds/lib\libnds9.a(fifosystem.o)
                0x00000000020ed438                fifo_datamsg_data
 .bss.fifo_datamsg_func
                0x00000000020ed478       0x40 C:/devkitPro/libnds/lib\libnds9.a(fifosystem.o)
                0x00000000020ed478                fifo_datamsg_func
 .bss.fifo_value32_data
                0x00000000020ed4b8       0x40 C:/devkitPro/libnds/lib\libnds9.a(fifosystem.o)
                0x00000000020ed4b8                fifo_value32_data
 .bss.fifo_value32_func
                0x00000000020ed4f8       0x40 C:/devkitPro/libnds/lib\libnds9.a(fifosystem.o)
                0x00000000020ed4f8                fifo_value32_func
 .bss.fifo_value32_queue
                0x00000000020ed538       0x40 C:/devkitPro/libnds/lib\libnds9.a(fifosystem.o)
                0x00000000020ed538                fifo_value32_queue
 .bss.processing
                0x00000000020ed578        0x4 C:/devkitPro/libnds/lib\libnds9.a(fifosystem.o)
                0x00000000020ed578                processing
 .bss.bgIsTextLut
                0x00000000020ed57c        0x8 C:/devkitPro/libnds/lib\libnds9.a(background.o)
                0x00000000020ed57c                bgIsTextLut
 .bss.bgState   0x00000000020ed584      0x140 C:/devkitPro/libnds/lib\libnds9.a(background.o)
                0x00000000020ed584                bgState
 .bss.SDcallback
                0x00000000020ed6c4        0x4 C:/devkitPro/libnds/lib\libnds9.a(system.o)
 .bss.__sinit_recursive_mutex
                0x00000000020ed6c8        0xc c:/devkitpro/devkitarm/bin/../lib/gcc/arm-none-eabi/12.1.0/../../../../arm-none-eabi/lib\libg.a(lib_a-findfp.o)
 .bss.__sfp_recursive_mutex
                0x00000000020ed6d4        0xc c:/devkitpro/devkitarm/bin/../lib/gcc/arm-none-eabi/12.1.0/../../../../arm-none-eabi/lib\libg.a(lib_a-findfp.o)
 .bss.__malloc_current_mallinfo
                0x00000000020ed6e0       0x28 c:/devkitpro/devkitarm/bin/../lib/gcc/arm-none-eabi/12.1.0/../../../../arm-none-eabi/lib\libg.a(lib_a-mallocr.o)
                0x00000000020ed6e0                __malloc_current_mallinfo
 .bss.__malloc_max_total_mem
                0x00000000020ed708        0x4 c:/devkitpro/devkitarm/bin/../lib/gcc/arm-none-eabi/12.1.0/../../../../arm-none-eabi/lib\libg.a(lib_a-mallocr.o)
                0x00000000020ed708                __malloc_max_total_mem
 .bss.__malloc_max_sbrked_mem
                0x00000000020ed70c        0x4 c:/devkitpro/devkitarm/bin/../lib/gcc/arm-none-eabi/12.1.0/../../../../arm-none-eabi/lib\libg.a(lib_a-mallocr.o)
                0x00000000020ed70c                __malloc_max_sbrked_mem
 .bss.__malloc_top_pad
                0x00000000020ed710        0x4 c:/devkitpro/devkitarm/bin/../lib/gcc/arm-none-eabi/12.1.0/../../../../arm-none-eabi/lib\libg.a(lib_a-mallocr.o)
                0x00000000020ed710                __malloc_top_pad
 .bss.__malloc_recursive_mutex
                0x00000000020ed714        0xc c:/devkitpro/devkitarm/bin/../lib/gcc/arm-none-eabi/12.1.0/../../../../arm-none-eabi/lib\libg.a(lib_a-mlock.o)
 .bss.heap_start.0
                0x00000000020ed720        0x4 c:/devkitpro/devkitarm/bin/../lib/gcc/arm-none-eabi/12.1.0/../../../../arm-none-eabi/lib\libsysbase.a(sbrk.o)
 .bss.fake_heap_start
                0x00000000020ed724        0x4 c:/devkitpro/devkitarm/bin/../lib/gcc/arm-none-eabi/12.1.0/../../../../arm-none-eabi/lib\libsysbase.a(malloc_vars.o)
                0x00000000020ed724                fake_heap_start
 .bss.fake_heap_end
                0x00000000020ed728        0x4 c:/devkitpro/devkitarm/bin/../lib/gcc/arm-none-eabi/12.1.0/../../../../arm-none-eabi/lib\libsysbase.a(malloc_vars.o)
                0x00000000020ed728                fake_heap_end
 .bss.__hndl_lock
                0x00000000020ed72c        0x4 c:/devkitpro/devkitarm/bin/../lib/gcc/arm-none-eabi/12.1.0/../../../../arm-none-eabi/lib\libsysbase.a(handle_manager.o)
 *(EXCLUDE_FILE(*.twl*) COMMON)
                0x00000000020ed730                . = ALIGN (0x4)
                0x00000000020ed730                __bss_end__ = ABSOLUTE (.)
                0x00000000020ed730                __end__ = ABSOLUTE (.)

.twl            0x00000000020ed730        0x0 load address 0x0000000002400000
                0x0000000002400000                __arm9i_lma__ = LOADADDR (.twl)
                0x00000000020ed730                __arm9i_start__ = ABSOLUTE (.)
 *(.twl)
 *.twl*(.text .stub .text.* .gnu.linkonce.t.*)
 *.twl*(.rodata)
 *.twl*(.roda)
 *.twl*(.rodata.*)
 *.twl*(.data)
 *.twl*(.data.*)
 *.twl*(.gnu.linkonce.d*)
                0x00000000020ed730                __arm9i_end__ = ABSOLUTE (.)

.twl_bss        0x00000000020ed730        0x0
                0x00000000020ed730                __twl_bss_start__ = ABSOLUTE (.)
 *(.twl_bss)
 *.twl*(.dynbss)
 *.twl*(.gnu.linkonce.b*)
 *.twl*(.bss*)
 *.twl*(COMMON)
                0x00000000020ed730                . = ALIGN (0x4)
                0x00000000020ed730                __twl_bss_end__ = ABSOLUTE (.)
                0x00000000020ed730                __twl_end__ = ABSOLUTE (.)

.stab
 *(.stab)

.stabstr
 *(.stabstr)

.stab.excl
 *(.stab.excl)

.stab.exclstr
 *(.stab.exclstr)

.stab.index
 *(.stab.index)

.stab.indexstr
 *(.stab.indexstr)

.comment        0x0000000000000000       0x46
 *(.comment)
 .comment       0x0000000000000000       0x23 c:/devkitpro/devkitarm/bin/../lib/gcc/arm-none-eabi/12.1.0/crtbegin.o
                                         0x24 (size before relaxing)
 .comment       0x0000000000000023       0x24 main.o
 .comment       0x0000000000000023       0x23 C:/devkitPro/libnds/lib\libnds9.a(console.o)
                                         0x24 (size before relaxing)
 .comment       0x0000000000000046       0x24 C:/devkitPro/libnds/lib\libnds9.a(gl2d.o)
 .comment       0x0000000000000046       0x24 C:/devkitPro/libnds/lib\libnds9.a(videoGL.o)
 .comment       0x0000000000000046       0x24 C:/devkitPro/libnds/lib\libnds9.a(keys.o)
 .comment       0x0000000000000046       0x24 C:/devkitPro/libnds/lib\libnds9.a(initSystem.o)
 .comment       0x0000000000000046       0x24 C:/devkitPro/libnds/lib\libnds9.a(securearea.o)
 .comment       0x0000000000000046       0x24 C:/devkitPro/libnds/lib\libnds9.a(interrupts.o)
 .comment       0x0000000000000046       0x24 C:/devkitPro/libnds/lib\libnds9.a(libnds_exit.arm.o)
 .comment       0x0000000000000046       0x24 C:/devkitPro/libnds/lib\libnds9.a(fifosystem.o)
 .comment       0x0000000000000046       0x24 C:/devkitPro/libnds/lib\libnds9.a(background.o)
 .comment       0x0000000000000046       0x24 C:/devkitPro/libnds/lib\libnds9.a(dynamicArray.o)
 .comment       0x0000000000000046       0x24 C:/devkitPro/libnds/lib\libnds9.a(trig.o)
 .comment       0x0000000000000046       0x24 C:/devkitPro/libnds/lib\libnds9.a(video.o)
 .comment       0x0000000000000046       0x24 C:/devkitPro/libnds/lib\libnds9.a(system.o)
 .comment       0x0000000000000046       0x24 c:/devkitpro/devkitarm/bin/../lib/gcc/arm-none-eabi/12.1.0\libgcc.a(_muldi3.o)
 .comment       0x0000000000000046       0x24 c:/devkitpro/devkitarm/bin/../lib/gcc/arm-none-eabi/12.1.0/../../../../arm-none-eabi/lib\libg.a(lib_a-calloc.o)
 .comment       0x0000000000000046       0x24 c:/devkitpro/devkitarm/bin/../lib/gcc/arm-none-eabi/12.1.0/../../../../arm-none-eabi/lib\libg.a(lib_a-callocr.o)
 .comment       0x0000000000000046       0x24 c:/devkitpro/devkitarm/bin/../lib/gcc/arm-none-eabi/12.1.0/../../../../arm-none-eabi/lib\libg.a(lib_a-errno.o)
 .comment       0x0000000000000046       0x24 c:/devkitpro/devkitarm/bin/../lib/gcc/arm-none-eabi/12.1.0/../../../../arm-none-eabi/lib\libg.a(lib_a-fclose.o)
 .comment       0x0000000000000046       0x24 c:/devkitpro/devkitarm/bin/../lib/gcc/arm-none-eabi/12.1.0/../../../../arm-none-eabi/lib\libg.a(lib_a-fflush.o)
 .comment       0x0000000000000046       0x24 c:/devkitpro/devkitarm/bin/../lib/gcc/arm-none-eabi/12.1.0/../../../../arm-none-eabi/lib\libg.a(lib_a-findfp.o)
 .comment       0x0000000000000046       0x24 c:/devkitpro/devkitarm/bin/../lib/gcc/arm-none-eabi/12.1.0/../../../../arm-none-eabi/lib\libg.a(lib_a-fopen.o)
 .comment       0x0000000000000046       0x24 c:/devkitpro/devkitarm/bin/../lib/gcc/arm-none-eabi/12.1.0/../../../../arm-none-eabi/lib\libg.a(lib_a-fread.o)
 .comment       0x0000000000000046       0x24 c:/devkitpro/devkitarm/bin/../lib/gcc/arm-none-eabi/12.1.0/../../../../arm-none-eabi/lib\libg.a(lib_a-freer.o)
 .comment       0x0000000000000046       0x24 c:/devkitpro/devkitarm/bin/../lib/gcc/arm-none-eabi/12.1.0/../../../../arm-none-eabi/lib\libg.a(lib_a-fseek.o)
 .comment       0x0000000000000046       0x24 c:/devkitpro/devkitarm/bin/../lib/gcc/arm-none-eabi/12.1.0/../../../../arm-none-eabi/lib\libg.a(lib_a-fseeko.o)
 .comment       0x0000000000000046       0x24 c:/devkitpro/devkitarm/bin/../lib/gcc/arm-none-eabi/12.1.0/../../../../arm-none-eabi/lib\libg.a(lib_a-fwalk.o)
 .comment       0x0000000000000046       0x24 c:/devkitpro/devkitarm/bin/../lib/gcc/arm-none-eabi/12.1.0/../../../../arm-none-eabi/lib\libg.a(lib_a-impure.o)
 .comment       0x0000000000000046       0x24 c:/devkitpro/devkitarm/bin/../lib/gcc/arm-none-eabi/12.1.0/../../../../arm-none-eabi/lib\libg.a(lib_a-init.o)
 .comment       0x0000000000000046       0x24 c:/devkitpro/devkitarm/bin/../lib/gcc/arm-none-eabi/12.1.0/../../../../arm-none-eabi/lib\libg.a(lib_a-iprintf.o)
 .comment       0x0000000000000046       0x24 c:/devkitpro/devkitarm/bin/../lib/gcc/arm-none-eabi/12.1.0/../../../../arm-none-eabi/lib\libg.a(lib_a-makebuf.o)
 .comment       0x0000000000000046       0x24 c:/devkitpro/devkitarm/bin/../lib/gcc/arm-none-eabi/12.1.0/../../../../arm-none-eabi/lib\libg.a(lib_a-malloc.o)
 .comment       0x0000000000000046       0x24 c:/devkitpro/devkitarm/bin/../lib/gcc/arm-none-eabi/12.1.0/../../../../arm-none-eabi/lib\libg.a(lib_a-mallocr.o)
 .comment       0x0000000000000046       0x24 c:/devkitpro/devkitarm/bin/../lib/gcc/arm-none-eabi/12.1.0/../../../../arm-none-eabi/lib\libg.a(lib_a-memcpy-stub.o)
 .comment       0x0000000000000046       0x24 c:/devkitpro/devkitarm/bin/../lib/gcc/arm-none-eabi/12.1.0/../../../../arm-none-eabi/lib\libg.a(lib_a-memset.o)
 .comment       0x0000000000000046       0x24 c:/devkitpro/devkitarm/bin/../lib/gcc/arm-none-eabi/12.1.0/../../../../arm-none-eabi/lib\libg.a(lib_a-mlock.o)
 .comment       0x0000000000000046       0x24 c:/devkitpro/devkitarm/bin/../lib/gcc/arm-none-eabi/12.1.0/../../../../arm-none-eabi/lib\libg.a(lib_a-rand.o)
 .comment       0x0000000000000046       0x24 c:/devkitpro/devkitarm/bin/../lib/gcc/arm-none-eabi/12.1.0/../../../../arm-none-eabi/lib\libg.a(lib_a-realloc.o)
 .comment       0x0000000000000046       0x24 c:/devkitpro/devkitarm/bin/../lib/gcc/arm-none-eabi/12.1.0/../../../../arm-none-eabi/lib\libg.a(lib_a-reallocr.o)
 .comment       0x0000000000000046       0x24 c:/devkitpro/devkitarm/bin/../lib/gcc/arm-none-eabi/12.1.0/../../../../arm-none-eabi/lib\libg.a(lib_a-refill.o)
 .comment       0x0000000000000046       0x24 c:/devkitpro/devkitarm/bin/../lib/gcc/arm-none-eabi/12.1.0/../../../../arm-none-eabi/lib\libg.a(lib_a-setvbuf.o)
 .comment       0x0000000000000046       0x24 c:/devkitpro/devkitarm/bin/../lib/gcc/arm-none-eabi/12.1.0/../../../../arm-none-eabi/lib\libg.a(lib_a-siscanf.o)
 .comment       0x0000000000000046       0x24 c:/devkitpro/devkitarm/bin/../lib/gcc/arm-none-eabi/12.1.0/../../../../arm-none-eabi/lib\libg.a(lib_a-stdio.o)
 .comment       0x0000000000000046       0x24 c:/devkitpro/devkitarm/bin/../lib/gcc/arm-none-eabi/12.1.0/../../../../arm-none-eabi/lib\libg.a(lib_a-strlen-stub.o)
 .comment       0x0000000000000046       0x24 c:/devkitpro/devkitarm/bin/../lib/gcc/arm-none-eabi/12.1.0/../../../../arm-none-eabi/lib\libg.a(lib_a-svfiscanf.o)
 .comment       0x0000000000000046       0x24 c:/devkitpro/devkitarm/bin/../lib/gcc/arm-none-eabi/12.1.0/../../../../arm-none-eabi/lib\libg.a(lib_a-time.o)
 .comment       0x0000000000000046       0x24 c:/devkitpro/devkitarm/bin/../lib/gcc/arm-none-eabi/12.1.0/../../../../arm-none-eabi/lib\libg.a(lib_a-ungetc.o)
 .comment       0x0000000000000046       0x24 c:/devkitpro/devkitarm/bin/../lib/gcc/arm-none-eabi/12.1.0/../../../../arm-none-eabi/lib\libg.a(lib_a-vfiprintf.o)
 .comment       0x0000000000000046       0x24 c:/devkitpro/devkitarm/bin/../lib/gcc/arm-none-eabi/12.1.0/../../../../arm-none-eabi/lib\libg.a(lib_a-wcrtomb.o)
 .comment       0x0000000000000046       0x24 c:/devkitpro/devkitarm/bin/../lib/gcc/arm-none-eabi/12.1.0/../../../../arm-none-eabi/lib\libg.a(lib_a-wcsrtombs.o)
 .comment       0x0000000000000046       0x24 c:/devkitpro/devkitarm/bin/../lib/gcc/arm-none-eabi/12.1.0/../../../../arm-none-eabi/lib\libg.a(lib_a-wsetup.o)
 .comment       0x0000000000000046       0x24 c:/devkitpro/devkitarm/bin/../lib/gcc/arm-none-eabi/12.1.0/../../../../arm-none-eabi/lib\libg.a(lib_a-ctype_.o)
 .comment       0x0000000000000046       0x24 c:/devkitpro/devkitarm/bin/../lib/gcc/arm-none-eabi/12.1.0/../../../../arm-none-eabi/lib\libg.a(lib_a-flags.o)
 .comment       0x0000000000000046       0x24 c:/devkitpro/devkitarm/bin/../lib/gcc/arm-none-eabi/12.1.0/../../../../arm-none-eabi/lib\libg.a(lib_a-fvwrite.o)
 .comment       0x0000000000000046       0x24 c:/devkitpro/devkitarm/bin/../lib/gcc/arm-none-eabi/12.1.0/../../../../arm-none-eabi/lib\libg.a(lib_a-iswspace.o)
 .comment       0x0000000000000046       0x24 c:/devkitpro/devkitarm/bin/../lib/gcc/arm-none-eabi/12.1.0/../../../../arm-none-eabi/lib\libg.a(lib_a-localeconv.o)
 .comment       0x0000000000000046       0x24 c:/devkitpro/devkitarm/bin/../lib/gcc/arm-none-eabi/12.1.0/../../../../arm-none-eabi/lib\libg.a(lib_a-locale.o)
 .comment       0x0000000000000046       0x24 c:/devkitpro/devkitarm/bin/../lib/gcc/arm-none-eabi/12.1.0/../../../../arm-none-eabi/lib\libg.a(lib_a-mbrtowc.o)
 .comment       0x0000000000000046       0x24 c:/devkitpro/devkitarm/bin/../lib/gcc/arm-none-eabi/12.1.0/../../../../arm-none-eabi/lib\libg.a(lib_a-mbtowc_r.o)
 .comment       0x0000000000000046       0x24 c:/devkitpro/devkitarm/bin/../lib/gcc/arm-none-eabi/12.1.0/../../../../arm-none-eabi/lib\libg.a(lib_a-memchr-stub.o)
 .comment       0x0000000000000046       0x24 c:/devkitpro/devkitarm/bin/../lib/gcc/arm-none-eabi/12.1.0/../../../../arm-none-eabi/lib\libg.a(lib_a-memmove.o)
 .comment       0x0000000000000046       0x24 c:/devkitpro/devkitarm/bin/../lib/gcc/arm-none-eabi/12.1.0/../../../../arm-none-eabi/lib\libg.a(lib_a-sccl.o)
 .comment       0x0000000000000046       0x24 c:/devkitpro/devkitarm/bin/../lib/gcc/arm-none-eabi/12.1.0/../../../../arm-none-eabi/lib\libg.a(lib_a-strchr.o)
 .comment       0x0000000000000046       0x24 c:/devkitpro/devkitarm/bin/../lib/gcc/arm-none-eabi/12.1.0/../../../../arm-none-eabi/lib\libg.a(lib_a-strncpy.o)
 .comment       0x0000000000000046       0x24 c:/devkitpro/devkitarm/bin/../lib/gcc/arm-none-eabi/12.1.0/../../../../arm-none-eabi/lib\libg.a(lib_a-strtoll.o)
 .comment       0x0000000000000046       0x24 c:/devkitpro/devkitarm/bin/../lib/gcc/arm-none-eabi/12.1.0/../../../../arm-none-eabi/lib\libg.a(lib_a-strtol.o)
 .comment       0x0000000000000046       0x24 c:/devkitpro/devkitarm/bin/../lib/gcc/arm-none-eabi/12.1.0/../../../../arm-none-eabi/lib\libg.a(lib_a-strtoull.o)
 .comment       0x0000000000000046       0x24 c:/devkitpro/devkitarm/bin/../lib/gcc/arm-none-eabi/12.1.0/../../../../arm-none-eabi/lib\libg.a(lib_a-strtoul.o)
 .comment       0x0000000000000046       0x24 c:/devkitpro/devkitarm/bin/../lib/gcc/arm-none-eabi/12.1.0/../../../../arm-none-eabi/lib\libg.a(lib_a-svfiprintf.o)
 .comment       0x0000000000000046       0x24 c:/devkitpro/devkitarm/bin/../lib/gcc/arm-none-eabi/12.1.0/../../../../arm-none-eabi/lib\libg.a(lib_a-wcsnrtombs.o)
 .comment       0x0000000000000046       0x24 c:/devkitpro/devkitarm/bin/../lib/gcc/arm-none-eabi/12.1.0/../../../../arm-none-eabi/lib\libg.a(lib_a-wctomb_r.o)
 .comment       0x0000000000000046       0x24 c:/devkitpro/devkitarm/bin/../lib/gcc/arm-none-eabi/12.1.0/../../../../arm-none-eabi/lib\libg.a(lib_a-iswspace_l.o)
 .comment       0x0000000000000046       0x24 c:/devkitpro/devkitarm/bin/../lib/gcc/arm-none-eabi/12.1.0/../../../../arm-none-eabi/lib\libg.a(lib_a-jp2uc.o)
 .comment       0x0000000000000046       0x24 c:/devkitpro/devkitarm/bin/../lib/gcc/arm-none-eabi/12.1.0/../../../../arm-none-eabi/lib\libg.a(lib_a-strncmp.o)
 .comment       0x0000000000000046       0x24 c:/devkitpro/devkitarm/bin/../lib/gcc/arm-none-eabi/12.1.0/../../../../arm-none-eabi/lib\libg.a(lib_a-categories.o)
 .comment       0x0000000000000046       0x24 c:/devkitpro/devkitarm/bin/../lib/gcc/arm-none-eabi/12.1.0/../../../../arm-none-eabi/lib\libsysbase.a(iosupport.o)
 .comment       0x0000000000000046       0x24 c:/devkitpro/devkitarm/bin/../lib/gcc/arm-none-eabi/12.1.0/../../../../arm-none-eabi/lib\libsysbase.a(fstat.o)
 .comment       0x0000000000000046       0x24 c:/devkitpro/devkitarm/bin/../lib/gcc/arm-none-eabi/12.1.0/../../../../arm-none-eabi/lib\libsysbase.a(gettod.o)
 .comment       0x0000000000000046       0x24 c:/devkitpro/devkitarm/bin/../lib/gcc/arm-none-eabi/12.1.0/../../../../arm-none-eabi/lib\libsysbase.a(isatty.o)
 .comment       0x0000000000000046       0x24 c:/devkitpro/devkitarm/bin/../lib/gcc/arm-none-eabi/12.1.0/../../../../arm-none-eabi/lib\libsysbase.a(lseek.o)
 .comment       0x0000000000000046       0x24 c:/devkitpro/devkitarm/bin/../lib/gcc/arm-none-eabi/12.1.0/../../../../arm-none-eabi/lib\libsysbase.a(open.o)
 .comment       0x0000000000000046       0x24 c:/devkitpro/devkitarm/bin/../lib/gcc/arm-none-eabi/12.1.0/../../../../arm-none-eabi/lib\libsysbase.a(read.o)
 .comment       0x0000000000000046       0x24 c:/devkitpro/devkitarm/bin/../lib/gcc/arm-none-eabi/12.1.0/../../../../arm-none-eabi/lib\libsysbase.a(sbrk.o)
 .comment       0x0000000000000046       0x24 c:/devkitpro/devkitarm/bin/../lib/gcc/arm-none-eabi/12.1.0/../../../../arm-none-eabi/lib\libsysbase.a(write.o)
 .comment       0x0000000000000046       0x24 c:/devkitpro/devkitarm/bin/../lib/gcc/arm-none-eabi/12.1.0/../../../../arm-none-eabi/lib\libsysbase.a(malloc_vars.o)
 .comment       0x0000000000000046       0x24 c:/devkitpro/devkitarm/bin/../lib/gcc/arm-none-eabi/12.1.0/../../../../arm-none-eabi/lib\libsysbase.a(build_argv.o)
 .comment       0x0000000000000046       0x24 c:/devkitpro/devkitarm/bin/../lib/gcc/arm-none-eabi/12.1.0/../../../../arm-none-eabi/lib\libsysbase.a(flock.o)
 .comment       0x0000000000000046       0x24 c:/devkitpro/devkitarm/bin/../lib/gcc/arm-none-eabi/12.1.0/../../../../arm-none-eabi/lib\libsysbase.a(handle_manager.o)
 .comment       0x0000000000000046       0x24 c:/devkitpro/devkitarm/bin/../lib/gcc/arm-none-eabi/12.1.0/../../../../arm-none-eabi/lib\libsysbase.a(getreent.o)
 .comment       0x0000000000000046       0x24 c:/devkitpro/devkitarm/bin/../lib/gcc/arm-none-eabi/12.1.0/../../../../arm-none-eabi/lib\libsysbase.a(syscall_support.o)
 .comment       0x0000000000000046       0x24 c:/devkitpro/devkitarm/bin/../lib/gcc/arm-none-eabi/12.1.0\libgcc.a(_udivmoddi4.o)
 .comment       0x0000000000000046       0x24 c:/devkitpro/devkitarm/bin/../lib/gcc/arm-none-eabi/12.1.0/crtend.o

.ARM.attributes
                0x0000000000000000       0x2d
 .ARM.attributes
                0x0000000000000000       0x21 c:/devkitpro/devkitarm/bin/../lib/gcc/arm-none-eabi/12.1.0/../../../../arm-none-eabi/lib/ds_arm9_crt0.o
 .ARM.attributes
                0x0000000000000021       0x1c c:/devkitpro/devkitarm/bin/../lib/gcc/arm-none-eabi/12.1.0/crti.o
 .ARM.attributes