Archive member included to satisfy reference by file (symbol)

C:/devkitPro/libnds/lib\libmm9.a(mm_comms.o)
                              main.o (mmEffect)
C:/devkitPro/libnds/lib\libmm9.a(mm_memory.o)
                              main.o (mmLoadEffect)
C:/devkitPro/libnds/lib\libmm9.a(mm_main9.o)
                              C:/devkitPro/libnds/lib\libmm9.a(mm_memory.o) (mmcbMemory)
C:/devkitPro/libnds/lib\libmm9.a(mm_soundbank.o)
                              C:/devkitPro/libnds/lib\libmm9.a(mm_main9.o) (mmSoundBankInMemory)
C:/devkitPro/libnds/lib\libmm9.a(mm_flusher.o)
                              C:/devkitPro/libnds/lib\libmm9.a(mm_memory.o) (mmFlushBank)
C:/devkitPro/libnds/lib\libnds9.a(console.o)
                              main.o (consoleDemoInit)
C:/devkitPro/libnds/lib\libnds9.a(gl2d.o)
                              main.o (glScreen2D)
C:/devkitPro/libnds/lib\libnds9.a(videoGL.o)
                              C:/devkitPro/libnds/lib\libnds9.a(gl2d.o) (glMaterialf)
C:/devkitPro/libnds/lib\libnds9.a(keys.o)
                              main.o (scanKeys)
C:/devkitPro/libnds/lib\libnds9.a(initSystem.o)
                              c:/devkitpro/devkitarm/bin/../lib/gcc/arm-none-eabi/12.1.0/../../../../arm-none-eabi/lib/ds_arm9_crt0.o (initSystem)
C:/devkitPro/libnds/lib\libnds9.a(securearea.o)
                              c:/devkitpro/devkitarm/bin/../lib/gcc/arm-none-eabi/12.1.0/../../../../arm-none-eabi/lib/ds_arm9_crt0.o (__secure_area__)
C:/devkitPro/libnds/lib\libnds9.a(interrupts.o)
                              C:/devkitPro/libnds/lib\libnds9.a(initSystem.o) (irqInit)
C:/devkitPro/libnds/lib\libnds9.a(libnds_exit.arm.o)
                              c:/devkitpro/devkitarm/bin/../lib/gcc/arm-none-eabi/12.1.0/../../../../arm-none-eabi/lib/ds_arm9_crt0.o (__libnds_exit)
C:/devkitPro/libnds/lib\libnds9.a(fifosystem.o)
                              C:/devkitPro/libnds/lib\libmm9.a(mm_comms.o) (fifoSetValue32Handler)
C:/devkitPro/libnds/lib\libnds9.a(mpu_setup.o)
                              c:/devkitpro/devkitarm/bin/../lib/gcc/arm-none-eabi/12.1.0/../../../../arm-none-eabi/lib/ds_arm9_crt0.o (__libnds_mpu_setup)
C:/devkitPro/libnds/lib\libnds9.a(IntrWait.o)
                              main.o (swiWaitForVBlank)
C:/devkitPro/libnds/lib\libnds9.a(cpu_clock.o)
                              C:/devkitPro/libnds/lib\libnds9.a(initSystem.o) (setCpuClock)
C:/devkitPro/libnds/lib\libnds9.a(interruptDispatcher.o)
                              C:/devkitPro/libnds/lib\libnds9.a(interrupts.o) (IntrMain)
C:/devkitPro/libnds/lib\libnds9.a(biosCalls.o)
                              C:/devkitPro/libnds/lib\libnds9.a(videoGL.o) (swiCopy)
C:/devkitPro/libnds/lib\libnds9.a(debugprint.o)
                              C:/devkitPro/libnds/lib\libnds9.a(console.o) (nocashWrite)
C:/devkitPro/libnds/lib\libnds9.a(swiSoftReset.o)
                              C:/devkitPro/libnds/lib\libnds9.a(fifosystem.o) (swiSoftReset)
C:/devkitPro/libnds/lib\libnds9.a(default_font.bin.o)
                              C:/devkitPro/libnds/lib\libnds9.a(console.o) (default_font_bin)
C:/devkitPro/libnds/lib\libnds9.a(background.o)
                              C:/devkitPro/libnds/lib\libnds9.a(console.o) (bgState)
C:/devkitPro/libnds/lib\libnds9.a(dynamicArray.o)
                              C:/devkitPro/libnds/lib\libnds9.a(videoGL.o) (DynamicArrayInit)
C:/devkitPro/libnds/lib\libnds9.a(trig.o)
                              C:/devkitPro/libnds/lib\libnds9.a(gl2d.o) (sinLerp)
C:/devkitPro/libnds/lib\libnds9.a(video.o)
                              C:/devkitPro/libnds/lib\libnds9.a(videoGL.o) (vramSetBanks_EFG)
C:/devkitPro/libnds/lib\libnds9.a(system.o)
                              C:/devkitPro/libnds/lib\libnds9.a(initSystem.o) (systemValueHandler)
c:/devkitpro/devkitarm/bin/../lib/gcc/arm-none-eabi/12.1.0\libgcc.a(_arm_mulsf3.o)
                              main.o (__aeabi_fmul)
c:/devkitpro/devkitarm/bin/../lib/gcc/arm-none-eabi/12.1.0\libgcc.a(_divsi3.o)
                              C:/devkitPro/libnds/lib\libnds9.a(gl2d.o) (__aeabi_idiv)
c:/devkitpro/devkitarm/bin/../lib/gcc/arm-none-eabi/12.1.0\libgcc.a(_dvmd_tls.o)
                              c:/devkitpro/devkitarm/bin/../lib/gcc/arm-none-eabi/12.1.0\libgcc.a(_divsi3.o) (__aeabi_idiv0)
c:/devkitpro/devkitarm/bin/../lib/gcc/arm-none-eabi/12.1.0\libgcc.a(_arm_addsubdf3.o)
                              main.o (__aeabi_f2d)
c:/devkitpro/devkitarm/bin/../lib/gcc/arm-none-eabi/12.1.0\libgcc.a(_arm_cmpdf2.o)
                              main.o (__aeabi_dcmplt)
c:/devkitpro/devkitarm/bin/../lib/gcc/arm-none-eabi/12.1.0\libgcc.a(_arm_addsubsf3.o)
                              main.o (__aeabi_fadd)
c:/devkitpro/devkitarm/bin/../lib/gcc/arm-none-eabi/12.1.0\libgcc.a(_arm_cmpsf2.o)
                              main.o (__aeabi_fcmplt)
c:/devkitpro/devkitarm/bin/../lib/gcc/arm-none-eabi/12.1.0\libgcc.a(_arm_fixsfsi.o)
                              main.o (__aeabi_f2iz)
[...]
Memory Configuration

Name             Origin             Length             Attributes
ewram            0x0000000002000000 0x0000000000380000
dtcm             0x0000000002ff0000 0x0000000000004000
vectors          0x0000000001000000 0x0000000000000100
itcm             0x0000000001000100 0x0000000000007f00
*default*        0x0000000000000000 0xffffffffffffffff

Linker script and memory map

                0x0000000002380000                __ewram_end = (ORIGIN (ewram) + LENGTH (ewram))
                0x0000000002380000                __eheap_end = (ORIGIN (ewram) + LENGTH (ewram))
                0x0000000002ff4000                __dtcm_top = (ORIGIN (dtcm) + LENGTH (dtcm))
                0x0000000002ff3ff8                __irq_flags = (__dtcm_top - 0x8)
                0x0000000002ff3ffc                __irq_vector = (__dtcm_top - 0x4)
                0x0000000002ff3f00                __sp_svc = (__dtcm_top - 0x100)
                0x0000000002ff3e00                __sp_irq = (__sp_svc - 0x100)
                0x0000000002ff3d00                __sp_usr = (__sp_irq - 0x100)

.secure         0x0000000002000000      0x800
 *(.secure)
 .secure        0x0000000002000000      0x800 C:/devkitPro/libnds/lib\libnds9.a(securearea.o)
                0x0000000002000000                __secure_area__

.crt0           0x0000000002000800      0x300
                0x0000000002000800                __text_start = .
 *(.crt0)
 .crt0          0x0000000002000800      0x300 c:/devkitpro/devkitarm/bin/../lib/gcc/arm-none-eabi/12.1.0/../../../../arm-none-eabi/lib/ds_arm9_crt0.o
                0x0000000002000800                _start
                0x0000000002000b00                . = ALIGN (0x4)

.plt
 *(.plt)

.init           0x0000000002000b00       0x18
 *(SORT_NONE(.init))
 .init          0x0000000002000b00        0xc c:/devkitpro/devkitarm/bin/../lib/gcc/arm-none-eabi/12.1.0/crti.o
                0x0000000002000b00                _init
 .init          0x0000000002000b0c        0xc c:/devkitpro/devkitarm/bin/../lib/gcc/arm-none-eabi/12.1.0/crtn.o

.text           0x0000000002000b18    0x108f0
 *(EXCLUDE_FILE(*.twl* *.vectors* *.itcm*) .text)
 .text          0x0000000002000b18      0x24c C:/devkitPro/libnds/lib\libmm9.a(mm_comms.o)
                0x0000000002000b18                mmSetupComms
                0x0000000002000b6a                mmSendBank
                0x0000000002000b74                mmLockChannels
                0x0000000002000b7a                mmUnlockChannels
                0x0000000002000b80                mmStart
                0x0000000002000b8a                mmPause
                0x0000000002000b8e                mmResume
                0x0000000002000b92                mmStop
                0x0000000002000b96                mmPosition
                0x0000000002000b9a                mmJingle
                0x0000000002000b9e                mmSetModuleVolume
                0x0000000002000ba2                mmSetJingleVolume
                0x0000000002000ba6                mmSetModuleTempo
                0x0000000002000baa                mmSetModulePitch
                0x0000000002000bae                mmSetEffectsVolume
                0x0000000002000bb2                mmSelectMode
                0x0000000002000bb6                mmStreamBegin
                0x0000000002000bca                mmStreamEnd
                0x0000000002000c20                mmEffect
                0x0000000002000c44                mmEffectVolume
                0x0000000002000c48                mmEffectPanning
                0x0000000002000c4c                mmEffectRate
                0x0000000002000c56                mmEffectScaleRate
                0x0000000002000c60                mmEffectRelease
                0x0000000002000c66                mmEffectCancel
                0x0000000002000c6c                mmEffectEx
                0x0000000002000caa                mmEffectCancelAll
                0x0000000002000cae                mmReverbEnable
                0x0000000002000cb2                mmReverbDisable
                0x0000000002000cb6                mmReverbConfigure
                0x0000000002000d12                mmReverbStart
                0x0000000002000d16                mmReverbStop
 .text          0x0000000002000d64      0x120 C:/devkitPro/libnds/lib\libmm9.a(mm_memory.o)
                0x0000000002000d64                mmLoad
                0x0000000002000db4                mmUnload
                0x0000000002000e0c                mmLoadEffect
                0x0000000002000e44                mmUnloadEffect
 .text          0x0000000002000e84      0x108 C:/devkitPro/libnds/lib\libmm9.a(mm_main9.o)
                0x0000000002000e84                mmActive
                0x0000000002000e8a                mmSetEventHandler
                0x0000000002000e90                mmInit
                0x0000000002000eba                mmInitDefault
                0x0000000002000f04                mmInitDefaultMem
                0x0000000002000f26                mmSuspendIRQ_t
                0x0000000002000f44                mmRestoreIRQ_t
 .text          0x0000000002000f8c      0x100 C:/devkitPro/libnds/lib\libmm9.a(mm_soundbank.o)
                0x0000000002000f8c                mmSoundBankInMemory
                0x0000000002000f94                mmSoundBankInFiles
                0x0000000002000fa6                mmSetCustomSoundBankHandler
                0x0000000002000fd2                mmsHandleFileOp
 .text          0x000000000200108c       0x3c C:/devkitPro/libnds/lib\libmm9.a(mm_flusher.o)
                0x000000000200108c                mmFlushBank
 .text          0x00000000020010c8      0x198 c:/devkitpro/devkitarm/bin/../lib/gcc/arm-none-eabi/12.1.0\libgcc.a(_arm_mulsf3.o)
                0x00000000020010c8                __aeabi_fmul
                0x00000000020010c8                __mulsf3
 .text          0x0000000002001260      0x148 c:/devkitpro/devkitarm/bin/../lib/gcc/arm-none-eabi/12.1.0\libgcc.a(_divsi3.o)
                0x0000000002001260                __divsi3
                0x0000000002001260                __aeabi_idiv
                0x0000000002001388                __aeabi_idivmod
 .text          0x00000000020013a8        0x4 c:/devkitpro/devkitarm/bin/../lib/gcc/arm-none-eabi/12.1.0\libgcc.a(_dvmd_tls.o)
                0x00000000020013a8                __aeabi_idiv0
                0x00000000020013a8                __aeabi_ldiv0
 .text          0x00000000020013ac      0x424 c:/devkitpro/devkitarm/bin/../lib/gcc/arm-none-eabi/12.1.0\libgcc.a(_arm_addsubdf3.o)
                0x00000000020013ac                __aeabi_drsub
                0x00000000020013b4                __aeabi_dsub
                0x00000000020013b4                __subdf3
                0x00000000020013b8                __aeabi_dadd
                0x00000000020013b8                __adddf3
                0x00000000020016c8                __floatunsidf
                0x00000000020016c8                __aeabi_ui2d
                0x00000000020016ec                __floatsidf
                0x00000000020016ec                __aeabi_i2d
                0x0000000002001714                __aeabi_f2d
                0x0000000002001714                __extendsfdf2
                0x000000000200175c                __floatundidf
                0x000000000200175c                __aeabi_ul2d
                0x0000000002001770                __floatdidf
                0x0000000002001770                __aeabi_l2d
 .text          0x00000000020017d0      0x144 c:/devkitpro/devkitarm/bin/../lib/gcc/arm-none-eabi/12.1.0\libgcc.a(_arm_cmpdf2.o)
                0x00000000020017d0                __gtdf2
                0x00000000020017d0                __gedf2
                0x00000000020017d8                __ltdf2
                0x00000000020017d8                __ledf2
                0x00000000020017e0                __nedf2
                0x00000000020017e0                __eqdf2
                0x00000000020017e0                __cmpdf2
                0x0000000002001868                __aeabi_cdrcmple
                0x0000000002001884                __aeabi_cdcmpeq
                0x0000000002001884                __aeabi_cdcmple
                0x000000000200189c                __aeabi_dcmpeq
                0x00000000020018b4                __aeabi_dcmplt
                0x00000000020018cc                __aeabi_dcmple
                0x00000000020018e4                __aeabi_dcmpge
                0x00000000020018fc                __aeabi_dcmpgt
 .text          0x0000000002001914      0x2ac c:/devkitpro/devkitarm/bin/../lib/gcc/arm-none-eabi/12.1.0\libgcc.a(_arm_addsubsf3.o)
                0x0000000002001914                __aeabi_frsub
                0x000000000200191c                __subsf3
                0x000000000200191c                __aeabi_fsub
                0x0000000002001920                __aeabi_fadd
                0x0000000002001920                __addsf3
                0x0000000002001adc                __aeabi_ui2f
                0x0000000002001adc                __floatunsisf
                0x0000000002001ae4                __aeabi_i2f
                0x0000000002001ae4                __floatsisf
                0x0000000002001b04                __aeabi_ul2f
                0x0000000002001b04                __floatundisf
                0x0000000002001b14                __aeabi_l2f
                0x0000000002001b14                __floatdisf
 .text          0x0000000002001bc0      0x114 c:/devkitpro/devkitarm/bin/../lib/gcc/arm-none-eabi/12.1.0\libgcc.a(_arm_cmpsf2.o)
                0x0000000002001bc0                __gesf2
                0x0000000002001bc0                __gtsf2
                0x0000000002001bc8                __lesf2
                0x0000000002001bc8                __ltsf2
                0x0000000002001bd0                __nesf2
                0x0000000002001bd0                __eqsf2
                0x0000000002001bd0                __cmpsf2
                0x0000000002001c34                __aeabi_cfrcmple
                0x0000000002001c44                __aeabi_cfcmpeq
                0x0000000002001c44                __aeabi_cfcmple
                0x0000000002001c5c                __aeabi_fcmpeq
                0x0000000002001c74                __aeabi_fcmplt
                0x0000000002001c8c                __aeabi_fcmple
                0x0000000002001ca4                __aeabi_fcmpge
                0x0000000002001cbc                __aeabi_fcmpgt
 .text          0x0000000002001cd4       0x5c c:/devkitpro/devkitarm/bin/../lib/gcc/arm-none-eabi/12.1.0\libgcc.a(_arm_fixsfsi.o)
                0x0000000002001cd4                __aeabi_f2iz
                0x0000000002001cd4                __fixsfsi
 .text          0x0000000002001d30      0x224 c:/devkitpro/devkitarm/bin/../lib/gcc/arm-none-eabi/12.1.0/../../../../arm-none-eabi/lib\libg.a(lib_a-strcmp.o)
                0x0000000002001d30                strcmp
 .text          0x0000000002001f54      0x114 c:/devkitpro/devkitarm/bin/../lib/gcc/arm-none-eabi/12.1.0\libgcc.a(_udivsi3.o)
                0x0000000002001f54                __aeabi_uidiv
                0x0000000002001f54                __udivsi3
                0x0000000002002048                __aeabi_uidivmod
 .text          0x0000000002002068       0x3c c:/devkitpro/devkitarm/bin/../lib/gcc/arm-none-eabi/12.1.0\libgcc.a(_aeabi_uldivmod.o)
                0x0000000002002068                __aeabi_uldivmod
 .text          0x00000000020020a4       0x28 c:/devkitpro/devkitarm/bin/../lib/gcc/arm-none-eabi/12.1.0\libgcc.a(_clzdi2.o)
                0x00000000020020a4                __clzdi2
 .text          0x00000000020020cc       0x48 c:/devkitpro/devkitarm/bin/../lib/gcc/arm-none-eabi/12.1.0\libgcc.a(_clzsi2.o)
                0x00000000020020cc                __clzsi2
 *(EXCLUDE_FILE(*.twl* *.vectors* *.itcm*) .stub)
 *(EXCLUDE_FILE(*.twl* *.vectors* *.itcm*) .text.*)
 .text.__do_global_dtors_aux
                0x0000000002002114       0x40 c:/devkitpro/devkitarm/bin/../lib/gcc/arm-none-eabi/12.1.0/crtbegin.o
 .text.frame_dummy
                0x0000000002002154       0x30 c:/devkitpro/devkitarm/bin/../lib/gcc/arm-none-eabi/12.1.0/crtbegin.o
 .text.startup  0x0000000002002184      0xa38 main.o
                0x0000000002002184                main
 .text.newRow   0x0000000002002bbc       0xa8 C:/devkitPro/libnds/lib\libnds9.a(console.o)
 .text.consolePrintChar
                0x0000000002002c64       0xe0 C:/devkitPro/libnds/lib\libnds9.a(console.o)
                0x0000000002002c64                consolePrintChar
 .text.con_write
                0x0000000002002d44      0x36c C:/devkitPro/libnds/lib\libnds9.a(console.o)
                0x0000000002002d44                con_write
 .text.consoleLoadFont
                0x00000000020030b0      0x2a0 C:/devkitPro/libnds/lib\libnds9.a(console.o)
                0x00000000020030b0                consoleLoadFont
 .text.consoleInit
                0x0000000002003350      0x18c C:/devkitPro/libnds/lib\libnds9.a(console.o)
                0x0000000002003350                consoleInit
 .text.consoleDemoInit
                0x00000000020034dc       0x40 C:/devkitPro/libnds/lib\libnds9.a(console.o)
                0x00000000020034dc                consoleDemoInit
 .text.SetOrtho
                0x000000000200351c      0x184 C:/devkitPro/libnds/lib\libnds9.a(gl2d.o)
                0x000000000200351c                SetOrtho
 .text.glScreen2D
                0x00000000020036a0      0x540 C:/devkitPro/libnds/lib\libnds9.a(gl2d.o)
                0x00000000020036a0                glScreen2D
 .text.glBegin2D
                0x0000000002003be0       0x84 C:/devkitPro/libnds/lib\libnds9.a(gl2d.o)
                0x0000000002003be0                glBegin2D
 .text.glBoxFilled
                0x0000000002003c64       0x98 C:/devkitPro/libnds/lib\libnds9.a(gl2d.o)
                0x0000000002003c64                glBoxFilled
 .text.glSprite
                0x0000000002003cfc      0x108 C:/devkitPro/libnds/lib\libnds9.a(gl2d.o)
                0x0000000002003cfc                glSprite
 .text.glSpriteRotate
                0x0000000002003e04      0x174 C:/devkitPro/libnds/lib\libnds9.a(gl2d.o)
                0x0000000002003e04                glSpriteRotate
 .text.glLoadTileSet
                0x0000000002003f78       0xd0 C:/devkitPro/libnds/lib\libnds9.a(gl2d.o)
                0x0000000002003f78                glLoadTileSet
 .text.vramBlock__deallocateBlock.part.0
                0x0000000002004048      0x190 C:/devkitPro/libnds/lib\libnds9.a(videoGL.o)
 .text.glMaterialf
                0x00000000020041d8       0x7c C:/devkitPro/libnds/lib\libnds9.a(videoGL.o)
                0x00000000020041d8                glMaterialf
 .text.vramBlock_init
                0x0000000002004254       0x5c C:/devkitPro/libnds/lib\libnds9.a(videoGL.o)
                0x0000000002004254                vramBlock_init
 .text.vramBlock__allocateBlock
                0x00000000020042b0      0x178 C:/devkitPro/libnds/lib\libnds9.a(videoGL.o)
                0x00000000020042b0                vramBlock__allocateBlock
 .text.vramBlock_examineSpecial
                0x0000000002004428      0x238 C:/devkitPro/libnds/lib\libnds9.a(videoGL.o)
                0x0000000002004428                vramBlock_examineSpecial
 .text.vramBlock_allocateSpecial
                0x0000000002004660       0x6c C:/devkitPro/libnds/lib\libnds9.a(videoGL.o)
                0x0000000002004660                vramBlock_allocateSpecial
 .text.vramBlock_allocateBlock
                0x00000000020046cc       0x30 C:/devkitPro/libnds/lib\libnds9.a(videoGL.o)
                0x00000000020046cc                vramBlock_allocateBlock
 .text.vramBlock_deallocateBlock
                0x00000000020046fc       0x48 C:/devkitPro/libnds/lib\libnds9.a(videoGL.o)
                0x00000000020046fc                vramBlock_deallocateBlock
 .text.removePaletteFromTexture.part.0
                0x0000000002004744       0x68 C:/devkitPro/libnds/lib\libnds9.a(videoGL.o)
 .text.glInit_C
                0x00000000020047ac      0x1cc C:/devkitPro/libnds/lib\libnds9.a(videoGL.o)
                0x00000000020047ac                glInit_C
 .text.glGenTextures
                0x0000000002004978       0x80 C:/devkitPro/libnds/lib\libnds9.a(videoGL.o)
                0x0000000002004978                glGenTextures
 .text.vramGetBank
                0x00000000020049f8       0xb8 C:/devkitPro/libnds/lib\libnds9.a(videoGL.o)
                0x00000000020049f8                vramGetBank
 .text.glBindTexture
                0x0000000002004ab0       0x60 C:/devkitPro/libnds/lib\libnds9.a(videoGL.o)
                0x0000000002004ab0                glBindTexture
 .text.glColorTableEXT
                0x0000000002004b10      0x1d8 C:/devkitPro/libnds/lib\libnds9.a(videoGL.o)
                0x0000000002004b10                glColorTableEXT
 .text.glTexImage2D
                0x0000000002004ce8      0x40c C:/devkitPro/libnds/lib\libnds9.a(videoGL.o)
                0x0000000002004ce8                glTexImage2D
 .text.scanKeys
                0x00000000020050f4       0x8c C:/devkitPro/libnds/lib\libnds9.a(keys.o)
                0x00000000020050f4                scanKeys
 .text.keysDown
                0x0000000002005180       0x14 C:/devkitPro/libnds/lib\libnds9.a(keys.o)
                0x0000000002005180                keysDown
 .text.__syscall_gettod_r
                0x0000000002005194       0x28 C:/devkitPro/libnds/lib\libnds9.a(initSystem.o)
                0x0000000002005194                __syscall_gettod_r
 .text.initSystem
                0x00000000020051bc      0x180 C:/devkitPro/libnds/lib\libnds9.a(initSystem.o)
                0x00000000020051bc                initSystem
 .text.irqDummy
                0x000000000200533c        0x4 C:/devkitPro/libnds/lib\libnds9.a(interrupts.o)
                0x000000000200533c                irqDummy
 .text.irqSet   0x0000000002005340       0x6c C:/devkitPro/libnds/lib\libnds9.a(interrupts.o)
                0x0000000002005340                irqSet
 .text.irqInit  0x00000000020053ac       0x50 C:/devkitPro/libnds/lib\libnds9.a(interrupts.o)
                0x00000000020053ac                irqInit
 .text.irqEnable
                0x00000000020053fc       0x64 C:/devkitPro/libnds/lib\libnds9.a(interrupts.o)
                0x00000000020053fc                irqEnable
 .text.systemErrorExit
                0x0000000002005460        0x4 C:/devkitPro/libnds/lib\libnds9.a(libnds_exit.arm.o)
                0x0000000002005460                systemErrorExit
 .text.__libnds_exit
                0x0000000002005464       0x5c C:/devkitPro/libnds/lib\libnds9.a(libnds_exit.arm.o)
                0x0000000002005464                __libnds_exit
 .text.fifo_queueBlock
                0x00000000020054c0       0x44 C:/devkitPro/libnds/lib\libnds9.a(fifosystem.o)
 .text.fifo_waitBlock
                0x0000000002005504       0x80 C:/devkitPro/libnds/lib\libnds9.a(fifosystem.o)
 .text.fifoInternalSend.part.0
                0x0000000002005584       0xd4 C:/devkitPro/libnds/lib\libnds9.a(fifosystem.o)
 .text.fifoInternalSendInterrupt
                0x0000000002005658       0xb0 C:/devkitPro/libnds/lib\libnds9.a(fifosystem.o)
 .text.fifoSetValue32Handler
                0x0000000002005708       0xd4 C:/devkitPro/libnds/lib\libnds9.a(fifosystem.o)
                0x0000000002005708                fifoSetValue32Handler
 .text.fifoSendValue32
                0x00000000020057dc       0x4c C:/devkitPro/libnds/lib\libnds9.a(fifosystem.o)
                0x00000000020057dc                fifoSendValue32
 .text.fifoSendDatamsg
                0x0000000002005828       0x90 C:/devkitPro/libnds/lib\libnds9.a(fifosystem.o)
                0x0000000002005828                fifoSendDatamsg
 .text.fifoGetDatamsg
                0x00000000020058b8       0xf4 C:/devkitPro/libnds/lib\libnds9.a(fifosystem.o)
                0x00000000020058b8                fifoGetDatamsg
 .text.fifoInternalRecvInterrupt
                0x00000000020059ac      0x37c C:/devkitPro/libnds/lib\libnds9.a(fifosystem.o)
 .text.fifoSetDatamsgHandler
                0x0000000002005d28       0x9c C:/devkitPro/libnds/lib\libnds9.a(fifosystem.o)
                0x0000000002005d28                fifoSetDatamsgHandler
 .text.fifoInit
                0x0000000002005dc4      0x108 C:/devkitPro/libnds/lib\libnds9.a(fifosystem.o)
                0x0000000002005dc4                fifoInit
 .text.__libnds_mpu_setup
                0x0000000002005ecc      0x174 C:/devkitPro/libnds/lib\libnds9.a(mpu_setup.o)
                0x0000000002005ecc                __libnds_mpu_setup
 .text.memUncached
                0x0000000002006040       0x20 C:/devkitPro/libnds/lib\libnds9.a(mpu_setup.o)
                0x0000000002006040                memUncached
 .text.swiWaitForVBlank
                0x0000000002006060        0x8 C:/devkitPro/libnds/lib\libnds9.a(IntrWait.o)
                0x0000000002006060                swiWaitForVBlank
 .text.swiIntrWait
                0x0000000002006068       0x70 C:/devkitPro/libnds/lib\libnds9.a(IntrWait.o)
                0x0000000002006068                swiIntrWait
 .text.setCpuClock
                0x00000000020060d8       0x50 C:/devkitPro/libnds/lib\libnds9.a(cpu_clock.o)
                0x00000000020060d8                setCpuClock
 .text.swiDelay
                0x0000000002006128        0x4 C:/devkitPro/libnds/lib\libnds9.a(biosCalls.o)
                0x0000000002006128                swiDelay
 .text.swiCopy  0x000000000200612c        0x4 C:/devkitPro/libnds/lib\libnds9.a(biosCalls.o)
                0x000000000200612c                swiCopy
 .text.swiSoftReset
                0x0000000002006130       0x2c C:/devkitPro/libnds/lib\libnds9.a(swiSoftReset.o)
                0x0000000002006130                swiSoftReset
 .text.checkIfText
                0x000000000200615c       0x5c C:/devkitPro/libnds/lib\libnds9.a(background.o)
                0x000000000200615c                checkIfText
 .text.bgUpdate
                0x00000000020061b8       0xf4 C:/devkitPro/libnds/lib\libnds9.a(background.o)
                0x00000000020061b8                bgUpdate
 .text.bgInit_call
                0x00000000020062ac       0xc4 C:/devkitPro/libnds/lib\libnds9.a(background.o)
                0x00000000020062ac                bgInit_call
 .text.bgInitSub_call
                0x0000000002006370       0xcc C:/devkitPro/libnds/lib\libnds9.a(background.o)
                0x0000000002006370                bgInitSub_call
 .text.DynamicArrayInit
                0x000000000200643c       0x18 C:/devkitPro/libnds/lib\libnds9.a(dynamicArray.o)
                0x000000000200643c                DynamicArrayInit
 .text.DynamicArrayGet
                0x0000000002006454       0x18 C:/devkitPro/libnds/lib\libnds9.a(dynamicArray.o)
                0x0000000002006454                DynamicArrayGet
 .text.DynamicArraySet
                0x000000000200646c       0x48 C:/devkitPro/libnds/lib\libnds9.a(dynamicArray.o)
                0x000000000200646c                DynamicArraySet
 .text.sinLutLookup
                0x00000000020064b4       0x4c C:/devkitPro/libnds/lib\libnds9.a(trig.o)
                0x00000000020064b4                sinLutLookup
 .text.sinLerp  0x0000000002006500       0x40 C:/devkitPro/libnds/lib\libnds9.a(trig.o)
                0x0000000002006500                sinLerp
 .text.cosLerp  0x0000000002006540       0x4c C:/devkitPro/libnds/lib\libnds9.a(trig.o)
                0x0000000002006540                cosLerp
 .text.tanLerp  0x000000000200658c       0xb0 C:/devkitPro/libnds/lib\libnds9.a(trig.o)
                0x000000000200658c                tanLerp
 .text.vramRestorePrimaryBanks
                0x000000000200663c        0xc C:/devkitPro/libnds/lib\libnds9.a(video.o)
                0x000000000200663c                vramRestorePrimaryBanks
 .text.vramRestoreBanks_EFG
                0x0000000002006648        0xc C:/devkitPro/libnds/lib\libnds9.a(video.o)
                0x0000000002006648                vramRestoreBanks_EFG
 .text.vramDefault
                0x0000000002006654       0xd0 C:/devkitPro/libnds/lib\libnds9.a(video.o)
                0x0000000002006654                vramDefault
 .text.systemValueHandler
                0x0000000002006724       0x48 C:/devkitPro/libnds/lib\libnds9.a(system.o)
                0x0000000002006724                systemValueHandler
 .text.systemMsgHandler
                0x000000000200676c       0x60 C:/devkitPro/libnds/lib\libnds9.a(system.o)
                0x000000000200676c                systemMsgHandler
 .text.powerOn  0x00000000020067cc       0x2c C:/devkitPro/libnds/lib\libnds9.a(system.o)
                0x00000000020067cc                powerOn
 .text.__muldi3
                0x00000000020067f8       0x18 c:/devkitpro/devkitarm/bin/../lib/gcc/arm-none-eabi/12.1.0\libgcc.a(_muldi3.o)
                0x00000000020067f8                __muldi3
                0x00000000020067f8                __aeabi_lmul
 .text.calloc   0x0000000002006810       0x24 c:/devkitpro/devkitarm/bin/../lib/gcc/arm-none-eabi/12.1.0/../../../../arm-none-eabi/lib\libg.a(lib_a-calloc.o)
                0x0000000002006810                calloc
 .text._calloc_r
                0x0000000002006834       0xd0 c:/devkitpro/devkitarm/bin/../lib/gcc/arm-none-eabi/12.1.0/../../../../arm-none-eabi/lib\libg.a(lib_a-callocr.o)
                0x0000000002006834                _calloc_r
 .text.__errno  0x0000000002006904       0x10 c:/devkitpro/devkitarm/bin/../lib/gcc/arm-none-eabi/12.1.0/../../../../arm-none-eabi/lib\libg.a(lib_a-errno.o)
                0x0000000002006904                __errno
 .text._fclose_r
                0x0000000002006914      0x164 c:/devkitpro/devkitarm/bin/../lib/gcc/arm-none-eabi/12.1.0/../../../../arm-none-eabi/lib\libg.a(lib_a-fclose.o)
                0x0000000002006914                _fclose_r
 .text.fclose   0x0000000002006a78       0x18 c:/devkitpro/devkitarm/bin/../lib/gcc/arm-none-eabi/12.1.0/../../../../arm-none-eabi/lib\libg.a(lib_a-fclose.o)
                0x0000000002006a78                fclose
 .text.__sflush_r
                0x0000000002006a90      0x250 c:/devkitpro/devkitarm/bin/../lib/gcc/arm-none-eabi/12.1.0/../../../../arm-none-eabi/lib\libg.a(lib_a-fflush.o)
                0x0000000002006a90                __sflush_r
 .text._fflush_r
                0x0000000002006ce0       0x9c c:/devkitpro/devkitarm/bin/../lib/gcc/arm-none-eabi/12.1.0/../../../../arm-none-eabi/lib\libg.a(lib_a-fflush.o)
                0x0000000002006ce0                _fflush_r
 .text.fflush   0x0000000002006d7c       0x3c c:/devkitpro/devkitarm/bin/../lib/gcc/arm-none-eabi/12.1.0/../../../../arm-none-eabi/lib\libg.a(lib_a-fflush.o)
                0x0000000002006d7c                fflush
 .text._cleanup_r
                0x0000000002006db8       0x18 c:/devkitpro/devkitarm/bin/../lib/gcc/arm-none-eabi/12.1.0/../../../../arm-none-eabi/lib\libg.a(lib_a-findfp.o)
                0x0000000002006db8                _cleanup_r
 .text.__sinit  0x0000000002006dd0      0x18c c:/devkitpro/devkitarm/bin/../lib/gcc/arm-none-eabi/12.1.0/../../../../arm-none-eabi/lib\libg.a(lib_a-findfp.o)
                0x0000000002006dd0                __sinit
 .text.__sfp    0x0000000002006f5c      0x138 c:/devkitpro/devkitarm/bin/../lib/gcc/arm-none-eabi/12.1.0/../../../../arm-none-eabi/lib\libg.a(lib_a-findfp.o)
                0x0000000002006f5c                __sfp
 .text.__sfp_lock_acquire
                0x0000000002007094       0x18 c:/devkitpro/devkitarm/bin/../lib/gcc/arm-none-eabi/12.1.0/../../../../arm-none-eabi/lib\libg.a(lib_a-findfp.o)
                0x0000000002007094                __sfp_lock_acquire
 .text.__sfp_lock_release
                0x00000000020070ac       0x18 c:/devkitpro/devkitarm/bin/../lib/gcc/arm-none-eabi/12.1.0/../../../../arm-none-eabi/lib\libg.a(lib_a-findfp.o)
                0x00000000020070ac                __sfp_lock_release
 .text._fopen_r
                0x00000000020070c4      0x140 c:/devkitpro/devkitarm/bin/../lib/gcc/arm-none-eabi/12.1.0/../../../../arm-none-eabi/lib\libg.a(lib_a-fopen.o)
                0x00000000020070c4                _fopen_r
 .text.fopen    0x0000000002007204       0x20 c:/devkitpro/devkitarm/bin/../lib/gcc/arm-none-eabi/12.1.0/../../../../arm-none-eabi/lib\libg.a(lib_a-fopen.o)
                0x0000000002007204                fopen
 .text._fread_r
                0x0000000002007224      0x2d8 c:/devkitpro/devkitarm/bin/../lib/gcc/arm-none-eabi/12.1.0/../../../../arm-none-eabi/lib\libg.a(lib_a-fread.o)
                0x0000000002007224                _fread_r
 .text.fread    0x00000000020074fc       0x3c c:/devkitpro/devkitarm/bin/../lib/gcc/arm-none-eabi/12.1.0/../../../../arm-none-eabi/lib\libg.a(lib_a-fread.o)
                0x00000000020074fc                fread
 .text._malloc_trim_r
                0x0000000002007538      0x100 c:/devkitpro/devkitarm/bin/../lib/gcc/arm-none-eabi/12.1.0/../../../../arm-none-eabi/lib\libg.a(lib_a-freer.o)
                0x0000000002007538                _malloc_trim_r
 .text._free_r  0x0000000002007638      0x2e8 c:/devkitpro/devkitarm/bin/../lib/gcc/arm-none-eabi/12.1.0/../../../../arm-none-eabi/lib\libg.a(lib_a-freer.o)
                0x0000000002007638                _free_r
 .text._fseek_r
                0x0000000002007920       0x20 c:/devkitpro/devkitarm/bin/../lib/gcc/arm-none-eabi/12.1.0/../../../../arm-none-eabi/lib\libg.a(lib_a-fseek.o)
                0x0000000002007920                _fseek_r
 .text.fseek    0x0000000002007940       0x38 c:/devkitpro/devkitarm/bin/../lib/gcc/arm-none-eabi/12.1.0/../../../../arm-none-eabi/lib\libg.a(lib_a-fseek.o)
                0x0000000002007940                fseek
 .text._fseeko_r
                0x0000000002007978      0x5a0 c:/devkitpro/devkitarm/bin/../lib/gcc/arm-none-eabi/12.1.0/../../../../arm-none-eabi/lib\libg.a(lib_a-fseeko.o)
                0x0000000002007978                _fseeko_r
 .text._fwalk   0x0000000002007f18       0x70 c:/devkitpro/devkitarm/bin/../lib/gcc/arm-none-eabi/12.1.0/../../../../arm-none-eabi/lib\libg.a(lib_a-fwalk.o)
                0x0000000002007f18                _fwalk
 .text._fwalk_reent
                0x0000000002007f88       0x78 c:/devkitpro/devkitarm/bin/../lib/gcc/arm-none-eabi/12.1.0/../../../../arm-none-eabi/lib\libg.a(lib_a-fwalk.o)
                0x0000000002007f88                _fwalk_reent
 .text.__libc_init_array
                0x0000000002008000       0x90 c:/devkitpro/devkitarm/bin/../lib/gcc/arm-none-eabi/12.1.0/../../../../arm-none-eabi/lib\libg.a(lib_a-init.o)
                0x0000000002008000                __libc_init_array
 .text.iprintf  0x0000000002008090       0x34 c:/devkitpro/devkitarm/bin/../lib/gcc/arm-none-eabi/12.1.0/../../../../arm-none-eabi/lib\libg.a(lib_a-iprintf.o)
                0x0000000002008090                iprintf
 .text.__smakebuf_r
                0x00000000020080c4      0x144 c:/devkitpro/devkitarm/bin/../lib/gcc/arm-none-eabi/12.1.0/../../../../arm-none-eabi/lib\libg.a(lib_a-makebuf.o)
                0x00000000020080c4                __smakebuf_r
 .text.__swhatbuf_r
                0x0000000002008208       0x80 c:/devkitpro/devkitarm/bin/../lib/gcc/arm-none-eabi/12.1.0/../../../../arm-none-eabi/lib\libg.a(lib_a-makebuf.o)
                0x0000000002008208                __swhatbuf_r
 .text.malloc   0x0000000002008288       0x1c c:/devkitpro/devkitarm/bin/../lib/gcc/arm-none-eabi/12.1.0/../../../../arm-none-eabi/lib\libg.a(lib_a-malloc.o)
                0x0000000002008288                malloc
 .text.free     0x00000000020082a4       0x1c c:/devkitpro/devkitarm/bin/../lib/gcc/arm-none-eabi/12.1.0/../../../../arm-none-eabi/lib\libg.a(lib_a-malloc.o)
                0x00000000020082a4                free
 .text._malloc_r
                0x00000000020082c0      0x7f0 c:/devkitpro/devkitarm/bin/../lib/gcc/arm-none-eabi/12.1.0/../../../../arm-none-eabi/lib\libg.a(lib_a-mallocr.o)
                0x00000000020082c0                _malloc_r
 .text.memcpy   0x0000000002008ab0      0x114 c:/devkitpro/devkitarm/bin/../lib/gcc/arm-none-eabi/12.1.0/../../../../arm-none-eabi/lib\libg.a(lib_a-memcpy-stub.o)
                0x0000000002008ab0                memcpy
 .text.memset   0x0000000002008bc4       0xfc c:/devkitpro/devkitarm/bin/../lib/gcc/arm-none-eabi/12.1.0/../../../../arm-none-eabi/lib\libg.a(lib_a-memset.o)
                0x0000000002008bc4                memset
 .text.__malloc_lock
                0x0000000002008cc0       0x18 c:/devkitpro/devkitarm/bin/../lib/gcc/arm-none-eabi/12.1.0/../../../../arm-none-eabi/lib\libg.a(lib_a-mlock.o)
                0x0000000002008cc0                __malloc_lock
 .text.__malloc_unlock
                0x0000000002008cd8       0x18 c:/devkitpro/devkitarm/bin/../lib/gcc/arm-none-eabi/12.1.0/../../../../arm-none-eabi/lib\libg.a(lib_a-mlock.o)
                0x0000000002008cd8                __malloc_unlock
 .text.srand    0x0000000002008cf0       0x20 c:/devkitpro/devkitarm/bin/../lib/gcc/arm-none-eabi/12.1.0/../../../../arm-none-eabi/lib\libg.a(lib_a-rand.o)
                0x0000000002008cf0                srand
 .text.rand     0x0000000002008d10       0x48 c:/devkitpro/devkitarm/bin/../lib/gcc/arm-none-eabi/12.1.0/../../../../arm-none-eabi/lib\libg.a(lib_a-rand.o)
                0x0000000002008d10                rand
 .text.realloc  0x0000000002008d58       0x24 c:/devkitpro/devkitarm/bin/../lib/gcc/arm-none-eabi/12.1.0/../../../../arm-none-eabi/lib\libg.a(lib_a-realloc.o)
                0x0000000002008d58                realloc
 .text._realloc_r
                0x0000000002008d7c      0x4b8 c:/devkitpro/devkitarm/bin/../lib/gcc/arm-none-eabi/12.1.0/../../../../arm-none-eabi/lib\libg.a(lib_a-reallocr.o)
                0x0000000002008d7c                _realloc_r
 .text.lflush   0x0000000002009234       0x28 c:/devkitpro/devkitarm/bin/../lib/gcc/arm-none-eabi/12.1.0/../../../../arm-none-eabi/lib\libg.a(lib_a-refill.o)
 .text.__srefill_r
                0x000000000200925c      0x198 c:/devkitpro/devkitarm/bin/../lib/gcc/arm-none-eabi/12.1.0/../../../../arm-none-eabi/lib\libg.a(lib_a-refill.o)
                0x000000000200925c                __srefill_r
 .text.setvbuf  0x00000000020093f4      0x25c c:/devkitpro/devkitarm/bin/../lib/gcc/arm-none-eabi/12.1.0/../../../../arm-none-eabi/lib\libg.a(lib_a-setvbuf.o)
                0x00000000020093f4                setvbuf
 .text.siscanf  0x0000000002009650       0x74 c:/devkitpro/devkitarm/bin/../lib/gcc/arm-none-eabi/12.1.0/../../../../arm-none-eabi/lib\libg.a(lib_a-siscanf.o)
                0x0000000002009650                siscanf
 .text.__sread  0x00000000020096c4       0x4c c:/devkitpro/devkitarm/bin/../lib/gcc/arm-none-eabi/12.1.0/../../../../arm-none-eabi/lib\libg.a(lib_a-stdio.o)
                0x00000000020096c4                __sread
 .text.__seofread
                0x0000000002009710        0x8 c:/devkitpro/devkitarm/bin/../lib/gcc/arm-none-eabi/12.1.0/../../../../arm-none-eabi/lib\libg.a(lib_a-stdio.o)
                0x0000000002009710                __seofread
 .text.__swrite
                0x0000000002009718       0x6c c:/devkitpro/devkitarm/bin/../lib/gcc/arm-none-eabi/12.1.0/../../../../arm-none-eabi/lib\libg.a(lib_a-stdio.o)
                0x0000000002009718                __swrite
 .text.__sseek  0x0000000002009784       0x48 c:/devkitpro/devkitarm/bin/../lib/gcc/arm-none-eabi/12.1.0/../../../../arm-none-eabi/lib\libg.a(lib_a-stdio.o)
                0x0000000002009784                __sseek
 .text.__sclose
                0x00000000020097cc       0x14 c:/devkitpro/devkitarm/bin/../lib/gcc/arm-none-eabi/12.1.0/../../../../arm-none-eabi/lib\libg.a(lib_a-stdio.o)
                0x00000000020097cc                __sclose
 .text.strlen   0x00000000020097e0       0x60 c:/devkitpro/devkitarm/bin/../lib/gcc/arm-none-eabi/12.1.0/../../../../arm-none-eabi/lib\libg.a(lib_a-strlen-stub.o)
                0x00000000020097e0                strlen
 .text.get_arg  0x0000000002009840       0x54 c:/devkitpro/devkitarm/bin/../lib/gcc/arm-none-eabi/12.1.0/../../../../arm-none-eabi/lib\libg.a(lib_a-svfiscanf.o)
 .text._sungetc_r
                0x0000000002009894       0xdc c:/devkitpro/devkitarm/bin/../lib/gcc/arm-none-eabi/12.1.0/../../../../arm-none-eabi/lib\libg.a(lib_a-svfiscanf.o)
                0x0000000002009894                _sungetc_r
 .text.__ssrefill_r
                0x0000000002009970       0x68 c:/devkitpro/devkitarm/bin/../lib/gcc/arm-none-eabi/12.1.0/../../../../arm-none-eabi/lib\libg.a(lib_a-svfiscanf.o)
                0x0000000002009970                __ssrefill_r
 .text._sfread_r
                0x00000000020099d8       0xc8 c:/devkitpro/devkitarm/bin/../lib/gcc/arm-none-eabi/12.1.0/../../../../arm-none-eabi/lib\libg.a(lib_a-svfiscanf.o)
                0x00000000020099d8                _sfread_r
 .text.__ssvfiscanf_r
                0x0000000002009aa0     0x2338 c:/devkitpro/devkitarm/bin/../lib/gcc/arm-none-eabi/12.1.0/../../../../arm-none-eabi/lib\libg.a(lib_a-svfiscanf.o)
                0x0000000002009aa0                __ssvfiscanf_r
 .text.time     0x000000000200bdd8       0x40 c:/devkitpro/devkitarm/bin/../lib/gcc/arm-none-eabi/12.1.0/../../../../arm-none-eabi/lib\libg.a(lib_a-time.o)
                0x000000000200bdd8                time
 .text.__submore
                0x000000000200be18       0xa8 c:/devkitpro/devkitarm/bin/../lib/gcc/arm-none-eabi/12.1.0/../../../../arm-none-eabi/lib\libg.a(lib_a-ungetc.o)
                0x000000000200be18                __submore
 .text.get_arg  0x000000000200bec0      0x674 c:/devkitpro/devkitarm/bin/../lib/gcc/arm-none-eabi/12.1.0/../../../../arm-none-eabi/lib\libg.a(lib_a-vfiprintf.o)
 .text.__sprint_r
                0x000000000200c534       0x34 c:/devkitpro/devkitarm/bin/../lib/gcc/arm-none-eabi/12.1.0/../../../../arm-none-eabi/lib\libg.a(lib_a-vfiprintf.o)
                0x000000000200c534                __sprint_r
 .text._vfiprintf_r
                0x000000000200c568     0x2320 c:/devkitpro/devkitarm/bin/../lib/gcc/arm-none-eabi/12.1.0/../../../../arm-none-eabi/lib\libg.a(lib_a-vfiprintf.o)
                0x000000000200c568                _vfiprintf_r
 .text.__sbprintf
                0x000000000200e888       0xd4 c:/devkitpro/devkitarm/bin/../lib/gcc/arm-none-eabi/12.1.0/../../../../arm-none-eabi/lib\libg.a(lib_a-vfiprintf.o)
 .text._wcrtomb_r
                0x000000000200e95c       0x5c c:/devkitpro/devkitarm/bin/../lib/gcc/arm-none-eabi/12.1.0/../../../../arm-none-eabi/lib\libg.a(lib_a-wcrtomb.o)
                0x000000000200e95c                _wcrtomb_r
 .text._wcsrtombs_r
                0x000000000200e9b8       0x2c c:/devkitpro/devkitarm/bin/../lib/gcc/arm-none-eabi/12.1.0/../../../../arm-none-eabi/lib\libg.a(lib_a-wcsrtombs.o)
                0x000000000200e9b8                _wcsrtombs_r
 .text.__swsetup_r
                0x000000000200e9e4      0x148 c:/devkitpro/devkitarm/bin/../lib/gcc/arm-none-eabi/12.1.0/../../../../arm-none-eabi/lib\libg.a(lib_a-wsetup.o)
                0x000000000200e9e4                __swsetup_r
 .text.__sflags
                0x000000000200eb2c       0xd0 c:/devkitpro/devkitarm/bin/../lib/gcc/arm-none-eabi/12.1.0/../../../../arm-none-eabi/lib\libg.a(lib_a-flags.o)
                0x000000000200eb2c                __sflags
 .text.__sfvwrite_r
                0x000000000200ebfc      0x4c8 c:/devkitpro/devkitarm/bin/../lib/gcc/arm-none-eabi/12.1.0/../../../../arm-none-eabi/lib\libg.a(lib_a-fvwrite.o)
                0x000000000200ebfc                __sfvwrite_r
 .text.iswspace
                0x000000000200f0c4       0x14 c:/devkitpro/devkitarm/bin/../lib/gcc/arm-none-eabi/12.1.0/../../../../arm-none-eabi/lib\libg.a(lib_a-iswspace.o)
                0x000000000200f0c4                iswspace
 .text._localeconv_r
                0x000000000200f0d8        0xc c:/devkitpro/devkitarm/bin/../lib/gcc/arm-none-eabi/12.1.0/../../../../arm-none-eabi/lib\libg.a(lib_a-localeconv.o)
                0x000000000200f0d8                _localeconv_r
 .text.__locale_mb_cur_max
                0x000000000200f0e4       0x10 c:/devkitpro/devkitarm/bin/../lib/gcc/arm-none-eabi/12.1.0/../../../../arm-none-eabi/lib\libg.a(lib_a-locale.o)
                0x000000000200f0e4                __locale_mb_cur_max
 .text._mbrtowc_r
                0x000000000200f0f4       0x70 c:/devkitpro/devkitarm/bin/../lib/gcc/arm-none-eabi/12.1.0/../../../../arm-none-eabi/lib\libg.a(lib_a-mbrtowc.o)
                0x000000000200f0f4                _mbrtowc_r
 .text.__utf8_mbtowc
                0x000000000200f164      0x308 c:/devkitpro/devkitarm/bin/../lib/gcc/arm-none-eabi/12.1.0/../../../../arm-none-eabi/lib\libg.a(lib_a-mbtowc_r.o)
                0x000000000200f164                __utf8_mbtowc
 .text.memchr   0x000000000200f46c       0xf4 c:/devkitpro/devkitarm/bin/../lib/gcc/arm-none-eabi/12.1.0/../../../../arm-none-eabi/lib\libg.a(lib_a-memchr-stub.o)
                0x000000000200f46c                memchr
 .text.memmove  0x000000000200f560      0x154 c:/devkitpro/devkitarm/bin/../lib/gcc/arm-none-eabi/12.1.0/../../../../arm-none-eabi/lib\libg.a(lib_a-memmove.o)
                0x000000000200f560                memmove
 .text.__sccl   0x000000000200f6b4       0xe4 c:/devkitpro/devkitarm/bin/../lib/gcc/arm-none-eabi/12.1.0/../../../../arm-none-eabi/lib\libg.a(lib_a-sccl.o)
                0x000000000200f6b4                __sccl
 .text.strchr   0x000000000200f798      0x13c c:/devkitpro/devkitarm/bin/../lib/gcc/arm-none-eabi/12.1.0/../../../../arm-none-eabi/lib\libg.a(lib_a-strchr.o)
                0x000000000200f798                strchr
 .text.strncpy  0x000000000200f8d4       0xd0 c:/devkitpro/devkitarm/bin/../lib/gcc/arm-none-eabi/12.1.0/../../../../arm-none-eabi/lib\libg.a(lib_a-strncpy.o)
                0x000000000200f8d4                strncpy
 .text._strtoll_l.constprop.0
                0x000000000200f9a4      0x234 c:/devkitpro/devkitarm/bin/../lib/gcc/arm-none-eabi/12.1.0/../../../../arm-none-eabi/lib\libg.a(lib_a-strtoll.o)
 .text._strtoll_r
                0x000000000200fbd8        0x4 c:/devkitpro/devkitarm/bin/../lib/gcc/arm-none-eabi/12.1.0/../../../../arm-none-eabi/lib\libg.a(lib_a-strtoll.o)
                0x000000000200fbd8                _strtoll_r
 .text._strtol_l.part.0
                0x000000000200fbdc      0x1a8 c:/devkitpro/devkitarm/bin/../lib/gcc/arm-none-eabi/12.1.0/../../../../arm-none-eabi/lib\libg.a(lib_a-strtol.o)
 .text._strtol_r
                0x000000000200fd84       0x3c c:/devkitpro/devkitarm/bin/../lib/gcc/arm-none-eabi/12.1.0/../../../../arm-none-eabi/lib\libg.a(lib_a-strtol.o)
                0x000000000200fd84                _strtol_r
 .text._strtoull_l.constprop.0
                0x000000000200fdc0      0x248 c:/devkitpro/devkitarm/bin/../lib/gcc/arm-none-eabi/12.1.0/../../../../arm-none-eabi/lib\libg.a(lib_a-strtoull.o)
 .text._strtoull_r
                0x0000000002010008        0x4 c:/devkitpro/devkitarm/bin/../lib/gcc/arm-none-eabi/12.1.0/../../../../arm-none-eabi/lib\libg.a(lib_a-strtoull.o)
                0x0000000002010008                _strtoull_r
 .text._strtoul_l.constprop.0
                0x000000000201000c      0x1c8 c:/devkitpro/devkitarm/bin/../lib/gcc/arm-none-eabi/12.1.0/../../../../arm-none-eabi/lib\libg.a(lib_a-strtoul.o)
 .text._strtoul_r
                0x00000000020101d4        0x4 c:/devkitpro/devkitarm/bin/../lib/gcc/arm-none-eabi/12.1.0/../../../../arm-none-eabi/lib\libg.a(lib_a-strtoul.o)
                0x00000000020101d4                _strtoul_r
 .text._wcsnrtombs_l
                0x00000000020101d8      0x198 c:/devkitpro/devkitarm/bin/../lib/gcc/arm-none-eabi/12.1.0/../../../../arm-none-eabi/lib\libg.a(lib_a-wcsnrtombs.o)
                0x00000000020101d8                _wcsnrtombs_l
 .text._wcsnrtombs_r
                0x0000000002010370       0x50 c:/devkitpro/devkitarm/bin/../lib/gcc/arm-none-eabi/12.1.0/../../../../arm-none-eabi/lib\libg.a(lib_a-wcsnrtombs.o)
                0x0000000002010370                _wcsnrtombs_r
 .text.__utf8_wctomb
                0x00000000020103c0       0xf4 c:/devkitpro/devkitarm/bin/../lib/gcc/arm-none-eabi/12.1.0/../../../../arm-none-eabi/lib\libg.a(lib_a-wctomb_r.o)
                0x00000000020103c0                __utf8_wctomb
 .text.iswspace_l
                0x00000000020104b4       0x44 c:/devkitpro/devkitarm/bin/../lib/gcc/arm-none-eabi/12.1.0/../../../../arm-none-eabi/lib\libg.a(lib_a-iswspace_l.o)
                0x00000000020104b4                iswspace_l
 .text.__jp2uc  0x00000000020104f8      0x1e8 c:/devkitpro/devkitarm/bin/../lib/gcc/arm-none-eabi/12.1.0/../../../../arm-none-eabi/lib\libg.a(lib_a-jp2uc.o)
 .text._jp2uc_l
                0x00000000020106e0       0x94 c:/devkitpro/devkitarm/bin/../lib/gcc/arm-none-eabi/12.1.0/../../../../arm-none-eabi/lib\libg.a(lib_a-jp2uc.o)
                0x00000000020106e0                _jp2uc_l
 .text.strncmp  0x0000000002010774       0xec c:/devkitpro/devkitarm/bin/../lib/gcc/arm-none-eabi/12.1.0/../../../../arm-none-eabi/lib\libg.a(lib_a-strncmp.o)
                0x0000000002010774                strncmp
 .text.category
                0x0000000002010860       0x94 c:/devkitpro/devkitarm/bin/../lib/gcc/arm-none-eabi/12.1.0/../../../../arm-none-eabi/lib\libg.a(lib_a-categories.o)
                0x0000000002010860                category
 .text.null_write
                0x00000000020108f4        0x8 c:/devkitpro/devkitarm/bin/../lib/gcc/arm-none-eabi/12.1.0/../../../../arm-none-eabi/lib\libsysbase.a(iosupport.o)
 .text.FindDevice
                0x00000000020108fc       0xd4 c:/devkitpro/devkitarm/bin/../lib/gcc/arm-none-eabi/12.1.0/../../../../arm-none-eabi/lib\libsysbase.a(iosupport.o)
                0x00000000020108fc                FindDevice
 .text._fstat_r
                0x00000000020109d0       0x7c c:/devkitpro/devkitarm/bin/../lib/gcc/arm-none-eabi/12.1.0/../../../../arm-none-eabi/lib\libsysbase.a(fstat.o)
                0x00000000020109d0                _fstat_r
 .text._gettimeofday_r
                0x0000000002010a4c       0x34 c:/devkitpro/devkitarm/bin/../lib/gcc/arm-none-eabi/12.1.0/../../../../arm-none-eabi/lib\libsysbase.a(gettod.o)
                0x0000000002010a4c                _gettimeofday_r
 .text._isatty_r
                0x0000000002010a80        0x8 c:/devkitpro/devkitarm/bin/../lib/gcc/arm-none-eabi/12.1.0/../../../../arm-none-eabi/lib\libsysbase.a(isatty.o)
                0x0000000002010a80                _isatty_r
 .text._lseek_r
                0x0000000002010a88       0x88 c:/devkitpro/devkitarm/bin/../lib/gcc/arm-none-eabi/12.1.0/../../../../arm-none-eabi/lib\libsysbase.a(lseek.o)
                0x0000000002010a88                _lseek_r
 .text._open_r  0x0000000002010b10       0xc8 c:/devkitpro/devkitarm/bin/../lib/gcc/arm-none-eabi/12.1.0/../../../../arm-none-eabi/lib\libsysbase.a(open.o)
                0x0000000002010b10                _open_r
 .text._read_r  0x0000000002010bd8       0x84 c:/devkitpro/devkitarm/bin/../lib/gcc/arm-none-eabi/12.1.0/../../../../arm-none-eabi/lib\libsysbase.a(read.o)
                0x0000000002010bd8                _read_r
 .text._sbrk_r  0x0000000002010c5c       0x7c c:/devkitpro/devkitarm/bin/../lib/gcc/arm-none-eabi/12.1.0/../../../../arm-none-eabi/lib\libsysbase.a(sbrk.o)
                0x0000000002010c5c                _sbrk_r
 .text._write_r
                0x0000000002010cd8       0x84 c:/devkitpro/devkitarm/bin/../lib/gcc/arm-none-eabi/12.1.0/../../../../arm-none-eabi/lib\libsysbase.a(write.o)
                0x0000000002010cd8                _write_r
 .text.build_argv
                0x0000000002010d5c       0x80 c:/devkitpro/devkitarm/bin/../lib/gcc/arm-none-eabi/12.1.0/../../../../arm-none-eabi/lib\libsysbase.a(build_argv.o)
                0x0000000002010d5c                build_argv
 .text.__flockfile
                0x0000000002010ddc       0x14 c:/devkitpro/devkitarm/bin/../lib/gcc/arm-none-eabi/12.1.0/../../../../arm-none-eabi/lib\libsysbase.a(flock.o)
                0x0000000002010ddc                __flockfile
 .text.__funlockfile
                0x0000000002010df0       0x14 c:/devkitpro/devkitarm/bin/../lib/gcc/arm-none-eabi/12.1.0/../../../../arm-none-eabi/lib\libsysbase.a(flock.o)
                0x0000000002010df0                __funlockfile
 .text.__release_handle
                0x0000000002010e04       0x90 c:/devkitpro/devkitarm/bin/../lib/gcc/arm-none-eabi/12.1.0/../../../../arm-none-eabi/lib\libsysbase.a(handle_manager.o)
                0x0000000002010e04                __release_handle
 .text.__alloc_handle
                0x0000000002010e94       0xb4 c:/devkitpro/devkitarm/bin/../lib/gcc/arm-none-eabi/12.1.0/../../../../arm-none-eabi/lib\libsysbase.a(handle_manager.o)
                0x0000000002010e94                __alloc_handle
 .text.__get_handle
                0x0000000002010f48       0x40 c:/devkitpro/devkitarm/bin/../lib/gcc/arm-none-eabi/12.1.0/../../../../arm-none-eabi/lib\libsysbase.a(handle_manager.o)
                0x0000000002010f48                __get_handle
 .text._close_r
                0x0000000002010f88       0xfc c:/devkitpro/devkitarm/bin/../lib/gcc/arm-none-eabi/12.1.0/../../../../arm-none-eabi/lib\libsysbase.a(handle_manager.o)
                0x0000000002010f88                _close_r
 .text.__getreent
                0x0000000002011084       0x30 c:/devkitpro/devkitarm/bin/../lib/gcc/arm-none-eabi/12.1.0/../../../../arm-none-eabi/lib\libsysbase.a(getreent.o)
                0x0000000002011084                __getreent
 .text.__libc_lock_acquire
                0x00000000020110b4       0x20 c:/devkitpro/devkitarm/bin/../lib/gcc/arm-none-eabi/12.1.0/../../../../arm-none-eabi/lib\libsysbase.a(syscall_support.o)
                0x00000000020110b4                __libc_lock_acquire
 .text.__libc_lock_release
                0x00000000020110d4       0x20 c:/devkitpro/devkitarm/bin/../lib/gcc/arm-none-eabi/12.1.0/../../../../arm-none-eabi/lib\libsysbase.a(syscall_support.o)
                0x00000000020110d4                __libc_lock_release
 .text.__libc_lock_init_recursive
                0x00000000020110f4       0x20 c:/devkitpro/devkitarm/bin/../lib/gcc/arm-none-eabi/12.1.0/../../../../arm-none-eabi/lib\libsysbase.a(syscall_support.o)
                0x00000000020110f4                __libc_lock_init_recursive
 .text.__libc_lock_acquire_recursive
                0x0000000002011114       0x20 c:/devkitpro/devkitarm/bin/../lib/gcc/arm-none-eabi/12.1.0/../../../../arm-none-eabi/lib\libsysbase.a(syscall_support.o)
                0x0000000002011114                __libc_lock_acquire_recursive
 .text.__libc_lock_release_recursive
                0x0000000002011134       0x20 c:/devkitpro/devkitarm/bin/../lib/gcc/arm-none-eabi/12.1.0/../../../../arm-none-eabi/lib\libsysbase.a(syscall_support.o)
                0x0000000002011134                __libc_lock_release_recursive
 .text.__libc_lock_close_recursive
                0x0000000002011154       0x20 c:/devkitpro/devkitarm/bin/../lib/gcc/arm-none-eabi/12.1.0/../../../../arm-none-eabi/lib\libsysbase.a(syscall_support.o)
                0x0000000002011154                __libc_lock_close_recursive
 .text.__udivmoddi4
                0x0000000002011174      0x128 c:/devkitpro/devkitarm/bin/../lib/gcc/arm-none-eabi/12.1.0\libgcc.a(_udivmoddi4.o)
                0x0000000002011174                __udivmoddi4
 *fill*         0x000000000201129c        0x4 ff
 .text.__udivmoddi4.__stub
                0x00000000020112a0      0x130 linker stubs
 *(EXCLUDE_FILE(*.twl*) .gnu.warning)
 *(EXCLUDE_FILE(*.twl*) .gnu.linkonce.t*)
 *(.glue_7)
 .glue_7        0x0000000002011408        0x0 linker stubs
 *(.glue_7t)
 .glue_7t       0x0000000002011408        0x0 linker stubs
                0x0000000002011408                . = ALIGN (0x4)

.vfp11_veneer   0x0000000002011408        0x0
 .vfp11_veneer  0x0000000002011408        0x0 linker stubs

.v4_bx          0x0000000002011408        0x0
 .v4_bx         0x0000000002011408        0x0 linker stubs

.iplt           0x0000000002011408        0x0
 .iplt          0x0000000002011408        0x0 c:/devkitpro/devkitarm/bin/../lib/gcc/arm-none-eabi/12.1.0/../../../../arm-none-eabi/lib/ds_arm9_crt0.o

.fini           0x0000000002011408       0x18
 *(.fini)
 .fini          0x0000000002011408        0xc c:/devkitpro/devkitarm/bin/../lib/gcc/arm-none-eabi/12.1.0/crti.o
                0x0000000002011408                _fini
 .fini          0x0000000002011414        0xc c:/devkitpro/devkitarm/bin/../lib/gcc/arm-none-eabi/12.1.0/crtn.o
                0x0000000002011420                __text_end = .

.rodata         0x0000000002011420    0xcd124
 *(EXCLUDE_FILE(*.twl*) .rodata)
 .rodata        0x0000000002011420    0x18200 bgLong.o
                0x0000000002011420                bgLongBitmap
                0x0000000002029420                bgLongPal
 .rodata        0x0000000002029620     0xc200 bird.o
                0x0000000002029620                birdBitmap
                0x0000000002035620                birdPal
 .rodata        0x0000000002035820     0xc200 birdDown.o
                0x0000000002035820                birdDownBitmap
                0x0000000002041820                birdDownPal
 .rodata        0x0000000002041a20     0xc200 birdUp.o
                0x0000000002041a20                birdUpBitmap
                0x000000000204da20                birdUpPal
 .rodata        0x000000000204dc20     0xc200 floor.o
                0x000000000204dc20                floorBitmap
                0x0000000002059c20                floorPal
 .rodata        0x0000000002059e20     0xc200 pipeTop.o
                0x0000000002059e20                pipeTopBitmap
                0x0000000002065e20                pipeTopPal
 .rodata        0x0000000002066020       0x24 C:/devkitPro/libnds/lib\libnds9.a(videoGL.o)
 *all.rodata*(*)
 *(EXCLUDE_FILE(*.twl*) .roda)
 *(EXCLUDE_FILE(*.twl*) .rodata.*)
 .rodata.soundbank_bin
                0x0000000002066044    0x6f19c soundbank.bin.o
                0x0000000002066044                soundbank_bin
                0x00000000020d51e0                soundbank_bin_end
 .rodata.str1.4
                0x00000000020d51e0       0x75 main.o
 *fill*         0x00000000020d5255        0x3 ff
 .rodata.con_write.str1.4
                0x00000000020d5258       0x30 C:/devkitPro/libnds/lib\libnds9.a(console.o)
 .rodata.con_write
                0x00000000020d5288       0xd4 C:/devkitPro/libnds/lib\libnds9.a(console.o)
 .rodata.str1.4
                0x00000000020d535c       0x14 C:/devkitPro/libnds/lib\libnds9.a(console.o)
 .rodata.dotab_stdout
                0x00000000020d5370       0x70 C:/devkitPro/libnds/lib\libnds9.a(console.o)
 .rodata.glMaterialf
                0x00000000020d53e0       0x44 C:/devkitPro/libnds/lib\libnds9.a(videoGL.o)
 .rodata.default_font_bin
                0x00000000020d5424     0x2000 C:/devkitPro/libnds/lib\libnds9.a(default_font.bin.o)
                0x00000000020d5424                default_font_bin
                0x00000000020d7424                default_font_bin_end
 .rodata.SIN_LUT
                0x00000000020d7424      0x102 C:/devkitPro/libnds/lib\libnds9.a(trig.o)
                0x00000000020d7424                SIN_LUT
 *fill*         0x00000000020d7526        0x2 ff
 .rodata.TAN_LUT
                0x00000000020d7528      0x204 C:/devkitPro/libnds/lib\libnds9.a(trig.o)
                0x00000000020d7528                TAN_LUT
 .rodata._global_impure_ptr
                0x00000000020d772c        0x4 c:/devkitpro/devkitarm/bin/../lib/gcc/arm-none-eabi/12.1.0/../../../../arm-none-eabi/lib\libg.a(lib_a-impure.o)
                0x00000000020d772c                _global_impure_ptr
 .rodata.basefix.0
                0x00000000020d7730       0x22 c:/devkitpro/devkitarm/bin/../lib/gcc/arm-none-eabi/12.1.0/../../../../arm-none-eabi/lib\libg.a(lib_a-svfiscanf.o)
 .rodata._vfiprintf_r.str1.1
                0x00000000020d7752       0x29 c:/devkitpro/devkitarm/bin/../lib/gcc/arm-none-eabi/12.1.0/../../../../arm-none-eabi/lib\libg.a(lib_a-vfiprintf.o)
 *fill*         0x00000000020d777b        0x1 ff
 .rodata.zeroes.0
                0x00000000020d777c       0x10 c:/devkitpro/devkitarm/bin/../lib/gcc/arm-none-eabi/12.1.0/../../../../arm-none-eabi/lib\libg.a(lib_a-vfiprintf.o)
 .rodata.blanks.1
                0x00000000020d778c       0x10 c:/devkitpro/devkitarm/bin/../lib/gcc/arm-none-eabi/12.1.0/../../../../arm-none-eabi/lib\libg.a(lib_a-vfiprintf.o)
 .rodata._ctype_
                0x00000000020d779c      0x101 c:/devkitpro/devkitarm/bin/../lib/gcc/arm-none-eabi/12.1.0/../../../../arm-none-eabi/lib\libg.a(lib_a-ctype_.o)
                0x00000000020d779c                _ctype_
 *fill*         0x00000000020d789d        0x3 ff
 .rodata.str1.4
                0x00000000020d78a0       0x48 c:/devkitpro/devkitarm/bin/../lib/gcc/arm-none-eabi/12.1.0/../../../../arm-none-eabi/lib\libg.a(lib_a-locale.o)
                                         0x4c (size before relaxing)
 .rodata._mbrtowc_r.str1.4
                0x00000000020d78e8        0x1 c:/devkitpro/devkitarm/bin/../lib/gcc/arm-none-eabi/12.1.0/../../../../arm-none-eabi/lib\libg.a(lib_a-mbrtowc.o)
 .rodata.__action_table
                0x00000000020d78e8       0x6c c:/devkitpro/devkitarm/bin/../lib/gcc/arm-none-eabi/12.1.0/../../../../arm-none-eabi/lib\libg.a(lib_a-svfiprintf.o)
                0x00000000020d78e8                __action_table
 .rodata.__state_table
                0x00000000020d7954       0x6c c:/devkitpro/devkitarm/bin/../lib/gcc/arm-none-eabi/12.1.0/../../../../arm-none-eabi/lib\libg.a(lib_a-svfiprintf.o)
                0x00000000020d7954                __state_table
 .rodata.__chclass
                0x00000000020d79c0      0x100 c:/devkitpro/devkitarm/bin/../lib/gcc/arm-none-eabi/12.1.0/../../../../arm-none-eabi/lib\libg.a(lib_a-svfiprintf.o)
                0x00000000020d79c0                __chclass
 .rodata._jp2uc_l.str1.4
                0x00000000020d7ac0       0x12 c:/devkitpro/devkitarm/bin/../lib/gcc/arm-none-eabi/12.1.0/../../../../arm-none-eabi/lib\libg.a(lib_a-jp2uc.o)
 *fill*         0x00000000020d7ad2        0x2 ff
 .rodata.d02f4  0x00000000020d7ad4     0x1a7c c:/devkitpro/devkitarm/bin/../lib/gcc/arm-none-eabi/12.1.0/../../../../arm-none-eabi/lib\libg.a(lib_a-jp2uc.o)
 .rodata.b02cf  0x00000000020d9550     0x172a c:/devkitpro/devkitarm/bin/../lib/gcc/arm-none-eabi/12.1.0/../../../../arm-none-eabi/lib\libg.a(lib_a-jp2uc.o)
 *fill*         0x00000000020dac7a        0x2 ff
 .rodata.a8     0x00000000020dac7c       0x40 c:/devkitpro/devkitarm/bin/../lib/gcc/arm-none-eabi/12.1.0/../../../../arm-none-eabi/lib\libg.a(lib_a-jp2uc.o)
 .rodata.a7     0x00000000020dacbc       0xa2 c:/devkitpro/devkitarm/bin/../lib/gcc/arm-none-eabi/12.1.0/../../../../arm-none-eabi/lib\libg.a(lib_a-jp2uc.o)
 *fill*         0x00000000020dad5e        0x2 ff
 .rodata.a6     0x00000000020dad60       0x70 c:/devkitpro/devkitarm/bin/../lib/gcc/arm-none-eabi/12.1.0/../../../../arm-none-eabi/lib\libg.a(lib_a-jp2uc.o)
 .rodata.a3     0x00000000020dadd0       0x5b c:/devkitpro/devkitarm/bin/../lib/gcc/arm-none-eabi/12.1.0/../../../../arm-none-eabi/lib\libg.a(lib_a-jp2uc.o)
 *fill*         0x00000000020dae2b        0x1 ff
 .rodata.a2     0x00000000020dae2c       0xbc c:/devkitpro/devkitarm/bin/../lib/gcc/arm-none-eabi/12.1.0/../../../../arm-none-eabi/lib\libg.a(lib_a-jp2uc.o)
 .rodata.a1     0x00000000020daee8       0xbc c:/devkitpro/devkitarm/bin/../lib/gcc/arm-none-eabi/12.1.0/../../../../arm-none-eabi/lib\libg.a(lib_a-jp2uc.o)
 .rodata.categories
                0x00000000020dafa4     0x3528 c:/devkitpro/devkitarm/bin/../lib/gcc/arm-none-eabi/12.1.0/../../../../arm-none-eabi/lib\libg.a(lib_a-categories.o)
 .rodata.AddDevice.str1.4
                0x00000000020de4cc        0x8 c:/devkitpro/devkitarm/bin/../lib/gcc/arm-none-eabi/12.1.0/../../../../arm-none-eabi/lib\libsysbase.a(iosupport.o)
 .rodata.dotab_stdnull
                0x00000000020de4d4       0x70 c:/devkitpro/devkitarm/bin/../lib/gcc/arm-none-eabi/12.1.0/../../../../arm-none-eabi/lib\libsysbase.a(iosupport.o)
                0x00000000020de4d4                dotab_stdnull
 *(EXCLUDE_FILE(*.twl*) .gnu.linkonce.r*)
                0x00000000020de544                . = ALIGN (0x4)

.ARM.extab
 *(.ARM.extab* .gnu.linkonce.armextab.*)
                0x00000000020de544                __exidx_start = .

ARM.exidx
 *(.ARM.exidx* .gnu.linkonce.armexidx.*)
                0x00000000020de544                __exidx_end = .
                0x00000000020de544                . = ALIGN (0x4)
                0x00000000020de544                PROVIDE (__preinit_array_start = .)

.preinit_array
 *(.preinit_array)
                0x00000000020de544                PROVIDE (__preinit_array_end = .)
                0x00000000020de544                PROVIDE (__init_array_start = .)

.init_array     0x00000000020de544        0x4
 *(SORT_BY_NAME(.init_array.*))
 *(.init_array)
 .init_array    0x00000000020de544        0x4 c:/devkitpro/devkitarm/bin/../lib/gcc/arm-none-eabi/12.1.0/crtbegin.o
                0x00000000020de548                PROVIDE (__init_array_end = .)
                [!provide]                        PROVIDE (__fini_array_start = .)

.fini_array     0x00000000020de548        0x4
 *(.fini_array)
 .fini_array    0x00000000020de548        0x4 c:/devkitpro/devkitarm/bin/../lib/gcc/arm-none-eabi/12.1.0/crtbegin.o
 *(SORT_BY_NAME(.fini_array.*))
                [!provide]                        PROVIDE (__fini_array_end = .)

.ctors          0x00000000020de54c        0x0
 *crtbegin.o(.ctors)
 *(EXCLUDE_FILE(*crtend.o) .ctors)
 *(SORT_BY_NAME(.ctors.*))
 *(.ctors)
                0x00000000020de54c                . = ALIGN (0x4)

.dtors          0x00000000020de54c        0x0
 *crtbegin.o(.dtors)
 *(EXCLUDE_FILE(*crtend.o) .dtors)
 *(SORT_BY_NAME(.dtors.*))
 *(.dtors)
                0x00000000020de54c                . = ALIGN (0x4)

.eh_frame       0x00000000020de54c        0x4
 *(.eh_frame)
 .eh_frame      0x00000000020de54c        0x0 c:/devkitpro/devkitarm/bin/../lib/gcc/arm-none-eabi/12.1.0/crtbegin.o
 .eh_frame      0x00000000020de54c        0x4 c:/devkitpro/devkitarm/bin/../lib/gcc/arm-none-eabi/12.1.0/crtend.o
                0x00000000020de550                . = ALIGN (0x4)

.rel.dyn        0x00000000020de550        0x0
 .rel.iplt      0x00000000020de550        0x0 c:/devkitpro/devkitarm/bin/../lib/gcc/arm-none-eabi/12.1.0/../../../../arm-none-eabi/lib/ds_arm9_crt0.o

.gcc_except_table
                0x00000000020de550        0x0
 *(.gcc_except_table)
                0x00000000020de550                . = ALIGN (0x4)

.jcr
 *(.jcr)

.got
 *(.got.plt)
 *(.got)
 *(.rel.got)

.ewram          0x00000000020de550        0x0
                0x00000000020de550                __ewram_start = ABSOLUTE (.)
 *(.ewram)
 *ewram.*(.text)
                0x00000000020de550                . = ALIGN (0x4)

.data           0x00000000020de550     0x1b98
                0x00000000020de550                __data_start = ABSOLUTE (.)
 *(EXCLUDE_FILE(*.twl*) .data)
 .data          0x00000000020de550       0x28 C:/devkitPro/libnds/lib\libnds9.a(mpu_setup.o)
 *(EXCLUDE_FILE(*.twl*) .data.*)
 .data.currentConsole
                0x00000000020de578        0x4 C:/devkitPro/libnds/lib\libnds9.a(console.o)
                0x00000000020de578                currentConsole
 .data.defaultConsole
                0x00000000020de57c       0x5c C:/devkitPro/libnds/lib\libnds9.a(console.o)
                0x00000000020de57c                defaultConsole
 .data.firstConsoleInit.0
                0x00000000020de5d8        0x1 C:/devkitPro/libnds/lib\libnds9.a(console.o)
 *fill*         0x00000000020de5d9        0x3 ff
 .data.glGlob   0x00000000020de5dc        0x4 C:/devkitPro/libnds/lib\libnds9.a(videoGL.o)
 .data.count    0x00000000020de5e0        0x1 C:/devkitPro/libnds/lib\libnds9.a(keys.o)
 .data.delay    0x00000000020de5e1        0x1 C:/devkitPro/libnds/lib\libnds9.a(keys.o)
 .data.repeat   0x00000000020de5e2        0x1 C:/devkitPro/libnds/lib\libnds9.a(keys.o)
 *fill*         0x00000000020de5e3        0x1 ff
 .data.fifo_buffer_free
                0x00000000020de5e4        0x4 C:/devkitPro/libnds/lib\libnds9.a(fifosystem.o)
                0x00000000020de5e4                fifo_buffer_free
 .data.fifo_freewords
                0x00000000020de5e8        0x4 C:/devkitPro/libnds/lib\libnds9.a(fifosystem.o)
                0x00000000020de5e8                fifo_freewords
 .data.fifo_receive_queue
                0x00000000020de5ec        0x4 C:/devkitPro/libnds/lib\libnds9.a(fifosystem.o)
                0x00000000020de5ec                fifo_receive_queue
 .data.fifo_send_queue
                0x00000000020de5f0        0x4 C:/devkitPro/libnds/lib\libnds9.a(fifosystem.o)
                0x00000000020de5f0                fifo_send_queue
 .data.bgControl
                0x00000000020de5f4       0x20 C:/devkitPro/libnds/lib\libnds9.a(background.o)
                0x00000000020de5f4                bgControl
 .data.bgScrollTable
                0x00000000020de614       0x20 C:/devkitPro/libnds/lib\libnds9.a(background.o)
                0x00000000020de614                bgScrollTable
 .data.bgTransform
                0x00000000020de634       0x20 C:/devkitPro/libnds/lib\libnds9.a(background.o)
                0x00000000020de634                bgTransform
 .data._impure_ptr
                0x00000000020de654        0x4 c:/devkitpro/devkitarm/bin/../lib/gcc/arm-none-eabi/12.1.0/../../../../arm-none-eabi/lib\libg.a(lib_a-impure.o)
                0x00000000020de654                _impure_ptr
 *fill*         0x00000000020de658        0x0 ff
 .data.impure_data
                0x00000000020de658      0x460 c:/devkitpro/devkitarm/bin/../lib/gcc/arm-none-eabi/12.1.0/../../../../arm-none-eabi/lib\libg.a(lib_a-impure.o)
 .data.__malloc_sbrk_base
                0x00000000020deab8        0x4 c:/devkitpro/devkitarm/bin/../lib/gcc/arm-none-eabi/12.1.0/../../../../arm-none-eabi/lib\libg.a(lib_a-mallocr.o)
                0x00000000020deab8                __malloc_sbrk_base
 .data.__malloc_trim_threshold
                0x00000000020deabc        0x4 c:/devkitpro/devkitarm/bin/../lib/gcc/arm-none-eabi/12.1.0/../../../../arm-none-eabi/lib\libg.a(lib_a-mallocr.o)
                0x00000000020deabc                __malloc_trim_threshold
 .data.__malloc_av_
                0x00000000020deac0      0x408 c:/devkitpro/devkitarm/bin/../lib/gcc/arm-none-eabi/12.1.0/../../../../arm-none-eabi/lib\libg.a(lib_a-mallocr.o)
                0x00000000020deac0                __malloc_av_
 .data.__global_locale
                0x00000000020deec8      0x16c c:/devkitpro/devkitarm/bin/../lib/gcc/arm-none-eabi/12.1.0/../../../../arm-none-eabi/lib\libg.a(lib_a-locale.o)
                0x00000000020deec8                __global_locale
 .data.devoptab_list
                0x00000000020df034       0x8c c:/devkitpro/devkitarm/bin/../lib/gcc/arm-none-eabi/12.1.0/../../../../arm-none-eabi/lib\libsysbase.a(iosupport.o)
                0x00000000020df034                devoptab_list
 .data.defaultDevice
                0x00000000020df0c0        0x4 c:/devkitpro/devkitarm/bin/../lib/gcc/arm-none-eabi/12.1.0/../../../../arm-none-eabi/lib\libsysbase.a(iosupport.o)
 .data.handles  0x00000000020df0c4     0x1000 c:/devkitpro/devkitarm/bin/../lib/gcc/arm-none-eabi/12.1.0/../../../../arm-none-eabi/lib\libsysbase.a(handle_manager.o)
 .data.__stderr_handle
                0x00000000020e00c4        0xc c:/devkitpro/devkitarm/bin/../lib/gcc/arm-none-eabi/12.1.0/../../../../arm-none-eabi/lib\libsysbase.a(handle_manager.o)
 .data.__stdout_handle
                0x00000000020e00d0        0xc c:/devkitpro/devkitarm/bin/../lib/gcc/arm-none-eabi/12.1.0/../../../../arm-none-eabi/lib\libsysbase.a(handle_manager.o)
 .data.__stdin_handle
                0x00000000020e00dc        0xc c:/devkitpro/devkitarm/bin/../lib/gcc/arm-none-eabi/12.1.0/../../../../arm-none-eabi/lib\libsysbase.a(handle_manager.o)
 *(EXCLUDE_FILE(*.twl*) .gnu.linkonce.d*)
                0x00000000020e00e8                . = ALIGN (0x4)
                0x00000000020e00e8                __data_end = ABSOLUTE (.)
                0x00000000020e00e8                __bss_vma = .

.igot.plt       0x00000000020e00e8        0x0
 .igot.plt      0x00000000020e00e8        0x0 c:/devkitpro/devkitarm/bin/../lib/gcc/arm-none-eabi/12.1.0/../../../../arm-none-eabi/lib/ds_arm9_crt0.o

.dtcm           0x0000000002ff0000        0x0 load address 0x00000000020e00e8
                0x00000000020e00e8                __dtcm_lma = LOADADDR (.dtcm)
                0x0000000002ff0000                __dtcm_start = ABSOLUTE (.)
 *(.dtcm)
 *(.dtcm.*)
                0x0000000002ff0000                . = ALIGN (0x4)
                0x0000000002ff0000                __dtcm_end = ABSOLUTE (.)

.itcm           0x0000000001000100      0x194 load address 0x00000000020e00e8
                0x00000000020e00e8                __itcm_lma = LOADADDR (.itcm)
                0x0000000001000100                __itcm_start = ABSOLUTE (.)
 *(.itcm)
 .itcm          0x0000000001000100       0xc8 C:/devkitPro/libnds/lib\libnds9.a(interrupts.o)
                0x0000000001000100                irqTable
 .itcm          0x00000000010001c8       0xcc C:/devkitPro/libnds/lib\libnds9.a(interruptDispatcher.o)
                0x00000000010001c8                IntrMain
 *.itcm*(.text .stub .text.*)
                0x0000000001000294                . = ALIGN (0x4)
                0x0000000001000294                __itcm_end = ABSOLUTE (.)

.vectors        0x0000000001000000        0x0 load address 0x00000000020e027c
                0x00000000020e027c                __vectors_lma = LOADADDR (.vectors)
                0x0000000001000000                __vectors_start = ABSOLUTE (.)
 *(.vectors .vectors.*)
                0x0000000001000000                . = ALIGN (0x4)
                0x0000000001000000                __vectors_end = ABSOLUTE (.)

.sbss           0x0000000002ff0000        0x0
                0x0000000002ff0000                __sbss_start = ABSOLUTE (.)
                0x0000000002ff0000                __sbss_start__ = ABSOLUTE (.)
 *(.sbss)
                0x0000000002ff0000                . = ALIGN (0x4)
                0x0000000002ff0000                __sbss_end = ABSOLUTE (.)

.bss            0x00000000020e00e8      0xd58
                0x00000000020e00e8                __bss_start = ABSOLUTE (.)
                0x00000000020e00e8                __bss_start__ = ABSOLUTE (.)
 *(EXCLUDE_FILE(*.twl*) .dynbss)
 *(EXCLUDE_FILE(*.twl*) .gnu.linkonce.b*)
 *(EXCLUDE_FILE(*.twl*) .bss*)
 .bss.completed.1
                0x00000000020e00e8        0x1 c:/devkitpro/devkitarm/bin/../lib/gcc/arm-none-eabi/12.1.0/crtbegin.o
 *fill*         0x00000000020e00e9        0x3 
 .bss.object.0  0x00000000020e00ec       0x18 c:/devkitpro/devkitarm/bin/../lib/gcc/arm-none-eabi/12.1.0/crtbegin.o
 .bss           0x00000000020e0104       0x18 C:/devkitPro/libnds/lib\libmm9.a(mm_comms.o)
 .bss           0x00000000020e011c       0x19 C:/devkitPro/libnds/lib\libmm9.a(mm_main9.o)
                0x00000000020e011c                mmcbMemory
                0x00000000020e0120                mmModuleCount
                0x00000000020e0124                mmSampleCount
                0x00000000020e0128                mmMemoryBank
                0x00000000020e0128                mmModuleBank
                0x00000000020e012c                mmSampleBank
                0x00000000020e0130                mmCallback
                0x00000000020e0134                mmActiveStatus
 *fill*         0x00000000020e0135        0x3 
 .bss           0x00000000020e0138       0x44 C:/devkitPro/libnds/lib\libmm9.a(mm_soundbank.o)
 .bss.currentCopy
                0x00000000020e017c       0x5c C:/devkitPro/libnds/lib\libnds9.a(console.o)
                0x00000000020e017c                currentCopy
 .bss.gCurrentTexture
                0x00000000020e01d8        0x4 C:/devkitPro/libnds/lib\libnds9.a(gl2d.o)
                0x00000000020e01d8                gCurrentTexture
 .bss.g_depth   0x00000000020e01dc        0x2 C:/devkitPro/libnds/lib\libnds9.a(gl2d.o)
 *fill*         0x00000000020e01de        0x2 
 .bss.diffuse_ambient.1
                0x00000000020e01e0        0x4 C:/devkitPro/libnds/lib\libnds9.a(videoGL.o)
 .bss.glGlobalData
                0x00000000020e01e4       0x54 C:/devkitPro/libnds/lib\libnds9.a(videoGL.o)
                0x00000000020e01e4                glGlobalData
 .bss.specular_emission.0
                0x00000000020e0238        0x4 C:/devkitPro/libnds/lib\libnds9.a(videoGL.o)
 .bss.keys      0x00000000020e023c        0x2 C:/devkitPro/libnds/lib\libnds9.a(keys.o)
 .bss.keysold   0x00000000020e023e        0x2 C:/devkitPro/libnds/lib\libnds9.a(keys.o)
 .bss.keysrepeat
                0x00000000020e0240        0x2 C:/devkitPro/libnds/lib\libnds9.a(keys.o)
 .bss.__dsimode
                0x00000000020e0242        0x1 C:/devkitPro/libnds/lib\libnds9.a(initSystem.o)
                0x00000000020e0242                __dsimode
 *fill*         0x00000000020e0243        0x1 
 .bss.punixTime
                0x00000000020e0244        0x4 C:/devkitPro/libnds/lib\libnds9.a(initSystem.o)
                0x00000000020e0244                punixTime
 .bss.fifo_address_data
                0x00000000020e0248       0x40 C:/devkitPro/libnds/lib\libnds9.a(fifosystem.o)
                0x00000000020e0248                fifo_address_data
 .bss.fifo_address_func
                0x00000000020e0288       0x40 C:/devkitPro/libnds/lib\libnds9.a(fifosystem.o)
                0x00000000020e0288                fifo_address_func
 .bss.fifo_address_queue
                0x00000000020e02c8       0x40 C:/devkitPro/libnds/lib\libnds9.a(fifosystem.o)
                0x00000000020e02c8                fifo_address_queue
 .bss.fifo_buffer
                0x00000000020e0308      0x800 C:/devkitPro/libnds/lib\libnds9.a(fifosystem.o)
                0x00000000020e0308                fifo_buffer
 .bss.fifo_data_queue
                0x00000000020e0b08       0x40 C:/devkitPro/libnds/lib\libnds9.a(fifosystem.o)
                0x00000000020e0b08                fifo_data_queue
 .bss.fifo_datamsg_data
                0x00000000020e0b48       0x40 C:/devkitPro/libnds/lib\libnds9.a(fifosystem.o)
                0x00000000020e0b48                fifo_datamsg_data
 .bss.fifo_datamsg_func
                0x00000000020e0b88       0x40 C:/devkitPro/libnds/lib\libnds9.a(fifosystem.o)
                0x00000000020e0b88                fifo_datamsg_func
 .bss.fifo_value32_data
                0x00000000020e0bc8       0x40 C:/devkitPro/libnds/lib\libnds9.a(fifosystem.o)
                0x00000000020e0bc8                fifo_value32_data
 .bss.fifo_value32_func
                0x00000000020e0c08       0x40 C:/devkitPro/libnds/lib\libnds9.a(fifosystem.o)
                0x00000000020e0c08                fifo_value32_func
 .bss.fifo_value32_queue
                0x00000000020e0c48       0x40 C:/devkitPro/libnds/lib\libnds9.a(fifosystem.o)
                0x00000000020e0c48                fifo_value32_queue
 .bss.processing
                0x00000000020e0c88        0x4 C:/devkitPro/libnds/lib\libnds9.a(fifosystem.o)
                0x00000000020e0c88                processing
 .bss.bgIsTextLut
                0x00000000020e0c8c        0x8 C:/devkitPro/libnds/lib\libnds9.a(background.o)
                0x00000000020e0c8c                bgIsTextLut
 .bss.bgState   0x00000000020e0c94      0x140 C:/devkitPro/libnds/lib\libnds9.a(background.o)
                0x00000000020e0c94                bgState
 .bss.SDcallback
                0x00000000020e0dd4        0x4 C:/devkitPro/libnds/lib\libnds9.a(system.o)
 .bss.__sinit_recursive_mutex
                0x00000000020e0dd8        0xc c:/devkitpro/devkitarm/bin/../lib/gcc/arm-none-eabi/12.1.0/../../../../arm-none-eabi/lib\libg.a(lib_a-findfp.o)
 .bss.__sfp_recursive_mutex
                0x00000000020e0de4        0xc c:/devkitpro/devkitarm/bin/../lib/gcc/arm-none-eabi/12.1.0/../../../../arm-none-eabi/lib\libg.a(lib_a-findfp.o)
 .bss.__malloc_current_mallinfo
                0x00000000020e0df0       0x28 c:/devkitpro/devkitarm/bin/../lib/gcc/arm-none-eabi/12.1.0/../../../../arm-none-eabi/lib\libg.a(lib_a-mallocr.o)
                0x00000000020e0df0                __malloc_current_mallinfo
 .bss.__malloc_max_total_mem
                0x00000000020e0e18        0x4 c:/devkitpro/devkitarm/bin/../lib/gcc/arm-none-eabi/12.1.0/../../../../arm-none-eabi/lib\libg.a(lib_a-mallocr.o)
                0x00000000020e0e18                __malloc_max_total_mem
 .bss.__malloc_max_sbrked_mem
                0x00000000020e0e1c        0x4 c:/devkitpro/devkitarm/bin/../lib/gcc/arm-none-eabi/12.1.0/../../../../arm-none-eabi/lib\libg.a(lib_a-mallocr.o)
                0x00000000020e0e1c                __malloc_max_sbrked_mem
 .bss.__malloc_top_pad
                0x00000000020e0e20        0x4 c:/devkitpro/devkitarm/bin/../lib/gcc/arm-none-eabi/12.1.0/../../../../arm-none-eabi/lib\libg.a(lib_a-mallocr.o)
                0x00000000020e0e20                __malloc_top_pad
 .bss.__malloc_recursive_mutex
                0x00000000020e0e24        0xc c:/devkitpro/devkitarm/bin/../lib/gcc/arm-none-eabi/12.1.0/../../../../arm-none-eabi/lib\libg.a(lib_a-mlock.o)
 .bss.heap_start.0
                0x00000000020e0e30        0x4 c:/devkitpro/devkitarm/bin/../lib/gcc/arm-none-eabi/12.1.0/../../../../arm-none-eabi/lib\libsysbase.a(sbrk.o)
 .bss.fake_heap_start
                0x00000000020e0e34        0x4 c:/devkitpro/devkitarm/bin/../lib/gcc/arm-none-eabi/12.1.0/../../../../arm-none-eabi/lib\libsysbase.a(malloc_vars.o)
                0x00000000020e0e34                fake_heap_start
 .bss.fake_heap_end
                0x00000000020e0e38        0x4 c:/devkitpro/devkitarm/bin/../lib/gcc/arm-none-eabi/12.1.0/../../../../arm-none-eabi/lib\libsysbase.a(malloc_vars.o)
                0x00000000020e0e38                fake_heap_end
 .bss.__hndl_lock
                0x00000000020e0e3c        0x4 c:/devkitpro/devkitarm/bin/../lib/gcc/arm-none-eabi/12.1.0/../../../../arm-none-eabi/lib\libsysbase.a(handle_manager.o)
 *(EXCLUDE_FILE(*.twl*) COMMON)
                0x00000000020e0e40                . = ALIGN (0x4)
                0x00000000020e0e40                __bss_end__ = ABSOLUTE (.)
                0x00000000020e0e40                __end__ = ABSOLUTE (.)

.twl            0x00000000020e0e40        0x0 load address 0x0000000002400000
                0x0000000002400000                __arm9i_lma__ = LOADADDR (.twl)
                0x00000000020e0e40                __arm9i_start__ = ABSOLUTE (.)
 *(.twl)
 *.twl*(.text .stub .text.* .gnu.linkonce.t.*)
 *.twl*(.rodata)
 *.twl*(.roda)
 *.twl*(.rodata.*)
 *.twl*(.data)
 *.twl*(.data.*)
 *.twl*(.gnu.linkonce.d*)
                0x00000000020e0e40                __arm9i_end__ = ABSOLUTE (.)

.twl_bss        0x00000000020e0e40        0x0
                0x00000000020e0e40                __twl_bss_start__ = ABSOLUTE (.)
 *(.twl_bss)
 *.twl*(.dynbss)
 *.twl*(.gnu.linkonce.b*)
 *.twl*(.bss*)
 *.twl*(COMMON)
                0x00000000020e0e40                . = ALIGN (0x4)
                0x00000000020e0e40                __twl_bss_end__ = ABSOLUTE (.)
                0x00000000020e0e40                __twl_end__ = ABSOLUTE (.)

.stab
 *(.stab)

.stabstr
 *(.stabstr)

.stab.excl
 *(.stab.excl)

.stab.exclstr
 *(.stab.exclstr)

.stab.index
 *(.stab.index)

.stab.indexstr
 *(.stab.indexstr)

.comment        0x0000000000000000       0x46
 *(.comment)
 .comment       0x0000000000000000       0x23 c:/devkitpro/devkitarm/bin/../lib/gcc/arm-none-eabi/12.1.0/crtbegin.o
                                         0x24 (size before relaxing)
 .comment       0x0000000000000023       0x24 main.o
 .comment       0x0000000000000023       0x23 C:/devkitPro/libnds/lib\libnds9.a(console.o)
                                         0x24 (size before relaxing)
 .comment       0x0000000000000046       0x24 C:/devkitPro/libnds/lib\libnds9.a(gl2d.o)
 .comment       0x0000000000000046       0x24 C:/devkitPro/libnds/lib\libnds9.a(videoGL.o)
 .comment       0x0000000000000046       0x24 C:/devkitPro/libnds/lib\libnds9.a(keys.o)
 .comment       0x0000000000000046       0x24 C:/devkitPro/libnds/lib\libnds9.a(initSystem.o)
 .comment       0x0000000000000046       0x24 C:/devkitPro/libnds/lib\libnds9.a(securearea.o)
 .comment       0x0000000000000046       0x24 C:/devkitPro/libnds/lib\libnds9.a(interrupts.o)
 .comment       0x0000000000000046       0x24 C:/devkitPro/libnds/lib\libnds9.a(libnds_exit.arm.o)
 .comment       0x0000000000000046       0x24 C:/devkitPro/libnds/lib\libnds9.a(fifosystem.o)
 .comment       0x0000000000000046       0x24 C:/devkitPro/libnds/lib\libnds9.a(background.o)
 .comment       0x0000000000000046       0x24 C:/devkitPro/libnds/lib\libnds9.a(dynamicArray.o)
 .comment       0x0000000000000046       0x24 C:/devkitPro/libnds/lib\libnds9.a(trig.o)
 .comment       0x0000000000000046       0x24 C:/devkitPro/libnds/lib\libnds9.a(video.o)
 .comment       0x0000000000000046       0x24 C:/devkitPro/libnds/lib\libnds9.a(system.o)
 .comment       0x0000000000000046       0x24 c:/devkitpro/devkitarm/bin/../lib/gcc/arm-none-eabi/12.1.0\libgcc.a(_muldi3.o)
 .comment       0x0000000000000046       0x24 c:/devkitpro/devkitarm/bin/../lib/gcc/arm-none-eabi/12.1.0/../../../../arm-none-eabi/lib\libg.a(lib_a-calloc.o)
 .comment       0x0000000000000046       0x24 c:/devkitpro/devkitarm/bin/../lib/gcc/arm-none-eabi/12.1.0/../../../../arm-none-eabi/lib\libg.a(lib_a-callocr.o)
 .comment       0x0000000000000046       0x24 c:/devkitpro/devkitarm/bin/../lib/gcc/arm-none-eabi/12.1.0/../../../../arm-none-eabi/lib\libg.a(lib_a-errno.o)
 .comment       0x0000000000000046       0x24 c:/devkitpro/devkitarm/bin/../lib/gcc/arm-none-eabi/12.1.0/../../../../arm-none-eabi/lib\libg.a(lib_a-fclose.o)
 .comment       0x0000000000000046       0x24 c:/devkitpro/devkitarm/bin/../lib/gcc/arm-none-eabi/12.1.0/../../../../arm-none-eabi/lib\libg.a(lib_a-fflush.o)
 .comment       0x0000000000000046       0x24 c:/devkitpro/devkitarm/bin/../lib/gcc/arm-none-eabi/12.1.0/../../../../arm-none-eabi/lib\libg.a(lib_a-findfp.o)
 .comment       0x0000000000000046       0x24 c:/devkitpro/devkitarm/bin/../lib/gcc/arm-none-eabi/12.1.0/../../../../arm-none-eabi/lib\libg.a(lib_a-fopen.o)
 .comment       0x0000000000000046       0x24 c:/devkitpro/devkitarm/bin/../lib/gcc/arm-none-eabi/12.1.0/../../../../arm-none-eabi/lib\libg.a(lib_a-fread.o)
 .comment       0x0000000000000046       0x24 c:/devkitpro/devkitarm/bin/../lib/gcc/arm-none-eabi/12.1.0/../../../../arm-none-eabi/lib\libg.a(lib_a-freer.o)
 .comment       0x0000000000000046       0x24 c:/devkitpro/devkitarm/bin/../lib/gcc/arm-none-eabi/12.1.0/../../../../arm-none-eabi/lib\libg.a(lib_a-fseek.o)
 .comment       0x0000000000000046       0x24 c:/devkitpro/devkitarm/bin/../lib/gcc/arm-none-eabi/12.1.0/../../../../arm-none-eabi/lib\libg.a(lib_a-fseeko.o)
 .comment       0x0000000000000046       0x24 c:/devkitpro/devkitarm/bin/../lib/gcc/arm-none-eabi/12.1.0/../../../../arm-none-eabi/lib\libg.a(lib_a-fwalk.o)
 .comment       0x0000000000000046       0x24 c:/devkitpro/devkitarm/bin/../lib/gcc/arm-none-eabi/12.1.0/../../../../arm-none-eabi/lib\libg.a(lib_a-impure.o)
 .comment       0x0000000000000046       0x24 c:/devkitpro/devkitarm/bin/../lib/gcc/arm-none-eabi/12.1.0/../../../../arm-none-eabi/lib\libg.a(lib_a-init.o)
 .comment       0x0000000000000046       0x24 c:/devkitpro/devkitarm/bin/../lib/gcc/arm-none-eabi/12.1.0/../../../../arm-none-eabi/lib\libg.a(lib_a-iprintf.o)
 .comment       0x0000000000000046       0x24 c:/devkitpro/devkitarm/bin/../lib/gcc/arm-none-eabi/12.1.0/../../../../arm-none-eabi/lib\libg.a(lib_a-makebuf.o)
 .comment       0x0000000000000046       0x24 c:/devkitpro/devkitarm/bin/../lib/gcc/arm-none-eabi/12.1.0/../../../../arm-none-eabi/lib\libg.a(lib_a-malloc.o)
 .comment       0x0000000000000046       0x24 c:/devkitpro/devkitarm/bin/../lib/gcc/arm-none-eabi/12.1.0/../../../../arm-none-eabi/lib\libg.a(lib_a-mallocr.o)
 .comment       0x0000000000000046       0x24 c:/devkitpro/devkitarm/bin/../lib/gcc/arm-none-eabi/12.1.0/../../../../arm-none-eabi/lib\libg.a(lib_a-memcpy-stub.o)
 .comment       0x0000000000000046       0x24 c:/devkitpro/devkitarm/bin/../lib/gcc/arm-none-eabi/12.1.0/../../../../arm-none-eabi/lib\libg.a(lib_a-memset.o)
 .comment       0x0000000000000046       0x24 c:/devkitpro/devkitarm/bin/../lib/gcc/arm-none-eabi/12.1.0/../../../../arm-none-eabi/lib\libg.a(lib_a-mlock.o)
 .comment       0x0000000000000046       0x24 c:/devkitpro/devkitarm/bin/../lib/gcc/arm-none-eabi/12.1.0/../../../../arm-none-eabi/lib\libg.a(lib_a-rand.o)
 .comment       0x0000000000000046       0x24 c:/devkitpro/devkitarm/bin/../lib/gcc/arm-none-eabi/12.1.0/../../../../arm-none-eabi/lib\libg.a(lib_a-realloc.o)
 .comment       0x0000000000000046       0x24 c:/devkitpro/devkitarm/bin/../lib/gcc/arm-none-eabi/12.1.0/../../../../arm-none-eabi/lib\libg.a(lib_a-reallocr.o)
 .comment       0x0000000000000046       0x24 c:/devkitpro/devkitarm/bin/../lib/gcc/arm-none-eabi/12.1.0/../../../../arm-none-eabi/lib\libg.a(lib_a-refill.o)
 .comment       0x0000000000000046       0x24 c:/devkitpro/devkitarm/bin/../lib/gcc/arm-none-eabi/12.1.0/../../../../arm-none-eabi/lib\libg.a(lib_a-setvbuf.o)
 .comment       0x0000000000000046       0x24 c:/devkitpro/devkitarm/bin/../lib/gcc/arm-none-eabi/12.1.0/../../../../arm-none-eabi/lib\libg.a(lib_a-siscanf.o)
 .comment       0x0000000000000046       0x24 c:/devkitpro/devkitarm/bin/../lib/gcc/arm-none-eabi/12.1.0/../../../../arm-none-eabi/lib\libg.a(lib_a-stdio.o)
 .comment       0x0000000000000046       0x24 c:/devkitpro/devkitarm/bin/../lib/gcc/arm-none-eabi/12.1.0/../../../../arm-none-eabi/lib\libg.a(lib_a-strlen-stub.o)
 .comment       0x0000000000000046       0x24 c:/devkitpro/devkitarm/bin/../lib/gcc/arm-none-eabi/12.1.0/../../../../arm-none-eabi/lib\libg.a(lib_a-svfiscanf.o)
 .comment       0x0000000000000046       0x24 c:/devkitpro/devkitarm/bin/../lib/gcc/arm-none-eabi/12.1.0/../../../../arm-none-eabi/lib\libg.a(lib_a-time.o)
 .comment       0x0000000000000046       0x24 c:/devkitpro/devkitarm/bin/../lib/gcc/arm-none-eabi/12.1.0/../../../../arm-none-eabi/lib\libg.a(lib_a-ungetc.o)
 .comment       0x0000000000000046       0x24 c:/devkitpro/devkitarm/bin/../lib/gcc/arm-none-eabi/12.1.0/../../../../arm-none-eabi/lib\libg.a(lib_a-vfiprintf.o)
 .comment       0x0000000000000046       0x24 c:/devkitpro/devkitarm/bin/../lib/gcc/arm-none-eabi/12.1.0/../../../../arm-none-eabi/lib\libg.a(lib_a-wcrtomb.o)
 .comment       0x0000000000000046       0x24 c:/devkitpro/devkitarm/bin/../lib/gcc/arm-none-eabi/12.1.0/../../../../arm-none-eabi/lib\libg.a(lib_a-wcsrtombs.o)
 .comment       0x0000000000000046       0x24 c:/devkitpro/devkitarm/bin/../lib/gcc/arm-none-eabi/12.1.0/../../../../arm-none-eabi/lib\libg.a(lib_a-wsetup.o)
 .comment       0x0000000000000046       0x24 c:/devkitpro/devkitarm/bin/../lib/gcc/arm-none-eabi/12.1.0/../../../../arm-none-eabi/lib\libg.a(lib_a-ctype_.o)
 .comment       0x0000000000000046       0x24 c:/devkitpro/devkitarm/bin/../lib/gcc/arm-none-eabi/12.1.0/../../../../arm-none-eabi/lib\libg.a(lib_a-flags.o)
 .comment       0x0000000000000046       0x24 c:/devkitpro/devkitarm/bin/../lib/gcc/arm-none-eabi/12.1.0/../../../../arm-none-eabi/lib\libg.a(lib_a-fvwrite.o)
 .comment       0x0000000000000046       0x24 c:/devkitpro/devkitarm/bin/../lib/gcc/arm-none-eabi/12.1.0/../../../../arm-none-eabi/lib\libg.a(lib_a-iswspace.o)
 .comment       0x0000000000000046       0x24 c:/devkitpro/devkitarm/bin/../lib/gcc/arm-none-eabi/12.1.0/../../../../arm-none-eabi/lib\libg.a(lib_a-localeconv.o)
 .comment       0x0000000000000046       0x24 c:/devkitpro/devkitarm/bin/../lib/gcc/arm-none-eabi/12.1.0/../../../../arm-none-eabi/lib\libg.a(lib_a-locale.o)
 .comment       0x0000000000000046       0x24 c:/devkitpro/devkitarm/bin/../lib/gcc/arm-none-eabi/12.1.0/../../../../arm-none-eabi/lib\libg.a(lib_a-mbrtowc.o)
 .comment       0x0000000000000046       0x24 c:/devkitpro/devkitarm/bin/../lib/gcc/arm-none-eabi/12.1.0/../../../../arm-none-eabi/lib\libg.a(lib_a-mbtowc_r.o)
 .comment       0x0000000000000046       0x24 c:/devkitpro/devkitarm/bin/../lib/gcc/arm-none-eabi/12.1.0/../../../../arm-none-eabi/lib\libg.a(lib_a-memchr-stub.o)
 .comment       0x0000000000000046       0x24 c:/devkitpro/devkitarm/bin/../lib/gcc/arm-none-eabi/12.1.0/../../../../arm-none-eabi/lib\libg.a(lib_a-memmove.o)
 .comment       0x0000000000000046       0x24 c:/devkitpro/devkitarm/bin/../lib/gcc/arm-none-eabi/12.1.0/../../../../arm-none-eabi/lib\libg.a(lib_a-sccl.o)
 .comment       0x0000000000000046       0x24 c:/devkitpro/devkitarm/bin/../lib/gcc/arm-none-eabi/12.1.0/../../../../arm-none-eabi/lib\libg.a(lib_a-strchr.o)
 .comment       0x0000000000000046       0x24 c:/devkitpro/devkitarm/bin/../lib/gcc/arm-none-eabi/12.1.0/../../../../arm-none-eabi/lib\libg.a(lib_a-strncpy.o)
 .comment       0x0000000000000046       0x24 c:/devkitpro/devkitarm/bin/../lib/gcc/arm-none-eabi/12.1.0/../../../../arm-none-eabi/lib\libg.a(lib_a-strtoll.o)
 .comment       0x0000000000000046       0x24 c:/devkitpro/devkitarm/bin/../lib/gcc/arm-none-eabi/12.1.0/../../../../arm-none-eabi/lib\libg.a(lib_a-strtol.o)
 .comment       0x0000000000000046       0x24 c:/devkitpro/devkitarm/bin/../lib/gcc/arm-none-eabi/12.1.0/../../../../arm-none-eabi/lib\libg.a(lib_a-strtoull.o)
 .comment       0x0000000000000046       0x24 c:/devkitpro/devkitarm/bin/../lib/gcc/arm-none-eabi/12.1.0/../../../../arm-none-eabi/lib\libg.a(lib_a-strtoul.o)
 .comment       0x0000000000000046       0x24 c:/devkitpro/devkitarm/bin/../lib/gcc/arm-none-eabi/12.1.0/../../../../arm-none-eabi/lib\libg.a(lib_a-svfiprintf.o)
 .comment       0x0000000000000046       0x24 c:/devkitpro/devkitarm/bin/../lib/gcc/arm-none-eabi/12.1.0/../../../../arm-none-eabi/lib\libg.a(lib_a-wcsnrtombs.o)
 .comment       0x0000000000000046       0x24 c:/devkitpro/devkitarm/bin/../lib/gcc/arm-none-eabi/12.1.0/../../../../arm-none-eabi/lib\libg.a(lib_a-wctomb_r.o)
 .comment       0x0000000000000046       0x24 c:/devkitpro/devkitarm/bin/../lib/gcc/arm-none-eabi/12.1.0/../../../../arm-none-eabi/lib\libg.a(lib_a-iswspace_l.o)
 .comment       0x0000000000000046       0x24 c:/devkitpro/devkitarm/bin/../lib/gcc/arm-none-eabi/12.1.0/../../../../arm-none-eabi/lib\libg.a(lib_a-jp2uc.o)
 .comment       0x0000000000000046       0x24 c:/devkitpro/devkitarm/bin/../lib/gcc/arm-none-eabi/12.1.0/../../../../arm-none-eabi/lib\libg.a(lib_a-strncmp.o)
 .comment       0x0000000000000046       0x24 c:/devkitpro/devkitarm/bin/../lib/gcc/arm-none-eabi/12.1.0/../../../../arm-none-eabi/lib\libg.a(lib_a-categories.o)
 .comment       0x0000000000000046       0x24 c:/devkitpro/devkitarm/bin/../lib/gcc/arm-none-eabi/12.1.0/../../../../arm-none-eabi/lib\libsysbase.a(iosupport.o)
 .comment       0x0000000000000046       0x24 c:/devkitpro/devkitarm/bin/../lib/gcc/arm-none-eabi/12.1.0/../../../../arm-none-eabi/lib\libsysbase.a(fstat.o)
 .comment       0x0000000000000046       0x24 c:/devkitpro/devkitarm/bin/../lib/gcc/arm-none-eabi/12.1.0/../../../../arm-none-eabi/lib\libsysbase.a(gettod.o)
 .comment       0x0000000000000046       0x24 c:/devkitpro/devkitarm/bin/../lib/gcc/arm-none-eabi/12.1.0/../../../../arm-none-eabi/lib\libsysbase.a(isatty.o)
 .comment       0x0000000000000046       0x24 c:/devkitpro/devkitarm/bin/../lib/gcc/arm-none-eabi/12.1.0/../../../../arm-none-eabi/lib\libsysbase.a(lseek.o)
 .comment       0x0000000000000046       0x24 c:/devkitpro/devkitarm/bin/../lib/gcc/arm-none-eabi/12.1.0/../../../../arm-none-eabi/lib\libsysbase.a(open.o)
 .comment       0x0000000000000046       0x24 c:/devkitpro/devkitarm/bin/../lib/gcc/arm-none-eabi/12.1.0/../../../../arm-none-eabi/lib\libsysbase.a(read.o)
 .comment       0x0000000000000046       0x24 c:/devkitpro/devkitarm/bin/../lib/gcc/arm-none-eabi/12.1.0/../../../../arm-none-eabi/lib\libsysbase.a(sbrk.o)
 .comment       0x0000000000000046       0x24 c:/devkitpro/devkitarm/bin/../lib/gcc/arm-none-eabi/12.1.0/../../../../arm-none-eabi/lib\libsysbase.a(write.o)
 .comment       0x0000000000000046       0x24 c:/devkitpro/devkitarm/bin/../lib/gcc/arm-none-eabi/12.1.0/../../../../arm-none-eabi/lib\libsysbase.a(malloc_vars.o)
 .comment       0x0000000000000046       0x24 c:/devkitpro/devkitarm/bin/../lib/gcc/arm-none-eabi/12.1.0/../../../../arm-none-eabi/lib\libsysbase.a(build_argv.o)
 .comment       0x0000000000000046       0x24 c:/devkitpro/devkitarm/bin/../lib/gcc/arm-none-eabi/12.1.0/../../../../arm-none-eabi/lib\libsysbase.a(flock.o)
 .comment       0x0000000000000046       0x24 c:/devkitpro/devkitarm/bin/../lib/gcc/arm-none-eabi/12.1.0/../../../../arm-none-eabi/lib\libsysbase.a(handle_manager.o)
 .comment       0x0000000000000046       0x24 c:/devkitpro/devkitarm/bin/../lib/gcc/arm-none-eabi/12.1.0/../../../../arm-none-eabi/lib\libsysbase.a(getreent.o)
 .comment       0x0000000000000046       0x24 c:/devkitpro/devkitarm/bin/../lib/gcc/arm-none-eabi/12.1.0/../../../../arm-none-eabi/lib\libsysbase.a(syscall_support.o)
 .comment       0x0000000000000046       0x24 c:/devkitpro/devkitarm/bin/../lib/gcc/arm-none-eabi/12.1.0\libgcc.a(_udivmoddi4.o)
 .comment       0x0000000000000046       0x24 c:/devkitpro/devkitarm/bin/../lib/gcc/arm-none-eabi/12.1.0/crtend.o

.ARM.attributes
                0x0000000000000000       0x2d
 .ARM.attributes
                0x0000000000000000       0x21 c:/devkitpro/devkitarm/bin/../lib/gcc/arm-none-eabi/12.1.0/../../../../arm-none-eabi/lib/ds_arm9_crt0.o
 .ARM.attributes
                0x0000000000000021       0x1c c:/devkitpro/devkitarm/bin/../lib/gcc/arm-none-eabi/12.1.0/crti.o
 .ARM.attributes
                0x000000000000003d       0x2a c:/devkitpro/devkitarm/bin/../lib/gcc/arm-none-eabi/12.1.0/crtbegin.o
 .ARM.attributes
                0x0000000000000067       0x14 soundbank.bin.o
 .ARM.attributes
                0x000000000000007b       0x1b bgLong.o
 .ARM.attributes
                0x0000000000000096       0x1b bird.o
 .ARM.attributes
                0x00000000000000b1       0x1b birdDown.o
 .ARM.attributes
                0x00000000000000cc       0x1b birdUp.o
 .ARM.attributes