Archive member included to satisfy reference by file (symbol)

C:/devkitPro/libnds/lib\libmm9.a(mm_comms.o)
                              main.o (mmEffect)
C:/devkitPro/libnds/lib\libmm9.a(mm_memory.o)
                              main.o (mmLoadEffect)
C:/devkitPro/libnds/lib\libmm9.a(mm_main9.o)
                              C:/devkitPro/libnds/lib\libmm9.a(mm_memory.o) (mmcbMemory)
C:/devkitPro/libnds/lib\libmm9.a(mm_soundbank.o)
                              C:/devkitPro/libnds/lib\libmm9.a(mm_main9.o) (mmSoundBankInMemory)
C:/devkitPro/libnds/lib\libmm9.a(mm_flusher.o)
                              C:/devkitPro/libnds/lib\libmm9.a(mm_memory.o) (mmFlushBank)
C:/devkitPro/libnds/lib\libnds9.a(background.o)
                              main.o (bgState)
C:/devkitPro/libnds/lib\libnds9.a(trig.o)
                              C:/devkitPro/libnds/lib\libnds9.a(background.o) (sinLerp)
C:/devkitPro/libnds/lib\libnds9.a(sprite_alloc.o)
                              main.o (oamAllocateGfx)
C:/devkitPro/libnds/lib\libnds9.a(console.o)
                              main.o (consoleDemoInit)
C:/devkitPro/libnds/lib\libnds9.a(gl2d.o)
                              main.o (glScreen2D)
C:/devkitPro/libnds/lib\libnds9.a(videoGL.o)
                              C:/devkitPro/libnds/lib\libnds9.a(gl2d.o) (glMaterialf)
C:/devkitPro/libnds/lib\libnds9.a(sprite.o)
                              main.o (oamInit)
C:/devkitPro/libnds/lib\libnds9.a(keys.o)
                              main.o (scanKeys)
C:/devkitPro/libnds/lib\libnds9.a(initSystem.o)
                              c:/devkitpro/devkitarm/bin/../lib/gcc/arm-none-eabi/12.1.0/../../../../arm-none-eabi/lib/ds_arm9_crt0.o (initSystem)
C:/devkitPro/libnds/lib\libnds9.a(securearea.o)
                              c:/devkitpro/devkitarm/bin/../lib/gcc/arm-none-eabi/12.1.0/../../../../arm-none-eabi/lib/ds_arm9_crt0.o (__secure_area__)
C:/devkitPro/libnds/lib\libnds9.a(interrupts.o)
                              C:/devkitPro/libnds/lib\libnds9.a(initSystem.o) (irqInit)
C:/devkitPro/libnds/lib\libnds9.a(libnds_exit.arm.o)
                              c:/devkitpro/devkitarm/bin/../lib/gcc/arm-none-eabi/12.1.0/../../../../arm-none-eabi/lib/ds_arm9_crt0.o (__libnds_exit)
C:/devkitPro/libnds/lib\libnds9.a(fifosystem.o)
                              C:/devkitPro/libnds/lib\libmm9.a(mm_comms.o) (fifoSetValue32Handler)
C:/devkitPro/libnds/lib\libnds9.a(dcache.o)
                              C:/devkitPro/libnds/lib\libnds9.a(sprite.o) (DC_FlushRange)
C:/devkitPro/libnds/lib\libnds9.a(mpu_setup.o)
                              c:/devkitpro/devkitarm/bin/../lib/gcc/arm-none-eabi/12.1.0/../../../../arm-none-eabi/lib/ds_arm9_crt0.o (__libnds_mpu_setup)
C:/devkitPro/libnds/lib\libnds9.a(IntrWait.o)
                              main.o (swiWaitForVBlank)
C:/devkitPro/libnds/lib\libnds9.a(cpu_clock.o)
                              C:/devkitPro/libnds/lib\libnds9.a(initSystem.o) (setCpuClock)
C:/devkitPro/libnds/lib\libnds9.a(interruptDispatcher.o)
                              C:/devkitPro/libnds/lib\libnds9.a(interrupts.o) (IntrMain)
C:/devkitPro/libnds/lib\libnds9.a(biosCalls.o)
                              C:/devkitPro/libnds/lib\libnds9.a(videoGL.o) (swiCopy)
C:/devkitPro/libnds/lib\libnds9.a(debugprint.o)
                              C:/devkitPro/libnds/lib\libnds9.a(console.o) (nocashWrite)
C:/devkitPro/libnds/lib\libnds9.a(swiSoftReset.o)
                              C:/devkitPro/libnds/lib\libnds9.a(fifosystem.o) (swiSoftReset)
C:/devkitPro/libnds/lib\libnds9.a(default_font.bin.o)
                              C:/devkitPro/libnds/lib\libnds9.a(console.o) (default_font_bin)
C:/devkitPro/libnds/lib\libnds9.a(dynamicArray.o)
                              C:/devkitPro/libnds/lib\libnds9.a(videoGL.o) (DynamicArrayInit)
C:/devkitPro/libnds/lib\libnds9.a(video.o)
                              C:/devkitPro/libnds/lib\libnds9.a(videoGL.o) (vramSetBanks_EFG)
C:/devkitPro/libnds/lib\libnds9.a(system.o)
                              C:/devkitPro/libnds/lib\libnds9.a(initSystem.o) (systemValueHandler)
c:/devkitpro/devkitarm/bin/../lib/gcc/arm-none-eabi/12.1.0\libgcc.a(_arm_muldf3.o)
                              main.o (__aeabi_dmul)
c:/devkitpro/devkitarm/bin/../lib/gcc/arm-none-eabi/12.1.0\libgcc.a(_arm_mulsf3.o)
                              main.o (__aeabi_fmul)
c:/devkitpro/devkitarm/bin/../lib/gcc/arm-none-eabi/12.1.0\libgcc.a(_divsi3.o)
                              C:/devkitPro/libnds/lib\libnds9.a(gl2d.o) (__aeabi_idiv)
c:/devkitpro/devkitarm/bin/../lib/gcc/arm-none-eabi/12.1.0\libgcc.a(_dvmd_tls.o)
                              c:/devkitpro/devkitarm/bin/../lib/gcc/arm-none-eabi/12.1.0\libgcc.a(_divsi3.o) (__aeabi_idiv0)
c:/devkitpro/devkitarm/bin/../lib/gcc/arm-none-eabi/12.1.0\libgcc.a(_arm_addsubdf3.o)
                              main.o (__aeabi_dsub)
c:/devkitpro/devkitarm/bin/../lib/gcc/arm-none-eabi/12.1.0\libgcc.a(_arm_cmpdf2.o)
[...]
Memory Configuration

Name             Origin             Length             Attributes
ewram            0x0000000002000000 0x0000000000380000
dtcm             0x0000000002ff0000 0x0000000000004000
vectors          0x0000000001000000 0x0000000000000100
itcm             0x0000000001000100 0x0000000000007f00
*default*        0x0000000000000000 0xffffffffffffffff

Linker script and memory map

                0x0000000002380000                __ewram_end = (ORIGIN (ewram) + LENGTH (ewram))
                0x0000000002380000                __eheap_end = (ORIGIN (ewram) + LENGTH (ewram))
                0x0000000002ff4000                __dtcm_top = (ORIGIN (dtcm) + LENGTH (dtcm))
                0x0000000002ff3ff8                __irq_flags = (__dtcm_top - 0x8)
                0x0000000002ff3ffc                __irq_vector = (__dtcm_top - 0x4)
                0x0000000002ff3f00                __sp_svc = (__dtcm_top - 0x100)
                0x0000000002ff3e00                __sp_irq = (__sp_svc - 0x100)
                0x0000000002ff3d00                __sp_usr = (__sp_irq - 0x100)

.secure         0x0000000002000000      0x800
 *(.secure)
 .secure        0x0000000002000000      0x800 C:/devkitPro/libnds/lib\libnds9.a(securearea.o)
                0x0000000002000000                __secure_area__

.crt0           0x0000000002000800      0x300
                0x0000000002000800                __text_start = .
 *(.crt0)
 .crt0          0x0000000002000800      0x300 c:/devkitpro/devkitarm/bin/../lib/gcc/arm-none-eabi/12.1.0/../../../../arm-none-eabi/lib/ds_arm9_crt0.o
                0x0000000002000800                _start
                0x0000000002000b00                . = ALIGN (0x4)

.plt
 *(.plt)

.init           0x0000000002000b00       0x18
 *(SORT_NONE(.init))
 .init          0x0000000002000b00        0xc c:/devkitpro/devkitarm/bin/../lib/gcc/arm-none-eabi/12.1.0/crti.o
                0x0000000002000b00                _init
 .init          0x0000000002000b0c        0xc c:/devkitpro/devkitarm/bin/../lib/gcc/arm-none-eabi/12.1.0/crtn.o

.text           0x0000000002000b18     0xf698
 *(EXCLUDE_FILE(*.twl* *.vectors* *.itcm*) .text)
 .text          0x0000000002000b18      0x24c C:/devkitPro/libnds/lib\libmm9.a(mm_comms.o)
                0x0000000002000b18                mmSetupComms
                0x0000000002000b6a                mmSendBank
                0x0000000002000b74                mmLockChannels
                0x0000000002000b7a                mmUnlockChannels
                0x0000000002000b80                mmStart
                0x0000000002000b8a                mmPause
                0x0000000002000b8e                mmResume
                0x0000000002000b92                mmStop
                0x0000000002000b96                mmPosition
                0x0000000002000b9a                mmJingle
                0x0000000002000b9e                mmSetModuleVolume
                0x0000000002000ba2                mmSetJingleVolume
                0x0000000002000ba6                mmSetModuleTempo
                0x0000000002000baa                mmSetModulePitch
                0x0000000002000bae                mmSetEffectsVolume
                0x0000000002000bb2                mmSelectMode
                0x0000000002000bb6                mmStreamBegin
                0x0000000002000bca                mmStreamEnd
                0x0000000002000c20                mmEffect
                0x0000000002000c44                mmEffectVolume
                0x0000000002000c48                mmEffectPanning
                0x0000000002000c4c                mmEffectRate
                0x0000000002000c56                mmEffectScaleRate
                0x0000000002000c60                mmEffectRelease
                0x0000000002000c66                mmEffectCancel
                0x0000000002000c6c                mmEffectEx
                0x0000000002000caa                mmEffectCancelAll
                0x0000000002000cae                mmReverbEnable
                0x0000000002000cb2                mmReverbDisable
                0x0000000002000cb6                mmReverbConfigure
                0x0000000002000d12                mmReverbStart
                0x0000000002000d16                mmReverbStop
 .text          0x0000000002000d64      0x120 C:/devkitPro/libnds/lib\libmm9.a(mm_memory.o)
                0x0000000002000d64                mmLoad
                0x0000000002000db4                mmUnload
                0x0000000002000e0c                mmLoadEffect
                0x0000000002000e44                mmUnloadEffect
 .text          0x0000000002000e84      0x108 C:/devkitPro/libnds/lib\libmm9.a(mm_main9.o)
                0x0000000002000e84                mmActive
                0x0000000002000e8a                mmSetEventHandler
                0x0000000002000e90                mmInit
                0x0000000002000eba                mmInitDefault
                0x0000000002000f04                mmInitDefaultMem
                0x0000000002000f26                mmSuspendIRQ_t
                0x0000000002000f44                mmRestoreIRQ_t
 .text          0x0000000002000f8c      0x100 C:/devkitPro/libnds/lib\libmm9.a(mm_soundbank.o)
                0x0000000002000f8c                mmSoundBankInMemory
                0x0000000002000f94                mmSoundBankInFiles
                0x0000000002000fa6                mmSetCustomSoundBankHandler
                0x0000000002000fd2                mmsHandleFileOp
 .text          0x000000000200108c       0x3c C:/devkitPro/libnds/lib\libmm9.a(mm_flusher.o)
                0x000000000200108c                mmFlushBank
 .text          0x00000000020010c8      0x290 c:/devkitpro/devkitarm/bin/../lib/gcc/arm-none-eabi/12.1.0\libgcc.a(_arm_muldf3.o)
                0x00000000020010c8                __muldf3
                0x00000000020010c8                __aeabi_dmul
 .text          0x0000000002001358      0x198 c:/devkitpro/devkitarm/bin/../lib/gcc/arm-none-eabi/12.1.0\libgcc.a(_arm_mulsf3.o)
                0x0000000002001358                __aeabi_fmul
                0x0000000002001358                __mulsf3
 .text          0x00000000020014f0      0x148 c:/devkitpro/devkitarm/bin/../lib/gcc/arm-none-eabi/12.1.0\libgcc.a(_divsi3.o)
                0x00000000020014f0                __divsi3
                0x00000000020014f0                __aeabi_idiv
                0x0000000002001618                __aeabi_idivmod
 .text          0x0000000002001638        0x4 c:/devkitpro/devkitarm/bin/../lib/gcc/arm-none-eabi/12.1.0\libgcc.a(_dvmd_tls.o)
                0x0000000002001638                __aeabi_idiv0
                0x0000000002001638                __aeabi_ldiv0
 .text          0x000000000200163c      0x424 c:/devkitpro/devkitarm/bin/../lib/gcc/arm-none-eabi/12.1.0\libgcc.a(_arm_addsubdf3.o)
                0x000000000200163c                __aeabi_drsub
                0x0000000002001644                __aeabi_dsub
                0x0000000002001644                __subdf3
                0x0000000002001648                __aeabi_dadd
                0x0000000002001648                __adddf3
                0x0000000002001958                __floatunsidf
                0x0000000002001958                __aeabi_ui2d
                0x000000000200197c                __floatsidf
                0x000000000200197c                __aeabi_i2d
                0x00000000020019a4                __aeabi_f2d
                0x00000000020019a4                __extendsfdf2
                0x00000000020019ec                __floatundidf
                0x00000000020019ec                __aeabi_ul2d
                0x0000000002001a00                __floatdidf
                0x0000000002001a00                __aeabi_l2d
 .text          0x0000000002001a60      0x144 c:/devkitpro/devkitarm/bin/../lib/gcc/arm-none-eabi/12.1.0\libgcc.a(_arm_cmpdf2.o)
                0x0000000002001a60                __gtdf2
                0x0000000002001a60                __gedf2
                0x0000000002001a68                __ltdf2
                0x0000000002001a68                __ledf2
                0x0000000002001a70                __nedf2
                0x0000000002001a70                __eqdf2
                0x0000000002001a70                __cmpdf2
                0x0000000002001af8                __aeabi_cdrcmple
                0x0000000002001b14                __aeabi_cdcmpeq
                0x0000000002001b14                __aeabi_cdcmple
                0x0000000002001b2c                __aeabi_dcmpeq
                0x0000000002001b44                __aeabi_dcmplt
                0x0000000002001b5c                __aeabi_dcmple
                0x0000000002001b74                __aeabi_dcmpge
                0x0000000002001b8c                __aeabi_dcmpgt
 .text          0x0000000002001ba4       0x5c c:/devkitpro/devkitarm/bin/../lib/gcc/arm-none-eabi/12.1.0\libgcc.a(_arm_fixdfsi.o)
                0x0000000002001ba4                __aeabi_d2iz
                0x0000000002001ba4                __fixdfsi
 .text          0x0000000002001c00       0xa0 c:/devkitpro/devkitarm/bin/../lib/gcc/arm-none-eabi/12.1.0\libgcc.a(_arm_truncdfsf2.o)
                0x0000000002001c00                __truncdfsf2
                0x0000000002001c00                __aeabi_d2f
 .text          0x0000000002001ca0      0x2ac c:/devkitpro/devkitarm/bin/../lib/gcc/arm-none-eabi/12.1.0\libgcc.a(_arm_addsubsf3.o)
                0x0000000002001ca0                __aeabi_frsub
                0x0000000002001ca8                __subsf3
                0x0000000002001ca8                __aeabi_fsub
                0x0000000002001cac                __aeabi_fadd
                0x0000000002001cac                __addsf3
                0x0000000002001e68                __aeabi_ui2f
                0x0000000002001e68                __floatunsisf
                0x0000000002001e70                __aeabi_i2f
                0x0000000002001e70                __floatsisf
                0x0000000002001e90                __aeabi_ul2f
                0x0000000002001e90                __floatundisf
                0x0000000002001ea0                __aeabi_l2f
                0x0000000002001ea0                __floatdisf
 .text          0x0000000002001f4c      0x114 c:/devkitpro/devkitarm/bin/../lib/gcc/arm-none-eabi/12.1.0\libgcc.a(_arm_cmpsf2.o)
                0x0000000002001f4c                __gesf2
                0x0000000002001f4c                __gtsf2
                0x0000000002001f54                __lesf2
                0x0000000002001f54                __ltsf2
                0x0000000002001f5c                __nesf2
                0x0000000002001f5c                __eqsf2
                0x0000000002001f5c                __cmpsf2
                0x0000000002001fc0                __aeabi_cfrcmple
                0x0000000002001fd0                __aeabi_cfcmpeq
                0x0000000002001fd0                __aeabi_cfcmple
                0x0000000002001fe8                __aeabi_fcmpeq
                0x0000000002002000                __aeabi_fcmplt
                0x0000000002002018                __aeabi_fcmple
                0x0000000002002030                __aeabi_fcmpge
                0x0000000002002048                __aeabi_fcmpgt
 .text          0x0000000002002060       0x5c c:/devkitpro/devkitarm/bin/../lib/gcc/arm-none-eabi/12.1.0\libgcc.a(_arm_fixsfsi.o)
                0x0000000002002060                __aeabi_f2iz
                0x0000000002002060                __fixsfsi
 .text          0x00000000020020bc      0x224 c:/devkitpro/devkitarm/bin/../lib/gcc/arm-none-eabi/12.1.0/../../../../arm-none-eabi/lib\libg.a(lib_a-strcmp.o)
                0x00000000020020bc                strcmp
 .text          0x00000000020022e0      0x114 c:/devkitpro/devkitarm/bin/../lib/gcc/arm-none-eabi/12.1.0\libgcc.a(_udivsi3.o)
                0x00000000020022e0                __aeabi_uidiv
                0x00000000020022e0                __udivsi3
                0x00000000020023d4                __aeabi_uidivmod
 .text          0x00000000020023f4       0x3c c:/devkitpro/devkitarm/bin/../lib/gcc/arm-none-eabi/12.1.0\libgcc.a(_aeabi_uldivmod.o)
                0x00000000020023f4                __aeabi_uldivmod
 .text          0x0000000002002430       0x28 c:/devkitpro/devkitarm/bin/../lib/gcc/arm-none-eabi/12.1.0\libgcc.a(_clzdi2.o)
                0x0000000002002430                __clzdi2
 .text          0x0000000002002458       0x48 c:/devkitpro/devkitarm/bin/../lib/gcc/arm-none-eabi/12.1.0\libgcc.a(_clzsi2.o)
                0x0000000002002458                __clzsi2
 *(EXCLUDE_FILE(*.twl* *.vectors* *.itcm*) .stub)
 *(EXCLUDE_FILE(*.twl* *.vectors* *.itcm*) .text.*)
 .text.__do_global_dtors_aux
                0x00000000020024a0       0x40 c:/devkitpro/devkitarm/bin/../lib/gcc/arm-none-eabi/12.1.0/crtbegin.o
 .text.frame_dummy
                0x00000000020024e0       0x30 c:/devkitpro/devkitarm/bin/../lib/gcc/arm-none-eabi/12.1.0/crtbegin.o
 .text.startup  0x0000000002002510     0x20e4 main.o
                0x0000000002002510                main
 .text.checkIfText
                0x00000000020045f4       0x5c C:/devkitPro/libnds/lib\libnds9.a(background.o)
                0x00000000020045f4                checkIfText
 .text.bgUpdate
                0x0000000002004650       0xf4 C:/devkitPro/libnds/lib\libnds9.a(background.o)
                0x0000000002004650                bgUpdate
 .text.bgInit_call
                0x0000000002004744       0xc4 C:/devkitPro/libnds/lib\libnds9.a(background.o)
                0x0000000002004744                bgInit_call
 .text.bgInitSub_call
                0x0000000002004808       0xcc C:/devkitPro/libnds/lib\libnds9.a(background.o)
                0x0000000002004808                bgInitSub_call
 .text.sinLutLookup
                0x00000000020048d4       0x4c C:/devkitPro/libnds/lib\libnds9.a(trig.o)
                0x00000000020048d4                sinLutLookup
 .text.sinLerp  0x0000000002004920       0x40 C:/devkitPro/libnds/lib\libnds9.a(trig.o)
                0x0000000002004920                sinLerp
 .text.cosLerp  0x0000000002004960       0x4c C:/devkitPro/libnds/lib\libnds9.a(trig.o)
                0x0000000002004960                cosLerp
 .text.tanLerp  0x00000000020049ac       0xb0 C:/devkitPro/libnds/lib\libnds9.a(trig.o)
                0x00000000020049ac                tanLerp
 .text.oamAllocReset
                0x0000000002004a5c       0x1c C:/devkitPro/libnds/lib\libnds9.a(sprite_alloc.o)
                0x0000000002004a5c                oamAllocReset
 .text.oamAllocateGfx
                0x0000000002004a78      0x50c C:/devkitPro/libnds/lib\libnds9.a(sprite_alloc.o)
                0x0000000002004a78                oamAllocateGfx
 .text.newRow   0x0000000002004f84       0xa8 C:/devkitPro/libnds/lib\libnds9.a(console.o)
 .text.consolePrintChar
                0x000000000200502c       0xe0 C:/devkitPro/libnds/lib\libnds9.a(console.o)
                0x000000000200502c                consolePrintChar
 .text.con_write
                0x000000000200510c      0x36c C:/devkitPro/libnds/lib\libnds9.a(console.o)
                0x000000000200510c                con_write
 .text.consoleLoadFont
                0x0000000002005478      0x2a0 C:/devkitPro/libnds/lib\libnds9.a(console.o)
                0x0000000002005478                consoleLoadFont
 .text.consoleInit
                0x0000000002005718      0x18c C:/devkitPro/libnds/lib\libnds9.a(console.o)
                0x0000000002005718                consoleInit
 .text.consoleDemoInit
                0x00000000020058a4       0x40 C:/devkitPro/libnds/lib\libnds9.a(console.o)
                0x00000000020058a4                consoleDemoInit
 .text.SetOrtho
                0x00000000020058e4      0x184 C:/devkitPro/libnds/lib\libnds9.a(gl2d.o)
                0x00000000020058e4                SetOrtho
 .text.glScreen2D
                0x0000000002005a68      0x540 C:/devkitPro/libnds/lib\libnds9.a(gl2d.o)
                0x0000000002005a68                glScreen2D
 .text.glBegin2D
                0x0000000002005fa8       0x84 C:/devkitPro/libnds/lib\libnds9.a(gl2d.o)
                0x0000000002005fa8                glBegin2D
 .text.glBoxFilled
                0x000000000200602c       0x98 C:/devkitPro/libnds/lib\libnds9.a(gl2d.o)
                0x000000000200602c                glBoxFilled
 .text.glSprite
                0x00000000020060c4      0x108 C:/devkitPro/libnds/lib\libnds9.a(gl2d.o)
                0x00000000020060c4                glSprite
 .text.glSpriteRotate
                0x00000000020061cc      0x174 C:/devkitPro/libnds/lib\libnds9.a(gl2d.o)
                0x00000000020061cc                glSpriteRotate
 .text.glLoadTileSet
                0x0000000002006340       0xd0 C:/devkitPro/libnds/lib\libnds9.a(gl2d.o)
                0x0000000002006340                glLoadTileSet
 .text.vramBlock__deallocateBlock.part.0
                0x0000000002006410      0x190 C:/devkitPro/libnds/lib\libnds9.a(videoGL.o)
 .text.glMaterialf
                0x00000000020065a0       0x7c C:/devkitPro/libnds/lib\libnds9.a(videoGL.o)
                0x00000000020065a0                glMaterialf
 .text.vramBlock_init
                0x000000000200661c       0x5c C:/devkitPro/libnds/lib\libnds9.a(videoGL.o)
                0x000000000200661c                vramBlock_init
 .text.vramBlock__allocateBlock
                0x0000000002006678      0x178 C:/devkitPro/libnds/lib\libnds9.a(videoGL.o)
                0x0000000002006678                vramBlock__allocateBlock
 .text.vramBlock_examineSpecial
                0x00000000020067f0      0x238 C:/devkitPro/libnds/lib\libnds9.a(videoGL.o)
                0x00000000020067f0                vramBlock_examineSpecial
 .text.vramBlock_allocateSpecial
                0x0000000002006a28       0x6c C:/devkitPro/libnds/lib\libnds9.a(videoGL.o)
                0x0000000002006a28                vramBlock_allocateSpecial
 .text.vramBlock_allocateBlock
                0x0000000002006a94       0x30 C:/devkitPro/libnds/lib\libnds9.a(videoGL.o)
                0x0000000002006a94                vramBlock_allocateBlock
 .text.vramBlock_deallocateBlock
                0x0000000002006ac4       0x48 C:/devkitPro/libnds/lib\libnds9.a(videoGL.o)
                0x0000000002006ac4                vramBlock_deallocateBlock
 .text.removePaletteFromTexture.part.0
                0x0000000002006b0c       0x68 C:/devkitPro/libnds/lib\libnds9.a(videoGL.o)
 .text.glInit_C
                0x0000000002006b74      0x1cc C:/devkitPro/libnds/lib\libnds9.a(videoGL.o)
                0x0000000002006b74                glInit_C
 .text.glGenTextures
                0x0000000002006d40       0x80 C:/devkitPro/libnds/lib\libnds9.a(videoGL.o)
                0x0000000002006d40                glGenTextures
 .text.vramGetBank
                0x0000000002006dc0       0xb8 C:/devkitPro/libnds/lib\libnds9.a(videoGL.o)
                0x0000000002006dc0                vramGetBank
 .text.glBindTexture
                0x0000000002006e78       0x60 C:/devkitPro/libnds/lib\libnds9.a(videoGL.o)
                0x0000000002006e78                glBindTexture
 .text.glColorTableEXT
                0x0000000002006ed8      0x1d8 C:/devkitPro/libnds/lib\libnds9.a(videoGL.o)
                0x0000000002006ed8                glColorTableEXT
 .text.glTexImage2D
                0x00000000020070b0      0x40c C:/devkitPro/libnds/lib\libnds9.a(videoGL.o)
                0x00000000020070b0                glTexImage2D
 .text.oamInit  0x00000000020074bc      0x114 C:/devkitPro/libnds/lib\libnds9.a(sprite.o)
                0x00000000020074bc                oamInit
 .text.oamGetGfxPtr
                0x00000000020075d0       0x38 C:/devkitPro/libnds/lib\libnds9.a(sprite.o)
                0x00000000020075d0                oamGetGfxPtr
 .text.oamGfxPtrToOffset
                0x0000000002007608       0x34 C:/devkitPro/libnds/lib\libnds9.a(sprite.o)
                0x0000000002007608                oamGfxPtrToOffset
 .text.oamSet   0x000000000200763c      0x104 C:/devkitPro/libnds/lib\libnds9.a(sprite.o)
                0x000000000200763c                oamSet
 .text.oamUpdate
                0x0000000002007740       0x60 C:/devkitPro/libnds/lib\libnds9.a(sprite.o)
                0x0000000002007740                oamUpdate
 .text.scanKeys
                0x00000000020077a0       0x8c C:/devkitPro/libnds/lib\libnds9.a(keys.o)
                0x00000000020077a0                scanKeys
 .text.keysDown
                0x000000000200782c       0x14 C:/devkitPro/libnds/lib\libnds9.a(keys.o)
                0x000000000200782c                keysDown
 .text.__syscall_gettod_r
                0x0000000002007840       0x28 C:/devkitPro/libnds/lib\libnds9.a(initSystem.o)
                0x0000000002007840                __syscall_gettod_r
 .text.initSystem
                0x0000000002007868      0x180 C:/devkitPro/libnds/lib\libnds9.a(initSystem.o)
                0x0000000002007868                initSystem
 .text.irqDummy
                0x00000000020079e8        0x4 C:/devkitPro/libnds/lib\libnds9.a(interrupts.o)
                0x00000000020079e8                irqDummy
 .text.irqSet   0x00000000020079ec       0x6c C:/devkitPro/libnds/lib\libnds9.a(interrupts.o)
                0x00000000020079ec                irqSet
 .text.irqInit  0x0000000002007a58       0x50 C:/devkitPro/libnds/lib\libnds9.a(interrupts.o)
                0x0000000002007a58                irqInit
 .text.irqEnable
                0x0000000002007aa8       0x64 C:/devkitPro/libnds/lib\libnds9.a(interrupts.o)
                0x0000000002007aa8                irqEnable
 .text.systemErrorExit
                0x0000000002007b0c        0x4 C:/devkitPro/libnds/lib\libnds9.a(libnds_exit.arm.o)
                0x0000000002007b0c                systemErrorExit
 .text.__libnds_exit
                0x0000000002007b10       0x5c C:/devkitPro/libnds/lib\libnds9.a(libnds_exit.arm.o)
                0x0000000002007b10                __libnds_exit
 .text.fifo_queueBlock
                0x0000000002007b6c       0x44 C:/devkitPro/libnds/lib\libnds9.a(fifosystem.o)
 .text.fifo_waitBlock
                0x0000000002007bb0       0x80 C:/devkitPro/libnds/lib\libnds9.a(fifosystem.o)
 .text.fifoInternalSend.part.0
                0x0000000002007c30       0xd4 C:/devkitPro/libnds/lib\libnds9.a(fifosystem.o)
 .text.fifoInternalSendInterrupt
                0x0000000002007d04       0xb0 C:/devkitPro/libnds/lib\libnds9.a(fifosystem.o)
 .text.fifoSetValue32Handler
                0x0000000002007db4       0xd4 C:/devkitPro/libnds/lib\libnds9.a(fifosystem.o)
                0x0000000002007db4                fifoSetValue32Handler
 .text.fifoSendValue32
                0x0000000002007e88       0x4c C:/devkitPro/libnds/lib\libnds9.a(fifosystem.o)
                0x0000000002007e88                fifoSendValue32
 .text.fifoSendDatamsg
                0x0000000002007ed4       0x90 C:/devkitPro/libnds/lib\libnds9.a(fifosystem.o)
                0x0000000002007ed4                fifoSendDatamsg
 .text.fifoGetDatamsg
                0x0000000002007f64       0xf4 C:/devkitPro/libnds/lib\libnds9.a(fifosystem.o)
                0x0000000002007f64                fifoGetDatamsg
 .text.fifoInternalRecvInterrupt
                0x0000000002008058      0x37c C:/devkitPro/libnds/lib\libnds9.a(fifosystem.o)
 .text.fifoSetDatamsgHandler
                0x00000000020083d4       0x9c C:/devkitPro/libnds/lib\libnds9.a(fifosystem.o)
                0x00000000020083d4                fifoSetDatamsgHandler
 .text.fifoInit
                0x0000000002008470      0x108 C:/devkitPro/libnds/lib\libnds9.a(fifosystem.o)
                0x0000000002008470                fifoInit
 .text.DC_FlushRange
                0x0000000002008578       0x24 C:/devkitPro/libnds/lib\libnds9.a(dcache.o)
                0x0000000002008578                DC_FlushRange
 .text.__libnds_mpu_setup
                0x000000000200859c      0x174 C:/devkitPro/libnds/lib\libnds9.a(mpu_setup.o)
                0x000000000200859c                __libnds_mpu_setup
 .text.memUncached
                0x0000000002008710       0x20 C:/devkitPro/libnds/lib\libnds9.a(mpu_setup.o)
                0x0000000002008710                memUncached
 .text.swiWaitForVBlank
                0x0000000002008730        0x8 C:/devkitPro/libnds/lib\libnds9.a(IntrWait.o)
                0x0000000002008730                swiWaitForVBlank
 .text.swiIntrWait
                0x0000000002008738       0x70 C:/devkitPro/libnds/lib\libnds9.a(IntrWait.o)
                0x0000000002008738                swiIntrWait
 .text.setCpuClock
                0x00000000020087a8       0x50 C:/devkitPro/libnds/lib\libnds9.a(cpu_clock.o)
                0x00000000020087a8                setCpuClock
 .text.swiDelay
                0x00000000020087f8        0x4 C:/devkitPro/libnds/lib\libnds9.a(biosCalls.o)
                0x00000000020087f8                swiDelay
 .text.swiCopy  0x00000000020087fc        0x4 C:/devkitPro/libnds/lib\libnds9.a(biosCalls.o)
                0x00000000020087fc                swiCopy
 .text.swiSoftReset
                0x0000000002008800       0x2c C:/devkitPro/libnds/lib\libnds9.a(swiSoftReset.o)
                0x0000000002008800                swiSoftReset
 .text.DynamicArrayInit
                0x000000000200882c       0x18 C:/devkitPro/libnds/lib\libnds9.a(dynamicArray.o)
                0x000000000200882c                DynamicArrayInit
 .text.DynamicArrayGet
                0x0000000002008844       0x18 C:/devkitPro/libnds/lib\libnds9.a(dynamicArray.o)
                0x0000000002008844                DynamicArrayGet
 .text.DynamicArraySet
                0x000000000200885c       0x48 C:/devkitPro/libnds/lib\libnds9.a(dynamicArray.o)
                0x000000000200885c                DynamicArraySet
 .text.vramRestorePrimaryBanks
                0x00000000020088a4        0xc C:/devkitPro/libnds/lib\libnds9.a(video.o)
                0x00000000020088a4                vramRestorePrimaryBanks
 .text.vramRestoreBanks_EFG
                0x00000000020088b0        0xc C:/devkitPro/libnds/lib\libnds9.a(video.o)
                0x00000000020088b0                vramRestoreBanks_EFG
 .text.vramDefault
                0x00000000020088bc       0xd0 C:/devkitPro/libnds/lib\libnds9.a(video.o)
                0x00000000020088bc                vramDefault
 .text.systemValueHandler
                0x000000000200898c       0x48 C:/devkitPro/libnds/lib\libnds9.a(system.o)
                0x000000000200898c                systemValueHandler
 .text.systemMsgHandler
                0x00000000020089d4       0x60 C:/devkitPro/libnds/lib\libnds9.a(system.o)
                0x00000000020089d4                systemMsgHandler
 .text.powerOn  0x0000000002008a34       0x2c C:/devkitPro/libnds/lib\libnds9.a(system.o)
                0x0000000002008a34                powerOn
 .text.__muldi3
                0x0000000002008a60       0x18 c:/devkitpro/devkitarm/bin/../lib/gcc/arm-none-eabi/12.1.0\libgcc.a(_muldi3.o)
                0x0000000002008a60                __muldi3
                0x0000000002008a60                __aeabi_lmul
 .text.calloc   0x0000000002008a78       0x24 c:/devkitpro/devkitarm/bin/../lib/gcc/arm-none-eabi/12.1.0/../../../../arm-none-eabi/lib\libg.a(lib_a-calloc.o)
                0x0000000002008a78                calloc
 .text._calloc_r
                0x0000000002008a9c       0xd0 c:/devkitpro/devkitarm/bin/../lib/gcc/arm-none-eabi/12.1.0/../../../../arm-none-eabi/lib\libg.a(lib_a-callocr.o)
                0x0000000002008a9c                _calloc_r
 .text.__errno  0x0000000002008b6c       0x10 c:/devkitpro/devkitarm/bin/../lib/gcc/arm-none-eabi/12.1.0/../../../../arm-none-eabi/lib\libg.a(lib_a-errno.o)
                0x0000000002008b6c                __errno
 .text._fclose_r
                0x0000000002008b7c      0x164 c:/devkitpro/devkitarm/bin/../lib/gcc/arm-none-eabi/12.1.0/../../../../arm-none-eabi/lib\libg.a(lib_a-fclose.o)
                0x0000000002008b7c                _fclose_r
 .text.fclose   0x0000000002008ce0       0x18 c:/devkitpro/devkitarm/bin/../lib/gcc/arm-none-eabi/12.1.0/../../../../arm-none-eabi/lib\libg.a(lib_a-fclose.o)
                0x0000000002008ce0                fclose
 .text.__sflush_r
                0x0000000002008cf8      0x250 c:/devkitpro/devkitarm/bin/../lib/gcc/arm-none-eabi/12.1.0/../../../../arm-none-eabi/lib\libg.a(lib_a-fflush.o)
                0x0000000002008cf8                __sflush_r
 .text._fflush_r
                0x0000000002008f48       0x9c c:/devkitpro/devkitarm/bin/../lib/gcc/arm-none-eabi/12.1.0/../../../../arm-none-eabi/lib\libg.a(lib_a-fflush.o)
                0x0000000002008f48                _fflush_r
 .text.fflush   0x0000000002008fe4       0x3c c:/devkitpro/devkitarm/bin/../lib/gcc/arm-none-eabi/12.1.0/../../../../arm-none-eabi/lib\libg.a(lib_a-fflush.o)
                0x0000000002008fe4                fflush
 .text._cleanup_r
                0x0000000002009020       0x18 c:/devkitpro/devkitarm/bin/../lib/gcc/arm-none-eabi/12.1.0/../../../../arm-none-eabi/lib\libg.a(lib_a-findfp.o)
                0x0000000002009020                _cleanup_r
 .text.__sinit  0x0000000002009038      0x18c c:/devkitpro/devkitarm/bin/../lib/gcc/arm-none-eabi/12.1.0/../../../../arm-none-eabi/lib\libg.a(lib_a-findfp.o)
                0x0000000002009038                __sinit
 .text.__sfp    0x00000000020091c4      0x138 c:/devkitpro/devkitarm/bin/../lib/gcc/arm-none-eabi/12.1.0/../../../../arm-none-eabi/lib\libg.a(lib_a-findfp.o)
                0x00000000020091c4                __sfp
 .text.__sfp_lock_acquire
                0x00000000020092fc       0x18 c:/devkitpro/devkitarm/bin/../lib/gcc/arm-none-eabi/12.1.0/../../../../arm-none-eabi/lib\libg.a(lib_a-findfp.o)
                0x00000000020092fc                __sfp_lock_acquire
 .text.__sfp_lock_release
                0x0000000002009314       0x18 c:/devkitpro/devkitarm/bin/../lib/gcc/arm-none-eabi/12.1.0/../../../../arm-none-eabi/lib\libg.a(lib_a-findfp.o)
                0x0000000002009314                __sfp_lock_release
 .text._fopen_r
                0x000000000200932c      0x140 c:/devkitpro/devkitarm/bin/../lib/gcc/arm-none-eabi/12.1.0/../../../../arm-none-eabi/lib\libg.a(lib_a-fopen.o)
                0x000000000200932c                _fopen_r
 .text.fopen    0x000000000200946c       0x20 c:/devkitpro/devkitarm/bin/../lib/gcc/arm-none-eabi/12.1.0/../../../../arm-none-eabi/lib\libg.a(lib_a-fopen.o)
                0x000000000200946c                fopen
 .text._fread_r
                0x000000000200948c      0x2d8 c:/devkitpro/devkitarm/bin/../lib/gcc/arm-none-eabi/12.1.0/../../../../arm-none-eabi/lib\libg.a(lib_a-fread.o)
                0x000000000200948c                _fread_r
 .text.fread    0x0000000002009764       0x3c c:/devkitpro/devkitarm/bin/../lib/gcc/arm-none-eabi/12.1.0/../../../../arm-none-eabi/lib\libg.a(lib_a-fread.o)
                0x0000000002009764                fread
 .text._malloc_trim_r
                0x00000000020097a0      0x100 c:/devkitpro/devkitarm/bin/../lib/gcc/arm-none-eabi/12.1.0/../../../../arm-none-eabi/lib\libg.a(lib_a-freer.o)
                0x00000000020097a0                _malloc_trim_r
 .text._free_r  0x00000000020098a0      0x2e8 c:/devkitpro/devkitarm/bin/../lib/gcc/arm-none-eabi/12.1.0/../../../../arm-none-eabi/lib\libg.a(lib_a-freer.o)
                0x00000000020098a0                _free_r
 .text._fseek_r
                0x0000000002009b88       0x20 c:/devkitpro/devkitarm/bin/../lib/gcc/arm-none-eabi/12.1.0/../../../../arm-none-eabi/lib\libg.a(lib_a-fseek.o)
                0x0000000002009b88                _fseek_r
 .text.fseek    0x0000000002009ba8       0x38 c:/devkitpro/devkitarm/bin/../lib/gcc/arm-none-eabi/12.1.0/../../../../arm-none-eabi/lib\libg.a(lib_a-fseek.o)
                0x0000000002009ba8                fseek
 .text._fseeko_r
                0x0000000002009be0      0x5a0 c:/devkitpro/devkitarm/bin/../lib/gcc/arm-none-eabi/12.1.0/../../../../arm-none-eabi/lib\libg.a(lib_a-fseeko.o)
                0x0000000002009be0                _fseeko_r
 .text._fwalk   0x000000000200a180       0x70 c:/devkitpro/devkitarm/bin/../lib/gcc/arm-none-eabi/12.1.0/../../../../arm-none-eabi/lib\libg.a(lib_a-fwalk.o)
                0x000000000200a180                _fwalk
 .text._fwalk_reent
                0x000000000200a1f0       0x78 c:/devkitpro/devkitarm/bin/../lib/gcc/arm-none-eabi/12.1.0/../../../../arm-none-eabi/lib\libg.a(lib_a-fwalk.o)
                0x000000000200a1f0                _fwalk_reent
 .text.__libc_init_array
                0x000000000200a268       0x90 c:/devkitpro/devkitarm/bin/../lib/gcc/arm-none-eabi/12.1.0/../../../../arm-none-eabi/lib\libg.a(lib_a-init.o)
                0x000000000200a268                __libc_init_array
 .text.__smakebuf_r
                0x000000000200a2f8      0x144 c:/devkitpro/devkitarm/bin/../lib/gcc/arm-none-eabi/12.1.0/../../../../arm-none-eabi/lib\libg.a(lib_a-makebuf.o)
                0x000000000200a2f8                __smakebuf_r
 .text.__swhatbuf_r
                0x000000000200a43c       0x80 c:/devkitpro/devkitarm/bin/../lib/gcc/arm-none-eabi/12.1.0/../../../../arm-none-eabi/lib\libg.a(lib_a-makebuf.o)
                0x000000000200a43c                __swhatbuf_r
 .text.malloc   0x000000000200a4bc       0x1c c:/devkitpro/devkitarm/bin/../lib/gcc/arm-none-eabi/12.1.0/../../../../arm-none-eabi/lib\libg.a(lib_a-malloc.o)
                0x000000000200a4bc                malloc
 .text.free     0x000000000200a4d8       0x1c c:/devkitpro/devkitarm/bin/../lib/gcc/arm-none-eabi/12.1.0/../../../../arm-none-eabi/lib\libg.a(lib_a-malloc.o)
                0x000000000200a4d8                free
 .text._malloc_r
                0x000000000200a4f4      0x7f0 c:/devkitpro/devkitarm/bin/../lib/gcc/arm-none-eabi/12.1.0/../../../../arm-none-eabi/lib\libg.a(lib_a-mallocr.o)
                0x000000000200a4f4                _malloc_r
 .text.memcpy   0x000000000200ace4      0x114 c:/devkitpro/devkitarm/bin/../lib/gcc/arm-none-eabi/12.1.0/../../../../arm-none-eabi/lib\libg.a(lib_a-memcpy-stub.o)
                0x000000000200ace4                memcpy
 .text.memset   0x000000000200adf8       0xfc c:/devkitpro/devkitarm/bin/../lib/gcc/arm-none-eabi/12.1.0/../../../../arm-none-eabi/lib\libg.a(lib_a-memset.o)
                0x000000000200adf8                memset
 .text.__malloc_lock
                0x000000000200aef4       0x18 c:/devkitpro/devkitarm/bin/../lib/gcc/arm-none-eabi/12.1.0/../../../../arm-none-eabi/lib\libg.a(lib_a-mlock.o)
                0x000000000200aef4                __malloc_lock
 .text.__malloc_unlock
                0x000000000200af0c       0x18 c:/devkitpro/devkitarm/bin/../lib/gcc/arm-none-eabi/12.1.0/../../../../arm-none-eabi/lib\libg.a(lib_a-mlock.o)
                0x000000000200af0c                __malloc_unlock
 .text.srand    0x000000000200af24       0x20 c:/devkitpro/devkitarm/bin/../lib/gcc/arm-none-eabi/12.1.0/../../../../arm-none-eabi/lib\libg.a(lib_a-rand.o)
                0x000000000200af24                srand
 .text.rand     0x000000000200af44       0x48 c:/devkitpro/devkitarm/bin/../lib/gcc/arm-none-eabi/12.1.0/../../../../arm-none-eabi/lib\libg.a(lib_a-rand.o)
                0x000000000200af44                rand
 .text.realloc  0x000000000200af8c       0x24 c:/devkitpro/devkitarm/bin/../lib/gcc/arm-none-eabi/12.1.0/../../../../arm-none-eabi/lib\libg.a(lib_a-realloc.o)
                0x000000000200af8c                realloc
 .text._realloc_r
                0x000000000200afb0      0x4b8 c:/devkitpro/devkitarm/bin/../lib/gcc/arm-none-eabi/12.1.0/../../../../arm-none-eabi/lib\libg.a(lib_a-reallocr.o)
                0x000000000200afb0                _realloc_r
 .text.lflush   0x000000000200b468       0x28 c:/devkitpro/devkitarm/bin/../lib/gcc/arm-none-eabi/12.1.0/../../../../arm-none-eabi/lib\libg.a(lib_a-refill.o)
 .text.__srefill_r
                0x000000000200b490      0x198 c:/devkitpro/devkitarm/bin/../lib/gcc/arm-none-eabi/12.1.0/../../../../arm-none-eabi/lib\libg.a(lib_a-refill.o)
                0x000000000200b490                __srefill_r
 .text.setvbuf  0x000000000200b628      0x25c c:/devkitpro/devkitarm/bin/../lib/gcc/arm-none-eabi/12.1.0/../../../../arm-none-eabi/lib\libg.a(lib_a-setvbuf.o)
                0x000000000200b628                setvbuf
 .text.siscanf  0x000000000200b884       0x74 c:/devkitpro/devkitarm/bin/../lib/gcc/arm-none-eabi/12.1.0/../../../../arm-none-eabi/lib\libg.a(lib_a-siscanf.o)
                0x000000000200b884                siscanf
 .text.__sread  0x000000000200b8f8       0x4c c:/devkitpro/devkitarm/bin/../lib/gcc/arm-none-eabi/12.1.0/../../../../arm-none-eabi/lib\libg.a(lib_a-stdio.o)
                0x000000000200b8f8                __sread
 .text.__seofread
                0x000000000200b944        0x8 c:/devkitpro/devkitarm/bin/../lib/gcc/arm-none-eabi/12.1.0/../../../../arm-none-eabi/lib\libg.a(lib_a-stdio.o)
                0x000000000200b944                __seofread
 .text.__swrite
                0x000000000200b94c       0x6c c:/devkitpro/devkitarm/bin/../lib/gcc/arm-none-eabi/12.1.0/../../../../arm-none-eabi/lib\libg.a(lib_a-stdio.o)
                0x000000000200b94c                __swrite
 .text.__sseek  0x000000000200b9b8       0x48 c:/devkitpro/devkitarm/bin/../lib/gcc/arm-none-eabi/12.1.0/../../../../arm-none-eabi/lib\libg.a(lib_a-stdio.o)
                0x000000000200b9b8                __sseek
 .text.__sclose
                0x000000000200ba00       0x14 c:/devkitpro/devkitarm/bin/../lib/gcc/arm-none-eabi/12.1.0/../../../../arm-none-eabi/lib\libg.a(lib_a-stdio.o)
                0x000000000200ba00                __sclose
 .text.strlen   0x000000000200ba14       0x60 c:/devkitpro/devkitarm/bin/../lib/gcc/arm-none-eabi/12.1.0/../../../../arm-none-eabi/lib\libg.a(lib_a-strlen-stub.o)
                0x000000000200ba14                strlen
 .text.get_arg  0x000000000200ba74       0x54 c:/devkitpro/devkitarm/bin/../lib/gcc/arm-none-eabi/12.1.0/../../../../arm-none-eabi/lib\libg.a(lib_a-svfiscanf.o)
 .text._sungetc_r
                0x000000000200bac8       0xdc c:/devkitpro/devkitarm/bin/../lib/gcc/arm-none-eabi/12.1.0/../../../../arm-none-eabi/lib\libg.a(lib_a-svfiscanf.o)
                0x000000000200bac8                _sungetc_r
 .text.__ssrefill_r
                0x000000000200bba4       0x68 c:/devkitpro/devkitarm/bin/../lib/gcc/arm-none-eabi/12.1.0/../../../../arm-none-eabi/lib\libg.a(lib_a-svfiscanf.o)
                0x000000000200bba4                __ssrefill_r
 .text._sfread_r
                0x000000000200bc0c       0xc8 c:/devkitpro/devkitarm/bin/../lib/gcc/arm-none-eabi/12.1.0/../../../../arm-none-eabi/lib\libg.a(lib_a-svfiscanf.o)
                0x000000000200bc0c                _sfread_r
 .text.__ssvfiscanf_r
                0x000000000200bcd4     0x2338 c:/devkitpro/devkitarm/bin/../lib/gcc/arm-none-eabi/12.1.0/../../../../arm-none-eabi/lib\libg.a(lib_a-svfiscanf.o)
                0x000000000200bcd4                __ssvfiscanf_r
 .text.time     0x000000000200e00c       0x40 c:/devkitpro/devkitarm/bin/../lib/gcc/arm-none-eabi/12.1.0/../../../../arm-none-eabi/lib\libg.a(lib_a-time.o)
                0x000000000200e00c                time
 .text.__submore
                0x000000000200e04c       0xa8 c:/devkitpro/devkitarm/bin/../lib/gcc/arm-none-eabi/12.1.0/../../../../arm-none-eabi/lib\libg.a(lib_a-ungetc.o)
                0x000000000200e04c                __submore
 .text.__sflags
                0x000000000200e0f4       0xd0 c:/devkitpro/devkitarm/bin/../lib/gcc/arm-none-eabi/12.1.0/../../../../arm-none-eabi/lib\libg.a(lib_a-flags.o)
                0x000000000200e0f4                __sflags
 .text.iswspace
                0x000000000200e1c4       0x14 c:/devkitpro/devkitarm/bin/../lib/gcc/arm-none-eabi/12.1.0/../../../../arm-none-eabi/lib\libg.a(lib_a-iswspace.o)
                0x000000000200e1c4                iswspace
 .text.__locale_mb_cur_max
                0x000000000200e1d8       0x10 c:/devkitpro/devkitarm/bin/../lib/gcc/arm-none-eabi/12.1.0/../../../../arm-none-eabi/lib\libg.a(lib_a-locale.o)
                0x000000000200e1d8                __locale_mb_cur_max
 .text._mbrtowc_r
                0x000000000200e1e8       0x70 c:/devkitpro/devkitarm/bin/../lib/gcc/arm-none-eabi/12.1.0/../../../../arm-none-eabi/lib\libg.a(lib_a-mbrtowc.o)
                0x000000000200e1e8                _mbrtowc_r
 .text.__utf8_mbtowc
                0x000000000200e258      0x308 c:/devkitpro/devkitarm/bin/../lib/gcc/arm-none-eabi/12.1.0/../../../../arm-none-eabi/lib\libg.a(lib_a-mbtowc_r.o)
                0x000000000200e258                __utf8_mbtowc
 .text.memmove  0x000000000200e560      0x154 c:/devkitpro/devkitarm/bin/../lib/gcc/arm-none-eabi/12.1.0/../../../../arm-none-eabi/lib\libg.a(lib_a-memmove.o)
                0x000000000200e560                memmove
 .text.__sccl   0x000000000200e6b4       0xe4 c:/devkitpro/devkitarm/bin/../lib/gcc/arm-none-eabi/12.1.0/../../../../arm-none-eabi/lib\libg.a(lib_a-sccl.o)
                0x000000000200e6b4                __sccl
 .text.strchr   0x000000000200e798      0x13c c:/devkitpro/devkitarm/bin/../lib/gcc/arm-none-eabi/12.1.0/../../../../arm-none-eabi/lib\libg.a(lib_a-strchr.o)
                0x000000000200e798                strchr
 .text._strtoll_l.constprop.0
                0x000000000200e8d4      0x234 c:/devkitpro/devkitarm/bin/../lib/gcc/arm-none-eabi/12.1.0/../../../../arm-none-eabi/lib\libg.a(lib_a-strtoll.o)
 .text._strtoll_r
                0x000000000200eb08        0x4 c:/devkitpro/devkitarm/bin/../lib/gcc/arm-none-eabi/12.1.0/../../../../arm-none-eabi/lib\libg.a(lib_a-strtoll.o)
                0x000000000200eb08                _strtoll_r
 .text._strtol_l.part.0
                0x000000000200eb0c      0x1a8 c:/devkitpro/devkitarm/bin/../lib/gcc/arm-none-eabi/12.1.0/../../../../arm-none-eabi/lib\libg.a(lib_a-strtol.o)
 .text._strtol_r
                0x000000000200ecb4       0x3c c:/devkitpro/devkitarm/bin/../lib/gcc/arm-none-eabi/12.1.0/../../../../arm-none-eabi/lib\libg.a(lib_a-strtol.o)
                0x000000000200ecb4                _strtol_r
 .text._strtoull_l.constprop.0
                0x000000000200ecf0      0x248 c:/devkitpro/devkitarm/bin/../lib/gcc/arm-none-eabi/12.1.0/../../../../arm-none-eabi/lib\libg.a(lib_a-strtoull.o)
 .text._strtoull_r
                0x000000000200ef38        0x4 c:/devkitpro/devkitarm/bin/../lib/gcc/arm-none-eabi/12.1.0/../../../../arm-none-eabi/lib\libg.a(lib_a-strtoull.o)
                0x000000000200ef38                _strtoull_r
 .text._strtoul_l.constprop.0
                0x000000000200ef3c      0x1c8 c:/devkitpro/devkitarm/bin/../lib/gcc/arm-none-eabi/12.1.0/../../../../arm-none-eabi/lib\libg.a(lib_a-strtoul.o)
 .text._strtoul_r
                0x000000000200f104        0x4 c:/devkitpro/devkitarm/bin/../lib/gcc/arm-none-eabi/12.1.0/../../../../arm-none-eabi/lib\libg.a(lib_a-strtoul.o)
                0x000000000200f104                _strtoul_r
 .text.__utf8_wctomb
                0x000000000200f108       0xf4 c:/devkitpro/devkitarm/bin/../lib/gcc/arm-none-eabi/12.1.0/../../../../arm-none-eabi/lib\libg.a(lib_a-wctomb_r.o)
                0x000000000200f108                __utf8_wctomb
 .text.iswspace_l
                0x000000000200f1fc       0x44 c:/devkitpro/devkitarm/bin/../lib/gcc/arm-none-eabi/12.1.0/../../../../arm-none-eabi/lib\libg.a(lib_a-iswspace_l.o)
                0x000000000200f1fc                iswspace_l
 .text.__jp2uc  0x000000000200f240      0x1e8 c:/devkitpro/devkitarm/bin/../lib/gcc/arm-none-eabi/12.1.0/../../../../arm-none-eabi/lib\libg.a(lib_a-jp2uc.o)
 .text._jp2uc_l
                0x000000000200f428       0x94 c:/devkitpro/devkitarm/bin/../lib/gcc/arm-none-eabi/12.1.0/../../../../arm-none-eabi/lib\libg.a(lib_a-jp2uc.o)
                0x000000000200f428                _jp2uc_l
 .text.strncmp  0x000000000200f4bc       0xec c:/devkitpro/devkitarm/bin/../lib/gcc/arm-none-eabi/12.1.0/../../../../arm-none-eabi/lib\libg.a(lib_a-strncmp.o)
                0x000000000200f4bc                strncmp
 .text.category
                0x000000000200f5a8       0x94 c:/devkitpro/devkitarm/bin/../lib/gcc/arm-none-eabi/12.1.0/../../../../arm-none-eabi/lib\libg.a(lib_a-categories.o)
                0x000000000200f5a8                category
 .text.null_write
                0x000000000200f63c        0x8 c:/devkitpro/devkitarm/bin/../lib/gcc/arm-none-eabi/12.1.0/../../../../arm-none-eabi/lib\libsysbase.a(iosupport.o)
 .text.FindDevice
                0x000000000200f644       0xd4 c:/devkitpro/devkitarm/bin/../lib/gcc/arm-none-eabi/12.1.0/../../../../arm-none-eabi/lib\libsysbase.a(iosupport.o)
                0x000000000200f644                FindDevice
 .text._fstat_r
                0x000000000200f718       0x7c c:/devkitpro/devkitarm/bin/../lib/gcc/arm-none-eabi/12.1.0/../../../../arm-none-eabi/lib\libsysbase.a(fstat.o)
                0x000000000200f718                _fstat_r
 .text._gettimeofday_r
                0x000000000200f794       0x34 c:/devkitpro/devkitarm/bin/../lib/gcc/arm-none-eabi/12.1.0/../../../../arm-none-eabi/lib\libsysbase.a(gettod.o)
                0x000000000200f794                _gettimeofday_r
 .text._isatty_r
                0x000000000200f7c8        0x8 c:/devkitpro/devkitarm/bin/../lib/gcc/arm-none-eabi/12.1.0/../../../../arm-none-eabi/lib\libsysbase.a(isatty.o)
                0x000000000200f7c8                _isatty_r
 .text._lseek_r
                0x000000000200f7d0       0x88 c:/devkitpro/devkitarm/bin/../lib/gcc/arm-none-eabi/12.1.0/../../../../arm-none-eabi/lib\libsysbase.a(lseek.o)
                0x000000000200f7d0                _lseek_r
 .text._open_r  0x000000000200f858       0xc8 c:/devkitpro/devkitarm/bin/../lib/gcc/arm-none-eabi/12.1.0/../../../../arm-none-eabi/lib\libsysbase.a(open.o)
                0x000000000200f858                _open_r
 .text._read_r  0x000000000200f920       0x84 c:/devkitpro/devkitarm/bin/../lib/gcc/arm-none-eabi/12.1.0/../../../../arm-none-eabi/lib\libsysbase.a(read.o)
                0x000000000200f920                _read_r
 .text._sbrk_r  0x000000000200f9a4       0x7c c:/devkitpro/devkitarm/bin/../lib/gcc/arm-none-eabi/12.1.0/../../../../arm-none-eabi/lib\libsysbase.a(sbrk.o)
                0x000000000200f9a4                _sbrk_r
 .text._write_r
                0x000000000200fa20       0x84 c:/devkitpro/devkitarm/bin/../lib/gcc/arm-none-eabi/12.1.0/../../../../arm-none-eabi/lib\libsysbase.a(write.o)
                0x000000000200fa20                _write_r
 .text.build_argv
                0x000000000200faa4       0x80 c:/devkitpro/devkitarm/bin/../lib/gcc/arm-none-eabi/12.1.0/../../../../arm-none-eabi/lib\libsysbase.a(build_argv.o)
                0x000000000200faa4                build_argv
 .text.__flockfile
                0x000000000200fb24       0x14 c:/devkitpro/devkitarm/bin/../lib/gcc/arm-none-eabi/12.1.0/../../../../arm-none-eabi/lib\libsysbase.a(flock.o)
                0x000000000200fb24                __flockfile
 .text.__funlockfile
                0x000000000200fb38       0x14 c:/devkitpro/devkitarm/bin/../lib/gcc/arm-none-eabi/12.1.0/../../../../arm-none-eabi/lib\libsysbase.a(flock.o)
                0x000000000200fb38                __funlockfile
 .text.__release_handle
                0x000000000200fb4c       0x90 c:/devkitpro/devkitarm/bin/../lib/gcc/arm-none-eabi/12.1.0/../../../../arm-none-eabi/lib\libsysbase.a(handle_manager.o)
                0x000000000200fb4c                __release_handle
 .text.__alloc_handle
                0x000000000200fbdc       0xb4 c:/devkitpro/devkitarm/bin/../lib/gcc/arm-none-eabi/12.1.0/../../../../arm-none-eabi/lib\libsysbase.a(handle_manager.o)
                0x000000000200fbdc                __alloc_handle
 .text.__get_handle
                0x000000000200fc90       0x40 c:/devkitpro/devkitarm/bin/../lib/gcc/arm-none-eabi/12.1.0/../../../../arm-none-eabi/lib\libsysbase.a(handle_manager.o)
                0x000000000200fc90                __get_handle
 .text._close_r
                0x000000000200fcd0       0xfc c:/devkitpro/devkitarm/bin/../lib/gcc/arm-none-eabi/12.1.0/../../../../arm-none-eabi/lib\libsysbase.a(handle_manager.o)
                0x000000000200fcd0                _close_r
 .text.__getreent
                0x000000000200fdcc       0x30 c:/devkitpro/devkitarm/bin/../lib/gcc/arm-none-eabi/12.1.0/../../../../arm-none-eabi/lib\libsysbase.a(getreent.o)
                0x000000000200fdcc                __getreent
 .text.__libc_lock_acquire
                0x000000000200fdfc       0x20 c:/devkitpro/devkitarm/bin/../lib/gcc/arm-none-eabi/12.1.0/../../../../arm-none-eabi/lib\libsysbase.a(syscall_support.o)
                0x000000000200fdfc                __libc_lock_acquire
 .text.__libc_lock_release
                0x000000000200fe1c       0x20 c:/devkitpro/devkitarm/bin/../lib/gcc/arm-none-eabi/12.1.0/../../../../arm-none-eabi/lib\libsysbase.a(syscall_support.o)
                0x000000000200fe1c                __libc_lock_release
 .text.__libc_lock_init_recursive
                0x000000000200fe3c       0x20 c:/devkitpro/devkitarm/bin/../lib/gcc/arm-none-eabi/12.1.0/../../../../arm-none-eabi/lib\libsysbase.a(syscall_support.o)
                0x000000000200fe3c                __libc_lock_init_recursive
 .text.__libc_lock_acquire_recursive
                0x000000000200fe5c       0x20 c:/devkitpro/devkitarm/bin/../lib/gcc/arm-none-eabi/12.1.0/../../../../arm-none-eabi/lib\libsysbase.a(syscall_support.o)
                0x000000000200fe5c                __libc_lock_acquire_recursive
 .text.__libc_lock_release_recursive
                0x000000000200fe7c       0x20 c:/devkitpro/devkitarm/bin/../lib/gcc/arm-none-eabi/12.1.0/../../../../arm-none-eabi/lib\libsysbase.a(syscall_support.o)
                0x000000000200fe7c                __libc_lock_release_recursive
 .text.__libc_lock_close_recursive
                0x000000000200fe9c       0x20 c:/devkitpro/devkitarm/bin/../lib/gcc/arm-none-eabi/12.1.0/../../../../arm-none-eabi/lib\libsysbase.a(syscall_support.o)
                0x000000000200fe9c                __libc_lock_close_recursive
 .text.__udivmoddi4
                0x000000000200febc      0x128 c:/devkitpro/devkitarm/bin/../lib/gcc/arm-none-eabi/12.1.0\libgcc.a(_udivmoddi4.o)
                0x000000000200febc                __udivmoddi4
 *fill*         0x000000000200ffe4        0x4 ff
 .text.__udivmoddi4.__stub
                0x000000000200ffe8      0x17c linker stubs
 *(EXCLUDE_FILE(*.twl*) .gnu.warning)
 *(EXCLUDE_FILE(*.twl*) .gnu.linkonce.t*)
 *(.glue_7)
 .glue_7        0x00000000020101b0        0x0 linker stubs
 *(.glue_7t)
 .glue_7t       0x00000000020101b0        0x0 linker stubs
                0x00000000020101b0                . = ALIGN (0x4)

.vfp11_veneer   0x00000000020101b0        0x0
 .vfp11_veneer  0x00000000020101b0        0x0 linker stubs

.v4_bx          0x00000000020101b0        0x0
 .v4_bx         0x00000000020101b0        0x0 linker stubs

.iplt           0x00000000020101b0        0x0
 .iplt          0x00000000020101b0        0x0 c:/devkitpro/devkitarm/bin/../lib/gcc/arm-none-eabi/12.1.0/../../../../arm-none-eabi/lib/ds_arm9_crt0.o

.fini           0x00000000020101b0       0x18
 *(.fini)
 .fini          0x00000000020101b0        0xc c:/devkitpro/devkitarm/bin/../lib/gcc/arm-none-eabi/12.1.0/crti.o
                0x00000000020101b0                _fini
 .fini          0x00000000020101bc        0xc c:/devkitpro/devkitarm/bin/../lib/gcc/arm-none-eabi/12.1.0/crtn.o
                0x00000000020101c8                __text_end = .

.rodata         0x00000000020101c8    0xfa68c
 *(EXCLUDE_FILE(*.twl*) .rodata)
 .rodata        0x00000000020101c8     0x3200 allNums.o
                0x00000000020101c8                allNumsTiles
                0x00000000020131c8                allNumsPal
 .rodata        0x00000000020133c8    0x18200 bgLong.o
                0x00000000020133c8                bgLongBitmap
                0x000000000202b3c8                bgLongPal
 .rodata        0x000000000202b5c8     0xc200 bird.o
                0x000000000202b5c8                birdBitmap
                0x00000000020375c8                birdPal
 .rodata        0x00000000020377c8     0xc200 birdDown.o
                0x00000000020377c8                birdDownBitmap
                0x00000000020437c8                birdDownPal
 .rodata        0x00000000020439c8     0xc200 birdUp.o
                0x00000000020439c8                birdUpBitmap
                0x000000000204f9c8                birdUpPal
 .rodata        0x000000000204fbc8    0x18000 bottom.o
                0x000000000204fbc8                bottomBitmap
 .rodata        0x0000000002067bc8     0xc200 floor.o
                0x0000000002067bc8                floorBitmap
                0x0000000002073bc8                floorPal
 .rodata        0x0000000002073dc8     0x1200 medals.o
                0x0000000002073dc8                medalsTiles
                0x0000000002074dc8                medalsPal
 .rodata        0x0000000002074fc8      0xc00 miniNums.o
                0x0000000002074fc8                miniNumsTiles
                0x00000000020759c8                miniNumsPal
 .rodata        0x0000000002075bc8     0xc200 pipeTop.o
                0x0000000002075bc8                pipeTopBitmap
                0x0000000002081bc8                pipeTopPal
 .rodata        0x0000000002081dc8     0xc200 ready.o
                0x0000000002081dc8                readyBitmap
                0x000000000208ddc8                readyPal
 .rodata        0x000000000208dfc8     0x2200 scoreCardFull.o
                0x000000000208dfc8                scoreCardFullTiles
                0x000000000208ffc8                scoreCardFullPal
 .rodata        0x00000000020901c8     0x1200 scoreSprite.o
                0x00000000020901c8                scoreSpriteTiles
                0x00000000020911c8                scoreSpritePal
 .rodata        0x00000000020913c8     0x1200 startSub.o
                0x00000000020913c8                startSubTiles
                0x00000000020923c8                startSubPal
 .rodata        0x00000000020925c8       0x24 C:/devkitPro/libnds/lib\libnds9.a(videoGL.o)
 *all.rodata*(*)
 *(EXCLUDE_FILE(*.twl*) .roda)
 *(EXCLUDE_FILE(*.twl*) .rodata.*)
 .rodata.soundbank_bin
                0x00000000020925ec    0x6f19c soundbank.bin.o
                0x00000000020925ec                soundbank_bin
                0x0000000002101788                soundbank_bin_end
 .rodata.SIN_LUT
                0x0000000002101788      0x102 C:/devkitPro/libnds/lib\libnds9.a(trig.o)
                0x0000000002101788                SIN_LUT
 *fill*         0x000000000210188a        0x2 ff
 .rodata.TAN_LUT
                0x000000000210188c      0x204 C:/devkitPro/libnds/lib\libnds9.a(trig.o)
                0x000000000210188c                TAN_LUT
 .rodata.con_write.str1.4
                0x0000000002101a90       0x30 C:/devkitPro/libnds/lib\libnds9.a(console.o)
 .rodata.con_write
                0x0000000002101ac0       0xd4 C:/devkitPro/libnds/lib\libnds9.a(console.o)
 .rodata.str1.4
                0x0000000002101b94       0x14 C:/devkitPro/libnds/lib\libnds9.a(console.o)
 .rodata.dotab_stdout
                0x0000000002101ba8       0x70 C:/devkitPro/libnds/lib\libnds9.a(console.o)
 .rodata.glMaterialf
                0x0000000002101c18       0x44 C:/devkitPro/libnds/lib\libnds9.a(videoGL.o)
 .rodata.default_font_bin
                0x0000000002101c5c     0x2000 C:/devkitPro/libnds/lib\libnds9.a(default_font.bin.o)
                0x0000000002101c5c                default_font_bin
                0x0000000002103c5c                default_font_bin_end
 .rodata._global_impure_ptr
                0x0000000002103c5c        0x4 c:/devkitpro/devkitarm/bin/../lib/gcc/arm-none-eabi/12.1.0/../../../../arm-none-eabi/lib\libg.a(lib_a-impure.o)
                0x0000000002103c5c                _global_impure_ptr
 .rodata.basefix.0
                0x0000000002103c60       0x22 c:/devkitpro/devkitarm/bin/../lib/gcc/arm-none-eabi/12.1.0/../../../../arm-none-eabi/lib\libg.a(lib_a-svfiscanf.o)
 *fill*         0x0000000002103c82        0x2 ff
 .rodata._ctype_
                0x0000000002103c84      0x101 c:/devkitpro/devkitarm/bin/../lib/gcc/arm-none-eabi/12.1.0/../../../../arm-none-eabi/lib\libg.a(lib_a-ctype_.o)
                0x0000000002103c84                _ctype_
 *fill*         0x0000000002103d85        0x3 ff
 .rodata.str1.4
                0x0000000002103d88       0x48 c:/devkitpro/devkitarm/bin/../lib/gcc/arm-none-eabi/12.1.0/../../../../arm-none-eabi/lib\libg.a(lib_a-locale.o)
                                         0x4c (size before relaxing)
 .rodata._mbrtowc_r.str1.4
                0x0000000002103dd0        0x1 c:/devkitpro/devkitarm/bin/../lib/gcc/arm-none-eabi/12.1.0/../../../../arm-none-eabi/lib\libg.a(lib_a-mbrtowc.o)
 .rodata._jp2uc_l.str1.4
                0x0000000002103dd0       0x12 c:/devkitpro/devkitarm/bin/../lib/gcc/arm-none-eabi/12.1.0/../../../../arm-none-eabi/lib\libg.a(lib_a-jp2uc.o)
 *fill*         0x0000000002103de2        0x2 ff
 .rodata.d02f4  0x0000000002103de4     0x1a7c c:/devkitpro/devkitarm/bin/../lib/gcc/arm-none-eabi/12.1.0/../../../../arm-none-eabi/lib\libg.a(lib_a-jp2uc.o)
 .rodata.b02cf  0x0000000002105860     0x172a c:/devkitpro/devkitarm/bin/../lib/gcc/arm-none-eabi/12.1.0/../../../../arm-none-eabi/lib\libg.a(lib_a-jp2uc.o)
 *fill*         0x0000000002106f8a        0x2 ff
 .rodata.a8     0x0000000002106f8c       0x40 c:/devkitpro/devkitarm/bin/../lib/gcc/arm-none-eabi/12.1.0/../../../../arm-none-eabi/lib\libg.a(lib_a-jp2uc.o)
 .rodata.a7     0x0000000002106fcc       0xa2 c:/devkitpro/devkitarm/bin/../lib/gcc/arm-none-eabi/12.1.0/../../../../arm-none-eabi/lib\libg.a(lib_a-jp2uc.o)
 *fill*         0x000000000210706e        0x2 ff
 .rodata.a6     0x0000000002107070       0x70 c:/devkitpro/devkitarm/bin/../lib/gcc/arm-none-eabi/12.1.0/../../../../arm-none-eabi/lib\libg.a(lib_a-jp2uc.o)
 .rodata.a3     0x00000000021070e0       0x5b c:/devkitpro/devkitarm/bin/../lib/gcc/arm-none-eabi/12.1.0/../../../../arm-none-eabi/lib\libg.a(lib_a-jp2uc.o)
 *fill*         0x000000000210713b        0x1 ff
 .rodata.a2     0x000000000210713c       0xbc c:/devkitpro/devkitarm/bin/../lib/gcc/arm-none-eabi/12.1.0/../../../../arm-none-eabi/lib\libg.a(lib_a-jp2uc.o)
 .rodata.a1     0x00000000021071f8       0xbc c:/devkitpro/devkitarm/bin/../lib/gcc/arm-none-eabi/12.1.0/../../../../arm-none-eabi/lib\libg.a(lib_a-jp2uc.o)
 .rodata.categories
                0x00000000021072b4     0x3528 c:/devkitpro/devkitarm/bin/../lib/gcc/arm-none-eabi/12.1.0/../../../../arm-none-eabi/lib\libg.a(lib_a-categories.o)
 .rodata.AddDevice.str1.4
                0x000000000210a7dc        0x8 c:/devkitpro/devkitarm/bin/../lib/gcc/arm-none-eabi/12.1.0/../../../../arm-none-eabi/lib\libsysbase.a(iosupport.o)
 .rodata.dotab_stdnull
                0x000000000210a7e4       0x70 c:/devkitpro/devkitarm/bin/../lib/gcc/arm-none-eabi/12.1.0/../../../../arm-none-eabi/lib\libsysbase.a(iosupport.o)
                0x000000000210a7e4                dotab_stdnull
 *(EXCLUDE_FILE(*.twl*) .gnu.linkonce.r*)
                0x000000000210a854                . = ALIGN (0x4)

.ARM.extab
 *(.ARM.extab* .gnu.linkonce.armextab.*)
                0x000000000210a854                __exidx_start = .

ARM.exidx
 *(.ARM.exidx* .gnu.linkonce.armexidx.*)
                0x000000000210a854                __exidx_end = .
                0x000000000210a854                . = ALIGN (0x4)
                0x000000000210a854                PROVIDE (__preinit_array_start = .)

.preinit_array
 *(.preinit_array)
                0x000000000210a854                PROVIDE (__preinit_array_end = .)
                0x000000000210a854                PROVIDE (__init_array_start = .)

.init_array     0x000000000210a854        0x4
 *(SORT_BY_NAME(.init_array.*))
 *(.init_array)
 .init_array    0x000000000210a854        0x4 c:/devkitpro/devkitarm/bin/../lib/gcc/arm-none-eabi/12.1.0/crtbegin.o
                0x000000000210a858                PROVIDE (__init_array_end = .)
                [!provide]                        PROVIDE (__fini_array_start = .)

.fini_array     0x000000000210a858        0x4
 *(.fini_array)
 .fini_array    0x000000000210a858        0x4 c:/devkitpro/devkitarm/bin/../lib/gcc/arm-none-eabi/12.1.0/crtbegin.o
 *(SORT_BY_NAME(.fini_array.*))
                [!provide]                        PROVIDE (__fini_array_end = .)

.ctors          0x000000000210a85c        0x0
 *crtbegin.o(.ctors)
 *(EXCLUDE_FILE(*crtend.o) .ctors)
 *(SORT_BY_NAME(.ctors.*))
 *(.ctors)
                0x000000000210a85c                . = ALIGN (0x4)

.dtors          0x000000000210a85c        0x0
 *crtbegin.o(.dtors)
 *(EXCLUDE_FILE(*crtend.o) .dtors)
 *(SORT_BY_NAME(.dtors.*))
 *(.dtors)
                0x000000000210a85c                . = ALIGN (0x4)

.eh_frame       0x000000000210a85c        0x4
 *(.eh_frame)
 .eh_frame      0x000000000210a85c        0x0 c:/devkitpro/devkitarm/bin/../lib/gcc/arm-none-eabi/12.1.0/crtbegin.o
 .eh_frame      0x000000000210a85c        0x4 c:/devkitpro/devkitarm/bin/../lib/gcc/arm-none-eabi/12.1.0/crtend.o
                0x000000000210a860                . = ALIGN (0x4)

.rel.dyn        0x000000000210a860        0x0
 .rel.iplt      0x000000000210a860        0x0 c:/devkitpro/devkitarm/bin/../lib/gcc/arm-none-eabi/12.1.0/../../../../arm-none-eabi/lib/ds_arm9_crt0.o

.gcc_except_table
                0x000000000210a860        0x0
 *(.gcc_except_table)
                0x000000000210a860                . = ALIGN (0x4)

.jcr
 *(.jcr)

.got
 *(.got.plt)
 *(.got)
 *(.rel.got)

.ewram          0x000000000210a860        0x0
                0x000000000210a860                __ewram_start = ABSOLUTE (.)
 *(.ewram)
 *ewram.*(.text)
                0x000000000210a860                . = ALIGN (0x4)

.data           0x000000000210a860     0x1bc8
                0x000000000210a860                __data_start = ABSOLUTE (.)
 *(EXCLUDE_FILE(*.twl*) .data)
 .data          0x000000000210a860       0x28 C:/devkitPro/libnds/lib\libnds9.a(mpu_setup.o)
 *(EXCLUDE_FILE(*.twl*) .data.*)
 .data.bgControl
                0x000000000210a888       0x20 C:/devkitPro/libnds/lib\libnds9.a(background.o)
                0x000000000210a888                bgControl
 .data.bgScrollTable
                0x000000000210a8a8       0x20 C:/devkitPro/libnds/lib\libnds9.a(background.o)
                0x000000000210a8a8                bgScrollTable
 .data.bgTransform
                0x000000000210a8c8       0x20 C:/devkitPro/libnds/lib\libnds9.a(background.o)
                0x000000000210a8c8                bgTransform
 .data.currentConsole
                0x000000000210a8e8        0x4 C:/devkitPro/libnds/lib\libnds9.a(console.o)
                0x000000000210a8e8                currentConsole
 .data.defaultConsole
                0x000000000210a8ec       0x5c C:/devkitPro/libnds/lib\libnds9.a(console.o)
                0x000000000210a8ec                defaultConsole
 .data.firstConsoleInit.0
                0x000000000210a948        0x1 C:/devkitPro/libnds/lib\libnds9.a(console.o)
 *fill*         0x000000000210a949        0x3 ff
 .data.glGlob   0x000000000210a94c        0x4 C:/devkitPro/libnds/lib\libnds9.a(videoGL.o)
 .data.oamMain  0x000000000210a950       0x18 C:/devkitPro/libnds/lib\libnds9.a(sprite.o)
                0x000000000210a950                oamMain
 .data.oamSub   0x000000000210a968       0x18 C:/devkitPro/libnds/lib\libnds9.a(sprite.o)
                0x000000000210a968                oamSub
 .data.count    0x000000000210a980        0x1 C:/devkitPro/libnds/lib\libnds9.a(keys.o)
 .data.delay    0x000000000210a981        0x1 C:/devkitPro/libnds/lib\libnds9.a(keys.o)
 .data.repeat   0x000000000210a982        0x1 C:/devkitPro/libnds/lib\libnds9.a(keys.o)
 *fill*         0x000000000210a983        0x1 ff
 .data.fifo_buffer_free
                0x000000000210a984        0x4 C:/devkitPro/libnds/lib\libnds9.a(fifosystem.o)
                0x000000000210a984                fifo_buffer_free
 .data.fifo_freewords
                0x000000000210a988        0x4 C:/devkitPro/libnds/lib\libnds9.a(fifosystem.o)
                0x000000000210a988                fifo_freewords
 .data.fifo_receive_queue
                0x000000000210a98c        0x4 C:/devkitPro/libnds/lib\libnds9.a(fifosystem.o)
                0x000000000210a98c                fifo_receive_queue
 .data.fifo_send_queue
                0x000000000210a990        0x4 C:/devkitPro/libnds/lib\libnds9.a(fifosystem.o)
                0x000000000210a990                fifo_send_queue
 .data._impure_ptr
                0x000000000210a994        0x4 c:/devkitpro/devkitarm/bin/../lib/gcc/arm-none-eabi/12.1.0/../../../../arm-none-eabi/lib\libg.a(lib_a-impure.o)
                0x000000000210a994                _impure_ptr
 *fill*         0x000000000210a998        0x0 ff
 .data.impure_data
                0x000000000210a998      0x460 c:/devkitpro/devkitarm/bin/../lib/gcc/arm-none-eabi/12.1.0/../../../../arm-none-eabi/lib\libg.a(lib_a-impure.o)
 .data.__malloc_sbrk_base
                0x000000000210adf8        0x4 c:/devkitpro/devkitarm/bin/../lib/gcc/arm-none-eabi/12.1.0/../../../../arm-none-eabi/lib\libg.a(lib_a-mallocr.o)
                0x000000000210adf8                __malloc_sbrk_base
 .data.__malloc_trim_threshold
                0x000000000210adfc        0x4 c:/devkitpro/devkitarm/bin/../lib/gcc/arm-none-eabi/12.1.0/../../../../arm-none-eabi/lib\libg.a(lib_a-mallocr.o)
                0x000000000210adfc                __malloc_trim_threshold
 .data.__malloc_av_
                0x000000000210ae00      0x408 c:/devkitpro/devkitarm/bin/../lib/gcc/arm-none-eabi/12.1.0/../../../../arm-none-eabi/lib\libg.a(lib_a-mallocr.o)
                0x000000000210ae00                __malloc_av_
 .data.__global_locale
                0x000000000210b208      0x16c c:/devkitpro/devkitarm/bin/../lib/gcc/arm-none-eabi/12.1.0/../../../../arm-none-eabi/lib\libg.a(lib_a-locale.o)
                0x000000000210b208                __global_locale
 .data.devoptab_list
                0x000000000210b374       0x8c c:/devkitpro/devkitarm/bin/../lib/gcc/arm-none-eabi/12.1.0/../../../../arm-none-eabi/lib\libsysbase.a(iosupport.o)
                0x000000000210b374                devoptab_list
 .data.defaultDevice
                0x000000000210b400        0x4 c:/devkitpro/devkitarm/bin/../lib/gcc/arm-none-eabi/12.1.0/../../../../arm-none-eabi/lib\libsysbase.a(iosupport.o)
 .data.handles  0x000000000210b404     0x1000 c:/devkitpro/devkitarm/bin/../lib/gcc/arm-none-eabi/12.1.0/../../../../arm-none-eabi/lib\libsysbase.a(handle_manager.o)
 .data.__stderr_handle
                0x000000000210c404        0xc c:/devkitpro/devkitarm/bin/../lib/gcc/arm-none-eabi/12.1.0/../../../../arm-none-eabi/lib\libsysbase.a(handle_manager.o)
 .data.__stdout_handle
                0x000000000210c410        0xc c:/devkitpro/devkitarm/bin/../lib/gcc/arm-none-eabi/12.1.0/../../../../arm-none-eabi/lib\libsysbase.a(handle_manager.o)
 .data.__stdin_handle
                0x000000000210c41c        0xc c:/devkitpro/devkitarm/bin/../lib/gcc/arm-none-eabi/12.1.0/../../../../arm-none-eabi/lib\libsysbase.a(handle_manager.o)
 *(EXCLUDE_FILE(*.twl*) .gnu.linkonce.d*)
                0x000000000210c428                . = ALIGN (0x4)
                0x000000000210c428                __data_end = ABSOLUTE (.)
                0x000000000210c428                __bss_vma = .

.igot.plt       0x000000000210c428        0x0
 .igot.plt      0x000000000210c428        0x0 c:/devkitpro/devkitarm/bin/../lib/gcc/arm-none-eabi/12.1.0/../../../../arm-none-eabi/lib/ds_arm9_crt0.o

.dtcm           0x0000000002ff0000        0x0 load address 0x000000000210c428
                0x000000000210c428                __dtcm_lma = LOADADDR (.dtcm)
                0x0000000002ff0000                __dtcm_start = ABSOLUTE (.)
 *(.dtcm)
 *(.dtcm.*)
                0x0000000002ff0000                . = ALIGN (0x4)
                0x0000000002ff0000                __dtcm_end = ABSOLUTE (.)

.itcm           0x0000000001000100      0x194 load address 0x000000000210c428
                0x000000000210c428                __itcm_lma = LOADADDR (.itcm)
                0x0000000001000100                __itcm_start = ABSOLUTE (.)
 *(.itcm)
 .itcm          0x0000000001000100       0xc8 C:/devkitPro/libnds/lib\libnds9.a(interrupts.o)
                0x0000000001000100                irqTable
 .itcm          0x00000000010001c8       0xcc C:/devkitPro/libnds/lib\libnds9.a(interruptDispatcher.o)
                0x00000000010001c8                IntrMain
 *.itcm*(.text .stub .text.*)
                0x0000000001000294                . = ALIGN (0x4)
                0x0000000001000294                __itcm_end = ABSOLUTE (.)

.vectors        0x0000000001000000        0x0 load address 0x000000000210c5bc
                0x000000000210c5bc                __vectors_lma = LOADADDR (.vectors)
                0x0000000001000000                __vectors_start = ABSOLUTE (.)
 *(.vectors .vectors.*)
                0x0000000001000000                . = ALIGN (0x4)
                0x0000000001000000                __vectors_end = ABSOLUTE (.)

.sbss           0x0000000002ff0000        0x0
                0x0000000002ff0000                __sbss_start = ABSOLUTE (.)
                0x0000000002ff0000                __sbss_start__ = ABSOLUTE (.)
 *(.sbss)
                0x0000000002ff0000                . = ALIGN (0x4)
                0x0000000002ff0000                __sbss_end = ABSOLUTE (.)

.bss            0x000000000210c428     0x1558
                0x000000000210c428                __bss_start = ABSOLUTE (.)
                0x000000000210c428                __bss_start__ = ABSOLUTE (.)
 *(EXCLUDE_FILE(*.twl*) .dynbss)
 *(EXCLUDE_FILE(*.twl*) .gnu.linkonce.b*)
 *(EXCLUDE_FILE(*.twl*) .bss*)
 .bss.completed.1
                0x000000000210c428        0x1 c:/devkitpro/devkitarm/bin/../lib/gcc/arm-none-eabi/12.1.0/crtbegin.o
 *fill*         0x000000000210c429        0x3 
 .bss.object.0  0x000000000210c42c       0x18 c:/devkitpro/devkitarm/bin/../lib/gcc/arm-none-eabi/12.1.0/crtbegin.o
 .bss           0x000000000210c444       0x18 C:/devkitPro/libnds/lib\libmm9.a(mm_comms.o)
 .bss           0x000000000210c45c       0x19 C:/devkitPro/libnds/lib\libmm9.a(mm_main9.o)
                0x000000000210c45c                mmcbMemory
                0x000000000210c460                mmModuleCount
                0x000000000210c464                mmSampleCount
                0x000000000210c468                mmMemoryBank
                0x000000000210c468                mmModuleBank
                0x000000000210c46c                mmSampleBank
                0x000000000210c470                mmCallback
                0x000000000210c474                mmActiveStatus
 *fill*         0x000000000210c475        0x3 
 .bss           0x000000000210c478       0x44 C:/devkitPro/libnds/lib\libmm9.a(mm_soundbank.o)
 .bss.bgIsTextLut
                0x000000000210c4bc        0x8 C:/devkitPro/libnds/lib\libnds9.a(background.o)
                0x000000000210c4bc                bgIsTextLut
 .bss.bgState   0x000000000210c4c4      0x140 C:/devkitPro/libnds/lib\libnds9.a(background.o)
                0x000000000210c4c4                bgState
 .bss.currentCopy
                0x000000000210c604       0x5c C:/devkitPro/libnds/lib\libnds9.a(console.o)
                0x000000000210c604                currentCopy
 .bss.gCurrentTexture
                0x000000000210c660        0x4 C:/devkitPro/libnds/lib\libnds9.a(gl2d.o)
                0x000000000210c660                gCurrentTexture
 .bss.g_depth   0x000000000210c664        0x2 C:/devkitPro/libnds/lib\libnds9.a(gl2d.o)
 *fill*         0x000000000210c666        0x2 
 .bss.diffuse_ambient.1
                0x000000000210c668        0x4 C:/devkitPro/libnds/lib\libnds9.a(videoGL.o)
 .bss.glGlobalData
                0x000000000210c66c       0x54 C:/devkitPro/libnds/lib\libnds9.a(videoGL.o)
                0x000000000210c66c                glGlobalData
 .bss.specular_emission.0
                0x000000000210c6c0        0x4 C:/devkitPro/libnds/lib\libnds9.a(videoGL.o)
 .bss.OamMemory
                0x000000000210c6c4      0x400 C:/devkitPro/libnds/lib\libnds9.a(sprite.o)
                0x000000000210c6c4                OamMemory
 .bss.OamMemorySub
                0x000000000210cac4      0x400 C:/devkitPro/libnds/lib\libnds9.a(sprite.o)
                0x000000000210cac4                OamMemorySub
 .bss.keys      0x000000000210cec4        0x2 C:/devkitPro/libnds/lib\libnds9.a(keys.o)
 .bss.keysold   0x000000000210cec6        0x2 C:/devkitPro/libnds/lib\libnds9.a(keys.o)
 .bss.keysrepeat
                0x000000000210cec8        0x2 C:/devkitPro/libnds/lib\libnds9.a(keys.o)
 .bss.__dsimode
                0x000000000210ceca        0x1 C:/devkitPro/libnds/lib\libnds9.a(initSystem.o)
                0x000000000210ceca                __dsimode
 *fill*         0x000000000210cecb        0x1 
 .bss.punixTime
                0x000000000210cecc        0x4 C:/devkitPro/libnds/lib\libnds9.a(initSystem.o)
                0x000000000210cecc                punixTime
 .bss.fifo_address_data
                0x000000000210ced0       0x40 C:/devkitPro/libnds/lib\libnds9.a(fifosystem.o)
                0x000000000210ced0                fifo_address_data
 .bss.fifo_address_func
                0x000000000210cf10       0x40 C:/devkitPro/libnds/lib\libnds9.a(fifosystem.o)
                0x000000000210cf10                fifo_address_func
 .bss.fifo_address_queue
                0x000000000210cf50       0x40 C:/devkitPro/libnds/lib\libnds9.a(fifosystem.o)
                0x000000000210cf50                fifo_address_queue
 .bss.fifo_buffer
                0x000000000210cf90      0x800 C:/devkitPro/libnds/lib\libnds9.a(fifosystem.o)
                0x000000000210cf90                fifo_buffer
 .bss.fifo_data_queue
                0x000000000210d790       0x40 C:/devkitPro/libnds/lib\libnds9.a(fifosystem.o)
                0x000000000210d790                fifo_data_queue
 .bss.fifo_datamsg_data
                0x000000000210d7d0       0x40 C:/devkitPro/libnds/lib\libnds9.a(fifosystem.o)
                0x000000000210d7d0                fifo_datamsg_data
 .bss.fifo_datamsg_func
                0x000000000210d810       0x40 C:/devkitPro/libnds/lib\libnds9.a(fifosystem.o)
                0x000000000210d810                fifo_datamsg_func
 .bss.fifo_value32_data
                0x000000000210d850       0x40 C:/devkitPro/libnds/lib\libnds9.a(fifosystem.o)
                0x000000000210d850                fifo_value32_data
 .bss.fifo_value32_func
                0x000000000210d890       0x40 C:/devkitPro/libnds/lib\libnds9.a(fifosystem.o)
                0x000000000210d890                fifo_value32_func
 .bss.fifo_value32_queue
                0x000000000210d8d0       0x40 C:/devkitPro/libnds/lib\libnds9.a(fifosystem.o)
                0x000000000210d8d0                fifo_value32_queue
 .bss.processing
                0x000000000210d910        0x4 C:/devkitPro/libnds/lib\libnds9.a(fifosystem.o)
                0x000000000210d910                processing
 .bss.SDcallback
                0x000000000210d914        0x4 C:/devkitPro/libnds/lib\libnds9.a(system.o)
 .bss.__sinit_recursive_mutex
                0x000000000210d918        0xc c:/devkitpro/devkitarm/bin/../lib/gcc/arm-none-eabi/12.1.0/../../../../arm-none-eabi/lib\libg.a(lib_a-findfp.o)
 .bss.__sfp_recursive_mutex
                0x000000000210d924        0xc c:/devkitpro/devkitarm/bin/../lib/gcc/arm-none-eabi/12.1.0/../../../../arm-none-eabi/lib\libg.a(lib_a-findfp.o)
 .bss.__malloc_current_mallinfo
                0x000000000210d930       0x28 c:/devkitpro/devkitarm/bin/../lib/gcc/arm-none-eabi/12.1.0/../../../../arm-none-eabi/lib\libg.a(lib_a-mallocr.o)
                0x000000000210d930                __malloc_current_mallinfo
 .bss.__malloc_max_total_mem
                0x000000000210d958        0x4 c:/devkitpro/devkitarm/bin/../lib/gcc/arm-none-eabi/12.1.0/../../../../arm-none-eabi/lib\libg.a(lib_a-mallocr.o)
                0x000000000210d958                __malloc_max_total_mem
 .bss.__malloc_max_sbrked_mem
                0x000000000210d95c        0x4 c:/devkitpro/devkitarm/bin/../lib/gcc/arm-none-eabi/12.1.0/../../../../arm-none-eabi/lib\libg.a(lib_a-mallocr.o)
                0x000000000210d95c                __malloc_max_sbrked_mem
 .bss.__malloc_top_pad
                0x000000000210d960        0x4 c:/devkitpro/devkitarm/bin/../lib/gcc/arm-none-eabi/12.1.0/../../../../arm-none-eabi/lib\libg.a(lib_a-mallocr.o)
                0x000000000210d960                __malloc_top_pad
 .bss.__malloc_recursive_mutex
                0x000000000210d964        0xc c:/devkitpro/devkitarm/bin/../lib/gcc/arm-none-eabi/12.1.0/../../../../arm-none-eabi/lib\libg.a(lib_a-mlock.o)
 .bss.heap_start.0
                0x000000000210d970        0x4 c:/devkitpro/devkitarm/bin/../lib/gcc/arm-none-eabi/12.1.0/../../../../arm-none-eabi/lib\libsysbase.a(sbrk.o)
 .bss.fake_heap_start
                0x000000000210d974        0x4 c:/devkitpro/devkitarm/bin/../lib/gcc/arm-none-eabi/12.1.0/../../../../arm-none-eabi/lib\libsysbase.a(malloc_vars.o)
                0x000000000210d974                fake_heap_start
 .bss.fake_heap_end
                0x000000000210d978        0x4 c:/devkitpro/devkitarm/bin/../lib/gcc/arm-none-eabi/12.1.0/../../../../arm-none-eabi/lib\libsysbase.a(malloc_vars.o)
                0x000000000210d978                fake_heap_end
 .bss.__hndl_lock
                0x000000000210d97c        0x4 c:/devkitpro/devkitarm/bin/../lib/gcc/arm-none-eabi/12.1.0/../../../../arm-none-eabi/lib\libsysbase.a(handle_manager.o)
 *(EXCLUDE_FILE(*.twl*) COMMON)
                0x000000000210d980                . = ALIGN (0x4)
                0x000000000210d980                __bss_end__ = ABSOLUTE (.)
                0x000000000210d980                __end__ = ABSOLUTE (.)

.twl            0x000000000210d980        0x0 load address 0x0000000002400000
                0x0000000002400000                __arm9i_lma__ = LOADADDR (.twl)
                0x000000000210d980                __arm9i_start__ = ABSOLUTE (.)
 *(.twl)
 *.twl*(.text .stub .text.* .gnu.linkonce.t.*)
 *.twl*(.rodata)
 *.twl*(.roda)
 *.twl*(.rodata.*)
 *.twl*(.data)
 *.twl*(.data.*)
 *.twl*(.gnu.linkonce.d*)
                0x000000000210d980                __arm9i_end__ = ABSOLUTE (.)

.twl_bss        0x000000000210d980        0x0
                0x000000000210d980                __twl_bss_start__ = ABSOLUTE (.)
 *(.twl_bss)
 *.twl*(.dynbss)
 *.twl*(.gnu.linkonce.b*)
 *.twl*(.bss*)
 *.twl*(COMMON)
                0x000000000210d980                . = ALIGN (0x4)
                0x000000000210d980                __twl_bss_end__ = ABSOLUTE (.)
                0x000000000210d980                __twl_end__ = ABSOLUTE (.)

.stab
 *(.stab)

.stabstr
 *(.stabstr)

.stab.excl
 *(.stab.excl)

.stab.exclstr
 *(.stab.exclstr)

.stab.index
 *(.stab.index)

.stab.indexstr
 *(.stab.indexstr)

.comment        0x0000000000000000       0x46
 *(.comment)
 .comment       0x0000000000000000       0x23 c:/devkitpro/devkitarm/bin/../lib/gcc/arm-none-eabi/12.1.0/crtbegin.o
                                         0x24 (size before relaxing)
 .comment       0x0000000000000023       0x24 main.o
 .comment       0x0000000000000023       0x23 C:/devkitPro/libnds/lib\libnds9.a(background.o)
                                         0x24 (size before relaxing)
 .comment       0x0000000000000046       0x24 C:/devkitPro/libnds/lib\libnds9.a(trig.o)
 .comment       0x0000000000000046       0x24 C:/devkitPro/libnds/lib\libnds9.a(sprite_alloc.o)
 .comment       0x0000000000000046       0x24 C:/devkitPro/libnds/lib\libnds9.a(console.o)
 .comment       0x0000000000000046       0x24 C:/devkitPro/libnds/lib\libnds9.a(gl2d.o)
 .comment       0x0000000000000046       0x24 C:/devkitPro/libnds/lib\libnds9.a(videoGL.o)
 .comment       0x0000000000000046       0x24 C:/devkitPro/libnds/lib\libnds9.a(sprite.o)
 .comment       0x0000000000000046       0x24 C:/devkitPro/libnds/lib\libnds9.a(keys.o)
 .comment       0x0000000000000046       0x24 C:/devkitPro/libnds/lib\libnds9.a(initSystem.o)
 .comment       0x0000000000000046       0x24 C:/devkitPro/libnds/lib\libnds9.a(securearea.o)
 .comment       0x0000000000000046       0x24 C:/devkitPro/libnds/lib\libnds9.a(interrupts.o)
 .comment       0x0000000000000046       0x24 C:/devkitPro/libnds/lib\libnds9.a(libnds_exit.arm.o)
 .comment       0x0000000000000046       0x24 C:/devkitPro/libnds/lib\libnds9.a(fifosystem.o)
 .comment       0x0000000000000046       0x24 C:/devkitPro/libnds/lib\libnds9.a(dynamicArray.o)
 .comment       0x0000000000000046       0x24 C:/devkitPro/libnds/lib\libnds9.a(video.o)
 .comment       0x0000000000000046       0x24 C:/devkitPro/libnds/lib\libnds9.a(system.o)
 .comment       0x0000000000000046       0x24 c:/devkitpro/devkitarm/bin/../lib/gcc/arm-none-eabi/12.1.0\libgcc.a(_muldi3.o)
 .comment       0x0000000000000046       0x24 c:/devkitpro/devkitarm/bin/../lib/gcc/arm-none-eabi/12.1.0/../../../../arm-none-eabi/lib\libg.a(lib_a-calloc.o)
 .comment       0x0000000000000046       0x24 c:/devkitpro/devkitarm/bin/../lib/gcc/arm-none-eabi/12.1.0/../../../../arm-none-eabi/lib\libg.a(lib_a-callocr.o)
 .comment       0x0000000000000046       0x24 c:/devkitpro/devkitarm/bin/../lib/gcc/arm-none-eabi/12.1.0/../../../../arm-none-eabi/lib\libg.a(lib_a-errno.o)
 .comment       0x0000000000000046       0x24 c:/devkitpro/devkitarm/bin/../lib/gcc/arm-none-eabi/12.1.0/../../../../arm-none-eabi/lib\libg.a(lib_a-fclose.o)
 .comment       0x0000000000000046       0x24 c:/devkitpro/devkitarm/bin/../lib/gcc/arm-none-eabi/12.1.0/../../../../arm-none-eabi/lib\libg.a(lib_a-fflush.o)
 .comment       0x0000000000000046       0x24 c:/devkitpro/devkitarm/bin/../lib/gcc/arm-none-eabi/12.1.0/../../../../arm-none-eabi/lib\libg.a(lib_a-findfp.o)
 .comment       0x0000000000000046       0x24 c:/devkitpro/devkitarm/bin/../lib/gcc/arm-none-eabi/12.1.0/../../../../arm-none-eabi/lib\libg.a(lib_a-fopen.o)
 .comment       0x0000000000000046       0x24 c:/devkitpro/devkitarm/bin/../lib/gcc/arm-none-eabi/12.1.0/../../../../arm-none-eabi/lib\libg.a(lib_a-fread.o)
 .comment       0x0000000000000046       0x24 c:/devkitpro/devkitarm/bin/../lib/gcc/arm-none-eabi/12.1.0/../../../../arm-none-eabi/lib\libg.a(lib_a-freer.o)
 .comment       0x0000000000000046       0x24 c:/devkitpro/devkitarm/bin/../lib/gcc/arm-none-eabi/12.1.0/../../../../arm-none-eabi/lib\libg.a(lib_a-fseek.o)
 .comment       0x0000000000000046       0x24 c:/devkitpro/devkitarm/bin/../lib/gcc/arm-none-eabi/12.1.0/../../../../arm-none-eabi/lib\libg.a(lib_a-fseeko.o)
 .comment       0x0000000000000046       0x24 c:/devkitpro/devkitarm/bin/../lib/gcc/arm-none-eabi/12.1.0/../../../../arm-none-eabi/lib\libg.a(lib_a-fwalk.o)
 .comment       0x0000000000000046       0x24 c:/devkitpro/devkitarm/bin/../lib/gcc/arm-none-eabi/12.1.0/../../../../arm-none-eabi/lib\libg.a(lib_a-impure.o)
 .comment       0x0000000000000046       0x24 c:/devkitpro/devkitarm/bin/../lib/gcc/arm-none-eabi/12.1.0/../../../../arm-none-eabi/lib\libg.a(lib_a-init.o)
 .comment       0x0000000000000046       0x24 c:/devkitpro/devkitarm/bin/../lib/gcc/arm-none-eabi/12.1.0/../../../../arm-none-eabi/lib\libg.a(lib_a-makebuf.o)
 .comment       0x0000000000000046       0x24 c:/devkitpro/devkitarm/bin/../lib/gcc/arm-none-eabi/12.1.0/../../../../arm-none-eabi/lib\libg.a(lib_a-malloc.o)
 .comment       0x0000000000000046       0x24 c:/devkitpro/devkitarm/bin/../lib/gcc/arm-none-eabi/12.1.0/../../../../arm-none-eabi/lib\libg.a(lib_a-mallocr.o)
 .comment       0x0000000000000046       0x24 c:/devkitpro/devkitarm/bin/../lib/gcc/arm-none-eabi/12.1.0/../../../../arm-none-eabi/lib\libg.a(lib_a-memcpy-stub.o)
 .comment       0x0000000000000046       0x24 c:/devkitpro/devkitarm/bin/../lib/gcc/arm-none-eabi/12.1.0/../../../../arm-none-eabi/lib\libg.a(lib_a-memset.o)
 .comment       0x0000000000000046       0x24 c:/devkitpro/devkitarm/bin/../lib/gcc/arm-none-eabi/12.1.0/../../../../arm-none-eabi/lib\libg.a(lib_a-mlock.o)
 .comment       0x0000000000000046       0x24 c:/devkitpro/devkitarm/bin/../lib/gcc/arm-none-eabi/12.1.0/../../../../arm-none-eabi/lib\libg.a(lib_a-rand.o)
 .comment       0x0000000000000046       0x24 c:/devkitpro/devkitarm/bin/../lib/gcc/arm-none-eabi/12.1.0/../../../../arm-none-eabi/lib\libg.a(lib_a-realloc.o)
 .comment       0x0000000000000046       0x24 c:/devkitpro/devkitarm/bin/../lib/gcc/arm-none-eabi/12.1.0/../../../../arm-none-eabi/lib\libg.a(lib_a-reallocr.o)
 .comment       0x0000000000000046       0x24 c:/devkitpro/devkitarm/bin/../lib/gcc/arm-none-eabi/12.1.0/../../../../arm-none-eabi/lib\libg.a(lib_a-refill.o)
 .comment       0x0000000000000046       0x24 c:/devkitpro/devkitarm/bin/../lib/gcc/arm-none-eabi/12.1.0/../../../../arm-none-eabi/lib\libg.a(lib_a-setvbuf.o)
 .comment       0x0000000000000046       0x24 c:/devkitpro/devkitarm/bin/../lib/gcc/arm-none-eabi/12.1.0/../../../../arm-none-eabi/lib\libg.a(lib_a-siscanf.o)
 .comment       0x0000000000000046       0x24 c:/devkitpro/devkitarm/bin/../lib/gcc/arm-none-eabi/12.1.0/../../../../arm-none-eabi/lib\libg.a(lib_a-stdio.o)
 .comment       0x0000000000000046       0x24 c:/devkitpro/devkitarm/bin/../lib/gcc/arm-none-eabi/12.1.0/../../../../arm-none-eabi/lib\libg.a(lib_a-strlen-stub.o)
 .comment       0x0000000000000046       0x24 c:/devkitpro/devkitarm/bin/../lib/gcc/arm-none-eabi/12.1.0/../../../../arm-none-eabi/lib\libg.a(lib_a-svfiscanf.o)
 .comment       0x0000000000000046       0x24 c:/devkitpro/devkitarm/bin/../lib/gcc/arm-none-eabi/12.1.0/../../../../arm-none-eabi/lib\libg.a(lib_a-time.o)
 .comment       0x0000000000000046       0x24 c:/devkitpro/devkitarm/bin/../lib/gcc/arm-none-eabi/12.1.0/../../../../arm-none-eabi/lib\libg.a(lib_a-ungetc.o)
 .comment       0x0000000000000046       0x24 c:/devkitpro/devkitarm/bin/../lib/gcc/arm-none-eabi/12.1.0/../../../../arm-none-eabi/lib\libg.a(lib_a-ctype_.o)
 .comment       0x0000000000000046       0x24 c:/devkitpro/devkitarm/bin/../lib/gcc/arm-none-eabi/12.1.0/../../../../arm-none-eabi/lib\libg.a(lib_a-flags.o)
 .comment       0x0000000000000046       0x24 c:/devkitpro/devkitarm/bin/../lib/gcc/arm-none-eabi/12.1.0/../../../../arm-none-eabi/lib\libg.a(lib_a-iswspace.o)
 .comment       0x0000000000000046       0x24 c:/devkitpro/devkitarm/bin/../lib/gcc/arm-none-eabi/12.1.0/../../../../arm-none-eabi/lib\libg.a(lib_a-locale.o)
 .comment       0x0000000000000046       0x24 c:/devkitpro/devkitarm/bin/../lib/gcc/arm-none-eabi/12.1.0/../../../../arm-none-eabi/lib\libg.a(lib_a-mbrtowc.o)
 .comment       0x0000000000000046       0x24 c:/devkitpro/devkitarm/bin/../lib/gcc/arm-none-eabi/12.1.0/../../../../arm-none-eabi/lib\libg.a(lib_a-mbtowc_r.o)
 .comment       0x0000000000000046       0x24 c:/devkitpro/devkitarm/bin/../lib/gcc/arm-none-eabi/12.1.0/../../../../arm-none-eabi/lib\libg.a(lib_a-memmove.o)
 .comment       0x0000000000000046       0x24 c:/devkitpro/devkitarm/bin/../lib/gcc/arm-none-eabi/12.1.0/../../../../arm-none-eabi/lib\libg.a(lib_a-sccl.o)
 .comment       0x0000000000000046       0x24 c:/devkitpro/devkitarm/bin/../lib/gcc/arm-none-eabi/12.1.0/../../../../arm-none-eabi/lib\libg.a(lib_a-strchr.o)
 .comment       0x0000000000000046       0x24 c:/devkitpro/devkitarm/bin/../lib/gcc/arm-none-eabi/12.1.0/../../../../arm-none-eabi/lib\libg.a(lib_a-strtoll.o)
 .comment       0x0000000000000046       0x24 c:/devkitpro/devkitarm/bin/../lib/gcc/arm-none-eabi/12.1.0/../../../../arm-none-eabi/lib\libg.a(lib_a-strtol.o)
 .comment       0x0000000000000046       0x24 c:/devkitpro/devkitarm/bin/../lib/gcc/arm-none-eabi/12.1.0/../../../../arm-none-eabi/lib\libg.a(lib_a-strtoull.o)
 .comment       0x0000000000000046       0x24 c:/devkitpro/devkitarm/bin/../lib/gcc/arm-none-eabi/12.1.0/../../../../arm-none-eabi/lib\libg.a(lib_a-strtoul.o)
 .comment       0x0000000000000046       0x24 c:/devkitpro/devkitarm/bin/../lib/gcc/arm-none-eabi/12.1.0/../../../../arm-none-eabi/lib\libg.a(lib_a-wctomb_r.o)
 .comment       0x0000000000000046       0x24 c:/devkitpro/devkitarm/bin/../lib/gcc/arm-none-eabi/12.1.0/../../../../arm-none-eabi/lib\libg.a(lib_a-iswspace_l.o)
 .comment       0x0000000000000046       0x24 c:/devkitpro/devkitarm/bin/../lib/gcc/arm-none-eabi/12.1.0/../../../../arm-none-eabi/lib\libg.a(lib_a-jp2uc.o)
 .comment       0x0000000000000046       0x24 c:/devkitpro/devkitarm/bin/../lib/gcc/arm-none-eabi/12.1.0/../../../../arm-none-eabi/lib\libg.a(lib_a-strncmp.o)
 .comment       0x0000000000000046       0x24 c:/devkitpro/devkitarm/bin/../lib/gcc/arm-none-eabi/12.1.0/../../../../arm-none-eabi/lib\libg.a(lib_a-categories.o)
 .comment       0x0000000000000046       0x24 c:/devkitpro/devkitarm/bin/../lib/gcc/arm-none-eabi/12.1.0/../../../../arm-none-eabi/lib\libsysbase.a(iosupport.o)
 .comment       0x0000000000000046       0x24 c:/devkitpro/devkitarm/bin/../lib/gcc/arm-none-eabi/12.1.0/../../../../arm-none-eabi/lib\libsysbase.a(fstat.o)
 .comment       0x0000000000000046       0x24 c:/devkitpro/devkitarm/bin/../lib/gcc/arm-none-eabi/12.1.0/../../../../arm-none-eabi/lib\libsysbase.a(gettod.o)
 .comment       0x0000000000000046       0x24 c:/devkitpro/devkitarm/bin/../lib/gcc/arm-none-eabi/12.1.0/../../../../arm-none-eabi/lib\libsysbase.a(isatty.o)
 .comment       0x0000000000000046       0x24 c:/devkitpro/devkitarm/bin/../lib/gcc/arm-none-eabi/12.1.0/../../../../arm-none-eabi/lib\libsysbase.a(lseek.o)
 .comment       0x0000000000000046       0x24 c:/devkitpro/devkitarm/bin/../lib/gcc/arm-none-eabi/12.1.0/../../../../arm-none-eabi/lib\libsysbase.a(open.o)
 .comment       0x0000000000000046       0x24 c:/devkitpro/devkitarm/bin/../lib/gcc/arm-none-eabi/12.1.0/../../../../arm-none-eabi/lib\libsysbase.a(read.o)
 .comment       0x0000000000000046       0x24 c:/devkitpro/devkitarm/bin/../lib/gcc/arm-none-eabi/12.1.0/../../../../arm-none-eabi/lib\libsysbase.a(sbrk.o)
 .comment       0x0000000000000046       0x24 c:/devkitpro/devkitarm/bin/../lib/gcc/arm-none-eabi/12.1.0/../../../../arm-none-eabi/lib\libsysbase.a(write.o)
 .comment       0x0000000000000046       0x24 c:/devkitpro/devkitarm/bin/../lib/gcc/arm-none-eabi/12.1.0/../../../../arm-none-eabi/lib\libsysbase.a(malloc_vars.o)
 .comment       0x0000000000000046       0x24 c:/devkitpro/devkitarm/bin/../lib/gcc/arm-none-eabi/12.1.0/../../../../arm-none-eabi/lib\libsysbase.a(build_argv.o)
 .comment       0x0000000000000046       0x24 c:/devkitpro/devkitarm/bin/../lib/gcc/arm-none-eabi/12.1.0/../../../../arm-none-eabi/lib\libsysbase.a(flock.o)
 .comment       0x0000000000000046       0x24 c:/devkitpro/devkitarm/bin/../lib/gcc/arm-none-eabi/12.1.0/../../../../arm-none-eabi/lib\libsysbase.a(handle_manager.o)
 .comment       0x0000000000000046       0x24 c:/devkitpro/devkitarm/bin/../lib/gcc/arm-none-eabi/12.1.0/../../../../arm-none-eabi/lib\libsysbase.a(getreent.o)
 .comment       0x0000000000000046       0x24 c:/devkitpro/devkitarm/bin/../lib/gcc/arm-none-eabi/12.1.0/../../../../arm-none-eabi/lib\libsysbase.a(syscall_support.o)
 .comment       0x0000000000000046       0x24 c:/devkitpro/devkitarm/bin/../lib/gcc/arm-none-eabi/12.1.0\libgcc.a(_udivmoddi4.o)
 .comment       0x0000000000000046       0x24 c:/devkitpro/devkitarm/bin/../lib/gcc/arm-none-eabi/12.1.0/crtend.o

.ARM.attributes
                0x0000000000000000       0x2d
 .ARM.attributes
                0x0000000000000000       0x21 c:/devkitpro/devkitarm/bin/../lib/gcc/arm-none-eabi/12.1.0/../../../../arm-none-eabi/lib/ds_arm9_crt0.o
 .ARM.attributes
                0x0000000000000021       0x1c c:/devkitpro/devkitarm/bin/../lib/gcc/arm-none-eabi/12.1.0/crti.o
 .ARM.attributes
                0x000000000000003d       0x2a c:/devkitpro/devkitarm/bin/../lib/gcc/arm-none-eabi/12.1.0/crtbegin.o
 .ARM.attributes
                0x0000000000000067       0x14 soundbank.bin.o
 .ARM.attributes
                0x000000000000007b       0x1b allNums.o
 .ARM.attributes
                0x0000000000000096       0x1b bgLong.o
 .ARM.attributes
                0x00000000000000b1       0x1b bird.o
 .ARM.attributes
                0x00000000000000cc       0x1b birdDown.o
 .ARM.attributes
                0x00000000000000e7       0x1b birdUp.o
 .ARM.attributes
                0x0000000000000102       0x1b bottom.o
 .ARM.attributes
                0x000000000000011d       0x1b floor.o
 .ARM.attributes
                0x0000000000000138       0x1b medals.o
 .ARM.attributes
                0x0000000000000153       0x1b miniNums.o
 .ARM.attributes
                0x000000000000016e       0x1b pipeTop.o
 .ARM.attributes
                0x0000000000000189       0x1b ready.o
 .ARM.attributes
                0x00000000000001a4       0x1b scoreCardFull.o
 .ARM.attributes
                0x00000000000001bf       0x1b scoreSprite.o
 .ARM.attributes
                0x00000000000001da       0x1b startSub.o
 .ARM.attributes
                0x00000000000001f5       0x2b main.o
 .ARM.attributes
                0x0000000000000220       0x1b C:/devkitPro/libnds/lib\libmm9.a(mm_comms.o)
 .ARM.attributes
                0x000000000000023b       0x1b C:/devkitPro/libnds/lib\libmm9.a(mm_memory.o)
 .ARM.attributes
                0x0000000000000256       0x1b C:/devkitPro/libnds/lib\libmm9.a(mm_main9.o)
 .ARM.attributes
                0x0000000000000271       0x1b C:/devkitPro/libnds/lib\libmm9.a(mm_soundbank.o)
 .ARM.attributes
                0x000000000000028c       0x1b C:/devkitPro/libnds/lib\libmm9.a(mm_flusher.o)
 .ARM.attributes
                0x00000000000002a7       0x2b C:/devkitPro/libnds/lib\libnds9.a(background.o)
 .ARM.attributes
                0x00000000000002d2       0x2b C:/devkitPro/libnds/lib\libnds9.a(trig.o)
 .ARM.attributes
                0x00000000000002fd       0x2b C:/devkitPro/libnds/lib\libnds9.a(sprite_alloc.o)
 .ARM.attributes
                0x0000000000000328       0x2b C:/devkitPro/libnds/lib\libnds9.a(console.o)
 .ARM.attributes
                0x0000000000000353       0x2b C:/devkitPro/libnds/lib\libnds9.a(gl2d.o)
 .ARM.attributes
                0x000000000000037e       0x2b C:/devkitPro/libnds/lib\libnds9.a(videoGL.o)
 .ARM.attributes